/home/stvsl/Qt/QtMCUs/2.7.0/include/qul/private/text/fontenginestatic.h:73:21:Qul::Private::Glyph Qul::Private::findGlyph(const void*, unsigned int, glyph_t, bool*) [with GlyphsArray_T = TypedGlyphs<unsigned char, unsigned char, signed char, signed char, signed char, short unsigned int, 46>]	4	static
/home/stvsl/Qt/QtMCUs/2.7.0/include/qul/private/text/fontenginestatic.h:73:21:Qul::Private::Glyph Qul::Private::findGlyph(const void*, unsigned int, glyph_t, bool*) [with GlyphsArray_T = TypedGlyphs<unsigned char, unsigned char, signed char, signed char, signed char, short unsigned int, 97>]	4	static
/home/stvsl/Qt/QtMCUs/2.7.0/include/qul/private/propertybinding.h:275:8:Qul::Private::Binding<Qul::Private::TranslationIndexBindingFunctor_da39a3ee5e6b4b0d3255bfef95601890afd80709, 0>::~Binding()	8	static
/home/stvsl/Qt/QtMCUs/2.7.0/include/qul/property.h:594:29:Qul::Property<int>::~Property()	24	static
/home/stvsl/Qt/QtMCUs/2.7.0/include/qul/private/propertybinding.h:332:17:static bool Qul::Private::Binding<Functor, NumDeps>::handleInternalCallWithoutScopeObject(const Qul::Private::BindingBase::CallParameters&) [with T = int; Functor = Qul::Private::TranslationIndexBindingFunctor_da39a3ee5e6b4b0d3255bfef95601890afd80709; int NumDeps = 0]	144	static
/home/stvsl/Documents/DOTRUST/PortingTest/imxrt1170_freertos_qt/ui_source/qul_font_engines.cpp:1303:21:Qul::Property<int>& Qul::Private::translationIndexProperty_da39a3ee5e6b4b0d3255bfef95601890afd80709()	48	static
/home/stvsl/Documents/DOTRUST/PortingTest/imxrt1170_freertos_qt/ui_source/qul_font_engines.cpp:1308:17:const uint32_t* Qul::Private::qul_translation_offsets_02fcf5ffd78f6a109eea4c4e4ac1496d65aac326()	0	static
/home/stvsl/Documents/DOTRUST/PortingTest/imxrt1170_freertos_qt/ui_source/qul_font_engines.cpp:1318:16:const uint8_t* Qul::Private::qul_translations_02fcf5ffd78f6a109eea4c4e4ac1496d65aac326()	0	static
/home/stvsl/Documents/DOTRUST/PortingTest/imxrt1170_freertos_qt/ui_source/qul_font_engines.cpp:1328:17:const uint32_t* Qul::Private::qul_translation_offsets_14d0fb2ce8f4a1278957dff09426fb9da82d504d()	0	static
/home/stvsl/Documents/DOTRUST/PortingTest/imxrt1170_freertos_qt/ui_source/qul_font_engines.cpp:1338:16:const uint8_t* Qul::Private::qul_translations_14d0fb2ce8f4a1278957dff09426fb9da82d504d()	0	static
/home/stvsl/Documents/DOTRUST/PortingTest/imxrt1170_freertos_qt/ui_source/qul_font_engines.cpp:1348:17:const uint32_t* Qul::Private::qul_translation_offsets_1aed64446b5113f8d53f2b33c838e162dc86bf55()	0	static
/home/stvsl/Documents/DOTRUST/PortingTest/imxrt1170_freertos_qt/ui_source/qul_font_engines.cpp:1358:16:const uint8_t* Qul::Private::qul_translations_1aed64446b5113f8d53f2b33c838e162dc86bf55()	0	static
/home/stvsl/Documents/DOTRUST/PortingTest/imxrt1170_freertos_qt/ui_source/qul_font_engines.cpp:1368:17:const uint32_t* Qul::Private::qul_translation_offsets_2e4563ca0a4fe31a21ddbf995058f99d27bf4fdf()	0	static
/home/stvsl/Documents/DOTRUST/PortingTest/imxrt1170_freertos_qt/ui_source/qul_font_engines.cpp:1378:16:const uint8_t* Qul::Private::qul_translations_2e4563ca0a4fe31a21ddbf995058f99d27bf4fdf()	0	static
/home/stvsl/Documents/DOTRUST/PortingTest/imxrt1170_freertos_qt/ui_source/qul_font_engines.cpp:1388:17:const uint32_t* Qul::Private::qul_translation_offsets_3f5dcd471cc39708675b93c623d92b1717887188()	0	static
/home/stvsl/Documents/DOTRUST/PortingTest/imxrt1170_freertos_qt/ui_source/qul_font_engines.cpp:1398:16:const uint8_t* Qul::Private::qul_translations_3f5dcd471cc39708675b93c623d92b1717887188()	0	static
/home/stvsl/Documents/DOTRUST/PortingTest/imxrt1170_freertos_qt/ui_source/qul_font_engines.cpp:1408:17:const uint32_t* Qul::Private::qul_translation_offsets_4ae74f6997f636296933f9c4c859922cb2e0c16d()	0	static
/home/stvsl/Documents/DOTRUST/PortingTest/imxrt1170_freertos_qt/ui_source/qul_font_engines.cpp:1418:16:const uint8_t* Qul::Private::qul_translations_4ae74f6997f636296933f9c4c859922cb2e0c16d()	0	static
/home/stvsl/Documents/DOTRUST/PortingTest/imxrt1170_freertos_qt/ui_source/qul_font_engines.cpp:1428:17:const uint32_t* Qul::Private::qul_translation_offsets_85208706b5c5f0d72d0ed49465086aa754a6314a()	0	static
/home/stvsl/Documents/DOTRUST/PortingTest/imxrt1170_freertos_qt/ui_source/qul_font_engines.cpp:1438:16:const uint8_t* Qul::Private::qul_translations_85208706b5c5f0d72d0ed49465086aa754a6314a()	0	static
/home/stvsl/Documents/DOTRUST/PortingTest/imxrt1170_freertos_qt/ui_source/qul_font_engines.cpp:1448:17:const uint32_t* Qul::Private::qul_translation_offsets_c28c1f68cd4b495375f9d684e2ae049fdc3b8836()	0	static
/home/stvsl/Documents/DOTRUST/PortingTest/imxrt1170_freertos_qt/ui_source/qul_font_engines.cpp:1458:16:const uint8_t* Qul::Private::qul_translations_c28c1f68cd4b495375f9d684e2ae049fdc3b8836()	0	static
/home/stvsl/Documents/DOTRUST/PortingTest/imxrt1170_freertos_qt/ui_source/qul_font_engines.cpp:1468:17:const uint32_t* Qul::Private::qul_translation_offsets_d4c3e53ac8b0590d871d84e8a750fc2741ca221d()	0	static
/home/stvsl/Documents/DOTRUST/PortingTest/imxrt1170_freertos_qt/ui_source/qul_font_engines.cpp:1478:16:const uint8_t* Qul::Private::qul_translations_d4c3e53ac8b0590d871d84e8a750fc2741ca221d()	0	static
/home/stvsl/Documents/DOTRUST/PortingTest/imxrt1170_freertos_qt/ui_source/qul_font_engines.cpp:1488:17:const uint32_t* Qul::Private::qul_translation_offsets_efb9bd711ca4f2949696cd127bc89dde1183bf23()	0	static
/home/stvsl/Documents/DOTRUST/PortingTest/imxrt1170_freertos_qt/ui_source/qul_font_engines.cpp:1498:16:const uint8_t* Qul::Private::qul_translations_efb9bd711ca4f2949696cd127bc89dde1183bf23()	0	static
/home/stvsl/Documents/DOTRUST/PortingTest/imxrt1170_freertos_qt/ui_source/qul_font_engines.cpp:1510:13:Qul::Private::FontEngine* globalSparkEngineFromConfig(const Qul::Private::FontConfig*)	0	static
/home/stvsl/Documents/DOTRUST/PortingTest/imxrt1170_freertos_qt/ui_source/qul_font_engines.cpp:1510:76:cpp)	4	static
