/home/stvsl/Downloads/SDK_2_15_100_MIMXRT1170-EVK_ALL_TOOLCHAN/components/uart/fsl_adapter_lpuart.c:694:19:HAL_UartInit	40	static
/home/stvsl/Downloads/SDK_2_15_100_MIMXRT1170-EVK_ALL_TOOLCHAN/components/uart/fsl_adapter_lpuart.c:753:19:HAL_UartDeinit	8	static
/home/stvsl/Downloads/SDK_2_15_100_MIMXRT1170-EVK_ALL_TOOLCHAN/components/uart/fsl_adapter_lpuart.c:774:19:HAL_UartReceiveBlocking	8	static
/home/stvsl/Downloads/SDK_2_15_100_MIMXRT1170-EVK_ALL_TOOLCHAN/components/uart/fsl_adapter_lpuart.c:789:19:HAL_UartSendBlocking	8	static
/home/stvsl/Downloads/SDK_2_15_100_MIMXRT1170-EVK_ALL_TOOLCHAN/components/uart/fsl_adapter_lpuart.c:804:19:HAL_UartEnterLowpower	8	static
/home/stvsl/Downloads/SDK_2_15_100_MIMXRT1170-EVK_ALL_TOOLCHAN/components/uart/fsl_adapter_lpuart.c:811:19:HAL_UartExitLowpower	0	static
