/home/stvsl/Documents/DOTRUST/PortingTest/imxrt1170_freertos_qt/platform/platform/common/freertos/mem_info.cpp:59:6:void Qul::Platform::Private::initMemUsageMeasurement()	0	static
/home/stvsl/Documents/DOTRUST/PortingTest/imxrt1170_freertos_qt/platform/platform/common/freertos/mem_info.cpp:64:10:uint64_t Qul::Platform::Private::maxStackUsage()	8	static
/home/stvsl/Documents/DOTRUST/PortingTest/imxrt1170_freertos_qt/platform/platform/common/freertos/mem_info.cpp:74:10:uint64_t Qul::Platform::Private::maxHeapUsage()	16	static
/home/stvsl/Documents/DOTRUST/PortingTest/imxrt1170_freertos_qt/platform/platform/common/freertos/mem_info.cpp:79:6:void Qul::Platform::Private::updateMaxHeapUsage()	0	static
