/home/stvsl/Qt/QtMCUs/2.7.0/include/qul/private/items/itembase.h:211:18:virtual void Qul::Private::Items::ItemBase::touchEvent(Qul::Private::TouchEvent&)	0	static
/home/stvsl/Qt/QtMCUs/2.7.0/include/qul/private/items/itembase.h:212:18:virtual void Qul::Private::Items::ItemBase::implicitWidthChange()	0	static
/home/stvsl/Qt/QtMCUs/2.7.0/include/qul/private/items/itembase.h:213:18:virtual void Qul::Private::Items::ItemBase::implicitHeightChange()	0	static
/home/stvsl/Qt/QtMCUs/2.7.0/include/qul/private/items/transforms.h:258:18:virtual void Qul::Private::Items::InlineTransform::updateTransform(Qul::PlatformInterface::Transform&) const	0	static
/home/stvsl/Qt/QtMCUs/2.7.0/include/qul/private/linkedlist.h:88:5:Qul::Private::LinkedList<T>::~LinkedList() [with T = Qul::Private::Items::KeysAttachedType]	16	static
/home/stvsl/Qt/QtMCUs/2.7.0/include/qul/private/items/transforms.h:250:27:virtual Qul::Private::Items::TransformBase::IntermediateTransform Qul::Private::Items::InlineTransform::computeTransform() const	56	static
/home/stvsl/Qt/QtMCUs/2.7.0/include/qul/private/items/transforms.h:246:8:Qul::Private::Items::InlineTransform::~InlineTransform()	8	static
/home/stvsl/Qt/QtMCUs/2.7.0/include/qul/private/items/transforms.h:246:8:virtual Qul::Private::Items::InlineTransform::~InlineTransform()	8	static
/home/stvsl/Qt/QtMCUs/2.7.0/include/qul/private/propertybinding.h:498:17:static void Qul::Private::DirtyEventStaticDependency<Functor>::callWithSelf(Qul::Private::ChangeEventBase*, bool) [with Object = Qul::Private::Items::TextLight; Qul::Private::DirtyEventStaticDependency<Functor> Object::* Member = &Qul::Private::Items::TextLight::onTextChanged; Functor = Qul::Private::Items::TextLight::TextChangedEvent]	0	static
/home/stvsl/Qt/QtMCUs/2.7.0/include/qul/private/propertybinding.h:432:17:static void Qul::Private::DirtyEvent<Functor, NumDeps>::callMe(Qul::Private::ChangeEventBase*, bool) [with Functor = Qul::Private::Items::Text::SizeChangedEvent; int NumDeps = 2]	0	static
/home/stvsl/Qt/QtMCUs/2.7.0/include/qul/private/propertybinding.h:498:17:static void Qul::Private::DirtyEventStaticDependency<Functor>::callWithSelf(Qul::Private::ChangeEventBase*, bool) [with Object = Qul::Private::Items::Text; Qul::Private::DirtyEventStaticDependency<Functor> Object::* Member = &Qul::Private::Items::Text::onHAlignmentChanged; Functor = Qul::Private::Items::Text::HAlignmentChangeEvent]	0	static
/home/stvsl/Qt/QtMCUs/2.7.0/include/qul/private/items/itembase.h:218:18:virtual void Qul::Private::Items::ItemBase::keyEvent(Qul::Private::KeyEvent&)	32	static
/home/stvsl/Qt/QtMCUs/2.7.0/include/qul/private/propertybinding.h:498:17:static void Qul::Private::DirtyEventStaticDependency<Functor>::callWithSelf(Qul::Private::ChangeEventBase*, bool) [with Object = Qul::Private::Items::InlineTransform; Qul::Private::DirtyEventStaticDependency<Functor> Object::* Member = &Qul::Private::Items::InlineTransform::onPropertiesChanged; Functor = Qul::Private::Items::TransformBase::ChangedEvent]	8	static
/home/stvsl/Qt/QtMCUs/2.7.0/include/qul/private/items/transforms.h:243:27:Qul::Private::Items::Item::TransformOrigin Qul::Private::Items::InlineTransformOrigin<NextTransform>::getTransformOrigin() const [with NextTransform = Qul::Private::Items::InlineScale<Qul::Private::Items::InlineRotation<Qul::Private::Items::InlineTransform> >]	48	static
/home/stvsl/Qt/QtMCUs/2.7.0/include/qul/private/builtins.h:72:8:Qul::Private::Builtins::Math::~Math()	24	static
/home/stvsl/Qt/QtMCUs/2.7.0/include/qul/private/items/transforms.h:156:8:Qul::Private::Items::InlineRotation<Qul::Private::Items::InlineTransform>::~InlineRotation()	24	static
/home/stvsl/Qt/QtMCUs/2.7.0/include/qul/private/items/transforms.h:156:8:virtual Qul::Private::Items::InlineRotation<Qul::Private::Items::InlineTransform>::~InlineRotation()	24	static
/home/stvsl/Qt/QtMCUs/2.7.0/include/qul/private/items/itembase.h:226:38:virtual Qul::PlatformInterface::Point Qul::Private::Items::ItemBase::childrenOffset() const	48	static
/home/stvsl/Qt/QtMCUs/2.7.0/include/qul/private/items/transforms.h:162:10:void Qul::Private::Items::InlineRotation<NextTransform>::updateTransform(Qul::PlatformInterface::Transform&) const [with NextTransform = Qul::Private::Items::InlineTransform]	64	static
/home/stvsl/Qt/QtMCUs/2.7.0/include/qul/private/items/transforms.h:135:8:Qul::Private::Items::InlineScale<Qul::Private::Items::InlineRotation<Qul::Private::Items::InlineTransform> >::~InlineScale()	24	static
/home/stvsl/Qt/QtMCUs/2.7.0/include/qul/private/items/transforms.h:135:8:virtual Qul::Private::Items::InlineScale<Qul::Private::Items::InlineRotation<Qul::Private::Items::InlineTransform> >::~InlineScale()	24	static
/home/stvsl/Qt/QtMCUs/2.7.0/include/qul/private/propertybinding.h:318:17:static bool Qul::Private::Binding<Functor, NumDeps>::handleInternalCallWithScopeObject(const Qul::Private::BindingBase::CallParameters&) [with T = Qul::Private::String; ScopeObject = QtQuick::Controls::StyleDefault::Button; Qul::Private::Binding<Functor, NumDeps> ScopeObject::* Member = &QtQuick::Controls::StyleDefault::Button::text__text_binding; Functor = QtQuick::Controls::StyleDefault::Button::Button_1880257050_bindingFunctor; int NumDeps = 0]	136	static
/home/stvsl/Qt/QtMCUs/2.7.0/include/qul/private/propertybinding.h:318:17:static bool Qul::Private::Binding<Functor, NumDeps>::handleInternalCallWithScopeObject(const Qul::Private::BindingBase::CallParameters&) [with T = Qul::Private::FontPointer; ScopeObject = QtQuick::Controls::StyleDefault::Button; Qul::Private::Binding<Functor, NumDeps> ScopeObject::* Member = &QtQuick::Controls::StyleDefault::Button::font_font_binding; Functor = QtQuick::Controls::StyleDefault::Button::Button_3934977972_bindingFunctor; int NumDeps = 0]	120	static
/home/stvsl/Qt/QtMCUs/2.7.0/include/qul/private/propertybinding.h:318:17:static bool Qul::Private::Binding<Functor, NumDeps>::handleInternalCallWithScopeObject(const Qul::Private::BindingBase::CallParameters&) [with T = int; ScopeObject = QtQuick::Controls::StyleDefault::Button; Qul::Private::Binding<Functor, NumDeps> ScopeObject::* Member = &QtQuick::Controls::StyleDefault::Button::borderimage_height_anchor_binding; Functor = QtQuick::Controls::StyleDefault::Button::borderimage_height_anchor_bindingFunctor; int NumDeps = 1]	112	static
/home/stvsl/Qt/QtMCUs/2.7.0/include/qul/private/propertybinding.h:318:17:static bool Qul::Private::Binding<Functor, NumDeps>::handleInternalCallWithScopeObject(const Qul::Private::BindingBase::CallParameters&) [with T = int; ScopeObject = QtQuick::Controls::StyleDefault::Button; Qul::Private::Binding<Functor, NumDeps> ScopeObject::* Member = &QtQuick::Controls::StyleDefault::Button::borderimage_width_anchor_binding; Functor = QtQuick::Controls::StyleDefault::Button::borderimage_width_anchor_bindingFunctor; int NumDeps = 1]	112	static
/home/stvsl/Qt/QtMCUs/2.7.0/include/qul/private/items/transforms.h:232:8:Qul::Private::Items::InlineTransformOrigin<Qul::Private::Items::InlineScale<Qul::Private::Items::InlineRotation<Qul::Private::Items::InlineTransform> > >::~InlineTransformOrigin()	24	static
/home/stvsl/Qt/QtMCUs/2.7.0/include/qul/private/items/transforms.h:232:8:virtual Qul::Private::Items::InlineTransformOrigin<Qul::Private::Items::InlineScale<Qul::Private::Items::InlineRotation<Qul::Private::Items::InlineTransform> > >::~InlineTransformOrigin()	24	static
/home/stvsl/Qt/QtMCUs/2.7.0/include/qul/private/propertybinding.h:318:17:static bool Qul::Private::Binding<Functor, NumDeps>::handleInternalCallWithScopeObject(const Qul::Private::BindingBase::CallParameters&) [with T = Qul::PlatformInterface::Rgba32; ScopeObject = QtQuick::Controls::StyleDefault::Button; Qul::Private::Binding<Functor, NumDeps> ScopeObject::* Member = &QtQuick::Controls::StyleDefault::Button::text__color_binding; Functor = QtQuick::Controls::StyleDefault::Button::Button_1995920566_bindingFunctor; int NumDeps = 0]	112	static
/home/stvsl/Qt/QtMCUs/2.7.0/include/qul/property.h:272:10:void Qul::Private::PropertyBase::registerStaticDependency(Qul::Private::DependencyBase*)	24	static
/home/stvsl/Qt/QtMCUs/2.7.0/include/qul/property.h:281:5:Qul::Private::PropertyBase::~PropertyBase()	24	static
/home/stvsl/Qt/QtMCUs/2.7.0/include/qul/private/items/text.h:132:8:Qul::Private::Items::Text::~Text()	32	static
/home/stvsl/Documents/DOTRUST/PortingTest/imxrt1170_freertos_qt/ui_source/QtQuick/Controls/StyleDefault/Button.h:30:12:QtQuick::Controls::StyleDefault::Button::item__Item::~item__Item()	24	static
/home/stvsl/Documents/DOTRUST/PortingTest/imxrt1170_freertos_qt/ui_source/QtQuick/Controls/StyleDefault/Button.h:30:12:virtual QtQuick::Controls::StyleDefault::Button::item__Item::~item__Item()	24	static
/home/stvsl/Qt/QtMCUs/2.7.0/include/qul/private/items/text.h:132:8:virtual Qul::Private::Items::Text::~Text()	32	static
/home/stvsl/Documents/DOTRUST/PortingTest/imxrt1170_freertos_qt/ui_source/QtQuick/Controls/StyleDefault/Button.h:35:12:QtQuick::Controls::StyleDefault::Button::text__Text::~text__Text()	32	static
/home/stvsl/Documents/DOTRUST/PortingTest/imxrt1170_freertos_qt/ui_source/QtQuick/Controls/StyleDefault/Button.h:35:12:virtual QtQuick::Controls::StyleDefault::Button::text__Text::~text__Text()	32	static
/home/stvsl/Documents/DOTRUST/PortingTest/imxrt1170_freertos_qt/ui_source/QtQuick/Controls/StyleDefault/Button.h:23:8:virtual QtQuick::Controls::StyleDefault::Button::~Button()	40	static
/home/stvsl/Documents/DOTRUST/PortingTest/imxrt1170_freertos_qt/ui_source/QtQuick/Controls/StyleDefault/Button.h:23:8:QtQuick::Controls::StyleDefault::Button::~Button()	40	static
/home/stvsl/Qt/QtMCUs/2.7.0/include/qul/property.h:362:10:void Qul::Private::PropertyBase::setBindingImpl(Qul::Private::BindingBase*)	64	static
/home/stvsl/Documents/DOTRUST/PortingTest/imxrt1170_freertos_qt/ui_source/QtQuick/Controls/StyleDefault/Button.cpp:52:5:int QtQuick::Controls::StyleDefault::Button::borderimage_width_anchor_bindingFunctor::operator()(QtQuick::Controls::StyleDefault::Button*) const	48	static
/home/stvsl/Documents/DOTRUST/PortingTest/imxrt1170_freertos_qt/ui_source/QtQuick/Controls/StyleDefault/Button.cpp:55:5:int QtQuick::Controls::StyleDefault::Button::borderimage_height_anchor_bindingFunctor::operator()(QtQuick::Controls::StyleDefault::Button*) const	48	static
/home/stvsl/Documents/DOTRUST/PortingTest/imxrt1170_freertos_qt/ui_source/QtQuick/Controls/StyleDefault/Button.cpp:58:18:Qul::SharedImage QtQuick::Controls::StyleDefault::Button::Button_1543837591_bindingFunctor::operator()(QtQuick::Controls::StyleDefault::Button*) const	96	static
/home/stvsl/Qt/QtMCUs/2.7.0/include/qul/private/propertybinding.h:318:17:static bool Qul::Private::Binding<Functor, NumDeps>::handleInternalCallWithScopeObject(const Qul::Private::BindingBase::CallParameters&) [with T = Qul::SharedImage; ScopeObject = QtQuick::Controls::StyleDefault::Button; Qul::Private::Binding<Functor, NumDeps> ScopeObject::* Member = &QtQuick::Controls::StyleDefault::Button::borderimage_source_binding; Functor = QtQuick::Controls::StyleDefault::Button::Button_1543837591_bindingFunctor; int NumDeps = 0]	96	static
/home/stvsl/Documents/DOTRUST/PortingTest/imxrt1170_freertos_qt/ui_source/QtQuick/Controls/StyleDefault/Button.cpp:88:32:Qul::PlatformInterface::Rgba32 QtQuick::Controls::StyleDefault::Button::Button_1995920566_bindingFunctor::operator()(QtQuick::Controls::StyleDefault::Button*) const	48	static
/home/stvsl/Documents/DOTRUST/PortingTest/imxrt1170_freertos_qt/ui_source/QtQuick/Controls/StyleDefault/Button.cpp:110:27:Qul::Private::FontPointer QtQuick::Controls::StyleDefault::Button::Button_3934977972_bindingFunctor::operator()(QtQuick::Controls::StyleDefault::Button*) const	64	static
/home/stvsl/Documents/DOTRUST/PortingTest/imxrt1170_freertos_qt/ui_source/QtQuick/Controls/StyleDefault/Button.cpp:122:22:Qul::Private::String QtQuick::Controls::StyleDefault::Button::Button_1880257050_bindingFunctor::operator()(QtQuick::Controls::StyleDefault::Button*) const	56	static
/home/stvsl/Qt/QtMCUs/2.7.0/include/qul/property.h:685:14:const T& Qul::Property<T>::value() [with T = int]	48	static
/home/stvsl/Qt/QtMCUs/2.7.0/include/qul/property.h:685:14:const T& Qul::Property<T>::value() [with T = Qul::Private::Items::ItemBase*]	48	static
/home/stvsl/Documents/DOTRUST/PortingTest/imxrt1170_freertos_qt/ui_source/QtQuick/Controls/StyleDefault/Button.cpp:134:5:int QtQuick::Controls::StyleDefault::Button::Button_638361119_bindingFunctor::operator()(QtQuick::Controls::StyleDefault::Button*) const	56	static
/home/stvsl/Qt/QtMCUs/2.7.0/include/qul/private/propertybinding.h:318:17:static bool Qul::Private::Binding<Functor, NumDeps>::handleInternalCallWithScopeObject(const Qul::Private::BindingBase::CallParameters&) [with T = int; ScopeObject = QtQuick::Controls::StyleDefault::Button; Qul::Private::Binding<Functor, NumDeps> ScopeObject::* Member = &QtQuick::Controls::StyleDefault::Button::_implicitHeight_binding; Functor = QtQuick::Controls::StyleDefault::Button::Button_638361119_bindingFunctor; int NumDeps = 0]	88	static
/home/stvsl/Documents/DOTRUST/PortingTest/imxrt1170_freertos_qt/ui_source/QtQuick/Controls/StyleDefault/Button.cpp:186:5:int QtQuick::Controls::StyleDefault::Button::Button_2791446706_bindingFunctor::operator()(QtQuick::Controls::StyleDefault::Button*) const	56	static
/home/stvsl/Qt/QtMCUs/2.7.0/include/qul/private/propertybinding.h:318:17:static bool Qul::Private::Binding<Functor, NumDeps>::handleInternalCallWithScopeObject(const Qul::Private::BindingBase::CallParameters&) [with T = int; ScopeObject = QtQuick::Controls::StyleDefault::Button; Qul::Private::Binding<Functor, NumDeps> ScopeObject::* Member = &QtQuick::Controls::StyleDefault::Button::_implicitWidth_binding; Functor = QtQuick::Controls::StyleDefault::Button::Button_2791446706_bindingFunctor; int NumDeps = 0]	88	static
/home/stvsl/Qt/QtMCUs/2.7.0/include/qul/property.h:632:10:void Qul::Property<T>::setValue(const T&) [with T = int]	56	static
/home/stvsl/Documents/DOTRUST/PortingTest/imxrt1170_freertos_qt/ui_source/QtQuick/Controls/StyleDefault/Button.cpp:239:1:QtQuick::Controls::StyleDefault::Button::Button()	136	static
/home/stvsl/Qt/QtMCUs/2.7.0/include/qul/property.h:685:14:const T& Qul::Property<T>::value() [with T = double]	48	static
/home/stvsl/Qt/QtMCUs/2.7.0/include/qul/private/items/transforms.h:147:10:void Qul::Private::Items::InlineScale<NextTransform>::updateTransform(Qul::PlatformInterface::Transform&) const [with NextTransform = Qul::Private::Items::InlineRotation<Qul::Private::Items::InlineTransform>]	80	static
/home/stvsl/Qt/QtMCUs/2.7.0/include/qul/private/items/transforms.h:221:10:void Qul::Private::Items::InlineTransformOriginBase<NextTransform>::updateTransform(Qul::PlatformInterface::Transform&) const [with NextTransform = Qul::Private::Items::InlineScale<Qul::Private::Items::InlineRotation<Qul::Private::Items::InlineTransform> >]	104	static
/home/stvsl/Documents/DOTRUST/PortingTest/imxrt1170_freertos_qt/ui_source/QtQuick/Controls/StyleDefault/Button.cpp:342:1:cpp)	4	static
