/home/stvsl/Qt/QtMCUs/2.7.1/include/qul/private/items/itembase.h:211:18:virtual void Qul::Private::Items::ItemBase::touchEvent(Qul::Private::TouchEvent&)	0	static
/home/stvsl/Qt/QtMCUs/2.7.1/include/qul/private/items/itembase.h:212:18:virtual void Qul::Private::Items::ItemBase::implicitWidthChange()	0	static
/home/stvsl/Qt/QtMCUs/2.7.1/include/qul/private/items/itembase.h:213:18:virtual void Qul::Private::Items::ItemBase::implicitHeightChange()	0	static
/home/stvsl/Qt/QtMCUs/2.7.1/include/qul/private/items/transforms.h:258:18:virtual void Qul::Private::Items::InlineTransform::updateTransform(Qul::PlatformInterface::Transform&) const	0	static
/home/stvsl/Qt/QtMCUs/2.7.1/include/qul/private/slot.h:47:24:) [with QtObject = Qul::Private::Items::Repeater<Qul::Private::ConstIntegerModel<4>, QtQuick::Controls::StyleDefault::Dial::item_, QtQuick::Controls::StyleDefault::Dial>; TArgs = {}]	0	static
/home/stvsl/Qt/QtMCUs/2.7.1/include/qul/private/slot.h:47:24:) [with QtObject = Qul::Private::Items::Repeater<Qul::Private::ConstIntegerModel<4>, QtQuick::Controls::StyleDefault::Dial::item_, QtQuick::Controls::StyleDefault::Dial>; TArgs = {int}]	0	static
/home/stvsl/Qt/QtMCUs/2.7.1/include/qul/private/models.h:166:9:int Qul::Private::ConstIntegerModel<N>::count() const [with int N = 4]	0	static
/home/stvsl/Qt/QtMCUs/2.7.1/include/qul/private/models.h:167:28:Qul::Private::RolelessModelData<int> Qul::Private::ConstIntegerModel<N>::data(int) const [with int N = 4]	0	static
/home/stvsl/Qt/QtMCUs/2.7.1/include/qul/private/linkedlist.h:88:5:Qul::Private::LinkedList<T>::~LinkedList() [with T = Qul::Private::Items::KeysAttachedType]	16	static
/home/stvsl/Qt/QtMCUs/2.7.1/include/qul/private/items/transforms.h:250:27:virtual Qul::Private::Items::TransformBase::IntermediateTransform Qul::Private::Items::InlineTransform::computeTransform() const	56	static
/home/stvsl/Qt/QtMCUs/2.7.1/include/qul/private/items/transforms.h:246:8:Qul::Private::Items::InlineTransform::~InlineTransform()	8	static
/home/stvsl/Qt/QtMCUs/2.7.1/include/qul/private/items/transforms.h:246:8:virtual Qul::Private::Items::InlineTransform::~InlineTransform()	8	static
/home/stvsl/Qt/QtMCUs/2.7.1/include/qul/private/propertybinding.h:498:17:static void Qul::Private::DirtyEventStaticDependency<Functor>::callWithSelf(Qul::Private::ChangeEventBase*, bool) [with Object = Qul::Private::Items::Image; Qul::Private::DirtyEventStaticDependency<Functor> Object::* Member = &Qul::Private::Items::Image::onImageChanged; Functor = Qul::Private::Items::Image::ImageChangedEvent]	0	static
/home/stvsl/Qt/QtMCUs/2.7.1/include/qul/private/items/itembase.h:218:18:virtual void Qul::Private::Items::ItemBase::keyEvent(Qul::Private::KeyEvent&)	32	static
/home/stvsl/Qt/QtMCUs/2.7.1/include/qul/private/propertybinding.h:498:17:static void Qul::Private::DirtyEventStaticDependency<Functor>::callWithSelf(Qul::Private::ChangeEventBase*, bool) [with Object = Qul::Private::Items::InlineTransform; Qul::Private::DirtyEventStaticDependency<Functor> Object::* Member = &Qul::Private::Items::InlineTransform::onPropertiesChanged; Functor = Qul::Private::Items::TransformBase::ChangedEvent]	8	static
/home/stvsl/Qt/QtMCUs/2.7.1/include/qul/private/models.h:164:8:Qul::Private::ConstIntegerModel<4>::~ConstIntegerModel()	16	static
/home/stvsl/Qt/QtMCUs/2.7.1/include/qul/private/models.h:164:8:virtual Qul::Private::ConstIntegerModel<4>::~ConstIntegerModel()	16	static
/home/stvsl/Qt/QtMCUs/2.7.1/include/qul/property.h:384:10:0()	24	static
/home/stvsl/Qt/QtMCUs/2.7.1/include/qul/private/items/transforms.h:243:27:Qul::Private::Items::Item::TransformOrigin Qul::Private::Items::InlineTransformOrigin<NextTransform>::getTransformOrigin() const [with NextTransform = Qul::Private::Items::InlineScale<Qul::Private::Items::InlineRotation<Qul::Private::Items::InlineTransform> >]	48	static
/home/stvsl/Qt/QtMCUs/2.7.1/include/qul/private/propertybinding.h:310:17:static void Qul::Private::Binding<Functor, NumDeps>::callFunctionWithScopeObject(Qul::Private::BindingBase*, void*, void*) [with T = int; ScopeObject = QtQuick::Controls::StyleDefault::Dial::item_; Functor = QtQuick::Controls::StyleDefault::Dial::item_::item__781781174_bindingFunctor; int NumDeps = 0]	48	static
/home/stvsl/Qt/QtMCUs/2.7.1/include/qul/private/propertybinding.h:310:17:static void Qul::Private::Binding<Functor, NumDeps>::callFunctionWithScopeObject(Qul::Private::BindingBase*, void*, void*) [with T = int; ScopeObject = QtQuick::Controls::StyleDefault::Dial::item_; Functor = QtQuick::Controls::StyleDefault::Dial::item_::item__2959489308_bindingFunctor; int NumDeps = 0]	48	static
/home/stvsl/Qt/QtMCUs/2.7.1/include/qul/private/propertybinding.h:310:17:static void Qul::Private::Binding<Functor, NumDeps>::callFunctionWithScopeObject(Qul::Private::BindingBase*, void*, void*) [with T = bool; ScopeObject = QtQuick::Controls::StyleDefault::Dial::item_; Functor = QtQuick::Controls::StyleDefault::Dial::item_::item__3347951558_bindingFunctor; int NumDeps = 0]	48	static
/home/stvsl/Qt/QtMCUs/2.7.1/include/qul/private/models.h:415:17:static void Qul::Private::Items::Repeater<ModelType, Delegate, ParentScope>::dataChanged(Qul::Private::Items::Repeater<ModelType, Delegate, ParentScope>*, int) [with ModelType = Qul::Private::ConstIntegerModel<4>; Delegate = QtQuick::Controls::StyleDefault::Dial::item_; ParentScope = QtQuick::Controls::StyleDefault::Dial]	48	static
/home/stvsl/Qt/QtMCUs/2.7.1/include/qul/private/propertybinding.h:310:17:static void Qul::Private::Binding<Functor, NumDeps>::callFunctionWithScopeObject(Qul::Private::BindingBase*, void*, void*) [with T = int; ScopeObject = QtQuick::Controls::StyleDefault::Dial::item_; Functor = QtQuick::Controls::StyleDefault::Dial::item_::item__2022471783_bindingFunctor; int NumDeps = 0]	48	static
/home/stvsl/Qt/QtMCUs/2.7.1/include/qul/private/propertybinding.h:310:17:static void Qul::Private::Binding<Functor, NumDeps>::callFunctionWithScopeObject(Qul::Private::BindingBase*, void*, void*) [with T = int; ScopeObject = QtQuick::Controls::StyleDefault::Dial::item_; Functor = QtQuick::Controls::StyleDefault::Dial::item_::item__3059855150_bindingFunctor; int NumDeps = 0]	48	static
/home/stvsl/Qt/QtMCUs/2.7.1/include/qul/private/builtins.h:72:8:Qul::Private::Builtins::Math::~Math()	24	static
/home/stvsl/Qt/QtMCUs/2.7.1/include/qul/private/items/transforms.h:156:8:Qul::Private::Items::InlineRotation<Qul::Private::Items::InlineTransform>::~InlineRotation()	24	static
/home/stvsl/Qt/QtMCUs/2.7.1/include/qul/private/items/transforms.h:156:8:virtual Qul::Private::Items::InlineRotation<Qul::Private::Items::InlineTransform>::~InlineRotation()	24	static
/home/stvsl/Qt/QtMCUs/2.7.1/include/qul/private/propertybinding.h:510:12:TargetType Qul::Private::getPropertyValue(PropertyBase*, bool) [with ActualType = ConstIntegerModel<4>*; TargetType = ConstIntegerModel<4>*]	40	static
/home/stvsl/Qt/QtMCUs/2.7.1/include/qul/private/items/itembase.h:226:38:virtual Qul::PlatformInterface::Point Qul::Private::Items::ItemBase::childrenOffset() const	48	static
/home/stvsl/Qt/QtMCUs/2.7.1/include/qul/private/propertybinding.h:310:17:static void Qul::Private::Binding<Functor, NumDeps>::callFunctionWithScopeObject(Qul::Private::BindingBase*, void*, void*) [with T = int; ScopeObject = QtQuick::Controls::StyleDefault::Dial; Functor = QtQuick::Controls::StyleDefault::Dial::Dial_3959414088_bindingFunctor; int NumDeps = 0]	56	static
/home/stvsl/Qt/QtMCUs/2.7.1/include/qul/private/propertybinding.h:310:17:static void Qul::Private::Binding<Functor, NumDeps>::callFunctionWithScopeObject(Qul::Private::BindingBase*, void*, void*) [with T = int; ScopeObject = QtQuick::Controls::StyleDefault::Dial; Functor = QtQuick::Controls::StyleDefault::Dial::Dial_258371655_bindingFunctor; int NumDeps = 0]	56	static
/home/stvsl/Qt/QtMCUs/2.7.1/include/qul/private/propertybinding.h:310:17:static void Qul::Private::Binding<Functor, NumDeps>::callFunctionWithScopeObject(Qul::Private::BindingBase*, void*, void*) [with T = double; ScopeObject = QtQuick::Controls::StyleDefault::Dial; Functor = QtQuick::Controls::StyleDefault::Dial::Dial_2827309608_bindingFunctor; int NumDeps = 0]	56	static
/home/stvsl/Qt/QtMCUs/2.7.1/include/qul/private/propertybinding.h:310:17:static void Qul::Private::Binding<Functor, NumDeps>::callFunctionWithScopeObject(Qul::Private::BindingBase*, void*, void*) [with T = int; ScopeObject = QtQuick::Controls::StyleDefault::Dial; Functor = QtQuick::Controls::StyleDefault::Dial::Dial_3392185257_bindingFunctor; int NumDeps = 0]	64	static
/home/stvsl/Qt/QtMCUs/2.7.1/include/qul/private/propertybinding.h:310:17:static void Qul::Private::Binding<Functor, NumDeps>::callFunctionWithScopeObject(Qul::Private::BindingBase*, void*, void*) [with T = int; ScopeObject = QtQuick::Controls::StyleDefault::Dial; Functor = QtQuick::Controls::StyleDefault::Dial::Dial_738841179_bindingFunctor; int NumDeps = 0]	64	static
/home/stvsl/Qt/QtMCUs/2.7.1/include/qul/private/items/transforms.h:135:8:Qul::Private::Items::InlineScale<Qul::Private::Items::InlineRotation<Qul::Private::Items::InlineTransform> >::~InlineScale()	24	static
/home/stvsl/Qt/QtMCUs/2.7.1/include/qul/property.h:247:10:bool Qul::Private::BindingBase::call(Qul::Private::BindingBase*, InternalCall, Qul::Private::PropertyBase*, void*)	40	static
/home/stvsl/Qt/QtMCUs/2.7.1/include/qul/property.h:272:10:void Qul::Private::PropertyBase::registerStaticDependency(Qul::Private::DependencyBase*)	24	static
/home/stvsl/Qt/QtMCUs/2.7.1/include/qul/property.h:281:5:Qul::Private::PropertyBase::~PropertyBase()	24	static
/home/stvsl/Qt/QtMCUs/2.7.1/include/qul/private/items/transforms.h:135:8:virtual Qul::Private::Items::InlineScale<Qul::Private::Items::InlineRotation<Qul::Private::Items::InlineTransform> >::~InlineScale()	24	static
/home/stvsl/Qt/QtMCUs/2.7.1/include/qul/private/items/transforms.h:232:8:Qul::Private::Items::InlineTransformOrigin<Qul::Private::Items::InlineScale<Qul::Private::Items::InlineRotation<Qul::Private::Items::InlineTransform> > >::~InlineTransformOrigin()	24	static
/home/stvsl/Qt/QtMCUs/2.7.1/include/qul/private/items/transforms.h:232:8:virtual Qul::Private::Items::InlineTransformOrigin<Qul::Private::Items::InlineScale<Qul::Private::Items::InlineRotation<Qul::Private::Items::InlineTransform> > >::~InlineTransformOrigin()	24	static
/home/stvsl/Documents/DOTRUST/PortingTest/imxrt1170_freertos_qt/ui_source/QtQuick/Controls/StyleDefault/Dial.h:78:12:QtQuick::Controls::StyleDefault::Dial::backgroundImg_Image::~backgroundImg_Image()	24	static
/home/stvsl/Documents/DOTRUST/PortingTest/imxrt1170_freertos_qt/ui_source/QtQuick/Controls/StyleDefault/Dial.h:83:12:QtQuick::Controls::StyleDefault::Dial::handleImg_Image::~handleImg_Image()	24	static
/home/stvsl/Documents/DOTRUST/PortingTest/imxrt1170_freertos_qt/ui_source/QtQuick/Controls/StyleDefault/Dial.h:78:12:virtual QtQuick::Controls::StyleDefault::Dial::backgroundImg_Image::~backgroundImg_Image()	24	static
/home/stvsl/Documents/DOTRUST/PortingTest/imxrt1170_freertos_qt/ui_source/QtQuick/Controls/StyleDefault/Dial.h:83:12:virtual QtQuick::Controls::StyleDefault::Dial::handleImg_Image::~handleImg_Image()	24	static
/home/stvsl/Documents/DOTRUST/PortingTest/imxrt1170_freertos_qt/ui_source/QtQuick/Controls/StyleDefault/Dial.h:28:12:virtual QtQuick::Controls::StyleDefault::Dial::item_::~item_()	24	static
/home/stvsl/Documents/DOTRUST/PortingTest/imxrt1170_freertos_qt/ui_source/QtQuick/Controls/StyleDefault/Dial.h:28:12:QtQuick::Controls::StyleDefault::Dial::item_::~item_()	24	static
/home/stvsl/Documents/DOTRUST/PortingTest/imxrt1170_freertos_qt/ui_source/QtQuick/Controls/StyleDefault/Dial.h:23:8:QtQuick::Controls::StyleDefault::Dial::~Dial()	40	static
/home/stvsl/Documents/DOTRUST/PortingTest/imxrt1170_freertos_qt/ui_source/QtQuick/Controls/StyleDefault/Dial.h:23:8:virtual QtQuick::Controls::StyleDefault::Dial::~Dial()	8	static
/home/stvsl/Qt/QtMCUs/2.7.1/include/qul/property.h:362:10:void Qul::Private::PropertyBase::setBindingImpl(Qul::Private::BindingBase*)	64	static
/home/stvsl/Documents/DOTRUST/PortingTest/imxrt1170_freertos_qt/ui_source/QtQuick/Controls/StyleDefault/Dial.cpp:575:6:bool QtQuick::Controls::StyleDefault::Dial::item_::item__3347951558_bindingFunctor::operator()(QtQuick::Controls::StyleDefault::Dial::item_*) const	48	static
/home/stvsl/Documents/DOTRUST/PortingTest/imxrt1170_freertos_qt/ui_source/QtQuick/Controls/StyleDefault/Dial.cpp:587:5:int QtQuick::Controls::StyleDefault::Dial::item_::item__781781174_bindingFunctor::operator()(QtQuick::Controls::StyleDefault::Dial::item_*) const	48	static
/home/stvsl/Documents/DOTRUST/PortingTest/imxrt1170_freertos_qt/ui_source/QtQuick/Controls/StyleDefault/Dial.cpp:599:5:int QtQuick::Controls::StyleDefault::Dial::item_::item__2959489308_bindingFunctor::operator()(QtQuick::Controls::StyleDefault::Dial::item_*) const	48	static
/home/stvsl/Documents/DOTRUST/PortingTest/imxrt1170_freertos_qt/ui_source/QtQuick/Controls/StyleDefault/Dial.cpp:611:5:int QtQuick::Controls::StyleDefault::Dial::item_::item__3059855150_bindingFunctor::operator()(QtQuick::Controls::StyleDefault::Dial::item_*) const	48	static
/home/stvsl/Documents/DOTRUST/PortingTest/imxrt1170_freertos_qt/ui_source/QtQuick/Controls/StyleDefault/Dial.cpp:624:5:int QtQuick::Controls::StyleDefault::Dial::item_::item__2022471783_bindingFunctor::operator()(QtQuick::Controls::StyleDefault::Dial::item_*) const	48	static
/home/stvsl/Documents/DOTRUST/PortingTest/imxrt1170_freertos_qt/ui_source/QtQuick/Controls/StyleDefault/Dial.cpp:699:18:Qul::SharedImage QtQuick::Controls::StyleDefault::Dial::Dial_494471238_bindingFunctor::operator()(QtQuick::Controls::StyleDefault::Dial*) const	88	static
/home/stvsl/Qt/QtMCUs/2.7.1/include/qul/private/propertybinding.h:310:17:static void Qul::Private::Binding<Functor, NumDeps>::callFunctionWithScopeObject(Qul::Private::BindingBase*, void*, void*) [with T = Qul::SharedImage; ScopeObject = QtQuick::Controls::StyleDefault::Dial; Functor = QtQuick::Controls::StyleDefault::Dial::Dial_494471238_bindingFunctor; int NumDeps = 0]	16	static
/home/stvsl/Documents/DOTRUST/PortingTest/imxrt1170_freertos_qt/ui_source/QtQuick/Controls/StyleDefault/Dial.cpp:719:5:int QtQuick::Controls::StyleDefault::Dial::Dial_3959414088_bindingFunctor::operator()(QtQuick::Controls::StyleDefault::Dial*) const	48	static
/home/stvsl/Documents/DOTRUST/PortingTest/imxrt1170_freertos_qt/ui_source/QtQuick/Controls/StyleDefault/Dial.cpp:740:5:int QtQuick::Controls::StyleDefault::Dial::Dial_258371655_bindingFunctor::operator()(QtQuick::Controls::StyleDefault::Dial*) const	48	static
/home/stvsl/Documents/DOTRUST/PortingTest/imxrt1170_freertos_qt/ui_source/QtQuick/Controls/StyleDefault/Dial.cpp:761:12:Qul::qreal QtQuick::Controls::StyleDefault::Dial::Dial_2827309608_bindingFunctor::operator()(QtQuick::Controls::StyleDefault::Dial*) const	56	static
/home/stvsl/Documents/DOTRUST/PortingTest/imxrt1170_freertos_qt/ui_source/QtQuick/Controls/StyleDefault/Dial.cpp:788:5:int QtQuick::Controls::StyleDefault::Dial::Dial_738841179_bindingFunctor::operator()(QtQuick::Controls::StyleDefault::Dial*) const	56	static
/home/stvsl/Documents/DOTRUST/PortingTest/imxrt1170_freertos_qt/ui_source/QtQuick/Controls/StyleDefault/Dial.cpp:823:5:int QtQuick::Controls::StyleDefault::Dial::Dial_3392185257_bindingFunctor::operator()(QtQuick::Controls::StyleDefault::Dial*) const	56	static
/home/stvsl/Qt/QtMCUs/2.7.1/include/qul/private/flagpointer.h:402:5:T2* Qul::Private::BiPointer<T, T2>::asT2() const [with T = Qul::Private::DependencyBase; T2 = Qul::Private::BindingBase]	16	static
/home/stvsl/Documents/DOTRUST/PortingTest/imxrt1170_freertos_qt/ui_source/QtQuick/Controls/StyleDefault/Dial.cpp:638:1:QtQuick::Controls::StyleDefault::Dial::item_::item_(QtQuick::Controls::StyleDefault::Dial*)	104	static
/home/stvsl/Qt/QtMCUs/2.7.1/include/qul/private/items.h:236:5:Qul::Private::Items::Image::Image()	48	static
/home/stvsl/Qt/QtMCUs/2.7.1/include/qul/property.h:685:14:const T& Qul::Property<T>::value() [with T = int]	48	static
/home/stvsl/Documents/DOTRUST/PortingTest/imxrt1170_freertos_qt/ui_source/QtQuick/Controls/StyleDefault/Dial.cpp:53:5:int QtQuick::Controls::StyleDefault::Dial::item_::item__1481434427_bindingFunctor::operator()(QtQuick::Controls::StyleDefault::Dial::item_*) const	56	static
/home/stvsl/Documents/DOTRUST/PortingTest/imxrt1170_freertos_qt/ui_source/QtQuick/Controls/StyleDefault/Dial.cpp:320:5:int QtQuick::Controls::StyleDefault::Dial::item_::item__3592665794_bindingFunctor::operator()(QtQuick::Controls::StyleDefault::Dial::item_*) const	56	static
/home/stvsl/Qt/QtMCUs/2.7.1/include/qul/private/propertybinding.h:310:17:static void Qul::Private::Binding<Functor, NumDeps>::callFunctionWithScopeObject(Qul::Private::BindingBase*, void*, void*) [with T = int; ScopeObject = QtQuick::Controls::StyleDefault::Dial::item_; Functor = QtQuick::Controls::StyleDefault::Dial::item_::item__1481434427_bindingFunctor; int NumDeps = 0]	56	static
/home/stvsl/Qt/QtMCUs/2.7.1/include/qul/private/propertybinding.h:310:17:static void Qul::Private::Binding<Functor, NumDeps>::callFunctionWithScopeObject(Qul::Private::BindingBase*, void*, void*) [with T = int; ScopeObject = QtQuick::Controls::StyleDefault::Dial::item_; Functor = QtQuick::Controls::StyleDefault::Dial::item_::item__3592665794_bindingFunctor; int NumDeps = 0]	56	static
/home/stvsl/Qt/QtMCUs/2.7.1/include/qul/property.h:685:14:const T& Qul::Property<T>::value() [with T = double]	48	static
/home/stvsl/Documents/DOTRUST/PortingTest/imxrt1170_freertos_qt/ui_source/QtQuick/Controls/StyleDefault/Dial.cpp:133:5:int QtQuick::Controls::StyleDefault::Dial::item_::item__1797471572_bindingFunctor::operator()(QtQuick::Controls::StyleDefault::Dial::item_*) const	88	static
/home/stvsl/Documents/DOTRUST/PortingTest/imxrt1170_freertos_qt/ui_source/QtQuick/Controls/StyleDefault/Dial.cpp:400:5:int QtQuick::Controls::StyleDefault::Dial::item_::item__3770268640_bindingFunctor::operator()(QtQuick::Controls::StyleDefault::Dial::item_*) const	88	static
/home/stvsl/Qt/QtMCUs/2.7.1/include/qul/private/items/transforms.h:162:10:void Qul::Private::Items::InlineRotation<NextTransform>::updateTransform(Qul::PlatformInterface::Transform&) const [with NextTransform = Qul::Private::Items::InlineTransform]	64	static
/home/stvsl/Qt/QtMCUs/2.7.1/include/qul/private/items/transforms.h:147:10:void Qul::Private::Items::InlineScale<NextTransform>::updateTransform(Qul::PlatformInterface::Transform&) const [with NextTransform = Qul::Private::Items::InlineRotation<Qul::Private::Items::InlineTransform>]	40	static
/home/stvsl/Qt/QtMCUs/2.7.1/include/qul/private/items/transforms.h:221:10:void Qul::Private::Items::InlineTransformOriginBase<NextTransform>::updateTransform(Qul::PlatformInterface::Transform&) const [with NextTransform = Qul::Private::Items::InlineScale<Qul::Private::Items::InlineRotation<Qul::Private::Items::InlineTransform> >]	88	static
/home/stvsl/Qt/QtMCUs/2.7.1/include/qul/private/propertybinding.h:310:17:static void Qul::Private::Binding<Functor, NumDeps>::callFunctionWithScopeObject(Qul::Private::BindingBase*, void*, void*) [with T = int; ScopeObject = QtQuick::Controls::StyleDefault::Dial::item_; Functor = QtQuick::Controls::StyleDefault::Dial::item_::item__1797471572_bindingFunctor; int NumDeps = 0]	88	static
/home/stvsl/Qt/QtMCUs/2.7.1/include/qul/private/propertybinding.h:310:17:static void Qul::Private::Binding<Functor, NumDeps>::callFunctionWithScopeObject(Qul::Private::BindingBase*, void*, void*) [with T = int; ScopeObject = QtQuick::Controls::StyleDefault::Dial::item_; Functor = QtQuick::Controls::StyleDefault::Dial::item_::item__3770268640_bindingFunctor; int NumDeps = 0]	88	static
/home/stvsl/Qt/QtMCUs/2.7.1/include/qul/property.h:685:14:const T& Qul::Property<T>::value() [with T = Qul::Private::Items::ItemBase*]	48	static
/home/stvsl/Documents/DOTRUST/PortingTest/imxrt1170_freertos_qt/ui_source/QtQuick/Controls/StyleDefault/Dial.cpp:858:5:int QtQuick::Controls::StyleDefault::Dial::Dial_638361119_bindingFunctor::operator()(QtQuick::Controls::StyleDefault::Dial*) const	48	static
/home/stvsl/Qt/QtMCUs/2.7.1/include/qul/private/propertybinding.h:310:17:static void Qul::Private::Binding<Functor, NumDeps>::callFunctionWithScopeObject(Qul::Private::BindingBase*, void*, void*) [with T = int; ScopeObject = QtQuick::Controls::StyleDefault::Dial; Functor = QtQuick::Controls::StyleDefault::Dial::Dial_638361119_bindingFunctor; int NumDeps = 0]	8	static
/home/stvsl/Documents/DOTRUST/PortingTest/imxrt1170_freertos_qt/ui_source/QtQuick/Controls/StyleDefault/Dial.cpp:910:5:int QtQuick::Controls::StyleDefault::Dial::Dial_2791446706_bindingFunctor::operator()(QtQuick::Controls::StyleDefault::Dial*) const	48	static
/home/stvsl/Qt/QtMCUs/2.7.1/include/qul/private/propertybinding.h:310:17:static void Qul::Private::Binding<Functor, NumDeps>::callFunctionWithScopeObject(Qul::Private::BindingBase*, void*, void*) [with T = int; ScopeObject = QtQuick::Controls::StyleDefault::Dial; Functor = QtQuick::Controls::StyleDefault::Dial::Dial_2791446706_bindingFunctor; int NumDeps = 0]	8	static
/home/stvsl/Qt/QtMCUs/2.7.1/include/qul/property.h:632:10:void Qul::Property<T>::setValue(const T&) [with T = int]	56	static
/home/stvsl/Qt/QtMCUs/2.7.1/include/qul/private/models.h:433:10:void Qul::Private::Items::Repeater<ModelType, Delegate, ParentScope>::refreshModel() [with ModelType = Qul::Private::ConstIntegerModel<4>; Delegate = QtQuick::Controls::StyleDefault::Dial::item_; ParentScope = QtQuick::Controls::StyleDefault::Dial]	80	static
/home/stvsl/Qt/QtMCUs/2.7.1/include/qul/private/models.h:414:17:static void Qul::Private::Items::Repeater<ModelType, Delegate, ParentScope>::refresh(Qul::Private::Items::Repeater<ModelType, Delegate, ParentScope>*) [with ModelType = Qul::Private::ConstIntegerModel<4>; Delegate = QtQuick::Controls::StyleDefault::Dial::item_; ParentScope = QtQuick::Controls::StyleDefault::Dial]	8	static
/home/stvsl/Qt/QtMCUs/2.7.1/include/qul/private/propertybinding.h:557:17:static void Qul::Private::ChangedEvent<Functor, Type>::callMe(Qul::Private::ChangeEventBase*, bool) [with Functor = Qul::Private::Items::Repeater<Qul::Private::ConstIntegerModel<4>, QtQuick::Controls::StyleDefault::Dial::item_, QtQuick::Controls::StyleDefault::Dial>::ModelResetEvent; Type = Qul::Private::ConstIntegerModel<4>*]	8	static
/home/stvsl/Documents/DOTRUST/PortingTest/imxrt1170_freertos_qt/ui_source/QtQuick/Controls/StyleDefault/Dial.cpp:963:1:QtQuick::Controls::StyleDefault::Dial::Dial()	112	static
/home/stvsl/Qt/QtMCUs/2.7.1/include/qul/private/propertybinding.h:243:6:bool Qul::Private::commonHandleInternalCall(const BindingBase::CallParameters&, int, BindingCall) [with int NumDeps = 0]	88	static
/home/stvsl/Qt/QtMCUs/2.7.1/include/qul/private/propertybinding.h:318:17:static bool Qul::Private::Binding<Functor, NumDeps>::handleInternalCallWithScopeObject(const Qul::Private::BindingBase::CallParameters&) [with T = int; ScopeObject = QtQuick::Controls::StyleDefault::Dial::item_; Qul::Private::Binding<Functor, NumDeps> ScopeObject::* Member = &QtQuick::Controls::StyleDefault::Dial::item_::_y_binding; Functor = QtQuick::Controls::StyleDefault::Dial::item_::item__1481434427_bindingFunctor; int NumDeps = 0]	8	static
/home/stvsl/Qt/QtMCUs/2.7.1/include/qul/private/propertybinding.h:318:17:static bool Qul::Private::Binding<Functor, NumDeps>::handleInternalCallWithScopeObject(const Qul::Private::BindingBase::CallParameters&) [with T = int; ScopeObject = QtQuick::Controls::StyleDefault::Dial::item_; Qul::Private::Binding<Functor, NumDeps> ScopeObject::* Member = &QtQuick::Controls::StyleDefault::Dial::item_::_height_binding; Functor = QtQuick::Controls::StyleDefault::Dial::item_::item__1797471572_bindingFunctor; int NumDeps = 0]	8	static
/home/stvsl/Qt/QtMCUs/2.7.1/include/qul/private/propertybinding.h:318:17:static bool Qul::Private::Binding<Functor, NumDeps>::handleInternalCallWithScopeObject(const Qul::Private::BindingBase::CallParameters&) [with T = int; ScopeObject = QtQuick::Controls::StyleDefault::Dial::item_; Qul::Private::Binding<Functor, NumDeps> ScopeObject::* Member = &QtQuick::Controls::StyleDefault::Dial::item_::_x_binding; Functor = QtQuick::Controls::StyleDefault::Dial::item_::item__3592665794_bindingFunctor; int NumDeps = 0]	8	static
/home/stvsl/Qt/QtMCUs/2.7.1/include/qul/private/propertybinding.h:318:17:static bool Qul::Private::Binding<Functor, NumDeps>::handleInternalCallWithScopeObject(const Qul::Private::BindingBase::CallParameters&) [with T = int; ScopeObject = QtQuick::Controls::StyleDefault::Dial::item_; Qul::Private::Binding<Functor, NumDeps> ScopeObject::* Member = &QtQuick::Controls::StyleDefault::Dial::item_::_width_binding; Functor = QtQuick::Controls::StyleDefault::Dial::item_::item__3770268640_bindingFunctor; int NumDeps = 0]	8	static
/home/stvsl/Qt/QtMCUs/2.7.1/include/qul/private/propertybinding.h:318:17:static bool Qul::Private::Binding<Functor, NumDeps>::handleInternalCallWithScopeObject(const Qul::Private::BindingBase::CallParameters&) [with T = bool; ScopeObject = QtQuick::Controls::StyleDefault::Dial::item_; Qul::Private::Binding<Functor, NumDeps> ScopeObject::* Member = &QtQuick::Controls::StyleDefault::Dial::item_::_visible_binding; Functor = QtQuick::Controls::StyleDefault::Dial::item_::item__3347951558_bindingFunctor; int NumDeps = 0]	8	static
/home/stvsl/Qt/QtMCUs/2.7.1/include/qul/private/propertybinding.h:318:17:static bool Qul::Private::Binding<Functor, NumDeps>::handleInternalCallWithScopeObject(const Qul::Private::BindingBase::CallParameters&) [with T = int; ScopeObject = QtQuick::Controls::StyleDefault::Dial::item_; Qul::Private::Binding<Functor, NumDeps> ScopeObject::* Member = &QtQuick::Controls::StyleDefault::Dial::item_::image_height_binding; Functor = QtQuick::Controls::StyleDefault::Dial::item_::item__781781174_bindingFunctor; int NumDeps = 0]	8	static
/home/stvsl/Qt/QtMCUs/2.7.1/include/qul/private/propertybinding.h:318:17:static bool Qul::Private::Binding<Functor, NumDeps>::handleInternalCallWithScopeObject(const Qul::Private::BindingBase::CallParameters&) [with T = int; ScopeObject = QtQuick::Controls::StyleDefault::Dial::item_; Qul::Private::Binding<Functor, NumDeps> ScopeObject::* Member = &QtQuick::Controls::StyleDefault::Dial::item_::image_width_binding; Functor = QtQuick::Controls::StyleDefault::Dial::item_::item__2959489308_bindingFunctor; int NumDeps = 0]	8	static
/home/stvsl/Qt/QtMCUs/2.7.1/include/qul/private/propertybinding.h:318:17:static bool Qul::Private::Binding<Functor, NumDeps>::handleInternalCallWithScopeObject(const Qul::Private::BindingBase::CallParameters&) [with T = int; ScopeObject = QtQuick::Controls::StyleDefault::Dial::item_; Qul::Private::Binding<Functor, NumDeps> ScopeObject::* Member = &QtQuick::Controls::StyleDefault::Dial::item_::image_y_binding; Functor = QtQuick::Controls::StyleDefault::Dial::item_::item__3059855150_bindingFunctor; int NumDeps = 0]	8	static
/home/stvsl/Qt/QtMCUs/2.7.1/include/qul/private/propertybinding.h:318:17:static bool Qul::Private::Binding<Functor, NumDeps>::handleInternalCallWithScopeObject(const Qul::Private::BindingBase::CallParameters&) [with T = int; ScopeObject = QtQuick::Controls::StyleDefault::Dial::item_; Qul::Private::Binding<Functor, NumDeps> ScopeObject::* Member = &QtQuick::Controls::StyleDefault::Dial::item_::image_x_binding; Functor = QtQuick::Controls::StyleDefault::Dial::item_::item__2022471783_bindingFunctor; int NumDeps = 0]	8	static
/home/stvsl/Qt/QtMCUs/2.7.1/include/qul/private/propertybinding.h:318:17:static bool Qul::Private::Binding<Functor, NumDeps>::handleInternalCallWithScopeObject(const Qul::Private::BindingBase::CallParameters&) [with T = Qul::SharedImage; ScopeObject = QtQuick::Controls::StyleDefault::Dial; Qul::Private::Binding<Functor, NumDeps> ScopeObject::* Member = &QtQuick::Controls::StyleDefault::Dial::backgroundImg_source_binding; Functor = QtQuick::Controls::StyleDefault::Dial::Dial_494471238_bindingFunctor; int NumDeps = 0]	8	static
/home/stvsl/Qt/QtMCUs/2.7.1/include/qul/private/propertybinding.h:318:17:static bool Qul::Private::Binding<Functor, NumDeps>::handleInternalCallWithScopeObject(const Qul::Private::BindingBase::CallParameters&) [with T = int; ScopeObject = QtQuick::Controls::StyleDefault::Dial; Qul::Private::Binding<Functor, NumDeps> ScopeObject::* Member = &QtQuick::Controls::StyleDefault::Dial::backgroundImg_y_binding; Functor = QtQuick::Controls::StyleDefault::Dial::Dial_3959414088_bindingFunctor; int NumDeps = 0]	8	static
/home/stvsl/Qt/QtMCUs/2.7.1/include/qul/private/propertybinding.h:318:17:static bool Qul::Private::Binding<Functor, NumDeps>::handleInternalCallWithScopeObject(const Qul::Private::BindingBase::CallParameters&) [with T = int; ScopeObject = QtQuick::Controls::StyleDefault::Dial; Qul::Private::Binding<Functor, NumDeps> ScopeObject::* Member = &QtQuick::Controls::StyleDefault::Dial::backgroundImg_x_binding; Functor = QtQuick::Controls::StyleDefault::Dial::Dial_258371655_bindingFunctor; int NumDeps = 0]	8	static
/home/stvsl/Qt/QtMCUs/2.7.1/include/qul/private/propertybinding.h:318:17:static bool Qul::Private::Binding<Functor, NumDeps>::handleInternalCallWithScopeObject(const Qul::Private::BindingBase::CallParameters&) [with T = double; ScopeObject = QtQuick::Controls::StyleDefault::Dial; Qul::Private::Binding<Functor, NumDeps> ScopeObject::* Member = &QtQuick::Controls::StyleDefault::Dial::handleImg_angleRadians_binding; Functor = QtQuick::Controls::StyleDefault::Dial::Dial_2827309608_bindingFunctor; int NumDeps = 0]	8	static
/home/stvsl/Qt/QtMCUs/2.7.1/include/qul/private/propertybinding.h:318:17:static bool Qul::Private::Binding<Functor, NumDeps>::handleInternalCallWithScopeObject(const Qul::Private::BindingBase::CallParameters&) [with T = int; ScopeObject = QtQuick::Controls::StyleDefault::Dial; Qul::Private::Binding<Functor, NumDeps> ScopeObject::* Member = &QtQuick::Controls::StyleDefault::Dial::handleImg_y_binding; Functor = QtQuick::Controls::StyleDefault::Dial::Dial_738841179_bindingFunctor; int NumDeps = 0]	8	static
/home/stvsl/Qt/QtMCUs/2.7.1/include/qul/private/propertybinding.h:318:17:static bool Qul::Private::Binding<Functor, NumDeps>::handleInternalCallWithScopeObject(const Qul::Private::BindingBase::CallParameters&) [with T = int; ScopeObject = QtQuick::Controls::StyleDefault::Dial; Qul::Private::Binding<Functor, NumDeps> ScopeObject::* Member = &QtQuick::Controls::StyleDefault::Dial::handleImg_x_binding; Functor = QtQuick::Controls::StyleDefault::Dial::Dial_3392185257_bindingFunctor; int NumDeps = 0]	8	static
/home/stvsl/Qt/QtMCUs/2.7.1/include/qul/private/propertybinding.h:318:17:static bool Qul::Private::Binding<Functor, NumDeps>::handleInternalCallWithScopeObject(const Qul::Private::BindingBase::CallParameters&) [with T = int; ScopeObject = QtQuick::Controls::StyleDefault::Dial; Qul::Private::Binding<Functor, NumDeps> ScopeObject::* Member = &QtQuick::Controls::StyleDefault::Dial::_implicitHeight_binding; Functor = QtQuick::Controls::StyleDefault::Dial::Dial_638361119_bindingFunctor; int NumDeps = 0]	8	static
/home/stvsl/Qt/QtMCUs/2.7.1/include/qul/private/propertybinding.h:318:17:static bool Qul::Private::Binding<Functor, NumDeps>::handleInternalCallWithScopeObject(const Qul::Private::BindingBase::CallParameters&) [with T = int; ScopeObject = QtQuick::Controls::StyleDefault::Dial; Qul::Private::Binding<Functor, NumDeps> ScopeObject::* Member = &QtQuick::Controls::StyleDefault::Dial::_implicitWidth_binding; Functor = QtQuick::Controls::StyleDefault::Dial::Dial_2791446706_bindingFunctor; int NumDeps = 0]	8	static
/home/stvsl/Documents/DOTRUST/PortingTest/imxrt1170_freertos_qt/ui_source/QtQuick/Controls/StyleDefault/Dial.cpp:1051:1:cpp)	4	static
