/home/stvsl/Documents/DOTRUST/PortingTest/imxrt1170_freertos_qt/platform/platform/boards/nxp/mimxrt1170-evkb-freertos/platform_drawing.cpp:101:6:virtual void Qul::Platform::Private::Lcdif2LayerEngine::updateItemLayer(Qul::PlatformInterface::LayerEngine::ItemLayer*, const Qul::PlatformInterface::LayerEngine::ItemLayerProperties&)	16	static
/home/stvsl/Documents/DOTRUST/PortingTest/imxrt1170_freertos_qt/platform/platform/boards/nxp/mimxrt1170-evkb-freertos/platform_drawing.cpp:109:6:virtual void Qul::Platform::Private::Lcdif2LayerEngine::updateImageLayer(Qul::PlatformInterface::LayerEngine::ImageLayer*, const Qul::PlatformInterface::LayerEngine::ImageLayerProperties&)	24	static
/home/stvsl/Documents/DOTRUST/PortingTest/imxrt1170_freertos_qt/platform/platform/boards/nxp/mimxrt1170-evkb-freertos/platform_drawing.cpp:117:6:virtual void Qul::Platform::Private::Lcdif2LayerEngine::updateSpriteLayer(Qul::PlatformInterface::LayerEngine::SpriteLayer*, const Qul::PlatformInterface::LayerEngine::SpriteLayerProperties&)	16	static
/home/stvsl/Documents/DOTRUST/PortingTest/imxrt1170_freertos_qt/platform/platform/boards/nxp/mimxrt1170-evkb-freertos/platform_drawing.cpp:47:25:virtual Qul::PlatformInterface::LayerEngine::ItemLayer* Qul::Platform::Private::Lcdif2LayerEngine::allocateItemLayer(const Qul::PlatformInterface::Screen*, const Qul::PlatformInterface::LayerEngine::ItemLayerProperties&, Qul::PlatformInterface::LayerEngine::SpriteLayer*)	32	static
/home/stvsl/Documents/DOTRUST/PortingTest/imxrt1170_freertos_qt/platform/platform/boards/nxp/mimxrt1170-evkb-freertos/platform_drawing.cpp:60:26:virtual Qul::PlatformInterface::LayerEngine::ImageLayer* Qul::Platform::Private::Lcdif2LayerEngine::allocateImageLayer(const Qul::PlatformInterface::Screen*, const Qul::PlatformInterface::LayerEngine::ImageLayerProperties&, Qul::PlatformInterface::LayerEngine::SpriteLayer*)	40	static
/home/stvsl/Documents/DOTRUST/PortingTest/imxrt1170_freertos_qt/platform/platform/boards/nxp/mimxrt1170-evkb-freertos/platform_drawing.cpp:74:27:virtual Qul::PlatformInterface::LayerEngine::SpriteLayer* Qul::Platform::Private::Lcdif2LayerEngine::allocateSpriteLayer(const Qul::PlatformInterface::Screen*, const Qul::PlatformInterface::LayerEngine::SpriteLayerProperties&)	24	static
/home/stvsl/Documents/DOTRUST/PortingTest/imxrt1170_freertos_qt/platform/platform/boards/nxp/mimxrt1170-evkb-freertos/platform_drawing.cpp:86:6:virtual void Qul::Platform::Private::Lcdif2LayerEngine::deallocateItemLayer(Qul::PlatformInterface::LayerEngine::ItemLayer*)	8	static
/home/stvsl/Documents/DOTRUST/PortingTest/imxrt1170_freertos_qt/platform/platform/boards/nxp/mimxrt1170-evkb-freertos/platform_drawing.cpp:91:6:virtual void Qul::Platform::Private::Lcdif2LayerEngine::deallocateImageLayer(Qul::PlatformInterface::LayerEngine::ImageLayer*)	8	static
/home/stvsl/Documents/DOTRUST/PortingTest/imxrt1170_freertos_qt/platform/platform/boards/nxp/mimxrt1170-evkb-freertos/platform_drawing.cpp:96:6:virtual void Qul::Platform::Private::Lcdif2LayerEngine::deallocateSpriteLayer(Qul::PlatformInterface::LayerEngine::SpriteLayer*)	8	static
/home/stvsl/Documents/DOTRUST/PortingTest/imxrt1170_freertos_qt/platform/platform/boards/nxp/mimxrt1170-evkb-freertos/platform_drawing.cpp:40:1:Qul::Platform::Private::Lcdif2LayerEngine::Lcdif2LayerEngine()	16	static
/home/stvsl/Documents/DOTRUST/PortingTest/imxrt1170_freertos_qt/platform/platform/boards/nxp/mimxrt1170-evkb-freertos/platform_drawing.cpp:125:6:static void Qul::Platform::Private::Lcdif2LayerEngine::commit()	0	static
/home/stvsl/Documents/DOTRUST/PortingTest/imxrt1170_freertos_qt/platform/platform/boards/nxp/mimxrt1170-evkb-freertos/platform_drawing.cpp:130:14:Qul::PlatformInterface::LayerEngine* Qul::Platform::Private::layerEngine()	16	static
/home/stvsl/Documents/DOTRUST/PortingTest/imxrt1170_freertos_qt/platform/platform/boards/nxp/mimxrt1170-evkb-freertos/platform_drawing.cpp:136:16:Qul::PlatformInterface::DrawingDevice* Qul::Platform::Private::beginFrame(const Qul::PlatformInterface::LayerEngine::ItemLayer*, int)	0	static
/home/stvsl/Documents/DOTRUST/PortingTest/imxrt1170_freertos_qt/platform/platform/boards/nxp/mimxrt1170-evkb-freertos/platform_drawing.cpp:145:6:void Qul::Platform::Private::endFrame(const Qul::PlatformInterface::LayerEngine::ItemLayer*)	8	static
/home/stvsl/Documents/DOTRUST/PortingTest/imxrt1170_freertos_qt/platform/platform/boards/nxp/mimxrt1170-evkb-freertos/platform_drawing.cpp:155:27:Qul::Platform::FrameStatistics Qul::Platform::Private::presentFrame()	8	static
