/home/stvsl/Qt/QtMCUs/2.7.0/include/platform/performancemetrics.h:32:19:virtual float Qul::Platform::PerformanceMetrics::cpuLoad()	0	static
/home/stvsl/Qt/QtMCUs/2.7.0/include/platform/platform.h:144:20:virtual size_t Qul::Platform::PlatformContext::partialBufferPixelCount(const Qul::PlatformInterface::LayerEngine::ItemLayer*) const	0	static
/home/stvsl/Qt/QtMCUs/2.7.0/include/platform/platform.h:150:37:virtual Qul::PlatformInterface::Rect Qul::Platform::PlatformContext::adjustedPartialUpdateRect(const Qul::PlatformInterface::LayerEngine::ItemLayer*, const Qul::PlatformInterface::Rect&) const	0	static
/home/stvsl/Documents/DOTRUST/PortingTest/imxrt1170_freertos_qt/platform/platform/boards/nxp/mimxrt1170-evkb-freertos/platform_context.cpp:119:22:virtual Qul::Platform::FrameBufferingType Qul::Platform::NxpRt1170Platform::frameBufferingType(const Qul::PlatformInterface::LayerEngine::ItemLayer*) const	0	static
/home/stvsl/Documents/DOTRUST/PortingTest/imxrt1170_freertos_qt/platform/platform/boards/nxp/mimxrt1170-evkb-freertos/platform_context.cpp:181:33:virtual Qul::Platform::PerformanceMetrics* Qul::Platform::NxpRt1170Platform::performanceMetrics()	0	static
/home/stvsl/Documents/DOTRUST/PortingTest/imxrt1170_freertos_qt/platform/platform/boards/nxp/mimxrt1170-evkb-freertos/platform_context.cpp:53:12:virtual uint64_t Qul::Platform::Rt1170PerformanceMetrics::maxStackUsage()	0	static
/home/stvsl/Documents/DOTRUST/PortingTest/imxrt1170_freertos_qt/platform/platform/boards/nxp/mimxrt1170-evkb-freertos/platform_context.cpp:50:12:virtual uint64_t Qul::Platform::Rt1170PerformanceMetrics::maxHeapUsage()	0	static
/home/stvsl/Documents/DOTRUST/PortingTest/imxrt1170_freertos_qt/platform/platform/boards/nxp/mimxrt1170-evkb-freertos/platform_context.cpp:179:8:virtual void Qul::Platform::NxpRt1170Platform::consoleWrite(char)	16	static
/home/stvsl/Documents/DOTRUST/PortingTest/imxrt1170_freertos_qt/platform/platform/boards/nxp/mimxrt1170-evkb-freertos/platform_context.cpp:175:3:virtual Qul::PlatformInterface::MemoryAllocator* Qul::Platform::NxpRt1170Platform::memoryAllocator(Qul::PlatformInterface::MemoryAllocator::AllocationType)	0	static
/home/stvsl/Documents/DOTRUST/PortingTest/imxrt1170_freertos_qt/platform/platform/boards/nxp/mimxrt1170-evkb-freertos/platform_context.cpp:140:8:virtual void Qul::Platform::NxpRt1170Platform::flushCachesForAsyncRead(const void*, size_t)	0	static
/home/stvsl/Documents/DOTRUST/PortingTest/imxrt1170_freertos_qt/platform/platform/boards/nxp/mimxrt1170-evkb-freertos/platform_context.cpp:130:8:virtual void Qul::Platform::NxpRt1170Platform::waitUntilAsyncReadFinished(const void*, const void*)	8	static
/home/stvsl/Documents/DOTRUST/PortingTest/imxrt1170_freertos_qt/platform/platform/boards/nxp/mimxrt1170-evkb-freertos/platform_context.cpp:144:35:virtual Qul::PlatformInterface::LayerEngine* Qul::Platform::NxpRt1170Platform::layerEngine()	0	static
/home/stvsl/Documents/DOTRUST/PortingTest/imxrt1170_freertos_qt/platform/platform/boards/nxp/mimxrt1170-evkb-freertos/platform_context.cpp:80:8:virtual void Qul::Platform::NxpRt1170Platform::initializeDisplay(const Qul::PlatformInterface::Screen*)	0	static
/home/stvsl/Documents/DOTRUST/PortingTest/imxrt1170_freertos_qt/platform/platform/boards/nxp/mimxrt1170-evkb-freertos/platform_context.cpp:126:3:virtual Qul::PlatformInterface::Screen* Qul::Platform::NxpRt1170Platform::availableScreens(size_t*) const	0	static
/home/stvsl/Documents/DOTRUST/PortingTest/imxrt1170_freertos_qt/platform/platform/boards/nxp/mimxrt1170-evkb-freertos/platform_context.cpp:162:19:virtual Qul::Platform::FrameStatistics Qul::Platform::NxpRt1170Platform::presentFrame(const Qul::PlatformInterface::Screen*, const Qul::PlatformInterface::Rect&)	8	static
/home/stvsl/Documents/DOTRUST/PortingTest/imxrt1170_freertos_qt/platform/platform/boards/nxp/mimxrt1170-evkb-freertos/platform_context.cpp:158:3:virtual void Qul::Platform::NxpRt1170Platform::endFrame(const Qul::PlatformInterface::LayerEngine::ItemLayer*)	0	static
/home/stvsl/Documents/DOTRUST/PortingTest/imxrt1170_freertos_qt/platform/platform/boards/nxp/mimxrt1170-evkb-freertos/platform_context.cpp:149:3:virtual Qul::PlatformInterface::DrawingDevice* Qul::Platform::NxpRt1170Platform::beginFrame(const Qul::PlatformInterface::LayerEngine::ItemLayer*, const Qul::PlatformInterface::Rect&, int)	0	static
/home/stvsl/Documents/DOTRUST/PortingTest/imxrt1170_freertos_qt/platform/platform/boards/nxp/mimxrt1170-evkb-freertos/platform_context.cpp:117:12:virtual uint64_t Qul::Platform::NxpRt1170Platform::currentTimestamp()	0	static
/home/stvsl/Documents/DOTRUST/PortingTest/imxrt1170_freertos_qt/platform/platform/boards/nxp/mimxrt1170-evkb-freertos/platform_context.cpp:71:8:virtual void Qul::Platform::NxpRt1170Platform::initializePlatform()	8	static
/home/stvsl/Documents/DOTRUST/PortingTest/imxrt1170_freertos_qt/platform/platform/boards/nxp/mimxrt1170-evkb-freertos/platform_context.cpp:59:8:virtual void Qul::Platform::NxpRt1170Platform::initializeHardware()	8	static
/home/stvsl/Documents/DOTRUST/PortingTest/imxrt1170_freertos_qt/platform/platform/boards/nxp/mimxrt1170-evkb-freertos/platform_context.cpp:107:10:virtual double Qul::Platform::NxpRt1170Platform::rand()	0	static
/home/stvsl/Documents/DOTRUST/PortingTest/imxrt1170_freertos_qt/platform/platform/boards/nxp/mimxrt1170-evkb-freertos/platform_context.cpp:109:8:virtual void Qul::Platform::NxpRt1170Platform::scheduleEngineUpdate(uint64_t)	16	static
/home/stvsl/Documents/DOTRUST/PortingTest/imxrt1170_freertos_qt/platform/platform/boards/nxp/mimxrt1170-evkb-freertos/platform_context.cpp:84:12:virtual uint64_t Qul::Platform::NxpRt1170Platform::update()	8	static
/home/stvsl/Documents/DOTRUST/PortingTest/imxrt1170_freertos_qt/platform/platform/boards/nxp/mimxrt1170-evkb-freertos/platform_context.cpp:95:8:virtual void Qul::Platform::NxpRt1170Platform::exec()	32	static
/home/stvsl/Documents/DOTRUST/PortingTest/imxrt1170_freertos_qt/platform/platform/boards/nxp/mimxrt1170-evkb-freertos/platform_context.cpp:187:18:Qul::Platform::PlatformContext* Qul::Platform::getPlatformInstance()	0	static
