/home/stvsl/Qt/QtMCUs/2.7.1/include/qul/private/layers/layers.h:280:30:childrenOffset	8	static
/home/stvsl/Qt/QtMCUs/2.7.1/include/qul/private/layers/layers.h:351:37:renderNode	0	static
/home/stvsl/Qt/QtMCUs/2.7.1/src/core/application.cpp:519:42:__tcf_0	16	static
/home/stvsl/Qt/QtMCUs/2.7.1/include/qul/private/propertybinding.h:498:17:callWithSelf	0	static
/home/stvsl/Qt/QtMCUs/2.7.1/src/core/application.cpp:1486:6:grabTouch	16	static
/home/stvsl/Qt/QtMCUs/2.7.1/include/qul/private/attachedtype.h:57:26:__tcf_0	8	static
/home/stvsl/Qt/QtMCUs/2.7.1/src/core/animation.cpp:166:7:easeOutInExpo_wrap	40	static
/home/stvsl/Qt/QtMCUs/2.7.1/include/qul/private/layers/layers.h:326:37:renderNode	56	static
/home/stvsl/Qt/QtMCUs/2.7.1/include/qul/private/rendertree.h:159:8:__dt_base 	16	static
/home/stvsl/Qt/QtMCUs/2.7.1/include/qul/private/rendertree.h:200:7:__dt_base 	16	static
/home/stvsl/Qt/QtMCUs/2.7.1/include/qul/private/rendertree.h:159:8:__dt_del 	16	static
/home/stvsl/Qt/QtMCUs/2.7.1/include/qul/private/rendertree.h:200:7:__dt_del 	16	static
/home/stvsl/Qt/QtMCUs/2.7.1/include/qul/private/layers/layers.h:219:8:__dt_base 	16	static
/home/stvsl/Qt/QtMCUs/2.7.1/src/core/application.cpp:610:29:__tcf_1	16	static
/home/stvsl/Qt/QtMCUs/2.7.1/src/core/application.cpp:612:38:__tcf_3	8	static
/home/stvsl/Qt/QtMCUs/2.7.1/include/qul/private/layers/layers.h:339:8:__dt_base 	16	static
/home/stvsl/Qt/QtMCUs/2.7.1/include/qul/private/layers/layers.h:339:8:__dt_del 	16	static
/home/stvsl/Qt/QtMCUs/2.7.1/include/qul/private/layers/layers.h:219:8:__dt_del 	16	static
/home/stvsl/Downloads/SDK_2_15_100_MIMXRT1170-EVK_ALL_TOOLCHAN/middleware/vglite/VGLite/rtos/vg_lite_os.c:275:9:vg_lite_os_lock	8	static
/home/stvsl/Downloads/SDK_2_15_100_MIMXRT1170-EVK_ALL_TOOLCHAN/middleware/vglite/VGLite/rtos/vg_lite_os.c:286:9:vg_lite_os_unlock	8	static
/home/stvsl/Downloads/SDK_2_15_100_MIMXRT1170-EVK_ALL_TOOLCHAN/middleware/vglite/VGLiteKernel/rtos/vg_lite_hal.c:238:17:vg_lite_hal_allocate_contiguous	40	static
/home/stvsl/Downloads/SDK_2_15_100_MIMXRT1170-EVK_ALL_TOOLCHAN/middleware/vglite/VGLiteKernel/vg_lite_kernel.c:714:24:do_allocate	16	static
/home/stvsl/Downloads/SDK_2_15_100_MIMXRT1170-EVK_ALL_TOOLCHAN/middleware/vglite/VGLiteKernel/rtos/vg_lite_hal.c:280:6:vg_lite_hal_free_contiguous	16	static
/home/stvsl/Downloads/SDK_2_15_100_MIMXRT1170-EVK_ALL_TOOLCHAN/middleware/vglite/VGLiteKernel/rtos/vg_lite_hal.c:280:6:vg_lite_hal_free_contiguous.part.0	16	static
/home/stvsl/Downloads/SDK_2_15_100_MIMXRT1170-EVK_ALL_TOOLCHAN/middleware/vglite/VGLiteKernel/rtos/vg_lite_hal.c:420:13:vg_lite_exit	32	static
/home/stvsl/Downloads/SDK_2_15_100_MIMXRT1170-EVK_ALL_TOOLCHAN/devices/MIMXRT1176/utilities/fsl_sbrk.c:25:9:_sbrk	8	static
/home/stvsl/Downloads/SDK_2_15_100_MIMXRT1170-EVK_ALL_TOOLCHAN/devices/MIMXRT1176/utilities/fsl_syscall_stub.c:54:27:_read	8	static
/home/stvsl/Downloads/SDK_2_15_100_MIMXRT1170-EVK_ALL_TOOLCHAN/devices/MIMXRT1176/utilities/fsl_syscall_stub.c:62:27:_close	8	static
/home/stvsl/Downloads/SDK_2_15_100_MIMXRT1170-EVK_ALL_TOOLCHAN/devices/MIMXRT1176/utilities/fsl_syscall_stub.c:69:27:_lseek	8	static
/home/stvsl/Downloads/SDK_2_15_100_MIMXRT1170-EVK_ALL_TOOLCHAN/devices/MIMXRT1176/utilities/fsl_syscall_stub.c:76:27:_fstat	8	static
/home/stvsl/Downloads/SDK_2_15_100_MIMXRT1170-EVK_ALL_TOOLCHAN/devices/MIMXRT1176/utilities/fsl_syscall_stub.c:83:27:_getpid	8	static
/home/stvsl/Downloads/SDK_2_15_100_MIMXRT1170-EVK_ALL_TOOLCHAN/devices/MIMXRT1176/utilities/fsl_syscall_stub.c:90:27:_isatty	8	static
/home/stvsl/Downloads/SDK_2_15_100_MIMXRT1170-EVK_ALL_TOOLCHAN/devices/MIMXRT1176/utilities/fsl_syscall_stub.c:97:27:_kill	8	static
/home/stvsl/Qt/QtMCUs/2.7.1/include/qul/private/global.h:414:13:_ZN3Qul7Private9testEqualEff.part.0	16	static
/home/stvsl/Qt/QtMCUs/2.7.1/src/core/animation.cpp:575:1:__dt_base 	16	static
/home/stvsl/Qt/QtMCUs/2.7.1/src/core/animation.cpp:583:6:start	32	static
/home/stvsl/Qt/QtMCUs/2.7.1/src/core/flickable.cpp:139:6:handleBeginEvent	72	static
/home/stvsl/Qt/QtMCUs/2.7.1/src/core/animation.cpp:612:6:stop	48	static
/home/stvsl/Qt/QtMCUs/2.7.1/include/qul/property.h:685:14:value	40	static
/home/stvsl/Qt/QtMCUs/2.7.1/include/qul/private/layers/layers.h:264:37:renderNode	56	static
/home/stvsl/Qt/QtMCUs/2.7.1/include/qul/private/global.h:425:13:_ZN3Qul7Private9testEqualEdd.part.0	32	static
/home/stvsl/Qt/QtMCUs/2.7.1/src/core/flickable.cpp:382:6:drag	96	static
/home/stvsl/Qt/QtMCUs/2.7.1/src/core/flickable.cpp:169:6:handleUpdateEvent	96	static
/home/stvsl/Qt/QtMCUs/2.7.1/include/qul/private/items/itembase.h:228:29:size	48	static
/home/stvsl/Qt/QtMCUs/2.7.1/src/core/application.cpp:407:6:update	48	static
/home/stvsl/Qt/QtMCUs/2.7.1/src/core/application.cpp:305:6:updateEngine	4	static
/home/stvsl/Qt/QtMCUs/2.7.1/src/core/perf.h:70:17:_ZN3Qul7Private4Perf6Logger3endEv.part.0	24	static
/home/stvsl/Qt/QtMCUs/2.7.1/src/core/application.cpp:1159:6:repaintDirtyRegionsForItemLayer	256	static
/home/stvsl/Qt/QtMCUs/2.7.1/src/core/application.cpp:472:6:requestEventProcessing	8	static
/home/stvsl/Qt/QtMCUs/2.7.1/src/core/application.cpp:948:6:recomputeDirtyRegions	128	static
/home/stvsl/Qt/QtMCUs/2.7.1/src/core/application.cpp:1175:6:repaintDirtyRegionsForLowRefreshIntervalItemLayer	40	static
/home/stvsl/Qt/QtMCUs/2.7.1/src/core/application.cpp:1198:6:updateLayersAndSprites	96	static
/home/stvsl/Qt/QtMCUs/2.7.1/src/core/application.cpp:1285:6:repaintDirtyRegionsForHighRefreshIntervalItemLayer	40	static
/home/stvsl/Qt/QtMCUs/2.7.1/include/qul/property.h:632:10:setValue	24	static
/home/stvsl/Qt/QtMCUs/2.7.1/src/core/component.cpp:40:6:emitCompleted	40	static
/home/stvsl/Qt/QtMCUs/2.7.1/src/core/flickable.cpp:478:6:fixup	72	static
/home/stvsl/Qt/QtMCUs/2.7.1/src/core/flickable.cpp:189:6:handleEndEvent	104	static
/home/stvsl/Qt/QtMCUs/2.7.1/src/core/flickable.cpp:268:6:childTouchEventFilter	48	static
/home/stvsl/Qt/QtMCUs/2.7.1/src/core/flickable.cpp:310:6:touchEvent	40	static
/home/stvsl/Qt/QtMCUs/2.7.1/include/qul/private/layers/layers.h:300:8:__dt_base 	16	static
/home/stvsl/Qt/QtMCUs/2.7.1/src/core/application.cpp:611:26:__tcf_2	16	static
/home/stvsl/Qt/QtMCUs/2.7.1/include/qul/private/layers/layers.h:300:8:__dt_del 	16	static
/home/stvsl/Qt/QtMCUs/2.7.1/src/core/application.cpp:874:13:allocateEachScreen	128	static
/home/stvsl/Qt/QtMCUs/2.7.1/src/core/application.cpp:896:6:setRootItem	88	static
