/home/stvsl/Qt/QtMCUs/2.7.1/include/qul/private/text/fontenginestatic.h:163:13:bitsPerPixel	0	static
/home/stvsl/Qt/QtMCUs/2.7.1/src/text/fontenginestatic.cpp:132:9:defaultMargins	0	static
/home/stvsl/Qt/QtMCUs/2.7.1/include/qul/private/text/fontenginestatic.h:161:13:placeholderGlyphIndex	0	static
/home/stvsl/Qt/QtMCUs/2.7.1/src/text/fontenginestatic.cpp:51:10:alphaMapForGlyph	48	static
/home/stvsl/Qt/QtMCUs/2.7.1/src/text/fontenginestatic.cpp:98:17:boundingBox	88	static
/home/stvsl/Qt/QtMCUs/2.7.1/src/text/fontenginestatic.cpp:118:13:advanceForGlyph	48	static
/home/stvsl/Qt/QtMCUs/2.7.1/src/text/fontenginestatic.cpp:139:9:fontIndex	0	static
/home/stvsl/Qt/QtMCUs/2.7.1/src/text/fontenginestatic.cpp:127:13:fontMetrics	16	static
/home/stvsl/Qt/QtMCUs/2.7.1/src/text/textengine.cpp:124:7:nativeBuffer	0	static
/home/stvsl/Qt/QtMCUs/2.7.1/src/text/textengine.cpp:109:6:setAttributes	24	static
/home/stvsl/Qt/QtMCUs/2.7.1/src/text/textengine.cpp:116:23:attributes	16	static
/home/stvsl/Qt/QtMCUs/2.7.1/src/text/textengine.cpp:130:6:reset	0	static
/home/stvsl/Qt/QtMCUs/2.7.1/src/text/textengine.cpp:135:5:size	0	static
/home/stvsl/Qt/QtMCUs/2.7.1/src/text/glyph.cpp:638:21:inlineImage	0	static
/home/stvsl/Qt/QtMCUs/2.7.1/src/text/textengine.cpp:236:13:emptyLineFontMetrics	16	static
/home/stvsl/Qt/QtMCUs/2.7.1/src/text/glyph.cpp:36:17:boundingBox	8	static
/home/stvsl/Qt/QtMCUs/2.7.1/src/text/glyph.cpp:41:13:fontMetrics	16	static
/home/stvsl/Qt/QtMCUs/2.7.1/src/text/glyph.cpp:46:13:advanceForGlyph	40	static
/home/stvsl/Qt/QtMCUs/2.7.1/src/text/glyph.cpp:56:9:fontIndex	0	static
/home/stvsl/Qt/QtMCUs/2.7.1/src/text/glyph.cpp:473:13:advanceWidth	48	static
/home/stvsl/Qt/QtMCUs/2.7.1/src/text/glyph.cpp:591:13:fontMetrics	40	static
/home/stvsl/Qt/QtMCUs/2.7.1/src/graphics/textcache.cpp:177:6:blendToAlphaMap	168	static
/home/stvsl/.mcuxpressotools/arm-gnu-toolchain-12.3.rel1-x86_64-arm-none-eabi/arm-none-eabi/include/c++/12.3.1/bits/vector.tcc:111:7:emplace_back	40	static
/home/stvsl/Qt/QtMCUs/2.7.1/src/text/fontenginestatic.cpp:29:13:kerning	16	static
/home/stvsl/Qt/QtMCUs/2.7.1/src/text/fontenginestatic.cpp:74:9:glyphIndex	12	static
/home/stvsl/Qt/QtMCUs/2.7.1/src/text/glyph.cpp:51:13:kerning	16	static
/home/stvsl/Qt/QtMCUs/2.7.1/include/qul/private/text/glyph.h:176:29:boundingBox	8	static
/home/stvsl/Qt/QtMCUs/2.7.1/include/qul/private/text/glyph.h:181:25:fontMetrics	8	static
/home/stvsl/Qt/QtMCUs/2.7.1/include/qul/private/text/glyph.h:186:25:advanceForGlyph	8	static
/home/stvsl/Qt/QtMCUs/2.7.1/include/qul/private/text/glyph.h:191:25:kerning	8	static
/home/stvsl/Qt/QtMCUs/2.7.1/include/qul/private/text/glyph.h:196:21:fontIndex	8	static
/home/stvsl/Qt/QtMCUs/2.7.1/src/text/textwraphandler.cpp:52:6:reset	232	static
/home/stvsl/Qt/QtMCUs/2.7.1/src/text/paragraphiterator.cpp:85:26:next	40	static
/home/stvsl/Qt/QtMCUs/2.7.1/src/text/textengine.cpp:85:6:_ZN3Qul7Private19CharAttributeBuffer13prepareBufferEPNS0_13ParagraphInfoE.part.0	88	static
/home/stvsl/Qt/QtMCUs/2.7.1/src/text/textengine.cpp:85:6:prepareBuffer	8	static
/home/stvsl/Qt/QtMCUs/2.7.1/src/graphics/rendertree.cpp:1239:18:item	0	static
/home/stvsl/Qt/QtMCUs/2.7.1/src/graphics/rendertree.cpp:1300:6:isOpaque	40	static
/home/stvsl/Qt/QtMCUs/2.7.1/src/graphics/rendertree.cpp:52:30:_ZN3Qul7Private35prepareTransformWithDisplayRotationEPKNS0_5Items13TransformBaseE.part.0	112	static
/home/stvsl/Qt/QtMCUs/2.7.1/src/graphics/rendertree.cpp:1126:23:renderPaintedItemNode	200	static
/home/stvsl/Qt/QtMCUs/2.7.1/src/graphics/textcache.cpp:318:6:free	24	static
/home/stvsl/Qt/QtMCUs/2.7.1/src/graphics/rendertree.cpp:1018:23:renderTextNode	392	static
/home/stvsl/.mcuxpressotools/arm-gnu-toolchain-12.3.rel1-x86_64-arm-none-eabi/arm-none-eabi/include/c++/12.3.1/bits/vector.tcc:111:7:emplace_back	40	static
/home/stvsl/Qt/QtMCUs/2.7.1/src/graphics/textcache.cpp:57:6:appendToPath	88	static
/home/stvsl/Qt/QtMCUs/2.7.1/src/text/textlayout.cpp:265:6:_ZN3Qul7Private24StaticTextLayoutIterator22handleParagraphChangesEv.part.0	1128	static
/home/stvsl/Qt/QtMCUs/2.7.1/src/text/textengine.cpp:210:6:updateLineWidth	32	static
/home/stvsl/Qt/QtMCUs/2.7.1/src/text/glyph.cpp:325:6:hasNext	1528	static
/home/stvsl/Qt/QtMCUs/2.7.1/src/text/glyph.cpp:262:15:lookupIteratorNoShaping	72	static
/home/stvsl/Qt/QtMCUs/2.7.1/src/text/textshaper.cpp:142:6:releaselIterator	8	static
/home/stvsl/Qt/QtMCUs/2.7.1/src/text/glyph.cpp:414:11:next	760	static
/home/stvsl/Qt/QtMCUs/2.7.1/src/text/glyph.cpp:396:11:peekNext	192	static
/home/stvsl/Qt/QtMCUs/2.7.1/src/text/textline.cpp:46:11:next	16	static
/home/stvsl/Qt/QtMCUs/2.7.1/src/text/glyph.cpp:558:17:boundingBox	24	static
/home/stvsl/Qt/QtMCUs/2.7.1/src/text/glyph.cpp:681:6:processGlyph	24	static
/home/stvsl/Qt/QtMCUs/2.7.1/src/text/textwraphandler.cpp:97:6:_ZN3Qul7Private15TextWrapHandler8wrapTextEPNS0_13ParagraphInfoEb.part.0	416	static
/home/stvsl/Qt/QtMCUs/2.7.1/src/text/textlayout.cpp:55:6:paragraphChangedCallback	16	static
/home/stvsl/Qt/QtMCUs/2.7.1/src/text/textengine.cpp:384:13:paragraphChangedCallback	16	static
/home/stvsl/Qt/QtMCUs/2.7.1/src/text/textelidehandler.cpp:35:6:paragraphChanged	16	static
/home/stvsl/Qt/QtMCUs/2.7.1/src/text/textelidehandler.cpp:423:11:next	128	static
/home/stvsl/Qt/QtMCUs/2.7.1/src/text/textline.cpp:87:13:calculateLineWidth	328	static
/home/stvsl/Qt/QtMCUs/2.7.1/src/text/textelidehandler.cpp:347:6:elideLine	776	static
/home/stvsl/Qt/QtMCUs/2.7.1/src/text/textengine.cpp:404:19:metrics_helper	3128	static
/home/stvsl/Qt/QtMCUs/2.7.1/src/text/textengine.cpp:452:19:metrics	1304	static
/home/stvsl/Qt/QtMCUs/2.7.1/src/text/texthtmlparser.cpp:44:13:image	344	static
/home/stvsl/Qt/QtMCUs/2.7.1/src/text/textlayout.cpp:198:21:inlineImage	96	static
/home/stvsl/Qt/QtMCUs/2.7.1/src/text/glyph.cpp:61:21:inlineImage	32	static
