/home/stvsl/Qt/QtMCUs/2.7.0/src/qulrcc/imageasset.cpp:63:14:findDataInRam	8	static
/home/stvsl/Qt/QtMCUs/2.7.0/src/qulrcc/qulrcc_lookup.cpp:38:12:binarySearch	4	static
/home/stvsl/Qt/QtMCUs/2.7.0/src/extras/itembuffer.cpp:136:1:__static_initialization_and_destruction_0	0	static
/home/stvsl/Qt/QtMCUs/2.7.0/include/qul/private/global.h:254:75:qFuzzyCompare	8	static
/home/stvsl/Qt/QtMCUs/2.7.0/src/graphics/vg_softwarerasterizer/outlinemapper.h:237:13:closeSubpath	16	static
/home/stvsl/.mcuxpressotools/arm-gnu-toolchain-12.3.rel1-x86_64-arm-none-eabi/arm-none-eabi/include/c++/12.3.1/bits/stl_vector.h:1228:7:back	0	static
/home/stvsl/.mcuxpressotools/arm-gnu-toolchain-12.3.rel1-x86_64-arm-none-eabi/arm-none-eabi/include/c++/12.3.1/bits/alloc_traits.h:832:5:_Destroy	0	static
/home/stvsl/.mcuxpressotools/arm-gnu-toolchain-12.3.rel1-x86_64-arm-none-eabi/arm-none-eabi/include/c++/12.3.1/bits/stl_vector.h:1928:7:_M_erase_at_end	0	static
/home/stvsl/Qt/QtMCUs/2.7.0/src/graphics/vg_softwarerasterizer/outlinemapper.h:184:13:endOutline	16	static
/home/stvsl/.mcuxpressotools/arm-gnu-toolchain-12.3.rel1-x86_64-arm-none-eabi/arm-none-eabi/include/c++/12.3.1/bits/stl_uninitialized.h:344:5:__uninitialized_copy_a	0	static
/home/stvsl/.mcuxpressotools/arm-gnu-toolchain-12.3.rel1-x86_64-arm-none-eabi/arm-none-eabi/include/c++/12.3.1/bits/stl_uninitialized.h:391:5:__uninitialized_move_if_noexcept_a	8	static
/home/stvsl/Qt/QtMCUs/2.7.0/src/graphics/blendhelper.h:111:13:blend_argb32_withAlpha	12	static
/home/stvsl/Qt/QtMCUs/2.7.0/src/graphics/blendhelper.h:122:13:blend_rgb888_withAlpha	20	static
/home/stvsl/Qt/QtMCUs/2.7.0/src/graphics/blendhelper.h:142:13:blend_rgb565_withAlpha	8	static
/home/stvsl/Qt/QtMCUs/2.7.0/src/graphics/blendhelper.h:153:13:blend_rgb8_withAlpha	12	static
/home/stvsl/Qt/QtMCUs/2.7.0/src/graphics/blendhelper.h:165:13:blend_argb4444_withAlpha	16	static
/home/stvsl/Qt/QtMCUs/2.7.0/src/graphics/vg_softwarerasterizer/freetyperasterizer.cpp:79:20:qt_gradient_clamp	0	static
/home/stvsl/Qt/QtMCUs/2.7.0/src/graphics/vg_softwarerasterizer/freetyperasterizer.cpp:101:20:qt_gradient_pixel_fixed	8	static
/home/stvsl/Qt/QtMCUs/2.7.0/src/graphics/vg_softwarerasterizer/freetyperasterizer.cpp:107:20:qt_gradient_pixel	8	static
/home/stvsl/Qt/QtMCUs/2.7.0/src/graphics/vg_softwarerasterizer/freetyperasterizer.cpp:133:13:linear_gradient_fill	56	static
/home/stvsl/Qt/QtMCUs/2.7.0/src/graphics/vg_softwarerasterizer/freetyperasterizer.cpp:204:13:blend_argb32_callback	16	static
/home/stvsl/Qt/QtMCUs/2.7.0/src/graphics/vg_softwarerasterizer/freetyperasterizer.cpp:216:13:blend_rgb888_callback	16	static
/home/stvsl/Qt/QtMCUs/2.7.0/src/graphics/vg_softwarerasterizer/freetyperasterizer.cpp:224:13:blend_rgb565_callback	16	static
/home/stvsl/Qt/QtMCUs/2.7.0/src/graphics/vg_softwarerasterizer/freetyperasterizer.cpp:237:13:blend_argb4444_callback	16	static
/home/stvsl/Qt/QtMCUs/2.7.0/src/graphics/vg_softwarerasterizer/freetyperasterizer.cpp:250:13:blend_rgb332_callback	16	static
/home/stvsl/Qt/QtMCUs/2.7.0/src/graphics/blendhelper.h:89:54:fromRgba32	0	static
/home/stvsl/Qt/QtMCUs/2.7.0/src/3rdparty/freetype/ftgrays.c:1111:13:gray_split_conic	0	static
/home/stvsl/Qt/QtMCUs/2.7.0/src/3rdparty/freetype/ftgrays.c:1193:13:gray_split_cubic	4	static
/home/stvsl/Qt/QtMCUs/2.7.0/src/3rdparty/freetype/ftgrays.c:1343:13:gray_sweep_direct	128	static
/home/stvsl/Qt/QtMCUs/2.7.0/src/3rdparty/freetype/ftgrays.c:1452:12:FT_Outline_Decompose	112	static
/home/stvsl/Qt/QtMCUs/2.7.0/src/3rdparty/freetype/ftgrays.c:1916:13:gray_raster_done	0	static
/home/stvsl/Qt/QtMCUs/2.7.0/src/3rdparty/freetype/ftgrays.c:1946:13:gray_raster_reset	0	static
/home/stvsl/Qt/QtMCUs/2.7.0/src/3rdparty/freetype/ftgrays.c:1953:12:gray_raster_set_mode	0	static
/home/stvsl/Qt/QtMCUs/2.7.0/src/core/input.cpp:359:13:isTouchAccepted	0	static
/home/stvsl/Qt/QtMCUs/2.7.0/src/graphics/filecache.cpp:35:1:__ct_base 	0	static
/home/stvsl/Qt/QtMCUs/2.7.0/src/graphics/filecache.cpp:164:6:push_back	0	static
/home/stvsl/Qt/QtMCUs/2.7.0/src/graphics/rgb.h:51:31:qAlpha	0	static
/home/stvsl/Qt/QtMCUs/2.7.0/src/graphics/blendfunctions.cpp:99:6:blend_argb32_on_rgb16_const_alpha	48	static
/home/stvsl/Qt/QtMCUs/2.7.0/src/graphics/blendfunctions.cpp:174:6:blend_rgb8_on_rgb16_const_alpha	36	static
/home/stvsl/Qt/QtMCUs/2.7.0/src/graphics/blendfunctions.cpp:224:6:blend_rle_rgb888_on_rgb16_rle	8	static
/home/stvsl/Qt/QtMCUs/2.7.0/src/graphics/blendfunctions.cpp:235:6:blend_rle_rgb888_on_rgb16_raw	16	static
/home/stvsl/Qt/QtMCUs/2.7.0/src/graphics/blendfunctions.cpp:247:13:blend_rle_argb32_on_rgb16_rle	24	static
/home/stvsl/Qt/QtMCUs/2.7.0/src/graphics/blendfunctions.cpp:247:13:blend_rle_argb32_on_rgb16_rle	24	static
/home/stvsl/Qt/QtMCUs/2.7.0/src/graphics/blendfunctions.cpp:596:13:blend_rle_rgb888_on_argb16_rle	12	static
/home/stvsl/Qt/QtMCUs/2.7.0/src/graphics/blendfunctions.cpp:607:13:blend_rle_rgb888_on_argb16_raw	12	static
/home/stvsl/Qt/QtMCUs/2.7.0/src/graphics/blendfunctions.cpp:552:13:blend_rle_argb32_on_argb16_rle	24	static
/home/stvsl/Qt/QtMCUs/2.7.0/src/graphics/blendfunctions.cpp:552:13:blend_rle_argb32_on_argb16_rle	24	static
/home/stvsl/Qt/QtMCUs/2.7.0/src/graphics/blendfunctions.cpp:846:13:blend_rle_rgb888_on_rgb32_rle	12	static
/home/stvsl/Qt/QtMCUs/2.7.0/src/graphics/blendfunctions.cpp:855:13:blend_rle_rgb888_on_rgb32_raw	16	static
/home/stvsl/Qt/QtMCUs/2.7.0/src/graphics/blendfunctions.cpp:867:13:blend_rle_argb32_on_argb32_rle	16	static
/home/stvsl/Qt/QtMCUs/2.7.0/src/graphics/blendfunctions.cpp:867:13:blend_rle_argb32_on_argb32_rle	12	static
/home/stvsl/Qt/QtMCUs/2.7.0/src/graphics/blendhelper.cpp:30:20:blend_rgb565	8	static
/home/stvsl/Qt/QtMCUs/2.7.0/src/graphics/blendhelper.cpp:41:20:blend_argb4444	16	static
/home/stvsl/Qt/QtMCUs/2.7.0/src/graphics/blendhelper.cpp:64:20:blend_argb32	12	static
/home/stvsl/Qt/QtMCUs/2.7.0/include/platforminterface/allocator.h:159:13:qul_delete	8	static
/home/stvsl/Qt/QtMCUs/2.7.0/include/platforminterface/allocator.h:159:13:qul_delete	8	static
/home/stvsl/.mcuxpressotools/arm-gnu-toolchain-12.3.rel1-x86_64-arm-none-eabi/arm-none-eabi/include/c++/12.3.1/bits/stl_vector.h:728:7:__dt_base 	8	static
/home/stvsl/Qt/QtMCUs/2.7.0/src/graphics/vg_softwarerasterizer/outlinemapper.h:168:13:initOutline	16	static
/home/stvsl/Qt/QtMCUs/2.7.0/src/graphics/vg_softwarerasterizer/outlinemapper.h:201:13:freeOutline	8	static
/home/stvsl/Qt/QtMCUs/2.7.0/src/graphics/vg_softwarerasterizer/outlinemapper.h:53:5:__dt_base 	16	static
/home/stvsl/Qt/QtMCUs/2.7.0/include/platforminterface/allocator.h:159:13:qul_delete	8	static
/home/stvsl/Qt/QtMCUs/2.7.0/src/graphics/vg_softwarerasterizer/outlinemapper.h:55:10:free	8	static
/home/stvsl/Qt/QtMCUs/2.7.0/src/graphics/vg_softwarerasterizer/freetyperasterizer.cpp:365:6:rasterizePath	80	static
/home/stvsl/Qt/QtMCUs/2.7.0/src/3rdparty/freetype/ftgrays.c:1303:13:gray_sweep	32	static
/home/stvsl/Qt/QtMCUs/2.7.0/src/3rdparty/freetype/ftgrays.c:1904:12:gray_raster_new	8	static
/home/stvsl/.mcuxpressotools/arm-gnu-toolchain-12.3.rel1-x86_64-arm-none-eabi/arm-none-eabi/include/c++/12.3.1/bits/stl_vector.h:1150:7:_M_range_check	8	static
/home/stvsl/.mcuxpressotools/arm-gnu-toolchain-12.3.rel1-x86_64-arm-none-eabi/arm-none-eabi/include/c++/12.3.1/bits/stl_vector.h:1891:7:_M_check_len	24	static
/home/stvsl/Qt/QtMCUs/2.7.0/src/graphics/vg_softwarerasterizer/freetyperasterizer.cpp:113:6:setupMatrix	144	static
/home/stvsl/Qt/QtMCUs/2.7.0/src/graphics/vg_softwarerasterizer/freetyperasterizer.cpp:387:6:getLinearGradientValues	152	static
/home/stvsl/Qt/QtMCUs/2.7.0/src/3rdparty/freetype/ftgrays.c:520:13:gray_set_cell	8	static
/home/stvsl/Qt/QtMCUs/2.7.0/src/3rdparty/freetype/ftgrays.c:577:13:gray_render_scanline	56	static
/home/stvsl/Qt/QtMCUs/2.7.0/src/3rdparty/freetype/ftgrays.c:658:13:gray_render_line	72	static
/home/stvsl/Qt/QtMCUs/2.7.0/src/3rdparty/freetype/ftgrays.c:1130:13:gray_render_conic	288	static
/home/stvsl/Qt/QtMCUs/2.7.0/src/3rdparty/freetype/ftgrays.c:1291:12:gray_conic_to	8	static
/home/stvsl/Qt/QtMCUs/2.7.0/src/3rdparty/freetype/ftgrays.c:1222:13:gray_render_cubic	408	static
/home/stvsl/Qt/QtMCUs/2.7.0/src/3rdparty/freetype/ftgrays.c:1297:12:gray_cubic_to	8	static
/home/stvsl/Qt/QtMCUs/2.7.0/src/3rdparty/freetype/ftgrays.c:1285:12:gray_line_to	8	static
/home/stvsl/Qt/QtMCUs/2.7.0/src/3rdparty/freetype/ftgrays.c:1270:12:gray_move_to	16	static
/home/stvsl/Qt/QtMCUs/2.7.0/src/3rdparty/freetype/ftgrays.c:1700:12:gray_convert_glyph_inner	24	static
/home/stvsl/Qt/QtMCUs/2.7.0/src/3rdparty/freetype/ftgrays.c:1725:12:gray_convert_glyph	3232	static
/home/stvsl/Qt/QtMCUs/2.7.0/src/3rdparty/freetype/ftgrays.c:1822:12:gray_raster_render	256	static
/home/stvsl/Qt/QtMCUs/2.7.0/src/core/input.cpp:53:35:itemToGlobalTransform	104	static
/home/stvsl/Qt/QtMCUs/2.7.0/src/core/input.cpp:86:6:isItemTouchable	16	static
/home/stvsl/Qt/QtMCUs/2.7.0/src/core/input.cpp:95:6:hasTouchableChildren	8	static
/home/stvsl/Qt/QtMCUs/2.7.0/src/core/input.cpp:101:6:isAnyEventPointInRect	40	static
/home/stvsl/Qt/QtMCUs/2.7.0/src/core/input.cpp:374:23:findScreenOnTouch	24	static
/home/stvsl/Qt/QtMCUs/2.7.0/src/graphics/filecache.cpp:57:12:instance	8	static
/home/stvsl/Qt/QtMCUs/2.7.0/src/extras/statictext.cpp:52:35:explicitlySetHAlignment	16	static
/home/stvsl/Qt/QtMCUs/2.7.0/src/extras/statictext.cpp:87:5:textWidth	8	static
/home/stvsl/Qt/QtMCUs/2.7.0/src/extras/itembuffer.cpp:136:1:_GLOBAL__sub_I__ZN3Qul7Private5Items10ItemBuffer16dirtyItemBuffersE	8	static
/home/stvsl/Qt/QtMCUs/2.7.0/src/layers/layers.cpp:42:9:screenForItem	8	static
/home/stvsl/Qt/QtMCUs/2.7.0/src/layers/layers.cpp:54:6:operator()	0	static
/home/stvsl/Qt/QtMCUs/2.7.0/include/platforminterface/transform.h:299:38:map	88	static
/home/stvsl/Qt/QtMCUs/2.7.0/src/graphics/vg_softwarerasterizer/outlinemapper.h:220:18:transform	48	static
/home/stvsl/Qt/QtMCUs/2.7.0/src/graphics/vg_softwarerasterizer/outlinemapper.h:249:13:moveToOutline	88	static
/home/stvsl/Qt/QtMCUs/2.7.0/src/graphics/vg_softwarerasterizer/outlinemapper.h:258:13:lineToOutline	88	static
/home/stvsl/Qt/QtMCUs/2.7.0/src/graphics/vg_softwarerasterizer/outlinemapper.h:265:13:quadToOutline	160	static
/home/stvsl/Qt/QtMCUs/2.7.0/src/graphics/vg_softwarerasterizer/outlinemapper.h:276:13:cubicToOutline	224	static
/home/stvsl/Qt/QtMCUs/2.7.0/src/graphics/vg_softwarerasterizer/outlinemapper.h:293:13:arcToOutline	64	static
/home/stvsl/Qt/QtMCUs/2.7.0/src/core/input.cpp:70:32:mapEventPointToItemPos	152	static
/home/stvsl/Qt/QtMCUs/2.7.0/src/core/input.cpp:81:31:itemGlobalPos	72	static
/home/stvsl/Qt/QtMCUs/2.7.0/src/graphics/vg_softwarerasterizer/outlinemapper.cpp:28:1:__ct_base 	8	static
/home/stvsl/Qt/QtMCUs/2.7.0/src/graphics/vg_softwarerasterizer/outlinemapper.cpp:286:6:asRectangle	80	static
/home/stvsl/Qt/QtMCUs/2.7.0/include/platforminterface/rgba32.h:58:19:premultiplied	0	static
/home/stvsl/Qt/QtMCUs/2.7.0/src/core/putchar.cpp:26:6:qul_putchar	8	static
/home/stvsl/Qt/QtMCUs/2.7.0/src/core/dirtylist.cpp:88:6:prepend	0	static
/home/stvsl/Qt/QtMCUs/2.7.0/src/core/dirtylist.cpp:94:6:remove	0	static
/home/stvsl/Qt/QtMCUs/2.7.0/src/core/errorcode.cpp:67:13:errorCodeToString	0	static
/home/stvsl/Qt/QtMCUs/2.7.0/src/core/input.cpp:354:8:itemPosition	24	static
/home/stvsl/Qt/QtMCUs/2.7.0/src/core/input.cpp:254:13:itemContainsAnyEventPoint	32	static
/home/stvsl/Qt/QtMCUs/2.7.0/src/core/input.cpp:280:6:deliverEvent	24	static
/home/stvsl/Qt/QtMCUs/2.7.0/src/core/input.cpp:173:6:deliverEvent	16	static
/home/stvsl/Qt/QtMCUs/2.7.0/src/core/input.cpp:193:6:stealMouseGrab	64	static
/home/stvsl/Qt/QtMCUs/2.7.0/src/core/input.cpp:212:6:sendFilteredTouchEvent	24	static
/home/stvsl/Qt/QtMCUs/2.7.0/src/core/input.cpp:248:6:sendFilteredTouchEvent	8	static
/home/stvsl/Qt/QtMCUs/2.7.0/src/graphics/blendfunctions.cpp:62:6:blend_rgb16_on_rgb16	40	static
/home/stvsl/Qt/QtMCUs/2.7.0/src/graphics/blendfunctions.cpp:117:6:blend_argb32_on_rgb16	64	static
/home/stvsl/Qt/QtMCUs/2.7.0/src/graphics/blendfunctions.cpp:143:6:blend_rgb32_on_rgb16	40	static
/home/stvsl/Qt/QtMCUs/2.7.0/src/graphics/blendfunctions.cpp:193:6:blend_rgb8_on_rgb16	40	static
/home/stvsl/Qt/QtMCUs/2.7.0/src/graphics/blendfunctions.cpp:302:6:blend_rle_rgb888_on_rgb16	48	static
/home/stvsl/Qt/QtMCUs/2.7.0/src/graphics/blendfunctions.cpp:331:6:blend_rle_argb32_on_rgb16	48	static
/home/stvsl/Qt/QtMCUs/2.7.0/src/graphics/blendfunctions.cpp:395:6:blend_rgb16_on_argb16	48	static
/home/stvsl/Qt/QtMCUs/2.7.0/src/graphics/blendfunctions.cpp:432:6:blend_argb16_on_argb16	36	static
/home/stvsl/Qt/QtMCUs/2.7.0/src/graphics/blendfunctions.cpp:469:6:blend_argb32_on_argb16	36	static
/home/stvsl/Qt/QtMCUs/2.7.0/src/graphics/blendfunctions.cpp:364:6:blend_rgb32_on_argb16	40	static
/home/stvsl/Qt/QtMCUs/2.7.0/src/graphics/blendfunctions.cpp:513:6:blend_rgb8_on_argb16	48	static
/home/stvsl/Qt/QtMCUs/2.7.0/src/graphics/blendfunctions.cpp:619:6:blend_rle_rgb888_on_argb16	48	static
/home/stvsl/Qt/QtMCUs/2.7.0/src/graphics/blendfunctions.cpp:648:6:blend_rle_argb32_on_argb16	48	static
/home/stvsl/Qt/QtMCUs/2.7.0/src/graphics/blendfunctions.cpp:681:6:blend_argb32_on_argb32	36	static
/home/stvsl/Qt/QtMCUs/2.7.0/src/graphics/blendfunctions.cpp:712:6:blend_argb16_on_argb32	36	static
/home/stvsl/Qt/QtMCUs/2.7.0/src/graphics/blendfunctions.cpp:744:6:blend_argb16_on_rgb16	32	static
/home/stvsl/Qt/QtMCUs/2.7.0/src/graphics/blendfunctions.cpp:778:6:blend_rgb32_on_rgb32	40	static
/home/stvsl/Qt/QtMCUs/2.7.0/src/graphics/blendfunctions.cpp:805:6:blend_rgb16_on_argb32	36	static
/home/stvsl/Qt/QtMCUs/2.7.0/src/graphics/blendfunctions.cpp:826:6:blend_rgb8_on_argb32	36	static
/home/stvsl/Qt/QtMCUs/2.7.0/src/graphics/blendfunctions.cpp:907:6:blend_rle_rgb888_on_rgb32	48	static
/home/stvsl/Qt/QtMCUs/2.7.0/src/graphics/blendfunctions.cpp:936:6:blend_rle_argb32_on_argb32	48	static
/home/stvsl/Qt/QtMCUs/2.7.0/src/graphics/blendhelper.cpp:294:6:rectFill_argb32	40	static
/home/stvsl/Qt/QtMCUs/2.7.0/src/graphics/blendhelper.cpp:302:6:rectFill_rgb565	48	static
/home/stvsl/Qt/QtMCUs/2.7.0/src/graphics/blendhelper.cpp:312:6:rectFill_argb4444_premultiplied	48	static
/home/stvsl/Qt/QtMCUs/2.7.0/src/graphics/blendhelper.cpp:337:6:rectBlend_rgb32	32	static
/home/stvsl/Qt/QtMCUs/2.7.0/src/graphics/blendhelper.cpp:352:6:rectBlend_rgb565	32	static
/home/stvsl/Qt/QtMCUs/2.7.0/src/graphics/blendhelper.cpp:366:6:rectBlend_argb4444_premultiplied	48	static
/home/stvsl/Qt/QtMCUs/2.7.0/src/graphics/blendhelper.cpp:722:6:blendRoundedRect_rgb565	16	static
/home/stvsl/Qt/QtMCUs/2.7.0/src/graphics/blendhelper.cpp:731:6:blendRoundedRect_rgb888	16	static
/home/stvsl/Qt/QtMCUs/2.7.0/src/graphics/blendhelper.cpp:740:6:blendRoundedRect_argb32	16	static
/home/stvsl/Qt/QtMCUs/2.7.0/src/graphics/blendhelper.cpp:749:6:blendRoundedRect_argb4444_premultiplied	16	static
/home/stvsl/Qt/QtMCUs/2.7.0/src/graphics/blendhelper.cpp:182:6:alphamapblend_rgb32	48	static
/home/stvsl/Qt/QtMCUs/2.7.0/src/graphics/blendhelper.cpp:99:6:alphamapblend_rgb565	40	static
/home/stvsl/Qt/QtMCUs/2.7.0/src/graphics/blendhelper.cpp:140:6:alphamapblend_argb4444_premultiplied	48	static
/home/stvsl/Qt/QtMCUs/2.7.0/include/platforminterface/allocator.h:67:8:allocate	24	static
/home/stvsl/.mcuxpressotools/arm-gnu-toolchain-12.3.rel1-x86_64-arm-none-eabi/arm-none-eabi/include/c++/12.3.1/bits/vector.tcc:439:7:_M_realloc_insert	40	static
/home/stvsl/.mcuxpressotools/arm-gnu-toolchain-12.3.rel1-x86_64-arm-none-eabi/arm-none-eabi/include/c++/12.3.1/bits/stl_vector.h:1276:7:push_back	8	static
/home/stvsl/.mcuxpressotools/arm-gnu-toolchain-12.3.rel1-x86_64-arm-none-eabi/arm-none-eabi/include/c++/12.3.1/bits/vector.tcc:439:7:_M_realloc_insert	40	static
/home/stvsl/.mcuxpressotools/arm-gnu-toolchain-12.3.rel1-x86_64-arm-none-eabi/arm-none-eabi/include/c++/12.3.1/bits/vector.tcc:111:7:emplace_back	8	static
/home/stvsl/Qt/QtMCUs/2.7.0/src/graphics/vg_softwarerasterizer/outlinemapper.cpp:44:6:addBezierSegment	48	static
/home/stvsl/Qt/QtMCUs/2.7.0/src/graphics/vg_softwarerasterizer/freetyperasterizer.cpp:259:33:pixelBlendCallback	16	static
/home/stvsl/Qt/QtMCUs/2.7.0/src/graphics/vg_softwarerasterizer/freetyperasterizer.cpp:279:6:blendSpans	64	static
/home/stvsl/Qt/QtMCUs/2.7.0/include/qul/private/flagpointer.h:295:17:operator=	24	static
/home/stvsl/Qt/QtMCUs/2.7.0/src/core/dirtylist.cpp:26:6:dirty	16	static
/home/stvsl/Qt/QtMCUs/2.7.0/src/core/dirtylist.cpp:43:6:remove	32	static
/home/stvsl/Qt/QtMCUs/2.7.0/src/core/fileloading.cpp:33:13:validateAssetHeader	16	static
/home/stvsl/Qt/QtMCUs/2.7.0/src/core/fileloading.cpp:64:13:validateTextureHeader	16	static
/home/stvsl/Qt/QtMCUs/2.7.0/src/core/fileloading.cpp:123:29:rasterBufferFromQulRccFile	104	static
/home/stvsl/Qt/QtMCUs/2.7.0/src/core/fileloading.cpp:210:18:getTextureResourceHeader	56	static
/home/stvsl/Qt/QtMCUs/2.7.0/include/qul/private/items/itemiterator.h:49:15:operator*	16	static
/home/stvsl/Qt/QtMCUs/2.7.0/src/core/input.cpp:307:6:propagateEvent	80	static
/home/stvsl/Qt/QtMCUs/2.7.0/src/core/input.cpp:185:6:propagateEvent	32	static
/home/stvsl/Qt/QtMCUs/2.7.0/src/core/input.cpp:364:13:isTouchAccepted	16	static
/home/stvsl/Qt/QtMCUs/2.7.0/src/core/input.cpp:391:25:findLayerOnTouchEvent	32	static
/home/stvsl/Qt/QtMCUs/2.7.0/src/core/input.cpp:415:6:handleInputEvent	24	static
/home/stvsl/Qt/QtMCUs/2.7.0/src/graphics/blendfunctions.h:47:12:bppForRleFormat	16	static
/home/stvsl/Qt/QtMCUs/2.7.0/src/graphics/blendfunctions.cpp:272:13:blend_rle_on_rgb16_raw	40	static
/home/stvsl/Qt/QtMCUs/2.7.0/src/graphics/blendfunctions.cpp:272:13:blend_rle_on_rgb16_raw	32	static
/home/stvsl/Qt/QtMCUs/2.7.0/src/graphics/blendfunctions.cpp:272:13:blend_rle_on_rgb16_raw	40	static
/home/stvsl/Qt/QtMCUs/2.7.0/src/graphics/blendfunctions.cpp:571:13:blend_rle_on_argb16_raw	40	static
/home/stvsl/Qt/QtMCUs/2.7.0/src/graphics/blendfunctions.cpp:571:13:blend_rle_on_argb16_raw	32	static
/home/stvsl/Qt/QtMCUs/2.7.0/src/graphics/blendfunctions.cpp:571:13:blend_rle_on_argb16_raw	40	static
/home/stvsl/Qt/QtMCUs/2.7.0/src/graphics/blendfunctions.cpp:887:13:blend_rle_on_argb32_raw	24	static
/home/stvsl/Qt/QtMCUs/2.7.0/src/graphics/blendfunctions.cpp:887:13:blend_rle_on_argb32_raw	24	static
/home/stvsl/Qt/QtMCUs/2.7.0/src/graphics/blendfunctions.cpp:887:13:blend_rle_on_argb32_raw	24	static
/home/stvsl/Qt/QtMCUs/2.7.0/src/graphics/drawhelper.h:720:26:fetchPixel	24	static
/home/stvsl/Qt/QtMCUs/2.7.0/src/graphics/blendhelper.cpp:182:6:alphamapblend_rgb32	48	static
/home/stvsl/Qt/QtMCUs/2.7.0/src/graphics/blendhelper.cpp:99:6:alphamapblend_rgb565	40	static
/home/stvsl/Qt/QtMCUs/2.7.0/src/graphics/blendhelper.cpp:140:6:alphamapblend_argb4444_premultiplied	48	static
/home/stvsl/Qt/QtMCUs/2.7.0/src/qulrcc/imageasset.cpp:39:6:copyTextureToRAM	48	static
/home/stvsl/Qt/QtMCUs/2.7.0/src/graphics/vg_softwarerasterizer/outlinemapper.h:139:13:arcToBezier	56	static
/home/stvsl/Qt/QtMCUs/2.7.0/src/graphics/vg_softwarerasterizer/outlinemapper.cpp:61:6:countOutlinePoints	440	static
/home/stvsl/Qt/QtMCUs/2.7.0/src/graphics/vg_softwarerasterizer/outlinemapper.cpp:157:36:strokePathData	8	static
/home/stvsl/Qt/QtMCUs/2.7.0/include/platforminterface/allocator.h:159:13:qul_delete	8	static
/home/stvsl/Qt/QtMCUs/2.7.0/src/graphics/filecache.cpp:131:6:remove	8	static
/home/stvsl/Qt/QtMCUs/2.7.0/src/graphics/filecache.cpp:40:1:__dt_base 	8	static
/home/stvsl/Qt/QtMCUs/2.7.0/src/graphics/filecache.cpp:59:22:__tcf_0	8	static
/home/stvsl/Qt/QtMCUs/2.7.0/src/graphics/filecache.cpp:148:6:removeSharedImage	24	static
/home/stvsl/Qt/QtMCUs/2.7.0/src/graphics/filecache.cpp:63:13:derefHook	8	static
/home/stvsl/Qt/QtMCUs/2.7.0/src/qulrcc/qulrcc_lookup.cpp:54:13:findImageForHashAndLength	16	static
/home/stvsl/Qt/QtMCUs/2.7.0/src/qulrcc/imageasset.cpp:80:6:initializeImageAssets	72	static
/home/stvsl/Qt/QtMCUs/2.7.0/include/platforminterface/allocator.h:103:11:qul_new	8	static
/home/stvsl/Qt/QtMCUs/2.7.0/src/extras/itembuffer.cpp:94:6:render	128	static
/home/stvsl/Qt/QtMCUs/2.7.0/include/platforminterface/pathdatastroker.h:175:5:__dt_base 	8	static
/home/stvsl/Qt/QtMCUs/2.7.0/src/graphics/vg_softwarerasterizer/outlinemapper.cpp:164:19:mapPathToOutline	128	static
/home/stvsl/Qt/QtMCUs/2.7.0/src/graphics/vg_softwarerasterizer/freetyperasterizer.cpp:406:6:blendPath_impl	1152	static
/home/stvsl/Qt/QtMCUs/2.7.0/src/graphics/filecache.cpp:46:18:find	48	static
/home/stvsl/Qt/QtMCUs/2.7.0/src/graphics/filecache.cpp:68:13:getStringPreallocated	80	static
/home/stvsl/Qt/QtMCUs/2.7.0/src/graphics/filecache.cpp:97:13:get	80	static
/home/stvsl/Qt/QtMCUs/2.7.0/src/qulrcc/qulrcc_lookup.cpp:71:13:findImageForString	328	static
