/home/stvsl/Qt/QtMCUs/2.7.0/src/graphics/blendhelper.cpp:490:21:blendPixel	12	static
/home/stvsl/Qt/QtMCUs/2.7.0/src/graphics/blendhelper.cpp:490:21:blendPixel	8	static
/home/stvsl/Qt/QtMCUs/2.7.0/src/graphics/blendhelper.cpp:490:21:blendPixel	12	static
/home/stvsl/Qt/QtMCUs/2.7.0/src/graphics/drawhelper.h:590:20:interpolate_4_pixels	20	static
/home/stvsl/Qt/QtMCUs/2.7.0/src/graphics/drawhelper.h:599:20:interpolate_4_pixels	16	static
/home/stvsl/Qt/QtMCUs/2.7.0/src/graphics/drawhelper.h:615:20:interpolate_4_pixels_16	24	static
/home/stvsl/Qt/QtMCUs/2.7.0/src/graphics/drawhelper.h:647:1:intermediate_adder	28	static
/home/stvsl/Qt/QtMCUs/2.7.0/src/graphics/drawhelper.h:1460:17:fetch	40	static
/home/stvsl/Qt/QtMCUs/2.7.0/src/graphics/drawhelper.h:1471:10:store	16	static
/home/stvsl/Qt/QtMCUs/2.7.0/src/graphics/blendtransformed.cpp:140:9:argb32pm_interpolator	16	static
/home/stvsl/Qt/QtMCUs/2.7.0/src/graphics/compositionfunctions.cpp:38:19:comp_func_SourceOver	20	static
/home/stvsl/Qt/QtMCUs/2.7.0/src/graphics/blendtransformed.cpp:147:16:interpolate	72	static
/home/stvsl/Qt/QtMCUs/2.7.0/src/graphics/blendtransformed.cpp:129:9:a_interpolator	12	static
/home/stvsl/Qt/QtMCUs/2.7.0/src/graphics/blendtransformed.cpp:147:16:interpolate	72	static
/home/stvsl/Qt/QtMCUs/2.7.0/src/graphics/blendtransformed.cpp:129:9:a_interpolator	12	static
/home/stvsl/Qt/QtMCUs/2.7.0/src/graphics/blendtransformed.cpp:147:16:interpolate	72	static
/home/stvsl/Qt/QtMCUs/2.7.0/src/graphics/drawhelper.h:1479:6:handleSpans	80	static
/home/stvsl/Qt/QtMCUs/2.7.0/src/graphics/rgb.h:81:39:qPremultiply	0	static
/home/stvsl/Qt/QtMCUs/2.7.0/src/graphics/rgb.h:96:12:qUnpremultiply	4	static
/home/stvsl/Qt/QtMCUs/2.7.0/src/graphics/drawhelper.h:688:26:fetchPixel	0	static
/home/stvsl/Qt/QtMCUs/2.7.0/src/graphics/drawhelper.h:701:26:fetchPixel	0	static
/home/stvsl/Qt/QtMCUs/2.7.0/src/graphics/drawhelper.h:714:26:fetchPixel	0	static
/home/stvsl/Qt/QtMCUs/2.7.0/src/graphics/drawhelper.h:727:26:fetchPixel	0	static
/home/stvsl/Qt/QtMCUs/2.7.0/src/graphics/drawhelper.h:733:26:fetchPixel	0	static
/home/stvsl/Qt/QtMCUs/2.7.0/src/graphics/drawhelper.h:739:26:fetchPixel	0	static
/home/stvsl/Qt/QtMCUs/2.7.0/src/graphics/drawhelper.cpp:52:26:convertPassThrough	0	static
/home/stvsl/Qt/QtMCUs/2.7.0/src/graphics/drawhelper.cpp:54:26:convertARGB32ToARGB32PM	16	static
/home/stvsl/Qt/QtMCUs/2.7.0/src/graphics/drawhelper.cpp:154:26:storeARGB32FromARGB32PM	24	static
/home/stvsl/Qt/QtMCUs/2.7.0/src/graphics/drawhelper.cpp:161:33:fetchARGB4444PMToARGB32PM	12	static
/home/stvsl/Qt/QtMCUs/2.7.0/src/graphics/drawhelper.cpp:170:33:fetchARGB4444ToARGB32PM	24	static
/home/stvsl/Qt/QtMCUs/2.7.0/src/graphics/drawhelper.cpp:179:26:convertARGB4444PMToARGB32PM	4	static
/home/stvsl/Qt/QtMCUs/2.7.0/src/graphics/drawhelper.cpp:185:26:convertARGB4444ToARGB32PM	16	static
/home/stvsl/Qt/QtMCUs/2.7.0/src/graphics/drawhelper.cpp:191:26:storeARGB4444PMFromARGB32PM	16	static
/home/stvsl/Qt/QtMCUs/2.7.0/src/graphics/drawhelper.cpp:199:26:storeARGB4444FromARGB32PM	24	static
/home/stvsl/Qt/QtMCUs/2.7.0/src/graphics/drawhelper.cpp:218:33:fetchPassThrough	0	static
/home/stvsl/Qt/QtMCUs/2.7.0/src/graphics/drawhelper.cpp:228:33:fetchARGB32ToARGB32PM	24	static
/home/stvsl/Qt/QtMCUs/2.7.0/src/graphics/drawhelper.cpp:133:26:convertToRGB32	4	static
/home/stvsl/Qt/QtMCUs/2.7.0/src/graphics/drawhelper.cpp:235:33:fetchRGBToRGB32	12	static
/home/stvsl/Qt/QtMCUs/2.7.0/src/graphics/drawhelper.h:814:1:storeARGBFromARGB32PM	32	static
/home/stvsl/Qt/QtMCUs/2.7.0/src/graphics/drawhelper.h:814:1:storeARGBFromARGB32PM	24	static
/home/stvsl/Qt/QtMCUs/2.7.0/src/graphics/drawhelper.cpp:133:26:convertToRGB32	12	static
/home/stvsl/Qt/QtMCUs/2.7.0/src/graphics/drawhelper.cpp:235:33:fetchRGBToRGB32	20	static
/home/stvsl/Qt/QtMCUs/2.7.0/src/graphics/drawhelper.h:814:1:storeARGBFromARGB32PM	32	static
/home/stvsl/Qt/QtMCUs/2.7.0/src/graphics/drawhelper.h:814:1:storeARGBFromARGB32PM	32	static
/home/stvsl/Qt/QtMCUs/2.7.0/src/graphics/drawhelper.cpp:133:26:convertToRGB32	8	static
/home/stvsl/Qt/QtMCUs/2.7.0/src/graphics/drawhelper.cpp:235:33:fetchRGBToRGB32	16	static
/home/stvsl/Qt/QtMCUs/2.7.0/src/graphics/drawhelper.h:814:1:storeARGBFromARGB32PM	32	static
/home/stvsl/Qt/QtMCUs/2.7.0/src/graphics/drawhelper.h:814:1:storeARGBFromARGB32PM	32	static
/home/stvsl/Qt/QtMCUs/2.7.0/src/graphics/drawhelper.cpp:338:13:memfill_template	0	static
/home/stvsl/Qt/QtMCUs/2.7.0/src/graphics/rasterizer.cpp:96:17:intersectPixelFP	24	static
/home/stvsl/Qt/QtMCUs/2.7.0/src/graphics/blendtransformed.cpp:303:14:computeStretch	8	static
/home/stvsl/.mcuxpressotools/arm-gnu-toolchain-12.3.rel1-x86_64-arm-none-eabi/arm-none-eabi/include/c++/12.3.1/bits/move.h:196:5:swap	8	static
/home/stvsl/Qt/QtMCUs/2.7.0/include/qul/private/global.h:254:75:qFuzzyCompare	8	static
/home/stvsl/Qt/QtMCUs/2.7.0/include/platforminterface/private/bezier.h:138:15:pointAt	24	static
/home/stvsl/Qt/QtMCUs/2.7.0/include/platforminterface/private/bezier.h:163:15:normalVector	24	static
/home/stvsl/Qt/QtMCUs/2.7.0/include/platforminterface/private/bezier.h:173:27:split	712	static
/home/stvsl/Qt/QtMCUs/2.7.0/src/platforminterface/private/bezier.cpp:33:7:bounds	48	static
/home/stvsl/Qt/QtMCUs/2.7.0/src/graphics/drawhelper.h:1081:26:fetchTransformedBilinear_fetcher	152	static
/home/stvsl/Qt/QtMCUs/2.7.0/src/graphics/drawhelper.h:1261:19:fetchDynamicScale	16456	static
/home/stvsl/Qt/QtMCUs/2.7.0/src/graphics/drawhelper.h:1219:19:fetchRotationAndShear	16456	static
/home/stvsl/Qt/QtMCUs/2.7.0/src/graphics/rasterizer.cpp:57:10:addSpan	32	static
/home/stvsl/Qt/QtMCUs/2.7.0/src/graphics/blendhelper.cpp:427:9:__ct_base 	32	static
/home/stvsl/Qt/QtMCUs/2.7.0/src/graphics/blendhelper.cpp:427:9:__ct_base 	32	static
/home/stvsl/Qt/QtMCUs/2.7.0/src/graphics/blendhelper.cpp:427:9:__ct_base 	32	static
/home/stvsl/Qt/QtMCUs/2.7.0/src/graphics/blendtransformed.cpp:34:1:destFetchARGB32P	8	static
/home/stvsl/Qt/QtMCUs/2.7.0/src/graphics/blendhelper.cpp:536:24:getColAlphaValue	16	static
/home/stvsl/Qt/QtMCUs/2.7.0/src/graphics/blendhelper.cpp:563:21:emit	40	static
/home/stvsl/Qt/QtMCUs/2.7.0/src/graphics/blendhelper.cpp:608:14:operator()	32	static
/home/stvsl/Qt/QtMCUs/2.7.0/src/graphics/blendhelper.cpp:563:21:emit	40	static
/home/stvsl/Qt/QtMCUs/2.7.0/src/graphics/blendhelper.cpp:608:14:operator()	32	static
/home/stvsl/Qt/QtMCUs/2.7.0/src/graphics/blendhelper.cpp:563:21:emit	40	static
/home/stvsl/Qt/QtMCUs/2.7.0/src/graphics/blendhelper.cpp:608:14:operator()	32	static
/home/stvsl/Qt/QtMCUs/2.7.0/src/graphics/blendtransformed.cpp:39:20:destFetchRGB16	24	static
/home/stvsl/Qt/QtMCUs/2.7.0/src/graphics/blendtransformed.cpp:48:1:destFetchRGB332	24	static
/home/stvsl/Qt/QtMCUs/2.7.0/src/graphics/blendtransformed.cpp:63:1:destStoreRGB16	24	static
/home/stvsl/Qt/QtMCUs/2.7.0/src/graphics/blendtransformed.cpp:71:1:destStoreRGB332	24	static
/home/stvsl/Qt/QtMCUs/2.7.0/src/graphics/blendtransformed.cpp:56:20:destFetch	32	static
/home/stvsl/Qt/QtMCUs/2.7.0/src/graphics/blendtransformed.cpp:78:19:destStore	32	static
/home/stvsl/Qt/QtMCUs/2.7.0/src/graphics/blendtransformed.cpp:257:6:blend_spans	16536	static
/home/stvsl/Qt/QtMCUs/2.7.0/src/graphics/blendtransformed.cpp:166:33:fetchTransformedBilinearInterpolated_helper	80	static
/home/stvsl/Qt/QtMCUs/2.7.0/src/graphics/blendtransformed.cpp:234:33:fetchTransformedBilinearInterpolated	24	static
/home/stvsl/Qt/QtMCUs/2.7.0/src/graphics/blendtransformed.cpp:234:33:fetchTransformedBilinearInterpolated	24	static
/home/stvsl/Qt/QtMCUs/2.7.0/src/graphics/blendtransformed.cpp:234:33:fetchTransformedBilinearInterpolated	24	static
/home/stvsl/Qt/QtMCUs/2.7.0/src/graphics/drawhelper.h:1295:19:fetchDefault	24720	static
/home/stvsl/Qt/QtMCUs/2.7.0/src/graphics/rasterizer.cpp:162:21:qSafeDivide	16	static
/home/stvsl/Qt/QtMCUs/2.7.0/src/platforminterface/private/bezier.cpp:69:20:good_offset	80	static
/home/stvsl/Qt/QtMCUs/2.7.0/src/graphics/blendtransformed.cpp:90:13:setupMatrix	160	static
/home/stvsl/Qt/QtMCUs/2.7.0/src/graphics/drawhelper.cpp:146:26:storePassThrough	8	static
/home/stvsl/Qt/QtMCUs/2.7.0/src/graphics/rasterizer.cpp:149:41:snapTo26Dot6Grid	24	static
/home/stvsl/Qt/QtMCUs/2.7.0/src/graphics/rasterizer.cpp:183:6:rasterizeLine	3472	static
/home/stvsl/Qt/QtMCUs/2.7.0/src/platforminterface/private/bezier.cpp:98:13:addCircle	344	static
/home/stvsl/Qt/QtMCUs/2.7.0/src/platforminterface/private/bezier.cpp:157:20:shift	680	static
/home/stvsl/Qt/QtMCUs/2.7.0/src/graphics/blendhelper.cpp:419:6:blendRoundedRectWithFormat	272	static
/home/stvsl/Qt/QtMCUs/2.7.0/src/graphics/blendhelper.cpp:419:6:blendRoundedRectWithFormat	280	static
/home/stvsl/Qt/QtMCUs/2.7.0/src/graphics/blendhelper.cpp:419:6:blendRoundedRectWithFormat	280	static
/home/stvsl/Qt/QtMCUs/2.7.0/src/graphics/drawhelper.cpp:413:6:memfill32	8	static
/home/stvsl/Qt/QtMCUs/2.7.0/src/graphics/drawhelper.h:975:39:fetchTransformedBilinear_simple_scale_helper	16496	static
/home/stvsl/Qt/QtMCUs/2.7.0/src/graphics/drawhelper.h:1372:1:fetchTransformedBilinear	56	static
/home/stvsl/Qt/QtMCUs/2.7.0/src/graphics/blendtransformed.cpp:241:1:fetchTransformedBilinearARGB32PM	16	static
/home/stvsl/Qt/QtMCUs/2.7.0/src/graphics/drawhelper.cpp:371:13:memfill_template	16	static
/home/stvsl/Qt/QtMCUs/2.7.0/src/graphics/drawhelper.cpp:403:6:memfill16	8	static
/home/stvsl/Qt/QtMCUs/2.7.0/src/graphics/rle.cpp:30:6:decompressRle	80	static
/home/stvsl/Qt/QtMCUs/2.7.0/src/platforminterface/private/bezier.cpp:236:5:shifted	440	static
/home/stvsl/Qt/QtMCUs/2.7.0/src/graphics/blendtransformed.cpp:318:6:blend_transformed	752	static
