/home/stvsl/Qt/QtMCUs/2.7.1/include/platform/private/preloadallocator.h:105:11:allocate	4	static
/home/stvsl/Qt/QtMCUs/2.7.1/include/platform/private/fixedsizeblockallocator.h:41:11:allocate	24	static
/home/stvsl/Qt/QtMCUs/2.7.1/include/platform/private/fixedsizeblockallocator.h:49:10:free	12	static
/home/stvsl/Documents/DOTRUST/PortingTest/imxrt1170_freertos_qt/platform/platform/boards/nxp/mimxrt1170-evkb-freertos/platform_touch.cpp:151:13:BOARD_PullMIPIPanelTouchResetPin	0	static
/home/stvsl/Documents/DOTRUST/PortingTest/imxrt1170_freertos_qt/platform/platform/boards/nxp/mimxrt1170-evkb-freertos/platform_touch.cpp:161:13:BOARD_ConfigMIPIPanelTouchIntPin	0	static
/home/stvsl/Qt/QtMCUs/2.7.1/include/qul/eventqueue.h:169:6:onEventDiscarded	0	static
/home/stvsl/Qt/QtMCUs/2.7.1/include/qul/eventqueue.h:165:6:onQueueOverrun	0	static
/home/stvsl/Documents/DOTRUST/PortingTest/imxrt1170_freertos_qt/platform/platform/common/freertos/freertosqueue.cpp:73:6:isOverrun	0	static
/home/stvsl/Documents/DOTRUST/PortingTest/imxrt1170_freertos_qt/platform/platform/boards/nxp/mimxrt1170-evkb-freertos/vglitevector.h:224:17:addSegment	24	static
/home/stvsl/Qt/QtMCUs/2.7.1/include/platform/private/fixedsizeblockallocator.h:47:11:reallocate	32	static
/home/stvsl/Documents/DOTRUST/PortingTest/imxrt1170_freertos_qt/platform/platform/boards/nxp/mimxrt1170-evkb-freertos/vglitevector.h:224:17:addSegment	24	static
/home/stvsl/Documents/DOTRUST/PortingTest/imxrt1170_freertos_qt/platform/platform/boards/nxp/mimxrt1170-evkb-freertos/vglitevector.h:224:17:addSegment	24	static
/home/stvsl/Documents/DOTRUST/PortingTest/imxrt1170_freertos_qt/platform/platform/boards/nxp/mimxrt1170-evkb-freertos/vglitevector.h:224:17:addSegment	24	static
/home/stvsl/Documents/DOTRUST/PortingTest/imxrt1170_freertos_qt/platform/platform/common/freertos/freertosqueue.cpp:66:20:enqueueOrOverwrite	0	static
/home/stvsl/Qt/QtMCUs/2.7.1/include/platform/messagequeue.h:55:32:enqueueOrOverwriteFromInterrupt	0	static
/home/stvsl/Documents/DOTRUST/PortingTest/imxrt1170_freertos_qt/platform/platform/common/freertos/freertosqueue.cpp:78:6:clearOverrun	0	static
/home/stvsl/Documents/DOTRUST/PortingTest/imxrt1170_freertos_qt/platform/platform/common/freertos/freertosqueue.cpp:116:6:isEmptyFromInterrupt	0	static
/home/stvsl/Documents/DOTRUST/PortingTest/imxrt1170_freertos_qt/platform/platform/common/freertos/freertosqueue.cpp:121:6:discardSupported	0	static
/home/stvsl/Documents/DOTRUST/PortingTest/imxrt1170_freertos_qt/platform/platform/common/freertos/freertosqueue.cpp:126:6:overwriteSupported	0	static
/home/stvsl/Documents/DOTRUST/PortingTest/imxrt1170_freertos_qt/platform/platform/common/freertos/freertosqueue.cpp:131:10:capacity	0	static
/home/stvsl/Documents/DOTRUST/PortingTest/imxrt1170_freertos_qt/platform/platform/common/platform.cpp:66:8:config	8	static
/home/stvsl/Downloads/SDK_2_15_100_MIMXRT1170-EVK_ALL_TOOLCHAN/components/video/display/dc/lcdifv2/fsl_dc_fb_lcdifv2.c:71:10:DC_FB_LCDIFV2_Init	48	static
/home/stvsl/Downloads/SDK_2_15_100_MIMXRT1170-EVK_ALL_TOOLCHAN/components/video/display/dc/lcdifv2/fsl_dc_fb_lcdifv2.c:114:10:DC_FB_LCDIFV2_Deinit	8	static
/home/stvsl/Downloads/SDK_2_15_100_MIMXRT1170-EVK_ALL_TOOLCHAN/components/video/display/dc/lcdifv2/fsl_dc_fb_lcdifv2.c:160:10:DC_FB_LCDIFV2_DisableLayer	0	static
/home/stvsl/Downloads/SDK_2_15_100_MIMXRT1170-EVK_ALL_TOOLCHAN/components/video/display/dc/lcdifv2/fsl_dc_fb_lcdifv2.c:176:10:DC_FB_LCDIFV2_SetLayerConfig	8	static
/home/stvsl/Downloads/SDK_2_15_100_MIMXRT1170-EVK_ALL_TOOLCHAN/components/video/display/dc/lcdifv2/fsl_dc_fb_lcdifv2.c:205:10:DC_FB_LCDIFV2_GetLayerDefaultConfig	0	static
/home/stvsl/Downloads/SDK_2_15_100_MIMXRT1170-EVK_ALL_TOOLCHAN/components/video/display/dc/lcdifv2/fsl_dc_fb_lcdifv2.c:221:10:DC_FB_LCDIFV2_SetFrameBuffer	0	static
/home/stvsl/Downloads/SDK_2_15_100_MIMXRT1170-EVK_ALL_TOOLCHAN/components/video/display/dc/lcdifv2/fsl_dc_fb_lcdifv2.c:242:6:DC_FB_LCDIFV2_SetCallback	0	static
/home/stvsl/Downloads/SDK_2_15_100_MIMXRT1170-EVK_ALL_TOOLCHAN/components/video/display/dc/lcdifv2/fsl_dc_fb_lcdifv2.c:251:10:DC_FB_LCDIFV2_GetProperty	0	static
/home/stvsl/Downloads/SDK_2_15_100_MIMXRT1170-EVK_ALL_TOOLCHAN/components/video/display/hx8394/fsl_hx8394.c:160:10:HX8394_Deinit	40	static
/home/stvsl/Downloads/SDK_2_15_100_MIMXRT1170-EVK_ALL_TOOLCHAN/components/video/display/hx8394/fsl_hx8394.c:173:10:HX8394_Start	32	static
/home/stvsl/Downloads/SDK_2_15_100_MIMXRT1170-EVK_ALL_TOOLCHAN/components/video/display/hx8394/fsl_hx8394.c:181:10:HX8394_Stop	32	static
/home/stvsl/Downloads/SDK_2_15_100_MIMXRT1170-EVK_ALL_TOOLCHAN/rtos/freertos/freertos-kernel/portable/GCC/ARM_CM4F/port.c:224:13:prvTaskExitError	8	static
/home/stvsl/Documents/DOTRUST/PortingTest/imxrt1170_freertos_qt/platform/platform/boards/nxp/mimxrt1170-evkb-freertos/platform_touch.h:33:18:onEvent	56	static
/home/stvsl/Documents/DOTRUST/PortingTest/imxrt1170_freertos_qt/platform/platform/boards/nxp/mimxrt1170-evkb-freertos/vglitedrawingengine.cpp:41:6:blendRoundedRect	4	static
/home/stvsl/Documents/DOTRUST/PortingTest/imxrt1170_freertos_qt/platform/platform/boards/nxp/mimxrt1170-evkb-freertos/vglitedrawingengine.cpp:50:6:blendImage	40	static
/home/stvsl/Documents/DOTRUST/PortingTest/imxrt1170_freertos_qt/platform/platform/boards/nxp/mimxrt1170-evkb-freertos/vglitedrawingengine.cpp:66:6:blendAlphaMap	40	static
/home/stvsl/Documents/DOTRUST/PortingTest/imxrt1170_freertos_qt/platform/platform/boards/nxp/mimxrt1170-evkb-freertos/vglitedrawingengine.cpp:81:6:blendTransformedImage	88	static
/home/stvsl/Documents/DOTRUST/PortingTest/imxrt1170_freertos_qt/platform/platform/boards/nxp/mimxrt1170-evkb-freertos/vglitedrawingengine.cpp:116:6:blendTransformedAlphaMap	88	static
/home/stvsl/Documents/DOTRUST/PortingTest/imxrt1170_freertos_qt/platform/platform/boards/nxp/mimxrt1170-evkb-freertos/vglitesupport.cpp:894:6:arcTo	40	static
/home/stvsl/Documents/DOTRUST/PortingTest/imxrt1170_freertos_qt/platform/platform/common/freertos/freertosqueue.cpp:44:20:enqueueOrDiscard	8	static
/home/stvsl/Documents/DOTRUST/PortingTest/imxrt1170_freertos_qt/board.c:245:10:BOARD_MIPIPanelTouch_I2C_Send	40	static
/home/stvsl/Documents/DOTRUST/PortingTest/imxrt1170_freertos_qt/board.c:252:10:BOARD_MIPIPanelTouch_I2C_Receive	40	static
/home/stvsl/Documents/DOTRUST/PortingTest/imxrt1170_freertos_qt/platform/platform/boards/nxp/mimxrt1170-evkb-freertos/platform_serial_console.cpp:26:16:_write	8	static
/home/stvsl/Documents/DOTRUST/PortingTest/imxrt1170_freertos_qt/platform/platform/boards/nxp/mimxrt1170-evkb-freertos/platform_touch.cpp:102:6:_ZN3Qul8Platform7Private16requestTouchDataEv.part.0	72	static
/home/stvsl/Documents/DOTRUST/PortingTest/imxrt1170_freertos_qt/platform/platform/boards/nxp/mimxrt1170-evkb-freertos/vglitesupport.cpp:83:19:prepareGpuTexture	20	static
/home/stvsl/Downloads/SDK_2_15_100_MIMXRT1170-EVK_ALL_TOOLCHAN/rtos/freertos/freertos-kernel/queue.c:2032:13:uxQueueMessagesWaiting.part.0	0	static
/home/stvsl/Downloads/SDK_2_15_100_MIMXRT1170-EVK_ALL_TOOLCHAN/rtos/freertos/freertos-kernel/portable/GCC/ARM_CM4F/port.c:430:6:vPortExitCritical	0	static
/home/stvsl/Downloads/SDK_2_15_100_MIMXRT1170-EVK_ALL_TOOLCHAN/devices/MIMXRT1176/system_MIMXRT1176_cm7.c:67:6:SystemInit	0	static
/home/stvsl/Downloads/SDK_2_15_100_MIMXRT1170-EVK_ALL_TOOLCHAN/devices/MIMXRT1176/drivers/fsl_anatop_ai.c:14:10:ANATOP_AI_Access	4	static
/home/stvsl/Downloads/SDK_2_15_100_MIMXRT1170-EVK_ALL_TOOLCHAN/devices/MIMXRT1176/drivers/fsl_clock.c:308:6:CLOCK_InitPfd	32	static
/home/stvsl/Downloads/SDK_2_15_100_MIMXRT1170-EVK_ALL_TOOLCHAN/devices/MIMXRT1176/drivers/fsl_clock.c:1493:10:CLOCK_GetFreq	8	static
/home/stvsl/Downloads/SDK_2_15_100_MIMXRT1170-EVK_ALL_TOOLCHAN/devices/MIMXRT1176/drivers/fsl_common_arm.c:177:13:DelayLoop	0	static
/home/stvsl/Downloads/SDK_2_15_100_MIMXRT1170-EVK_ALL_TOOLCHAN/devices/MIMXRT1176/drivers/fsl_gpio.c:75:6:GPIO_PinInit	8	static
/home/stvsl/Documents/DOTRUST/PortingTest/imxrt1170_freertos_qt/platform/platform/boards/nxp/mimxrt1170-evkb-freertos/platform_touch.cpp:61:6:BOARD_Touch_Init	224	static
/home/stvsl/Downloads/SDK_2_15_100_MIMXRT1170-EVK_ALL_TOOLCHAN/devices/MIMXRT1176/drivers/fsl_lpi2c.c:2536:6:LPI2C1_DriverIRQHandler	0	static
/home/stvsl/Downloads/SDK_2_15_100_MIMXRT1170-EVK_ALL_TOOLCHAN/devices/MIMXRT1176/drivers/fsl_lpi2c.c:2545:6:LPI2C2_DriverIRQHandler	0	static
/home/stvsl/Downloads/SDK_2_15_100_MIMXRT1170-EVK_ALL_TOOLCHAN/devices/MIMXRT1176/drivers/fsl_lpi2c.c:2554:6:LPI2C3_DriverIRQHandler	0	static
/home/stvsl/Downloads/SDK_2_15_100_MIMXRT1170-EVK_ALL_TOOLCHAN/devices/MIMXRT1176/drivers/fsl_lpi2c.c:2563:6:LPI2C4_DriverIRQHandler	0	static
/home/stvsl/Downloads/SDK_2_15_100_MIMXRT1170-EVK_ALL_TOOLCHAN/devices/MIMXRT1176/drivers/fsl_lpi2c.c:2572:6:LPI2C5_DriverIRQHandler	0	static
/home/stvsl/Downloads/SDK_2_15_100_MIMXRT1170-EVK_ALL_TOOLCHAN/devices/MIMXRT1176/drivers/fsl_lpi2c.c:2581:6:LPI2C6_DriverIRQHandler	0	static
/home/stvsl/Downloads/SDK_2_15_100_MIMXRT1170-EVK_ALL_TOOLCHAN/devices/MIMXRT1176/drivers/fsl_lpuart.c:2068:6:LPUART1_DriverIRQHandler	8	static
/home/stvsl/Downloads/SDK_2_15_100_MIMXRT1170-EVK_ALL_TOOLCHAN/devices/MIMXRT1176/drivers/fsl_lpuart.c:2093:6:LPUART2_DriverIRQHandler	8	static
/home/stvsl/Downloads/SDK_2_15_100_MIMXRT1170-EVK_ALL_TOOLCHAN/devices/MIMXRT1176/drivers/fsl_lpuart.c:2117:6:LPUART3_DriverIRQHandler	8	static
/home/stvsl/Downloads/SDK_2_15_100_MIMXRT1170-EVK_ALL_TOOLCHAN/devices/MIMXRT1176/drivers/fsl_lpuart.c:2141:6:LPUART4_DriverIRQHandler	8	static
/home/stvsl/Downloads/SDK_2_15_100_MIMXRT1170-EVK_ALL_TOOLCHAN/devices/MIMXRT1176/drivers/fsl_lpuart.c:2165:6:LPUART5_DriverIRQHandler	8	static
/home/stvsl/Downloads/SDK_2_15_100_MIMXRT1170-EVK_ALL_TOOLCHAN/devices/MIMXRT1176/drivers/fsl_lpuart.c:2189:6:LPUART6_DriverIRQHandler	8	static
/home/stvsl/Downloads/SDK_2_15_100_MIMXRT1170-EVK_ALL_TOOLCHAN/devices/MIMXRT1176/drivers/fsl_lpuart.c:2213:6:LPUART7_DriverIRQHandler	8	static
/home/stvsl/Downloads/SDK_2_15_100_MIMXRT1170-EVK_ALL_TOOLCHAN/devices/MIMXRT1176/drivers/fsl_lpuart.c:2237:6:LPUART8_DriverIRQHandler	8	static
/home/stvsl/Downloads/SDK_2_15_100_MIMXRT1170-EVK_ALL_TOOLCHAN/devices/MIMXRT1176/drivers/fsl_lpuart.c:2261:6:LPUART9_DriverIRQHandler	8	static
/home/stvsl/Downloads/SDK_2_15_100_MIMXRT1170-EVK_ALL_TOOLCHAN/devices/MIMXRT1176/drivers/fsl_lpuart.c:2285:6:LPUART10_DriverIRQHandler	8	static
/home/stvsl/Downloads/SDK_2_15_100_MIMXRT1170-EVK_ALL_TOOLCHAN/devices/MIMXRT1176/drivers/fsl_lpuart.c:2309:6:LPUART11_DriverIRQHandler	8	static
/home/stvsl/Downloads/SDK_2_15_100_MIMXRT1170-EVK_ALL_TOOLCHAN/devices/MIMXRT1176/drivers/fsl_lpuart.c:2333:6:LPUART12_DriverIRQHandler	8	static
/home/stvsl/Downloads/SDK_2_15_100_MIMXRT1170-EVK_ALL_TOOLCHAN/devices/MIMXRT1176/drivers/fsl_mipi_dsi.c:1422:6:MIPI_DSI_DriverIRQHandler	0	static
/home/stvsl/Downloads/SDK_2_15_100_MIMXRT1170-EVK_ALL_TOOLCHAN/rtos/freertos/freertos-kernel/list.c:199:13:uxListRemove	4	static
/home/stvsl/Downloads/SDK_2_15_100_MIMXRT1170-EVK_ALL_TOOLCHAN/rtos/freertos/freertos-kernel/tasks.c:3009:6:vTaskSwitchContext	0	static
/home/stvsl/Downloads/SDK_2_15_100_MIMXRT1170-EVK_ALL_TOOLCHAN/rtos/freertos/freertos-kernel/tasks.c:3169:12:xTaskRemoveFromEventList	16	static
/home/stvsl/Documents/DOTRUST/PortingTest/imxrt1170_freertos_qt/platform/platform/common/freertos/freertosqueue.cpp:56:20:enqueueOrDiscardFromInterrupt	16	static
/home/stvsl/Documents/DOTRUST/PortingTest/imxrt1170_freertos_qt/platform/platform/common/freertos/freertosqueue.cpp:101:20:receiveFromInterrupt	24	static
/home/stvsl/Downloads/SDK_2_15_100_MIMXRT1170-EVK_ALL_TOOLCHAN/rtos/freertos/freertos-kernel/portable/GCC/ARM_CM4F/port.c:413:6:vPortEnterCritical	0	static
/home/stvsl/Documents/DOTRUST/PortingTest/imxrt1170_freertos_qt/platform/platform/common/freertos/freertosqueue.cpp:111:6:isEmpty	8	static
/home/stvsl/Downloads/SDK_2_15_100_MIMXRT1170-EVK_ALL_TOOLCHAN/rtos/freertos/freertos-kernel/queue.c:2281:13:prvUnlockQueue	32	static
/home/stvsl/Downloads/SDK_2_15_100_MIMXRT1170-EVK_ALL_TOOLCHAN/rtos/freertos/freertos-kernel/tasks.c:4067:16:xTaskPriorityInherit	16	static
/home/stvsl/Downloads/SDK_2_15_100_MIMXRT1170-EVK_ALL_TOOLCHAN/rtos/freertos/freertos-kernel/tasks.c:4237:10:vTaskPriorityDisinheritAfterTimeout	32	static
/home/stvsl/Downloads/SDK_2_15_100_MIMXRT1170-EVK_ALL_TOOLCHAN/rtos/freertos/freertos-kernel/tasks.c:5297:13:prvAddCurrentTaskToDelayedList	16	static
/home/stvsl/Downloads/SDK_2_15_100_MIMXRT1170-EVK_ALL_TOOLCHAN/rtos/freertos/freertos-kernel/tasks.c:2720:12:xTaskIncrementTick.part.0	48	static
/home/stvsl/Downloads/SDK_2_15_100_MIMXRT1170-EVK_ALL_TOOLCHAN/rtos/freertos/freertos-kernel/tasks.c:2174:12:xTaskResumeAll.part.0	48	static
/home/stvsl/Downloads/SDK_2_15_100_MIMXRT1170-EVK_ALL_TOOLCHAN/rtos/freertos/freertos-kernel/tasks.c:2174:12:xTaskResumeAll	0	static
/home/stvsl/Downloads/SDK_2_15_100_MIMXRT1170-EVK_ALL_TOOLCHAN/rtos/freertos/freertos-kernel/queue.c:1378:12:xQueueReceive	48	static
/home/stvsl/Documents/DOTRUST/PortingTest/imxrt1170_freertos_qt/platform/platform/common/freertos/freertosqueue.cpp:85:20:receive	8	static
/home/stvsl/Qt/QtMCUs/2.7.1/include/qul/eventqueue.h:152:6:process	88	static
/home/stvsl/Downloads/SDK_2_15_100_MIMXRT1170-EVK_ALL_TOOLCHAN/rtos/freertos/freertos-kernel/queue.c:1521:12:xQueueSemaphoreTake	40	static
/home/stvsl/Downloads/SDK_2_15_100_MIMXRT1170-EVK_ALL_TOOLCHAN/rtos/freertos/freertos-kernel/portable/MemMang/heap_4.c:273:6:vPortFree	16	static
/home/stvsl/Documents/DOTRUST/PortingTest/imxrt1170_freertos_qt/platform/platform/common/freertos/freertosqueue.cpp:39:1:__dt_base 	8	static
/home/stvsl/Documents/DOTRUST/PortingTest/imxrt1170_freertos_qt/platform/platform/common/freertos/freertosqueue.cpp:39:1:__dt_del 	8	static
/home/stvsl/Downloads/SDK_2_15_100_MIMXRT1170-EVK_ALL_TOOLCHAN/middleware/vglite/VGLite/vg_lite.c:8155:17:vg_lite_clear_path	32	static
/home/stvsl/Documents/DOTRUST/PortingTest/imxrt1170_freertos_qt/platform/platform/boards/nxp/mimxrt1170-evkb-freertos/vglitesupport.cpp:853:6:beginStroke	8	static
/home/stvsl/Documents/DOTRUST/PortingTest/imxrt1170_freertos_qt/platform/platform/boards/nxp/mimxrt1170-evkb-freertos/vglitevector.h:46:10:free	8	static
/home/stvsl/Downloads/SDK_2_15_100_MIMXRT1170-EVK_ALL_TOOLCHAN/components/video/display/dc/lcdifv2/fsl_dc_fb_lcdifv2.c:131:10:DC_FB_LCDIFV2_EnableLayer	24	static
/home/stvsl/Downloads/SDK_2_15_100_MIMXRT1170-EVK_ALL_TOOLCHAN/components/video/fsl_video_common.c:33:6:VIDEO_DelayMs	8	static
/home/stvsl/Downloads/SDK_2_15_100_MIMXRT1170-EVK_ALL_TOOLCHAN/rtos/freertos/freertos-kernel/tasks.c:1301:10:vTaskDelay	8	static
/home/stvsl/Downloads/SDK_2_15_100_MIMXRT1170-EVK_ALL_TOOLCHAN/components/video/display/hx8394/fsl_hx8394.c:99:10:HX8394_Init	64	static
/home/stvsl/Downloads/SDK_2_15_100_MIMXRT1170-EVK_ALL_TOOLCHAN/rtos/freertos/freertos-kernel/tasks.c:3427:8:prvIdleTask	24	static
/home/stvsl/Downloads/SDK_2_15_100_MIMXRT1170-EVK_ALL_TOOLCHAN/rtos/freertos/freertos-kernel/timers.c:568:12:prvTimerTask	40	static
/home/stvsl/Downloads/SDK_2_15_100_MIMXRT1170-EVK_ALL_TOOLCHAN/rtos/freertos/freertos-kernel/portable/GCC/ARM_CM4F/port.c:250:6:SVC_Handler	0	static
/home/stvsl/Downloads/SDK_2_15_100_MIMXRT1170-EVK_ALL_TOOLCHAN/rtos/freertos/freertos-kernel/portable/GCC/ARM_CM4F/port.c:269:13:prvPortStartFirstTask	0	static
/home/stvsl/Downloads/SDK_2_15_100_MIMXRT1170-EVK_ALL_TOOLCHAN/rtos/freertos/freertos-kernel/portable/GCC/ARM_CM4F/port.c:442:6:PendSV_Handler	0	static
/home/stvsl/Downloads/SDK_2_15_100_MIMXRT1170-EVK_ALL_TOOLCHAN/rtos/freertos/freertos-kernel/portable/GCC/ARM_CM4F/port.c:766:13:vPortEnableVFP	0	static
/home/stvsl/Downloads/SDK_2_15_100_MIMXRT1170-EVK_ALL_TOOLCHAN/rtos/freertos/freertos-kernel/portable/MemMang/heap_4.c:147:7:pvPortMalloc	24	static
/home/stvsl/Documents/DOTRUST/PortingTest/imxrt1170_freertos_qt/platform/platform/boards/nxp/mimxrt1170-evkb-freertos/vglitedrawingengine.cpp:146:46:allocatePath	24	static
/home/stvsl/.mcuxpressotools/arm-gnu-toolchain-12.3.rel1-x86_64-arm-none-eabi/arm-none-eabi/include/c++/12.3.1/bits/vector.tcc:439:7:_M_realloc_insert	40	static
/home/stvsl/Documents/DOTRUST/PortingTest/imxrt1170_freertos_qt/platform/platform/boards/nxp/mimxrt1170-evkb-freertos/vglitedrawingengine.cpp:152:6:setStrokeProperties	208	static
/home/stvsl/Documents/DOTRUST/PortingTest/imxrt1170_freertos_qt/platform/platform/boards/nxp/mimxrt1170-evkb-freertos/vglitesupport.cpp:442:13:addPathSegment	40	static
/home/stvsl/Documents/DOTRUST/PortingTest/imxrt1170_freertos_qt/platform/platform/boards/nxp/mimxrt1170-evkb-freertos/vglitesupport.cpp:458:13:addStrokePathSegment	40	static
/home/stvsl/Documents/DOTRUST/PortingTest/imxrt1170_freertos_qt/platform/platform/boards/nxp/mimxrt1170-evkb-freertos/vglitesupport.cpp:858:6:endStroke	16	static
/home/stvsl/Documents/DOTRUST/PortingTest/imxrt1170_freertos_qt/platform/platform/boards/nxp/mimxrt1170-evkb-freertos/vglitesupport.cpp:863:6:lineTo	32	static
/home/stvsl/Documents/DOTRUST/PortingTest/imxrt1170_freertos_qt/platform/platform/boards/nxp/mimxrt1170-evkb-freertos/vglitesupport.cpp:872:6:moveTo	32	static
/home/stvsl/Documents/DOTRUST/PortingTest/imxrt1170_freertos_qt/platform/platform/boards/nxp/mimxrt1170-evkb-freertos/vglitesupport.cpp:881:6:cubicTo	48	static
/home/stvsl/Documents/DOTRUST/PortingTest/imxrt1170_freertos_qt/platform/platform/boards/nxp/mimxrt1170-evkb-freertos/vglitesupport.cpp:482:6:_ZN3Qul8Platform7Private6Vglite10VglitePath15processFillPathEv.part.0	88	static
/home/stvsl/Documents/DOTRUST/PortingTest/imxrt1170_freertos_qt/platform/platform/common/freertos/mem-freertos-default.cpp:38:7:qul_malloc	8	static
/home/stvsl/Downloads/SDK_2_15_100_MIMXRT1170-EVK_ALL_TOOLCHAN/rtos/freertos/freertos-kernel/queue.c:428:19:xQueueGenericCreate	16	static
/home/stvsl/Downloads/SDK_2_15_100_MIMXRT1170-EVK_ALL_TOOLCHAN/middleware/vglite/VGLite/rtos/vg_lite_os.c:100:6:command_queue	48	static
/home/stvsl/Downloads/SDK_2_15_100_MIMXRT1170-EVK_ALL_TOOLCHAN/middleware/vglite/VGLite/vg_lite.c:3435:13:command_buffer_copy	32	static
/home/stvsl/Downloads/SDK_2_15_100_MIMXRT1170-EVK_ALL_TOOLCHAN/middleware/vglite/VGLite/vg_lite.c:3660:13:get_format_bytes	8	static
/home/stvsl/Downloads/SDK_2_15_100_MIMXRT1170-EVK_ALL_TOOLCHAN/middleware/vglite/VGLite/vg_lite.c:3851:24:_check_source_aligned	0	static
/home/stvsl/Downloads/SDK_2_15_100_MIMXRT1170-EVK_ALL_TOOLCHAN/middleware/vglite/VGLite/vg_lite.c:4195:24:update_context_buffer	88	static
/home/stvsl/Downloads/SDK_2_15_100_MIMXRT1170-EVK_ALL_TOOLCHAN/middleware/vglite/VGLite/vg_lite.c:4921:24:flush	4	static
/home/stvsl/Downloads/SDK_2_15_100_MIMXRT1170-EVK_ALL_TOOLCHAN/middleware/vglite/VGLite/vg_lite.c:4963:24:submit	40	static
/home/stvsl/Downloads/SDK_2_15_100_MIMXRT1170-EVK_ALL_TOOLCHAN/middleware/vglite/VGLite/vg_lite.c:4414:24:push_states	48	static
/home/stvsl/Downloads/SDK_2_15_100_MIMXRT1170-EVK_ALL_TOOLCHAN/middleware/vglite/VGLite/vg_lite.c:4498:24:push_state	48	static
/home/stvsl/Downloads/SDK_2_15_100_MIMXRT1170-EVK_ALL_TOOLCHAN/middleware/vglite/VGLite/vg_lite.c:4565:24:push_state_ptr	48	static
/home/stvsl/Downloads/SDK_2_15_100_MIMXRT1170-EVK_ALL_TOOLCHAN/middleware/vglite/VGLite/vg_lite.c:4632:24:push_call	48	static
/home/stvsl/Downloads/SDK_2_15_100_MIMXRT1170-EVK_ALL_TOOLCHAN/middleware/vglite/VGLite/vg_lite.c:4698:24:push_rectangle	48	static
/home/stvsl/Downloads/SDK_2_15_100_MIMXRT1170-EVK_ALL_TOOLCHAN/middleware/vglite/VGLite/vg_lite.c:4852:24:push_stall	40	static
/home/stvsl/Downloads/SDK_2_15_100_MIMXRT1170-EVK_ALL_TOOLCHAN/middleware/vglite/VGLite/vg_lite.c:5154:24:flush_target	8	static
/home/stvsl/Documents/DOTRUST/PortingTest/imxrt1170_freertos_qt/platform/platform/boards/nxp/mimxrt1170-evkb-freertos/vglitesupport.cpp:157:6:finish	48	static
/home/stvsl/Documents/DOTRUST/PortingTest/imxrt1170_freertos_qt/platform/platform/boards/nxp/mimxrt1170-evkb-freertos/vglitedrawingengine.cpp:140:6:synchronizeForCpuAccess	0	static
/home/stvsl/Downloads/SDK_2_15_100_MIMXRT1170-EVK_ALL_TOOLCHAN/middleware/vglite/VGLite/vg_lite.c:5066:34:inverse	0	static
/home/stvsl/Downloads/SDK_2_15_100_MIMXRT1170-EVK_ALL_TOOLCHAN/middleware/vglite/VGLite/vg_lite.c:5120:12:transform	0	static
/home/stvsl/Downloads/SDK_2_15_100_MIMXRT1170-EVK_ALL_TOOLCHAN/middleware/vglite/VGLite/vg_lite.c:5609:24:set_render_target	40	static
/home/stvsl/Documents/DOTRUST/PortingTest/imxrt1170_freertos_qt/platform/platform/boards/nxp/mimxrt1170-evkb-freertos/vglitedrawingengine.cpp:31:6:blendRect	160	static
/home/stvsl/Downloads/SDK_2_15_100_MIMXRT1170-EVK_ALL_TOOLCHAN/middleware/vglite/VGLite/vg_lite.c:6556:24:program_tessellation	24	static
/home/stvsl/Downloads/SDK_2_15_100_MIMXRT1170-EVK_ALL_TOOLCHAN/middleware/vglite/VGLite/vg_lite.c:7266:17:vg_lite_allocate	80	static
/home/stvsl/Documents/DOTRUST/PortingTest/imxrt1170_freertos_qt/platform/platform/boards/nxp/mimxrt1170-evkb-freertos/vglitesupport.cpp:635:13:drawLinearGradient	200	static
/home/stvsl/Documents/DOTRUST/PortingTest/imxrt1170_freertos_qt/platform/platform/boards/nxp/mimxrt1170-evkb-freertos/vglitedrawingengine.cpp:158:6:blendPath	48	static
