/home/stvsl/Qt/QtMCUs/2.7.0/include/platforminterface/private/line.h:116:11:length	8	static
/home/stvsl/Qt/QtMCUs/2.7.0/include/platforminterface/private/line.h:149:10:translate	0	static
/home/stvsl/Qt/QtMCUs/2.7.0/src/platforminterface/drawingdevice.cpp:168:9:bytesPerLine	0	static
/home/stvsl/Qt/QtMCUs/2.7.0/src/platforminterface/drawingdevice.cpp:232:8:bits	0	static
/home/stvsl/Qt/QtMCUs/2.7.0/src/platforminterface/error.cpp:28:10:errorCodeToRange	0	static
/home/stvsl/Qt/QtMCUs/2.7.0/src/platforminterface/memoryallocator.cpp:165:6:acquire	0	static
/home/stvsl/Qt/QtMCUs/2.7.0/src/platforminterface/memoryallocator.cpp:185:6:release	0	static
/home/stvsl/Qt/QtMCUs/2.7.0/include/qul/private/global.h:254:75:qFuzzyCompare	8	static
/home/stvsl/Qt/QtMCUs/2.7.0/include/platforminterface/rect.h:730:15:center	24	static
/home/stvsl/Qt/QtMCUs/2.7.0/include/platforminterface/private/bezier.h:49:19:fromQuadratic	16	static
/home/stvsl/Qt/QtMCUs/2.7.0/include/platforminterface/private/bezier.h:56:17:coefficients	0	static
/home/stvsl/Qt/QtMCUs/2.7.0/include/platforminterface/private/bezier.h:77:17:parameterSplitLeft	0	static
/home/stvsl/Qt/QtMCUs/2.7.0/src/platforminterface/pathdatastroker.cpp:48:7:qDegreesToRadians	0	static
/home/stvsl/Qt/QtMCUs/2.7.0/src/platforminterface/pathdatastroker.cpp:348:6:hasNext	0	static
/home/stvsl/.mcuxpressotools/arm-gnu-toolchain-12.3.rel1-x86_64-arm-none-eabi/arm-none-eabi/include/c++/12.3.1/bits/stl_pair.h:741:5:make_pair	48	static
/home/stvsl/Qt/QtMCUs/2.7.0/src/platforminterface/pathdatastroker.cpp:936:6:emitLineTo	8	static
/home/stvsl/Qt/QtMCUs/2.7.0/src/platforminterface/pathdatastroker.cpp:950:6:emitMoveTo	8	static
/home/stvsl/Qt/QtMCUs/2.7.0/src/platforminterface/drawingengine.cpp:846:6:synchronizeForCpuAccess	0	static
/home/stvsl/Qt/QtMCUs/2.7.0/src/platforminterface/drawingengine.cpp:903:6:setStrokeProperties	0	static
/home/stvsl/Qt/QtMCUs/2.7.0/src/platforminterface/drawingengine.cpp:1083:6:init16bppFallbackRenderer	0	static
/home/stvsl/Qt/QtMCUs/2.7.0/src/platforminterface/drawingengine.cpp:1095:6:init32bppFallbackRenderer	0	static
/home/stvsl/Qt/QtMCUs/2.7.0/src/platforminterface/drawingengine.cpp:1101:40:get8bppFallbackRenderer	0	static
/home/stvsl/Qt/QtMCUs/2.7.0/src/platforminterface/drawingengine.cpp:1106:40:get16bppFallbackRenderer	0	static
/home/stvsl/Qt/QtMCUs/2.7.0/src/platforminterface/drawingengine.cpp:1111:40:get24bppFallbackRenderer	0	static
/home/stvsl/Qt/QtMCUs/2.7.0/src/platforminterface/drawingengine.cpp:1116:40:get32bppFallbackRenderer	0	static
/home/stvsl/.mcuxpressotools/arm-gnu-toolchain-12.3.rel1-x86_64-arm-none-eabi/arm-none-eabi/include/c++/12.3.1/bits/stl_uninitialized.h:344:5:__uninitialized_copy_a	0	static
/home/stvsl/.mcuxpressotools/arm-gnu-toolchain-12.3.rel1-x86_64-arm-none-eabi/arm-none-eabi/include/c++/12.3.1/bits/stl_uninitialized.h:391:5:__uninitialized_move_if_noexcept_a	8	static
/home/stvsl/.mcuxpressotools/arm-gnu-toolchain-12.3.rel1-x86_64-arm-none-eabi/arm-none-eabi/include/c++/12.3.1/bits/stl_uninitialized.h:741:5:__uninitialized_default_n_a	0	static
/home/stvsl/Qt/QtMCUs/2.7.0/include/qul/private/global.h:254:75:qFuzzyCompare	8	static
/home/stvsl/Qt/QtMCUs/2.7.0/include/platforminterface/transform.h:288:18:determinant	0	static
/home/stvsl/Qt/QtMCUs/2.7.0/src/platforminterface/printf.c:135:20:_out_buffer	0	static
/home/stvsl/Qt/QtMCUs/2.7.0/src/platforminterface/printf.c:144:20:_out_null	0	static
/home/stvsl/Qt/QtMCUs/2.7.0/src/platforminterface/printf.c:190:21:_atoi	0	static
/home/stvsl/Qt/QtMCUs/2.7.0/src/platforminterface/printf.c:201:15:_out_rev	48	static
/home/stvsl/Qt/QtMCUs/2.7.0/src/platforminterface/printf.c:230:15:_ntoa_format	48	static
/home/stvsl/Qt/QtMCUs/2.7.0/src/platforminterface/printf.c:284:15:_ntoa_long	88	static
/home/stvsl/Qt/QtMCUs/2.7.0/src/platforminterface/printf.c:309:15:_ntoa_long_long	120	static
/home/stvsl/Qt/QtMCUs/2.7.0/src/platforminterface/printf.c:472:15:_etoa	72	static
/home/stvsl/Qt/QtMCUs/2.7.0/src/platforminterface/printf.c:341:15:_ftoa	88	static
/home/stvsl/Qt/QtMCUs/2.7.0/src/platforminterface/printf.c:589:12:_vsnprintf	104	static
/home/stvsl/Qt/QtMCUs/2.7.0/src/platforminterface/printf.c:916:5:vprintf_	24	static
/home/stvsl/Qt/QtMCUs/2.7.0/src/platforminterface/arc.cpp:42:13:pathArcSegment	88	static
/home/stvsl/Qt/QtMCUs/2.7.0/src/platforminterface/pathdatastroker.cpp:53:7:qt_t_for_arc_angle	24	static
/home/stvsl/Qt/QtMCUs/2.7.0/include/platforminterface/private/line.h:80:19:intersects	200	static
/home/stvsl/Qt/QtMCUs/2.7.0/include/platforminterface/private/line.h:136:11:angle	16	static
/home/stvsl/Qt/QtMCUs/2.7.0/include/platforminterface/private/line.h:123:11:angleTo	16	static
/home/stvsl/Qt/QtMCUs/2.7.0/src/platforminterface/pathdatastroker.cpp:43:7:adapted_angle_on_x	24	static
/home/stvsl/Qt/QtMCUs/2.7.0/include/platforminterface/private/bezier.h:95:12:bezierOnInterval	88	static
/home/stvsl/Qt/QtMCUs/2.7.0/src/platforminterface/pathdatastroker.cpp:964:6:emitCubicTo	32	static
/home/stvsl/Qt/QtMCUs/2.7.0/src/platforminterface/transform.cpp:562:13:mapMinMax	40	static
/home/stvsl/Qt/QtMCUs/2.7.0/src/platforminterface/memoryallocator.cpp:106:7:allocate	8	static
/home/stvsl/Qt/QtMCUs/2.7.0/src/platforminterface/memoryallocator.cpp:128:7:reallocate	8	static
/home/stvsl/Qt/QtMCUs/2.7.0/src/platforminterface/memoryallocator.cpp:143:6:free	8	static
/home/stvsl/Qt/QtMCUs/2.7.0/include/platforminterface/allocator.h:159:13:qul_delete	8	static
/home/stvsl/Qt/QtMCUs/2.7.0/src/platforminterface/pathdatastroker.cpp:84:6:qt_find_ellipse_coords	128	static
/home/stvsl/Qt/QtMCUs/2.7.0/src/platforminterface/pathdatastroker.cpp:367:27:fromTo	80	static
/home/stvsl/Qt/QtMCUs/2.7.0/include/platforminterface/rect.h:939:13:toRect	40	static
/home/stvsl/.mcuxpressotools/arm-gnu-toolchain-12.3.rel1-x86_64-arm-none-eabi/arm-none-eabi/include/c++/12.3.1/bits/stl_vector.h:1276:7:push_back	8	static
/home/stvsl/Qt/QtMCUs/2.7.0/src/platforminterface/pathdatastroker.cpp:1061:6:lineTo	24	static
/home/stvsl/Qt/QtMCUs/2.7.0/src/platforminterface/pathdatastroker.cpp:1074:6:moveTo	24	static
/home/stvsl/Qt/QtMCUs/2.7.0/src/platforminterface/pathdatastroker.cpp:1089:6:cubicTo	40	static
/home/stvsl/Qt/QtMCUs/2.7.0/src/platforminterface/pathdatastroker.cpp:1108:6:arcTo	40	static
/home/stvsl/.mcuxpressotools/arm-gnu-toolchain-12.3.rel1-x86_64-arm-none-eabi/arm-none-eabi/include/c++/12.3.1/bits/stl_vector.h:1928:7:_M_erase_at_end	0	static
/home/stvsl/.mcuxpressotools/arm-gnu-toolchain-12.3.rel1-x86_64-arm-none-eabi/arm-none-eabi/include/c++/12.3.1/bits/stl_vector.h:1928:7:_M_erase_at_end	0	static
/home/stvsl/Qt/QtMCUs/2.7.0/src/platforminterface/pathdatastroker.cpp:1031:6:beginStroke	8	static
/home/stvsl/Qt/QtMCUs/2.7.0/src/graphics/blendhelper.h:292:13:rectFill_argb32	40	static
/home/stvsl/Qt/QtMCUs/2.7.0/src/graphics/blendhelper.h:299:13:rectFill_rgb565	40	static
/home/stvsl/Qt/QtMCUs/2.7.0/src/graphics/blendhelper.h:306:13:rectFill_argb4444_premultiplied	40	static
/home/stvsl/Qt/QtMCUs/2.7.0/src/graphics/blendhelper.h:333:13:rectBlend_rgb32	40	static
/home/stvsl/Qt/QtMCUs/2.7.0/src/platforminterface/drawingengine.cpp:241:6:blendRect	8	static
/home/stvsl/Qt/QtMCUs/2.7.0/src/graphics/blendhelper.h:340:13:rectBlend_rgb565	40	static
/home/stvsl/Qt/QtMCUs/2.7.0/src/graphics/blendhelper.h:347:13:rectBlend_argb4444_premultiplied	40	static
/home/stvsl/.mcuxpressotools/arm-gnu-toolchain-12.3.rel1-x86_64-arm-none-eabi/arm-none-eabi/include/c++/12.3.1/bits/stl_vector.h:1928:7:_M_erase_at_end	0	static
/home/stvsl/.mcuxpressotools/arm-gnu-toolchain-12.3.rel1-x86_64-arm-none-eabi/arm-none-eabi/include/c++/12.3.1/bits/stl_vector.h:1891:7:_M_check_len	24	static
/home/stvsl/.mcuxpressotools/arm-gnu-toolchain-12.3.rel1-x86_64-arm-none-eabi/arm-none-eabi/include/c++/12.3.1/bits/stl_vector.h:1611:2:_M_allocate_and_copy	24	static
/home/stvsl/.mcuxpressotools/arm-gnu-toolchain-12.3.rel1-x86_64-arm-none-eabi/arm-none-eabi/include/c++/12.3.1/bits/vector.tcc:67:5:reserve	24	static
/home/stvsl/.mcuxpressotools/arm-gnu-toolchain-12.3.rel1-x86_64-arm-none-eabi/arm-none-eabi/include/c++/12.3.1/bits/vector.tcc:439:7:_M_realloc_insert	40	static
/home/stvsl/.mcuxpressotools/arm-gnu-toolchain-12.3.rel1-x86_64-arm-none-eabi/arm-none-eabi/include/c++/12.3.1/bits/stl_vector.h:1276:7:push_back	8	static
/home/stvsl/.mcuxpressotools/arm-gnu-toolchain-12.3.rel1-x86_64-arm-none-eabi/arm-none-eabi/include/c++/12.3.1/bits/vector.tcc:628:5:_M_default_append	40	static
/home/stvsl/.mcuxpressotools/arm-gnu-toolchain-12.3.rel1-x86_64-arm-none-eabi/arm-none-eabi/include/c++/12.3.1/bits/stl_vector.h:1008:7:resize	8	static
/home/stvsl/Qt/QtMCUs/2.7.0/src/platforminterface/printf.c:151:20:_out_char	8	static
/home/stvsl/Qt/QtMCUs/2.7.0/include/platforminterface/allocator.h:103:11:qul_new	16	static
/home/stvsl/Qt/QtMCUs/2.7.0/src/platforminterface/drawingengine.cpp:874:22:allocatePath	16	static
/home/stvsl/Qt/QtMCUs/2.7.0/src/graphics/imagedecodepng.cpp:35:8:pngDecode	16	static
/home/stvsl/Qt/QtMCUs/2.7.0/src/platforminterface/drawingdevice.cpp:104:13:format	0	static
/home/stvsl/Qt/QtMCUs/2.7.0/src/platforminterface/drawingdevice.cpp:112:13:size	0	static
/home/stvsl/Qt/QtMCUs/2.7.0/src/platforminterface/drawingengine.cpp:169:6:blendTransformedImage	64	static
/home/stvsl/Qt/QtMCUs/2.7.0/src/platforminterface/drawingengine.cpp:193:6:blendTransformedAlphaMap	64	static
/home/stvsl/Qt/QtMCUs/2.7.0/src/platforminterface/drawingdevice.cpp:120:9:width	0	static
/home/stvsl/Qt/QtMCUs/2.7.0/src/platforminterface/drawingdevice.cpp:128:9:height	0	static
/home/stvsl/Qt/QtMCUs/2.7.0/src/platforminterface/drawingdevice.cpp:140:9:bitsPerPixel	0	static
/home/stvsl/Qt/QtMCUs/2.7.0/src/platforminterface/drawingengine.cpp:249:6:blendRoundedRect	24	static
/home/stvsl/Qt/QtMCUs/2.7.0/src/platforminterface/drawingdevice.cpp:176:16:drawingEngine	0	static
/home/stvsl/Qt/QtMCUs/2.7.0/src/platforminterface/drawingdevice.cpp:184:16:fallbackDrawingEngine	0	static
/home/stvsl/Qt/QtMCUs/2.7.0/src/platforminterface/drawingdevice.cpp:245:6:setBits	0	static
/home/stvsl/Qt/QtMCUs/2.7.0/src/platforminterface/pathdata.cpp:30:1:__ct_base 	0	static
/home/stvsl/Qt/QtMCUs/2.7.0/src/platforminterface/pathdata.cpp:47:1:__ct_base 	0	static
/home/stvsl/Qt/QtMCUs/2.7.0/include/platforminterface/allocator.h:103:11:qul_new	32	static
/home/stvsl/Qt/QtMCUs/2.7.0/include/platforminterface/point.h:351:13:operator==	16	static
/home/stvsl/Qt/QtMCUs/2.7.0/include/platforminterface/private/bezier.h:118:14:startTangent	280	static
/home/stvsl/Qt/QtMCUs/2.7.0/include/platforminterface/private/line.h:61:11:normalVector	88	static
/home/stvsl/Qt/QtMCUs/2.7.0/src/platforminterface/pathdatastroker.cpp:500:1:__ct_base 	0	static
/home/stvsl/Qt/QtMCUs/2.7.0/src/platforminterface/pathdatastroker.cpp:515:6:setStrokeProperties	0	static
/home/stvsl/Qt/QtMCUs/2.7.0/src/platforminterface/pathdatastroker.cpp:1009:1:__ct_base 	8	static
/home/stvsl/Qt/QtMCUs/2.7.0/src/platforminterface/pathdatastroker.cpp:1021:17:getPath	0	static
/home/stvsl/Qt/QtMCUs/2.7.0/src/platforminterface/platforminterface.cpp:311:6:init16bppRendering	8	static
/home/stvsl/Qt/QtMCUs/2.7.0/src/platforminterface/platforminterface.cpp:351:6:init32bppRendering	8	static
/home/stvsl/Qt/QtMCUs/2.7.0/src/platforminterface/rect.cpp:754:6:contains	4	static
/home/stvsl/Qt/QtMCUs/2.7.0/src/platforminterface/rect.cpp:903:6:intersects	12	static
/home/stvsl/Qt/QtMCUs/2.7.0/src/platforminterface/rect.cpp:966:6:operator|	56	static
/home/stvsl/Qt/QtMCUs/2.7.0/src/platforminterface/rect.cpp:1017:6:operator&	64	static
/home/stvsl/Qt/QtMCUs/2.7.0/src/platforminterface/drawingengine.cpp:1018:6:blendSimpleGradient	3280	static
/home/stvsl/Qt/QtMCUs/2.7.0/src/platforminterface/rect.cpp:1683:6:contains	24	static
/home/stvsl/Qt/QtMCUs/2.7.0/src/platforminterface/rect.cpp:2054:6:toAlignedRect	4	static
/home/stvsl/Qt/QtMCUs/2.7.0/src/platforminterface/drawingengine.cpp:51:1:__ct_base 	0	static
/home/stvsl/Qt/QtMCUs/2.7.0/src/platforminterface/drawingengine.cpp:55:6:addStop	24	static
/home/stvsl/Qt/QtMCUs/2.7.0/src/platforminterface/drawingengine.cpp:87:21:stops	0	static
/home/stvsl/Qt/QtMCUs/2.7.0/src/platforminterface/drawingengine.cpp:95:8:size	0	static
/home/stvsl/Qt/QtMCUs/2.7.0/src/platforminterface/transform.cpp:334:12:rotate	24	static
/home/stvsl/Qt/QtMCUs/2.7.0/src/platforminterface/transform.cpp:433:11:fromRotation	24	static
/home/stvsl/Qt/QtMCUs/2.7.0/src/platforminterface/transform.cpp:492:11:inverted	56	static
/home/stvsl/Qt/QtMCUs/2.7.0/src/platforminterface/transform.cpp:606:26:mapArbitrary	112	static
/home/stvsl/Qt/QtMCUs/2.7.0/src/platforminterface/transform.cpp:654:17:optimize	8	static
/home/stvsl/Qt/QtMCUs/2.7.0/src/platforminterface/log.cpp:64:5:log	16	static
/home/stvsl/Qt/QtMCUs/2.7.0/include/platforminterface/private/line.h:63:11:unitVector	80	static
/home/stvsl/Qt/QtMCUs/2.7.0/include/platforminterface/private/line.h:110:10:setLength	40	static
/home/stvsl/Qt/QtMCUs/2.7.0/src/platforminterface/arc.cpp:168:6:pathArcParameters	160	static
/home/stvsl/Qt/QtMCUs/2.7.0/src/platforminterface/arc.cpp:107:6:pathArcToBeziers	96	static
/home/stvsl/Qt/QtMCUs/2.7.0/src/platforminterface/pathdatastroker.cpp:650:13:offsetTangent	40	static
/home/stvsl/Qt/QtMCUs/2.7.0/src/platforminterface/error.cpp:123:6:error	40	static
/home/stvsl/Qt/QtMCUs/2.7.0/src/platforminterface/drawingdevice.cpp:73:1:__ct_base 	24	static
/home/stvsl/Qt/QtMCUs/2.7.0/src/platforminterface/drawingdevice.cpp:194:8:scanLine	24	static
/home/stvsl/Qt/QtMCUs/2.7.0/src/platforminterface/drawingdevice.cpp:205:18:pixelDataAt	32	static
/home/stvsl/Qt/QtMCUs/2.7.0/src/platforminterface/pathdatastroker.cpp:125:8:qt_curves_for_arc	408	static
/home/stvsl/Qt/QtMCUs/2.7.0/src/platforminterface/pathdatastroker.cpp:822:6:joinPoints	608	static
/home/stvsl/Qt/QtMCUs/2.7.0/src/platforminterface/pathdatastroker.cpp:241:59:join_style_to_stoker	16	static
/home/stvsl/Qt/QtMCUs/2.7.0/src/platforminterface/pathdatastroker.cpp:256:59:cap_style_to_stroker	16	static
/home/stvsl/Qt/QtMCUs/2.7.0/src/platforminterface/pathdatastroker.cpp:657:6:processSimpleLine	48	static
/home/stvsl/Qt/QtMCUs/2.7.0/src/platforminterface/pathdatastroker.cpp:689:6:processBezier	904	static
/home/stvsl/Qt/QtMCUs/2.7.0/src/platforminterface/pathdatastroker.cpp:722:6:handleCubicTo	56	static
/home/stvsl/Qt/QtMCUs/2.7.0/src/platforminterface/pathdatastroker.cpp:732:6:processArc	280	static
/home/stvsl/Qt/QtMCUs/2.7.0/src/platforminterface/pathdatastroker.cpp:294:41:type	16	static
/home/stvsl/Qt/QtMCUs/2.7.0/include/platforminterface/pathdatastroker.h:103:16:controlPoint	40	static
/home/stvsl/Qt/QtMCUs/2.7.0/include/platforminterface/pathdatastroker.h:111:15:xRadius	16	static
/home/stvsl/Qt/QtMCUs/2.7.0/include/platforminterface/pathdatastroker.h:117:15:yRadius	16	static
/home/stvsl/Qt/QtMCUs/2.7.0/include/platforminterface/pathdatastroker.h:123:15:rotation	16	static
/home/stvsl/Qt/QtMCUs/2.7.0/src/platforminterface/pathdatastroker.cpp:323:6:isLargeArcSegment	16	static
/home/stvsl/Qt/QtMCUs/2.7.0/src/platforminterface/pathdatastroker.cpp:335:6:isClockwiseArcSegment	16	static
/home/stvsl/Qt/QtMCUs/2.7.0/src/platforminterface/pathdatastroker.cpp:318:26:arcData	32	static
/home/stvsl/Qt/QtMCUs/2.7.0/src/platforminterface/pathdatastroker.cpp:355:6:next	16	static
/home/stvsl/Qt/QtMCUs/2.7.0/src/platforminterface/pathdatastroker.cpp:388:27:controlPoints	64	static
/home/stvsl/Qt/QtMCUs/2.7.0/src/platforminterface/pathdatastroker.cpp:596:6:processPathData	184	static
/home/stvsl/Qt/QtMCUs/2.7.0/src/platforminterface/pathdatastroker.cpp:532:6:stroke	152	static
/home/stvsl/Qt/QtMCUs/2.7.0/src/platforminterface/pathdatastroker.cpp:1045:6:endStroke	32	static
/home/stvsl/Qt/QtMCUs/2.7.0/include/qul/private/array.h:124:15:emplace	24	static
/home/stvsl/Qt/QtMCUs/2.7.0/src/platforminterface/platforminterface.cpp:75:6:handleTouchEvent	168	static
/home/stvsl/Qt/QtMCUs/2.7.0/include/platforminterface/texture.h:94:22:pixelData	32	static
/home/stvsl/Qt/QtMCUs/2.7.0/src/graphics/blendfunctions.h:152:1:blend_rgb32_on_rgb32	56	static
/home/stvsl/Qt/QtMCUs/2.7.0/src/graphics/blendfunctions.h:153:1:blend_argb32_on_argb32	56	static
/home/stvsl/Qt/QtMCUs/2.7.0/src/graphics/blendfunctions.h:154:1:blend_rgb32_on_rgb16	56	static
/home/stvsl/Qt/QtMCUs/2.7.0/src/graphics/blendfunctions.h:155:1:blend_rgb16_on_argb32	56	static
/home/stvsl/Qt/QtMCUs/2.7.0/src/graphics/blendfunctions.h:156:1:blend_argb16_on_argb32	56	static
/home/stvsl/Qt/QtMCUs/2.7.0/src/graphics/blendfunctions.h:157:1:blend_rgb8_on_argb32	56	static
/home/stvsl/Qt/QtMCUs/2.7.0/src/graphics/blendfunctions.h:170:1:blend_rgb16_on_rgb16	56	static
/home/stvsl/Qt/QtMCUs/2.7.0/src/graphics/blendfunctions.h:171:1:blend_argb32_on_rgb16	56	static
/home/stvsl/Qt/QtMCUs/2.7.0/src/graphics/blendfunctions.h:172:1:blend_argb16_on_rgb16	56	static
/home/stvsl/Qt/QtMCUs/2.7.0/src/graphics/blendfunctions.h:173:1:blend_rgb8_on_rgb16	56	static
/home/stvsl/Qt/QtMCUs/2.7.0/src/graphics/blendfunctions.h:179:1:blend_rgb32_on_argb16	56	static
/home/stvsl/Qt/QtMCUs/2.7.0/src/graphics/blendfunctions.h:180:1:blend_rgb16_on_argb16	56	static
/home/stvsl/Qt/QtMCUs/2.7.0/src/graphics/blendfunctions.h:181:1:blend_argb16_on_argb16	56	static
/home/stvsl/Qt/QtMCUs/2.7.0/src/graphics/blendfunctions.h:182:1:blend_argb32_on_argb16	56	static
/home/stvsl/Qt/QtMCUs/2.7.0/src/graphics/blendfunctions.h:183:1:blend_rgb8_on_argb16	56	static
/home/stvsl/Qt/QtMCUs/2.7.0/src/graphics/blendhelper.h:375:13:alphamapblend_rgb32	72	static
/home/stvsl/Qt/QtMCUs/2.7.0/src/graphics/blendhelper.h:375:13:alphamapblend_rgb32	72	static
/home/stvsl/Qt/QtMCUs/2.7.0/src/platforminterface/drawingengine.cpp:301:6:blendAlphaMap	16	static
/home/stvsl/Qt/QtMCUs/2.7.0/src/graphics/blendhelper.h:411:13:alphamapblend_rgb565	72	static
/home/stvsl/Qt/QtMCUs/2.7.0/src/graphics/blendhelper.h:429:13:alphamapblend_argb4444_premultiplied	72	static
/home/stvsl/Qt/QtMCUs/2.7.0/src/graphics/blendhelper.h:411:13:alphamapblend_rgb565	72	static
/home/stvsl/Qt/QtMCUs/2.7.0/src/graphics/blendhelper.h:429:13:alphamapblend_argb4444_premultiplied	72	static
/home/stvsl/Qt/QtMCUs/2.7.0/include/platforminterface/drawingengine.h:127:12:color	16	static
/home/stvsl/Qt/QtMCUs/2.7.0/include/platforminterface/drawingengine.h:133:27:linearGradient	16	static
/home/stvsl/Qt/QtMCUs/2.7.0/src/platforminterface/drawingengine.cpp:936:6:blendPath	208	static
/home/stvsl/Qt/QtMCUs/2.7.0/src/graphics/blendfunctions.h:47:12:bppForRleFormat	16	static
/home/stvsl/Qt/QtMCUs/2.7.0/src/graphics/blendfunctions.h:159:1:blend_rle_rgb888_on_rgb32	56	static
/home/stvsl/Qt/QtMCUs/2.7.0/src/graphics/blendfunctions.h:160:1:blend_rle_argb32_on_argb32	56	static
/home/stvsl/Qt/QtMCUs/2.7.0/src/graphics/blendfunctions.h:161:1:blend_rle_argb32_on_argb16	56	static
/home/stvsl/Qt/QtMCUs/2.7.0/src/graphics/blendfunctions.h:162:1:blend_rle_argb32_on_rgb16	56	static
/home/stvsl/Qt/QtMCUs/2.7.0/src/graphics/blendfunctions.h:163:1:blend_rle_rgb888_on_argb16	56	static
/home/stvsl/Qt/QtMCUs/2.7.0/src/graphics/blendfunctions.h:164:1:blend_rle_rgb888_on_rgb16	56	static
/home/stvsl/Qt/QtMCUs/2.7.0/src/platforminterface/drawingengine.cpp:264:6:blendImage	16	static
/home/stvsl/Qt/QtMCUs/2.7.0/src/platforminterface/drawingengine.cpp:445:6:blendRect	32	static
/home/stvsl/Qt/QtMCUs/2.7.0/src/platforminterface/drawingengine.cpp:466:6:blendRoundedRect	24	static
/home/stvsl/Qt/QtMCUs/2.7.0/src/platforminterface/drawingengine.cpp:486:6:blendImage	24	static
/home/stvsl/Qt/QtMCUs/2.7.0/src/platforminterface/drawingengine.cpp:545:6:blendAlphaMap	24	static
/home/stvsl/Qt/QtMCUs/2.7.0/src/platforminterface/drawingengine.cpp:698:6:blendRect	32	static
/home/stvsl/Qt/QtMCUs/2.7.0/src/platforminterface/drawingengine.cpp:720:6:blendRoundedRect	48	static
/home/stvsl/Qt/QtMCUs/2.7.0/src/platforminterface/drawingengine.cpp:737:6:blendImage	64	static
/home/stvsl/Qt/QtMCUs/2.7.0/src/platforminterface/drawingengine.cpp:757:6:blendAlphaMap	64	static
/home/stvsl/Qt/QtMCUs/2.7.0/src/platforminterface/drawingengine.cpp:780:6:blendTransformedImage	80	static
/home/stvsl/Qt/QtMCUs/2.7.0/src/platforminterface/drawingengine.cpp:817:6:blendTransformedAlphaMap	72	static
/home/stvsl/Qt/QtMCUs/2.7.0/src/platforminterface/printf.c:923:5:vsnprintf_	16	static
/home/stvsl/Qt/QtMCUs/2.7.0/src/platforminterface/rect.cpp:1917:7:operator&	216	static
