/home/stvsl/Downloads/SDK_2_15_100_MIMXRT1170-EVK_ALL_TOOLCHAN/devices/MIMXRT1176/drivers/fsl_lpi2c.c:286:10:LPI2C_MasterCheckAndClearError.constprop	0	static
/home/stvsl/.mcuxpressotools/arm-gnu-toolchain-12.3.rel1-x86_64-arm-none-eabi/arm-none-eabi/include/c++/12.3.1/bits/stl_tree.h:2459:7:_M_emplace_hint_unique.constprop	32	static
/home/stvsl/Qt/QtMCUs/2.7.1/src/3rdparty/lodepng/lodepng.cpp:3002:12:lodepng_color_mode_equal	0	static
/home/stvsl/Qt/QtMCUs/2.7.1/src/3rdparty/lodepng/lodepng.cpp:3408:13:color_tree_cleanup	80	static
/home/stvsl/Qt/QtMCUs/2.7.1/src/3rdparty/lodepng/lodepng.cpp:4292:13:Adam7_getpassvalues	56	static
/home/stvsl/Qt/QtMCUs/2.7.1/src/3rdparty/lodepng/lodepng.cpp:4422:17:unfilterScanline	136	static
/home/stvsl/Qt/QtMCUs/2.7.1/src/3rdparty/lodepng/lodepng.cpp:4694:13:removePaddingBits	56	static
/home/stvsl/Qt/QtMCUs/2.7.1/src/3rdparty/freetype/ftgrays.c:1700:12:gray_convert_glyph_inner.constprop	144	static
/home/stvsl/Qt/QtMCUs/2.7.1/src/platforminterface/gradient.cpp:55:6:generateGradientColorTable.constprop	96	static
/home/stvsl/Qt/QtMCUs/2.7.1/src/graphics/vg_softwarerasterizer/freetyperasterizer.cpp:406:6:blendPath_impl.constprop	1248	static
/home/stvsl/Downloads/SDK_2_15_100_MIMXRT1170-EVK_ALL_TOOLCHAN/devices/MIMXRT1176/drivers/fsl_lpi2c.c:1018:10:LPI2C_MasterTransferBlocking.constprop	40	static
/home/stvsl/Documents/DOTRUST/PortingTest/imxrt1170_freertos_qt/platform/platform/boards/nxp/mimxrt1170-evkb-freertos/vglitesupport.cpp:268:6:blendTexture.constprop	80	static
/home/stvsl/Downloads/SDK_2_15_100_MIMXRT1170-EVK_ALL_TOOLCHAN/middleware/vglite/VGLite/vg_lite.c:5830:24:set_interpolation_steps.constprop	144	static
/home/stvsl/Documents/DOTRUST/PortingTest/imxrt1170_freertos_qt/platform/platform/boards/nxp/mimxrt1170-evkb-freertos/vglitesupport.cpp:189:6:blendTransformed.constprop	176	static
/home/stvsl/Qt/QtMCUs/2.7.1/src/graphics/rasterizer.cpp:183:6:rasterizeLine.constprop	2408	static
/home/stvsl/Qt/QtMCUs/2.7.1/src/platforminterface/private/bezier.cpp:236:5:shifted.constprop	432	static
/home/stvsl/Qt/QtMCUs/2.7.1/src/platforminterface/pathdatastroker.cpp:822:6:joinPoints.constprop	320	static
/home/stvsl/Qt/QtMCUs/2.7.1/src/platforminterface/pathdatastroker.cpp:689:6:processBezier.constprop	656	static
/home/stvsl/Qt/QtMCUs/2.7.1/src/platforminterface/pathdatastroker.cpp:596:6:processPathData.constprop	168	static
/home/stvsl/Qt/QtMCUs/2.7.1/src/platforminterface/pathdatastroker.cpp:822:6:joinPoints.constprop	272	static
/home/stvsl/Qt/QtMCUs/2.7.1/src/platforminterface/pathdatastroker.cpp:596:6:processPathData.constprop	168	static
/home/stvsl/Qt/QtMCUs/2.7.1/src/core/flickable.cpp:503:6:flick.constprop	88	static
