/home/stvsl/Qt/QtMCUs/2.7.0/include/qul/private/region.h:235:11:sortNodes	32	static
/home/stvsl/Qt/QtMCUs/2.7.0/src/core/staticscreenrotationhelpers.cpp:30:6:isScreenSizeAdjustmentRequiredByStaticScreenRotation	0	static
/home/stvsl/Qt/QtMCUs/2.7.0/src/core/staticscreenrotationhelpers.cpp:196:6:isDisplayRotationAngleValid	0	static
/home/stvsl/Qt/QtMCUs/2.7.0/src/core/staticscreenrotationhelpers.cpp:207:6:isScreenSizeAdjustmentApplicableForValuesFromQML	8	static
/home/stvsl/Qt/QtMCUs/2.7.0/src/core/staticscreenrotationhelpers.cpp:213:6:isScreenSizeAdjustmentApplicableForPlatformScreenOnDesktop	8	static
/home/stvsl/Qt/QtMCUs/2.7.0/include/platforminterface/rect.h:829:14:translated	48	static
/home/stvsl/Qt/QtMCUs/2.7.0/include/qul/private/alphamap.h:85:30:contentOffset	16	static
/home/stvsl/Qt/QtMCUs/2.7.0/include/qul/private/texture.h:62:13:hasAlpha	0	static
/home/stvsl/Qt/QtMCUs/2.7.0/src/graphics/graphicsdevice.cpp:231:34:getPixel	4	static
/home/stvsl/Qt/QtMCUs/2.7.0/include/platform/private/fixedsizeblockheap.h:126:9:findFreeDynamicAssetBlockRange	0	static
/home/stvsl/Qt/QtMCUs/2.7.0/include/platform/private/fixedsizeblockheap.h:55:11:allocate	16	static
/home/stvsl/Qt/QtMCUs/2.7.0/src/graphics/resourcecache.cpp:38:8:textureDataSize	0	static
/home/stvsl/Qt/QtMCUs/2.7.0/src/graphics/resourcecache.cpp:84:8:calculateMemoryPoolSize	0	static
/home/stvsl/Qt/QtMCUs/2.7.0/src/graphics/resourcecache.cpp:163:22:find	0	static
/home/stvsl/Qt/QtMCUs/2.7.0/src/graphics/resourcecache.cpp:317:6:push_back	0	static
/home/stvsl/Qt/QtMCUs/2.7.0/include/platform/private/fixedsizeblockallocator.h:41:11:allocate	8	static
/home/stvsl/Qt/QtMCUs/2.7.0/include/qul/private/rendertree.h:321:17:isOpaque	0	static
/home/stvsl/Qt/QtMCUs/2.7.0/src/graphics/rendertree.cpp:1166:12:align	0	static
/home/stvsl/Qt/QtMCUs/2.7.0/src/graphics/rendertree.cpp:1235:11:getNodeOffset	0	static
/home/stvsl/Qt/QtMCUs/2.7.0/src/graphics/rendertree.cpp:1235:11:getNodeOffset	0	static
/home/stvsl/Qt/QtMCUs/2.7.0/src/graphics/rendertree.cpp:1235:11:getNodeOffset	0	static
/home/stvsl/Qt/QtMCUs/2.7.0/src/graphics/rendertree.cpp:1235:11:getNodeOffset	0	static
/home/stvsl/Qt/QtMCUs/2.7.0/src/graphics/rendertree.cpp:1235:11:getNodeOffset	0	static
/home/stvsl/Qt/QtMCUs/2.7.0/src/graphics/rendertree.cpp:1235:11:getNodeOffset	0	static
/home/stvsl/Qt/QtMCUs/2.7.0/src/graphics/rendertree.cpp:1235:11:getNodeOffset	0	static
/home/stvsl/Qt/QtMCUs/2.7.0/src/graphics/rendertree.cpp:1235:11:getNodeOffset	0	static
/home/stvsl/Qt/QtMCUs/2.7.0/src/graphics/rendertree.cpp:1235:11:getNodeOffset	0	static
/home/stvsl/Qt/QtMCUs/2.7.0/src/graphics/rendertree.cpp:1235:11:getNodeOffset	0	static
/home/stvsl/Qt/QtMCUs/2.7.0/src/graphics/rendertree.cpp:1235:11:getNodeOffset	0	static
/home/stvsl/Qt/QtMCUs/2.7.0/src/graphics/rendertree.cpp:1235:11:getNodeOffset	0	static
/home/stvsl/Qt/QtMCUs/2.7.0/src/graphics/rendertree.cpp:1235:11:getNodeOffset	0	static
/home/stvsl/Qt/QtMCUs/2.7.0/src/graphics/rendertree.cpp:1235:11:getNodeOffset	0	static
/home/stvsl/Qt/QtMCUs/2.7.0/src/graphics/rendertree.cpp:1235:11:getNodeOffset	0	static
/home/stvsl/.mcuxpressotools/arm-gnu-toolchain-12.3.rel1-x86_64-arm-none-eabi/arm-none-eabi/include/c++/12.3.1/bits/alloc_traits.h:832:5:_Destroy	0	static
/home/stvsl/.mcuxpressotools/arm-gnu-toolchain-12.3.rel1-x86_64-arm-none-eabi/arm-none-eabi/include/c++/12.3.1/bits/stl_uninitialized.h:344:5:__uninitialized_copy_a	0	static
/home/stvsl/.mcuxpressotools/arm-gnu-toolchain-12.3.rel1-x86_64-arm-none-eabi/arm-none-eabi/include/c++/12.3.1/bits/stl_uninitialized.h:344:5:__uninitialized_copy_a	0	static
/home/stvsl/.mcuxpressotools/arm-gnu-toolchain-12.3.rel1-x86_64-arm-none-eabi/arm-none-eabi/include/c++/12.3.1/bits/stl_iterator.h:1353:5:__niter_base	0	static
/home/stvsl/.mcuxpressotools/arm-gnu-toolchain-12.3.rel1-x86_64-arm-none-eabi/arm-none-eabi/include/c++/12.3.1/bits/stl_iterator.h:1353:5:__niter_base	0	static
/home/stvsl/.mcuxpressotools/arm-gnu-toolchain-12.3.rel1-x86_64-arm-none-eabi/arm-none-eabi/include/c++/12.3.1/bits/stl_algobase.h:328:5:__niter_wrap	16	static
/home/stvsl/Qt/QtMCUs/2.7.0/src/graphics/rendertree.cpp:1436:1:__static_initialization_and_destruction_0	0	static
/home/stvsl/Qt/QtMCUs/2.7.0/src/graphics/graphicsdevice.cpp:540:6:blendPath	80	static
/home/stvsl/Qt/QtMCUs/2.7.0/src/graphics/graphicsdevice.cpp:136:25:clip	16	static
/home/stvsl/Qt/QtMCUs/2.7.0/src/graphics/graphicsdevice.cpp:151:6:blend	64	static
/home/stvsl/Qt/QtMCUs/2.7.0/src/graphics/graphicsdevice.cpp:505:6:blend	160	static
/home/stvsl/Qt/QtMCUs/2.7.0/src/graphics/graphicsdevice.cpp:498:7:opacityThreshold	8	static
/home/stvsl/Qt/QtMCUs/2.7.0/include/platforminterface/allocator.h:159:13:qul_delete	8	static
/home/stvsl/Qt/QtMCUs/2.7.0/include/platform/private/fixedsizeblockheap.h:41:5:__ct_base 	16	static
/home/stvsl/Qt/QtMCUs/2.7.0/include/platforminterface/allocator.h:103:11:qul_new	8	static
/home/stvsl/Qt/QtMCUs/2.7.0/src/graphics/rendertree.cpp:577:14:getZValue	8	static
/home/stvsl/Qt/QtMCUs/2.7.0/src/graphics/layermanager.cpp:42:6:fillBasicProperties	16	static
/home/stvsl/.mcuxpressotools/arm-gnu-toolchain-12.3.rel1-x86_64-arm-none-eabi/arm-none-eabi/include/c++/12.3.1/bits/stl_algobase.h:611:5:copy	16	static
/home/stvsl/.mcuxpressotools/arm-gnu-toolchain-12.3.rel1-x86_64-arm-none-eabi/arm-none-eabi/include/c++/12.3.1/bits/stl_algobase.h:527:5:__copy_move_a	24	static
/home/stvsl/.mcuxpressotools/arm-gnu-toolchain-12.3.rel1-x86_64-arm-none-eabi/arm-none-eabi/include/c++/12.3.1/bits/stl_algobase.h:611:5:copy	8	static
/home/stvsl/Qt/QtMCUs/2.7.0/src/core/staticscreenrotationhelpers.cpp:48:25:rotatedScreenDefaultApplicationSize	32	static
/home/stvsl/Qt/QtMCUs/2.7.0/src/core/staticscreenrotationhelpers.cpp:201:6:isDisplayRotationApplicable	8	static
/home/stvsl/Qt/QtMCUs/2.7.0/src/core/staticscreenrotationhelpers.cpp:35:25:rotatedScreenSize	32	static
/home/stvsl/Qt/QtMCUs/2.7.0/src/core/staticscreenrotationhelpers.cpp:61:25:mapRectToPhysicalScreen	48	static
/home/stvsl/Qt/QtMCUs/2.7.0/src/core/staticscreenrotationhelpers.cpp:90:25:mapRectToVirtualScreen	48	static
/home/stvsl/Qt/QtMCUs/2.7.0/src/core/staticscreenrotationhelpers.cpp:120:7:mapItemCoordinatesToPhysicalScreen	24	static
/home/stvsl/Qt/QtMCUs/2.7.0/src/graphics/rendertree.cpp:1005:23:renderCustomNode	48	static
/home/stvsl/Qt/QtMCUs/2.7.0/src/core/staticscreenrotationhelpers.cpp:141:7:mapItemCoordinatesToVirtualScreen	24	static
/home/stvsl/Qt/QtMCUs/2.7.0/src/core/staticscreenrotationhelpers.cpp:162:7:mapLayerCoordinatesToPhysicalScreen	24	static
/home/stvsl/Qt/QtMCUs/2.7.0/src/core/staticscreenrotationhelpers.cpp:185:25:rotatedSize	24	static
/home/stvsl/Qt/QtMCUs/2.7.0/src/graphics/rendertree.cpp:52:30:prepareTransformWithDisplayRotation	96	static
/home/stvsl/Qt/QtMCUs/2.7.0/src/core/staticscreenrotationhelpers.cpp:219:6:resizePlatformScreenWithValuesFromQML	24	static
/home/stvsl/Qt/QtMCUs/2.7.0/src/core/staticscreenrotationhelpers.cpp:231:6:adjustPlatformScreenSizeOnDesktop	48	static
/home/stvsl/Qt/QtMCUs/2.7.0/include/platforminterface/transform.h:66:15:preTranslated	64	static
/home/stvsl/Qt/QtMCUs/2.7.0/include/qul/private/alphamap.h:96:29:contentRect	32	static
/home/stvsl/Qt/QtMCUs/2.7.0/include/qul/private/texture.h:68:34:withAlpha	16	static
/home/stvsl/Qt/QtMCUs/2.7.0/src/graphics/graphicsdevice.cpp:58:5:bitsPerPixel	0	static
/home/stvsl/Qt/QtMCUs/2.7.0/src/graphics/graphicsdevice.cpp:141:6:blit	32	static
/home/stvsl/.mcuxpressotools/arm-gnu-toolchain-12.3.rel1-x86_64-arm-none-eabi/arm-none-eabi/include/c++/12.3.1/bits/alloc_traits.h:832:5:_Destroy	0	static
/home/stvsl/.mcuxpressotools/arm-gnu-toolchain-12.3.rel1-x86_64-arm-none-eabi/arm-none-eabi/include/c++/12.3.1/bits/stl_vector.h:728:7:__dt_base 	8	static
/home/stvsl/Qt/QtMCUs/2.7.0/src/graphics/resourcecache.cpp:210:5:index	0	static
/home/stvsl/Qt/QtMCUs/2.7.0/include/platform/private/fixedsizeblockallocator.h:35:5:__ct_base 	8	static
/home/stvsl/Qt/QtMCUs/2.7.0/include/platforminterface/allocator.h:103:11:qul_new	16	static
/home/stvsl/Qt/QtMCUs/2.7.0/src/graphics/rendertree.cpp:261:1:__dt_base 	8	static
/home/stvsl/Qt/QtMCUs/2.7.0/src/graphics/rendertree.cpp:452:1:__ct_base 	0	static
/home/stvsl/Qt/QtMCUs/2.7.0/src/graphics/rendertree.cpp:1239:18:item	8	static
/home/stvsl/Qt/QtMCUs/2.7.0/src/graphics/rendertree.cpp:1143:6:updateCache	16	static
/home/stvsl/Qt/QtMCUs/2.7.0/src/graphics/rendertree.cpp:1334:23:getTransform	8	static
/home/stvsl/Qt/QtMCUs/2.7.0/src/graphics/rendertree.cpp:1126:23:renderPaintedItemNode	176	static
/home/stvsl/Qt/QtMCUs/2.7.0/src/graphics/rendertree.cpp:1344:23:getTransform	8	static
/home/stvsl/Qt/QtMCUs/2.7.0/src/graphics/layermanager.cpp:49:34:getItemLayerProperties	40	static
/home/stvsl/Qt/QtMCUs/2.7.0/src/graphics/layermanager.cpp:64:35:getImageLayerProperties	32	static
/home/stvsl/Qt/QtMCUs/2.7.0/src/graphics/layermanager.cpp:77:36:getSpriteLayerProperties	40	static
/home/stvsl/Qt/QtMCUs/2.7.0/src/graphics/layermanager.cpp:90:18:getParentNode	8	static
/home/stvsl/Qt/QtMCUs/2.7.0/src/graphics/layermanager.cpp:102:27:getParentLayer	8	static
/home/stvsl/Qt/QtMCUs/2.7.0/src/graphics/rendertree.cpp:1319:23:getTransform	8	static
/home/stvsl/Qt/QtMCUs/2.7.0/src/graphics/rendertree.cpp:1436:1:_GLOBAL__sub_I__ZN3Qul7Private35prepareTransformWithDisplayRotationEPKNS0_5Items13TransformBaseE	8	static
/home/stvsl/Qt/QtMCUs/2.7.0/src/graphics/rendertree.cpp:1436:1:_GLOBAL__sub_D__ZN3Qul7Private35prepareTransformWithDisplayRotationEPKNS0_5Items13TransformBaseE	8	static
/home/stvsl/Qt/QtMCUs/2.7.0/src/graphics/layermanager.cpp:112:6:update	104	static
/home/stvsl/Qt/QtMCUs/2.7.0/include/qul/private/array.h:117:15:append	24	static
/home/stvsl/Qt/QtMCUs/2.7.0/include/qul/private/array.h:135:14:at	24	static
/home/stvsl/Qt/QtMCUs/2.7.0/include/qul/private/region.h:160:10:undoExtensions	48	static
/home/stvsl/Qt/QtMCUs/2.7.0/include/qul/private/region.h:74:10:emitSpan	64	static
/home/stvsl/Qt/QtMCUs/2.7.0/include/qul/private/region.h:266:6:computeRegion	56	static
/home/stvsl/Qt/QtMCUs/2.7.0/src/graphics/graphicsdevice.cpp:129:1:__ct_base 	32	static
/home/stvsl/Qt/QtMCUs/2.7.0/src/graphics/graphicsdevice.cpp:178:6:blend	280	static
/home/stvsl/Qt/QtMCUs/2.7.0/src/graphics/graphicsdevice.cpp:170:6:blend	48	static
/home/stvsl/Qt/QtMCUs/2.7.0/src/graphics/graphicsdevice.cpp:457:6:blendTransformed	136	static
/home/stvsl/Qt/QtMCUs/2.7.0/include/platform/private/fixedsizeblockheap.h:89:10:free	24	static
/home/stvsl/Qt/QtMCUs/2.7.0/include/platform/private/fixedsizeblockallocator.h:49:10:free	8	static
/home/stvsl/Qt/QtMCUs/2.7.0/include/platform/private/fixedsizeblockheap.h:107:17:sizeOfAllocation	24	static
/home/stvsl/Qt/QtMCUs/2.7.0/include/platform/private/fixedsizeblockheap.h:74:11:reallocate	32	static
/home/stvsl/Qt/QtMCUs/2.7.0/include/platform/private/fixedsizeblockallocator.h:47:11:reallocate	8	static
/home/stvsl/Qt/QtMCUs/2.7.0/src/graphics/resourcecache.cpp:182:16:instance	16	static
/home/stvsl/Qt/QtMCUs/2.7.0/src/graphics/resourcecache.cpp:191:52:runtimeAllocationType	16	static
/home/stvsl/Qt/QtMCUs/2.7.0/src/graphics/resourcecache.cpp:201:8:cacheLimit	16	static
/home/stvsl/Qt/QtMCUs/2.7.0/src/graphics/resourcecache.cpp:113:6:init	32	static
/home/stvsl/Qt/QtMCUs/2.7.0/src/graphics/resourcecache.cpp:106:6:initializeResourceCaches	8	static
/home/stvsl/Qt/QtMCUs/2.7.0/include/qul/private/array.h:117:15:append	24	static
/home/stvsl/Qt/QtMCUs/2.7.0/src/graphics/rendertree.cpp:105:9:alloc	24	static
/home/stvsl/Qt/QtMCUs/2.7.0/include/qul/private/flagpointer.h:295:17:operator=	24	static
/home/stvsl/Qt/QtMCUs/2.7.0/include/qul/private/array.h:135:14:at	24	static
/home/stvsl/Qt/QtMCUs/2.7.0/src/graphics/rendertree.cpp:160:10:splitNode	32	static
/home/stvsl/Qt/QtMCUs/2.7.0/src/graphics/rendertree.cpp:116:10:insertRecursive	56	static
/home/stvsl/Qt/QtMCUs/2.7.0/src/graphics/rendertree.cpp:213:10:insertOpaqueRenderNode	32	static
/home/stvsl/Qt/QtMCUs/2.7.0/include/platforminterface/allocator.h:67:8:allocate	24	static
/home/stvsl/.mcuxpressotools/arm-gnu-toolchain-12.3.rel1-x86_64-arm-none-eabi/arm-none-eabi/include/c++/12.3.1/bits/stl_vector.h:1611:2:_M_allocate_and_copy	24	static
/home/stvsl/.mcuxpressotools/arm-gnu-toolchain-12.3.rel1-x86_64-arm-none-eabi/arm-none-eabi/include/c++/12.3.1/bits/vector.tcc:204:5:operator=	24	static
/home/stvsl/Qt/QtMCUs/2.7.0/include/platforminterface/drawingengine.h:58:7:operator=	16	static
/home/stvsl/.mcuxpressotools/arm-gnu-toolchain-12.3.rel1-x86_64-arm-none-eabi/arm-none-eabi/include/c++/12.3.1/bits/stl_vector.h:393:7:_M_create_storage	16	static
/home/stvsl/.mcuxpressotools/arm-gnu-toolchain-12.3.rel1-x86_64-arm-none-eabi/arm-none-eabi/include/c++/12.3.1/bits/stl_vector.h:596:7:__ct_base 	16	static
/home/stvsl/Qt/QtMCUs/2.7.0/include/platforminterface/drawingengine.h:58:7:__ct_base 	16	static
/home/stvsl/Qt/QtMCUs/2.7.0/include/platforminterface/drawingengine.h:77:7:__ct_base 	16	static
/home/stvsl/Qt/QtMCUs/2.7.0/src/core/require.cpp:48:6:require	284	static
/home/stvsl/Qt/QtMCUs/2.7.0/src/core/require.cpp:64:6:require	288	static
/home/stvsl/Qt/QtMCUs/2.7.0/src/graphics/graphicsdevice.cpp:103:8:cacheableData	40	static
/home/stvsl/Qt/QtMCUs/2.7.0/src/graphics/resourcecache.cpp:71:6:deleteNode	16	static
/home/stvsl/Qt/QtMCUs/2.7.0/src/graphics/resourcecache.cpp:285:6:remove	16	static
/home/stvsl/Qt/QtMCUs/2.7.0/src/graphics/resourcecache.cpp:174:6:remove	8	static
/home/stvsl/Qt/QtMCUs/2.7.0/src/graphics/resourcecache.cpp:268:6:removeOldest	8	static
/home/stvsl/Qt/QtMCUs/2.7.0/src/graphics/resourcecache.cpp:43:22:createNode	8	static
/home/stvsl/Qt/QtMCUs/2.7.0/src/graphics/resourcecache.cpp:227:22:cache	56	static
/home/stvsl/Qt/QtMCUs/2.7.0/src/graphics/resourcecache.cpp:152:22:get	16	static
/home/stvsl/Qt/QtMCUs/2.7.0/src/graphics/graphicsdevice.cpp:85:14:bits	8	static
/home/stvsl/Qt/QtMCUs/2.7.0/src/graphics/rendertree.cpp:1152:6:freeCache	8	static
/home/stvsl/Qt/QtMCUs/2.7.0/include/qul/property.h:685:14:value	24	static
/home/stvsl/Qt/QtMCUs/2.7.0/include/qul/property.h:685:14:value	24	static
/home/stvsl/Qt/QtMCUs/2.7.0/include/qul/property.h:685:14:value	24	static
/home/stvsl/Qt/QtMCUs/2.7.0/include/qul/property.h:685:14:value	24	static
/home/stvsl/Qt/QtMCUs/2.7.0/src/graphics/rendertree.cpp:1179:23:computeTilingInfo	48	static
/home/stvsl/Qt/QtMCUs/2.7.0/include/qul/private/text/paragraph.h:46:5:__ct_base 	24	static
/home/stvsl/Qt/QtMCUs/2.7.0/src/graphics/graphicsdevice.cpp:265:13:fastScale1pxHor	176	static
/home/stvsl/Qt/QtMCUs/2.7.0/src/graphics/graphicsdevice.cpp:313:13:fastScale1pxVert	176	static
/home/stvsl/Qt/QtMCUs/2.7.0/src/graphics/graphicsdevice.cpp:359:13:fastScale1px1px	160	static
/home/stvsl/Qt/QtMCUs/2.7.0/src/graphics/graphicsdevice.cpp:391:6:blendTransformed	280	static
/home/stvsl/Qt/QtMCUs/2.7.0/src/graphics/rendertree.cpp:277:6:blendImage	344	static
/home/stvsl/Qt/QtMCUs/2.7.0/src/graphics/rendertree.cpp:904:23:renderAnimatedSpriteNode	72	static
/home/stvsl/Qt/QtMCUs/2.7.0/include/qul/private/text/textwraphandler.h:41:7:__dt_base 	8	static
/home/stvsl/Qt/QtMCUs/2.7.0/include/qul/private/text/textlayout.h:47:7:__dt_base 	8	static
/home/stvsl/Qt/QtMCUs/2.7.0/src/graphics/graphicsdevice.cpp:564:6:doTextLayout_helper	1848	static
/home/stvsl/Qt/QtMCUs/2.7.0/include/qul/private/text/paragraph.h:44:8:__dt_base 	16	static
/home/stvsl/Qt/QtMCUs/2.7.0/src/graphics/rendertree.cpp:933:23:renderStaticTextNode	1520	static
/home/stvsl/Qt/QtMCUs/2.7.0/src/graphics/rendertree.cpp:1307:21:getRasterBuffer	16	static
/home/stvsl/Qt/QtMCUs/2.7.0/src/graphics/rendertree.cpp:794:23:renderImageNode	392	static
/home/stvsl/Qt/QtMCUs/2.7.0/src/graphics/rendertree.cpp:1300:6:isOpaque	8	static
/home/stvsl/Qt/QtMCUs/2.7.0/src/graphics/rendertree.cpp:319:13:computeOpaqueRegions	80	static
/home/stvsl/Qt/QtMCUs/2.7.0/src/graphics/graphicsdevice.cpp:670:6:doTextLayout	1336	static
/home/stvsl/Qt/QtMCUs/2.7.0/src/graphics/graphicsdevice.cpp:772:6:drawText	40	static
/home/stvsl/Qt/QtMCUs/2.7.0/src/graphics/graphicsdevice.cpp:780:6:drawText	48	static
/home/stvsl/Qt/QtMCUs/2.7.0/src/graphics/graphicsdevice.cpp:731:6:blendToGraphicsDevice	152	static
/home/stvsl/Qt/QtMCUs/2.7.0/src/graphics/graphicsdevice.cpp:752:6:blendToGraphicsDeviceWithTransform	152	static
/home/stvsl/Qt/QtMCUs/2.7.0/src/graphics/rendertree.cpp:1018:23:renderTextNode	480	static
/home/stvsl/Qt/QtMCUs/2.7.0/src/graphics/rendertree.cpp:1349:1:__ct_base 	64	static
/home/stvsl/Qt/QtMCUs/2.7.0/include/platforminterface/allocator.h:103:11:qul_new	16	static
/home/stvsl/Qt/QtMCUs/2.7.0/src/graphics/rendertree.cpp:1371:1:__ct_base 	72	static
/home/stvsl/Qt/QtMCUs/2.7.0/include/platforminterface/allocator.h:103:11:qul_new	16	static
/home/stvsl/Qt/QtMCUs/2.7.0/src/graphics/rendertree.cpp:735:23:renderRectangleNode	312	static
/home/stvsl/Qt/QtMCUs/2.7.0/src/graphics/rendertree.cpp:510:10:operator()	64	static
/home/stvsl/Qt/QtMCUs/2.7.0/src/graphics/rendertree.cpp:225:10:visit	48	static
/home/stvsl/Qt/QtMCUs/2.7.0/src/graphics/rendertree.cpp:582:6:render	136	static
/home/stvsl/Qt/QtMCUs/2.7.0/src/graphics/rendertree.cpp:460:6:render	112	static
/home/stvsl/Qt/QtMCUs/2.7.0/src/graphics/rendertree.cpp:663:6:render	144	static
