/home/stvsl/Qt/QtMCUs/2.7.1/src/platforminterface/memoryallocator.cpp:165:6:acquire	0	static
/home/stvsl/Qt/QtMCUs/2.7.1/src/platforminterface/pathdatastroker.cpp:1031:6:beginStroke	0	static
/home/stvsl/Qt/QtMCUs/2.7.1/src/platforminterface/drawingengine.cpp:241:6:blendRect	28	static
/home/stvsl/Qt/QtMCUs/2.7.1/src/platforminterface/drawingengine.cpp:301:6:blendAlphaMap	56	static
/home/stvsl/Qt/QtMCUs/2.7.1/src/platforminterface/drawingengine.cpp:445:6:blendRect	56	static
/home/stvsl/Qt/QtMCUs/2.7.1/src/platforminterface/drawingengine.cpp:545:6:blendAlphaMap	80	static
/home/stvsl/Qt/QtMCUs/2.7.1/src/platforminterface/drawingengine.cpp:698:6:blendRect	24	static
/home/stvsl/Qt/QtMCUs/2.7.1/src/platforminterface/arc.cpp:168:6:pathArcParameters	136	static
/home/stvsl/Qt/QtMCUs/2.7.1/src/platforminterface/drawingengine.cpp:249:6:blendRoundedRect	216	static
/home/stvsl/Qt/QtMCUs/2.7.1/src/platforminterface/drawingengine.cpp:466:6:blendRoundedRect	224	static
/home/stvsl/Qt/QtMCUs/2.7.1/src/platforminterface/memoryallocator.cpp:106:7:allocate	8	static
/home/stvsl/Qt/QtMCUs/2.7.1/src/platforminterface/memoryallocator.cpp:128:7:reallocate	24	static
/home/stvsl/Qt/QtMCUs/2.7.1/src/platforminterface/memoryallocator.cpp:143:6:free	0	static
/home/stvsl/Qt/QtMCUs/2.7.1/src/platforminterface/pathdatastroker.cpp:1045:6:endStroke	24	static
/home/stvsl/Qt/QtMCUs/2.7.1/src/platforminterface/pathdatastroker.cpp:1089:6:cubicTo	48	static
/home/stvsl/Qt/QtMCUs/2.7.1/src/platforminterface/pathdatastroker.cpp:1108:6:arcTo	48	static
/home/stvsl/Qt/QtMCUs/2.7.1/src/platforminterface/pathdatastroker.cpp:1061:6:lineTo	40	static
/home/stvsl/Qt/QtMCUs/2.7.1/src/platforminterface/pathdatastroker.cpp:1074:6:moveTo	40	static
/home/stvsl/Qt/QtMCUs/2.7.1/src/platforminterface/drawingengine.cpp:169:6:blendTransformedImage	40	static
/home/stvsl/Qt/QtMCUs/2.7.1/src/platforminterface/drawingengine.cpp:193:6:blendTransformedAlphaMap	40	static
/home/stvsl/Qt/QtMCUs/2.7.1/src/text/textline.cpp:105:5:width	8	static
/home/stvsl/Qt/QtMCUs/2.7.1/include/platforminterface/private/line.h:110:10:setLength	40	static
/home/stvsl/Qt/QtMCUs/2.7.1/src/platforminterface/arc.cpp:107:6:pathArcToBeziers	184	static
/home/stvsl/Qt/QtMCUs/2.7.1/src/platforminterface/drawingdevice.cpp:205:18:pixelDataAt	24	static
/home/stvsl/Qt/QtMCUs/2.7.1/src/platforminterface/drawingengine.cpp:264:6:blendImage	96	static
/home/stvsl/Qt/QtMCUs/2.7.1/src/platforminterface/drawingengine.cpp:486:6:blendImage	120	static
/home/stvsl/Qt/QtMCUs/2.7.1/src/platforminterface/error.cpp:123:6:error	24	static
/home/stvsl/Qt/QtMCUs/2.7.1/include/platforminterface/point.h:351:13:operator==	0	static
/home/stvsl/Qt/QtMCUs/2.7.1/include/platforminterface/private/line.h:123:11:angleTo	32	static
/home/stvsl/Qt/QtMCUs/2.7.1/src/platforminterface/pathdatastroker.cpp:53:7:qt_t_for_arc_angle	24	static
/home/stvsl/Qt/QtMCUs/2.7.1/src/platforminterface/pathdatastroker.cpp:256:59:cap_style_to_stroker	8	static
/home/stvsl/Qt/QtMCUs/2.7.1/src/platforminterface/pathdatastroker.cpp:294:41:type	16	static
/home/stvsl/Qt/QtMCUs/2.7.1/src/platforminterface/pathdatastroker.cpp:318:26:arcData	40	static
/home/stvsl/Qt/QtMCUs/2.7.1/src/platforminterface/pathdatastroker.cpp:355:6:next	24	static
/home/stvsl/Qt/QtMCUs/2.7.1/src/platforminterface/pathdatastroker.cpp:367:27:fromTo	56	static
/home/stvsl/Qt/QtMCUs/2.7.1/src/platforminterface/pathdatastroker.cpp:650:13:offsetTangent	40	static
/home/stvsl/Qt/QtMCUs/2.7.1/src/platforminterface/pathdatastroker.cpp:822:6:joinPoints	272	static
/home/stvsl/Qt/QtMCUs/2.7.1/src/platforminterface/pathdatastroker.cpp:689:6:processBezier	600	static
/home/stvsl/Qt/QtMCUs/2.7.1/src/platforminterface/pathdatastroker.cpp:722:6:handleCubicTo	56	static
/home/stvsl/Qt/QtMCUs/2.7.1/src/platforminterface/pathdatastroker.cpp:732:6:processArc	152	static
/home/stvsl/Qt/QtMCUs/2.7.1/src/platforminterface/rect.cpp:903:6:intersects	12	static
/home/stvsl/Qt/QtMCUs/2.7.1/src/platforminterface/rect.cpp:966:6:operator|	20	static
/home/stvsl/Qt/QtMCUs/2.7.1/src/platforminterface/rect.cpp:1017:6:operator&	20	static
/home/stvsl/Qt/QtMCUs/2.7.1/src/platforminterface/drawingengine.cpp:720:6:blendRoundedRect	48	static
/home/stvsl/Qt/QtMCUs/2.7.1/src/platforminterface/rect.cpp:1683:6:contains	32	static
/home/stvsl/Qt/QtMCUs/2.7.1/src/platforminterface/rect.cpp:1917:7:operator&	80	static
/home/stvsl/Qt/QtMCUs/2.7.1/src/platforminterface/rect.cpp:2054:6:toAlignedRect	4	static
