/home/stvsl/Qt/QtMCUs/2.7.1/src/graphics/blendfunctions.cpp:571:13:blend_rle_on_argb16_raw	32	static
/home/stvsl/Qt/QtMCUs/2.7.1/src/graphics/blendfunctions.cpp:552:13:blend_rle_argb32_on_argb16_rle	20	static
/home/stvsl/Qt/QtMCUs/2.7.1/src/graphics/blendfunctions.cpp:571:13:blend_rle_on_argb16_raw	28	static
/home/stvsl/Qt/QtMCUs/2.7.1/src/graphics/blendfunctions.cpp:571:13:blend_rle_on_argb16_raw	32	static
/home/stvsl/Qt/QtMCUs/2.7.1/src/graphics/blendfunctions.cpp:867:13:blend_rle_argb32_on_argb32_rle	12	static
/home/stvsl/Qt/QtMCUs/2.7.1/src/graphics/blendfunctions.cpp:887:13:blend_rle_on_argb32_raw	20	static
/home/stvsl/Qt/QtMCUs/2.7.1/src/graphics/blendfunctions.cpp:867:13:blend_rle_argb32_on_argb32_rle	12	static
/home/stvsl/Qt/QtMCUs/2.7.1/src/graphics/blendfunctions.cpp:887:13:blend_rle_on_argb32_raw	12	static
/home/stvsl/Qt/QtMCUs/2.7.1/src/graphics/blendfunctions.cpp:887:13:blend_rle_on_argb32_raw	20	static
/home/stvsl/Qt/QtMCUs/2.7.1/src/graphics/blendtransformed.cpp:39:20:destFetchRGB16	32	static
/home/stvsl/Qt/QtMCUs/2.7.1/src/graphics/blendtransformed.cpp:48:1:destFetchRGB332	24	static
/home/stvsl/Qt/QtMCUs/2.7.1/src/graphics/compositionfunctions.cpp:38:19:comp_func_SourceOver	20	static
/home/stvsl/Qt/QtMCUs/2.7.1/src/graphics/drawhelper.h:1219:19:fetchRotationAndShear	16520	static
/home/stvsl/Qt/QtMCUs/2.7.1/src/graphics/blendtransformed.cpp:147:16:interpolate	56	static
/home/stvsl/Qt/QtMCUs/2.7.1/src/graphics/blendtransformed.cpp:147:16:interpolate	56	static
/home/stvsl/Qt/QtMCUs/2.7.1/src/graphics/blendtransformed.cpp:147:16:interpolate	56	static
/home/stvsl/Qt/QtMCUs/2.7.1/src/graphics/drawhelper.h:688:26:fetchPixel	0	static
/home/stvsl/Qt/QtMCUs/2.7.1/src/graphics/drawhelper.h:701:26:fetchPixel	0	static
/home/stvsl/Qt/QtMCUs/2.7.1/src/graphics/drawhelper.h:714:26:fetchPixel	0	static
/home/stvsl/Qt/QtMCUs/2.7.1/src/graphics/drawhelper.h:727:26:fetchPixel	0	static
/home/stvsl/Qt/QtMCUs/2.7.1/src/graphics/drawhelper.h:733:26:fetchPixel	0	static
/home/stvsl/Qt/QtMCUs/2.7.1/src/graphics/drawhelper.h:739:26:fetchPixel	0	static
/home/stvsl/Qt/QtMCUs/2.7.1/src/graphics/drawhelper.cpp:52:26:convertPassThrough	0	static
/home/stvsl/Qt/QtMCUs/2.7.1/src/graphics/drawhelper.cpp:54:26:convertARGB32ToARGB32PM	8	static
/home/stvsl/Qt/QtMCUs/2.7.1/src/graphics/drawhelper.cpp:154:26:storeARGB32FromARGB32PM	20	static
/home/stvsl/Qt/QtMCUs/2.7.1/src/graphics/drawhelper.cpp:161:33:fetchARGB4444PMToARGB32PM	16	static
/home/stvsl/Qt/QtMCUs/2.7.1/src/graphics/drawhelper.cpp:170:33:fetchARGB4444ToARGB32PM	16	static
/home/stvsl/Qt/QtMCUs/2.7.1/src/graphics/drawhelper.cpp:179:26:convertARGB4444PMToARGB32PM	8	static
/home/stvsl/Qt/QtMCUs/2.7.1/src/graphics/drawhelper.cpp:185:26:convertARGB4444ToARGB32PM	8	static
/home/stvsl/Qt/QtMCUs/2.7.1/src/graphics/drawhelper.cpp:191:26:storeARGB4444PMFromARGB32PM	12	static
/home/stvsl/Qt/QtMCUs/2.7.1/src/graphics/drawhelper.cpp:199:26:storeARGB4444FromARGB32PM	24	static
/home/stvsl/Qt/QtMCUs/2.7.1/src/graphics/drawhelper.cpp:218:33:fetchPassThrough	0	static
/home/stvsl/Qt/QtMCUs/2.7.1/src/graphics/drawhelper.cpp:228:33:fetchARGB32ToARGB32PM	16	static
/home/stvsl/Qt/QtMCUs/2.7.1/src/graphics/drawhelper.cpp:133:26:convertToRGB32	0	static
/home/stvsl/Qt/QtMCUs/2.7.1/src/graphics/drawhelper.cpp:235:33:fetchRGBToRGB32	4	static
/home/stvsl/Qt/QtMCUs/2.7.1/src/graphics/drawhelper.h:814:1:storeARGBFromARGB32PM	16	static
/home/stvsl/Qt/QtMCUs/2.7.1/src/graphics/drawhelper.h:814:1:storeARGBFromARGB32PM	4	static
/home/stvsl/Qt/QtMCUs/2.7.1/src/graphics/drawhelper.cpp:133:26:convertToRGB32	12	static
/home/stvsl/Qt/QtMCUs/2.7.1/src/graphics/drawhelper.cpp:235:33:fetchRGBToRGB32	20	static
/home/stvsl/Qt/QtMCUs/2.7.1/src/graphics/drawhelper.h:814:1:storeARGBFromARGB32PM	32	static
/home/stvsl/Qt/QtMCUs/2.7.1/src/graphics/drawhelper.h:814:1:storeARGBFromARGB32PM	28	static
/home/stvsl/Qt/QtMCUs/2.7.1/src/graphics/drawhelper.cpp:133:26:convertToRGB32	8	static
/home/stvsl/Qt/QtMCUs/2.7.1/src/graphics/drawhelper.cpp:235:33:fetchRGBToRGB32	16	static
/home/stvsl/Qt/QtMCUs/2.7.1/src/graphics/drawhelper.h:814:1:storeARGBFromARGB32PM	36	static
/home/stvsl/Qt/QtMCUs/2.7.1/src/graphics/drawhelper.h:814:1:storeARGBFromARGB32PM	32	static
/home/stvsl/Qt/QtMCUs/2.7.1/src/text/monotype/../../3rdparty/monotype/patches/custom_unicode_integration_apis/qul_monotype_unicode.h:230:1:getNextStrongWordBreakType	24	static
/home/stvsl/Qt/QtMCUs/2.7.1/src/3rdparty/monotype/shaperspark/product/source/unicode/msunicde.c:97:1:MsUnicode_getLineBreakType	4	static
/home/stvsl/Qt/QtMCUs/2.7.1/src/text/monotype/monotypeunicode.cpp:165:23:attributes	8	static
/home/stvsl/Qt/QtMCUs/2.7.1/src/text/monotype/monotypeunicode.cpp:172:6:setAttributes	16	static
/home/stvsl/Qt/QtMCUs/2.7.1/src/text/monotype/monotypeunicode.cpp:179:5:entrySize	0	static
/home/stvsl/Qt/QtMCUs/2.7.1/src/text/monotype/monotypeunicode.cpp:189:1:__dt_base 	0	static
/home/stvsl/Qt/QtMCUs/2.7.1/src/text/monotype/monotypeunicode.cpp:193:28:__tcf_0	0	static
/home/stvsl/Qt/QtMCUs/2.7.1/src/3rdparty/monotype/shaperspark/product/source/unicode/msunicde.c:186:1:MsUnicode_isWhitespace	8	static
/home/stvsl/Qt/QtMCUs/2.7.1/src/text/monotype/monotypeunicode.cpp:135:6:markBoundaries	64	static
/home/stvsl/Qt/QtMCUs/2.7.1/src/graphics/blendtransformed.cpp:34:1:destFetchARGB32P	16	static
/home/stvsl/Qt/QtMCUs/2.7.1/src/graphics/blendtransformed.cpp:56:20:destFetch	32	static
/home/stvsl/Qt/QtMCUs/2.7.1/src/graphics/blendtransformed.cpp:63:1:destStoreRGB16	24	static
/home/stvsl/Qt/QtMCUs/2.7.1/src/graphics/blendtransformed.cpp:71:1:destStoreRGB332	24	static
/home/stvsl/Qt/QtMCUs/2.7.1/src/graphics/blendtransformed.cpp:78:19:destStore	32	static
/home/stvsl/Qt/QtMCUs/2.7.1/src/graphics/blendtransformed.cpp:234:33:fetchTransformedBilinearInterpolated	88	static
/home/stvsl/Qt/QtMCUs/2.7.1/src/graphics/blendtransformed.cpp:234:33:fetchTransformedBilinearInterpolated	88	static
/home/stvsl/Qt/QtMCUs/2.7.1/src/graphics/drawhelper.h:1295:19:fetchDefault	24736	static
/home/stvsl/Qt/QtMCUs/2.7.1/src/graphics/blendtransformed.cpp:257:6:blend_spans	16544	static
/home/stvsl/Qt/QtMCUs/2.7.1/src/text/monotype/monotypeunicode.cpp:122:17:direction	8	static
/home/stvsl/Qt/QtMCUs/2.7.1/src/graphics/drawhelper.h:1261:19:fetchDynamicScale	16520	static
/home/stvsl/Qt/QtMCUs/2.7.1/src/graphics/drawhelper.h:1372:1:fetchTransformedBilinear	56	static
/home/stvsl/Qt/QtMCUs/2.7.1/src/graphics/blendtransformed.cpp:241:1:fetchTransformedBilinearARGB32PM	96	static
/home/stvsl/Qt/QtMCUs/2.7.1/src/graphics/drawhelper.cpp:146:26:storePassThrough	0	static
/home/stvsl/Qt/QtMCUs/2.7.1/src/text/monotype/monotypeunicode.cpp:189:1:__dt_del 	8	static
/home/stvsl/Qt/QtMCUs/2.7.1/src/graphics/imagedecodepng_lodepng.cpp:55:7:lodepng_malloc	24	static
/home/stvsl/Qt/QtMCUs/2.7.1/src/graphics/imagedecodepng_lodepng.cpp:88:6:lodepng_free	16	static
/home/stvsl/Qt/QtMCUs/2.7.1/src/3rdparty/lodepng/lodepng.cpp:269:17:ucvector_reserve	32	static
/home/stvsl/Qt/QtMCUs/2.7.1/src/graphics/blendfunctions.cpp:117:6:_ZN3Qul7Private8Graphics21blend_argb32_on_rgb16EPhiPKhiiii.part.0	56	static
/home/stvsl/Qt/QtMCUs/2.7.1/src/graphics/blendhelper.cpp:563:21:emit	28	static
/home/stvsl/Qt/QtMCUs/2.7.1/src/graphics/blendhelper.cpp:563:21:emit	24	static
/home/stvsl/Qt/QtMCUs/2.7.1/src/graphics/blendhelper.cpp:563:21:emit	32	static
/home/stvsl/Qt/QtMCUs/2.7.1/src/graphics/blendhelper.cpp:563:21:emit	32	static
/home/stvsl/Qt/QtMCUs/2.7.1/src/graphics/blendtransformed.cpp:318:6:blend_transformed	320	static
/home/stvsl/Qt/QtMCUs/2.7.1/src/graphics/rasterizer.cpp:57:10:addSpan	40	static
/home/stvsl/Qt/QtMCUs/2.7.1/src/graphics/rasterizer.cpp:96:17:intersectPixelFP	24	static
/home/stvsl/Qt/QtMCUs/2.7.1/src/graphics/rle.cpp:30:6:decompressRle	64	static
/home/stvsl/Qt/QtMCUs/2.7.1/src/platforminterface/private/bezier.cpp:157:20:shift	144	static
/home/stvsl/Qt/QtMCUs/2.7.1/src/graphics/imagedecodepng_lodepng.cpp:88:6:_Z12lodepng_freePv.part.0	16	static
/home/stvsl/Qt/QtMCUs/2.7.1/src/3rdparty/lodepng/lodepng.cpp:785:17:HuffmanTree_makeFromLengths2	40	static
/home/stvsl/Qt/QtMCUs/2.7.1/src/3rdparty/lodepng/lodepng.cpp:1381:17:lodepng_inflatev	168	static
/home/stvsl/Qt/QtMCUs/2.7.1/src/graphics/imagedecodepng_lodepng.cpp:201:8:pngDecode_backend	728	static
