/home/stvsl/Qt/QtMCUs/2.7.1/include/qul/private/items/itembase.h:211:18:touchEvent	0	static
/home/stvsl/Qt/QtMCUs/2.7.1/include/qul/private/items/itembase.h:212:18:implicitWidthChange	0	static
/home/stvsl/Qt/QtMCUs/2.7.1/include/qul/private/propertybinding.h:498:17:callWithSelf	4	static
/home/stvsl/Qt/QtMCUs/2.7.1/include/qul/private/propertybinding.h:179:10:registerDependencies	16	static
/home/stvsl/Qt/QtMCUs/2.7.1/include/qul/private/animation.h:178:18:applyValue	0	static
/home/stvsl/Qt/QtMCUs/2.7.1/include/qul/private/animation.h:180:18:matches	0	static
/home/stvsl/Qt/QtMCUs/2.7.1/include/qul/private/animation.h:181:18:hasExplicitBoundaries	0	static
/home/stvsl/Qt/QtMCUs/2.7.1/include/qul/private/animation.h:204:18:doStop	0	static
/home/stvsl/Qt/QtMCUs/2.7.1/include/qul/private/text/fontenginestatic.h:73:21:findGlyph	4	static
/home/stvsl/Documents/DOTRUST/PortingTest/imxrt1170_freertos_qt/platform/platform/boards/nxp/mimxrt1170-evkb-freertos/display/platform_display.cpp:169:13:pullResetPin	0	static
/home/stvsl/Documents/DOTRUST/PortingTest/imxrt1170_freertos_qt/platform/platform/boards/nxp/mimxrt1170-evkb-freertos/display/platform_display.cpp:182:13:pullPowerPin	0	static
/home/stvsl/Documents/DOTRUST/PortingTest/imxrt1170_freertos_qt/platform/platform/boards/nxp/mimxrt1170-evkb-freertos/display/platform_display.cpp:194:17:dsiTransfer	28	static
/home/stvsl/Qt/QtMCUs/2.7.1/include/platform/performancemetrics.h:32:19:cpuLoad	0	static
/home/stvsl/Qt/QtMCUs/2.7.1/include/platform/platform.h:144:20:partialBufferPixelCount	0	static
/home/stvsl/Qt/QtMCUs/2.7.1/include/platform/platform.h:150:37:adjustedPartialUpdateRect	0	static
/home/stvsl/Documents/DOTRUST/PortingTest/imxrt1170_freertos_qt/platform/platform/boards/nxp/mimxrt1170-evkb-freertos/platform_context.cpp:50:14:maxHeapUsage	0	static
/home/stvsl/Documents/DOTRUST/PortingTest/imxrt1170_freertos_qt/platform/platform/boards/nxp/mimxrt1170-evkb-freertos/platform_context.cpp:51:14:maxStackUsage	0	static
/home/stvsl/Documents/DOTRUST/PortingTest/imxrt1170_freertos_qt/platform/platform/boards/nxp/mimxrt1170-evkb-freertos/platform_context.cpp:107:12:rand	4	static
/home/stvsl/Documents/DOTRUST/PortingTest/imxrt1170_freertos_qt/platform/platform/boards/nxp/mimxrt1170-evkb-freertos/platform_context.cpp:118:14:currentTimestamp	0	static
/home/stvsl/Documents/DOTRUST/PortingTest/imxrt1170_freertos_qt/platform/platform/boards/nxp/mimxrt1170-evkb-freertos/platform_context.cpp:120:24:frameBufferingType	0	static
/home/stvsl/Documents/DOTRUST/PortingTest/imxrt1170_freertos_qt/platform/platform/boards/nxp/mimxrt1170-evkb-freertos/platform_context.cpp:142:10:flushCachesForAsyncRead	0	static
/home/stvsl/Documents/DOTRUST/PortingTest/imxrt1170_freertos_qt/platform/platform/boards/nxp/mimxrt1170-evkb-freertos/platform_layers.cpp:642:10:data	0	static
/home/stvsl/Documents/DOTRUST/PortingTest/imxrt1170_freertos_qt/platform/platform/boards/nxp/mimxrt1170-evkb-freertos/platform_context.cpp:177:35:performanceMetrics	0	static
/home/stvsl/Documents/DOTRUST/PortingTest/imxrt1170_freertos_qt/platform/platform/boards/nxp/mimxrt1170-evkb-freertos/platform_layers.cpp:597:9:bpp	0	static
/home/stvsl/Documents/DOTRUST/PortingTest/imxrt1170_freertos_qt/platform/platform/boards/nxp/mimxrt1170-evkb-freertos/platform_layers.cpp:592:6:size	8	static
/home/stvsl/Documents/DOTRUST/PortingTest/imxrt1170_freertos_qt/platform/platform/boards/nxp/mimxrt1170-evkb-freertos/platform_layers.cpp:602:18:format	0	static
/home/stvsl/Documents/DOTRUST/PortingTest/imxrt1170_freertos_qt/platform/platform/boards/nxp/mimxrt1170-evkb-freertos/platform_layers.cpp:154:6:onUpdated	16	static
/home/stvsl/Documents/DOTRUST/PortingTest/imxrt1170_freertos_qt/platform/platform/boards/nxp/mimxrt1170-evkb-freertos/platform_drawing.cpp:117:6:updateSpriteLayer	24	static
/home/stvsl/Documents/DOTRUST/PortingTest/imxrt1170_freertos_qt/platform/platform/boards/nxp/mimxrt1170-evkb-freertos/platform_layers.h:233:6:enabled	0	static
/home/stvsl/Documents/DOTRUST/PortingTest/imxrt1170_freertos_qt/platform/platform/boards/nxp/mimxrt1170-evkb-freertos/platform_layers.h:221:7:opacity	0	static
/home/stvsl/Documents/DOTRUST/PortingTest/imxrt1170_freertos_qt/platform/platform/boards/nxp/mimxrt1170-evkb-freertos/platform_layers.h:239:31:position	8	static
/home/stvsl/Documents/DOTRUST/PortingTest/imxrt1170_freertos_qt/platform/platform/boards/nxp/mimxrt1170-evkb-freertos/platform_layers.h:227:5:platformId	0	static
/home/stvsl/Documents/DOTRUST/PortingTest/imxrt1170_freertos_qt/platform/platform/boards/nxp/mimxrt1170-evkb-freertos/platform_layers.h:245:9:z	0	static
/home/stvsl/Documents/DOTRUST/PortingTest/imxrt1170_freertos_qt/platform/platform/boards/nxp/mimxrt1170-evkb-freertos/platform_layers.h:233:6:enabled	0	static
/home/stvsl/Documents/DOTRUST/PortingTest/imxrt1170_freertos_qt/platform/platform/boards/nxp/mimxrt1170-evkb-freertos/platform_layers.h:221:7:opacity	0	static
/home/stvsl/Documents/DOTRUST/PortingTest/imxrt1170_freertos_qt/platform/platform/boards/nxp/mimxrt1170-evkb-freertos/platform_layers.h:239:31:position	8	static
/home/stvsl/Documents/DOTRUST/PortingTest/imxrt1170_freertos_qt/platform/platform/boards/nxp/mimxrt1170-evkb-freertos/platform_layers.h:227:5:platformId	0	static
/home/stvsl/Documents/DOTRUST/PortingTest/imxrt1170_freertos_qt/platform/platform/boards/nxp/mimxrt1170-evkb-freertos/platform_layers.h:245:9:z	0	static
/home/stvsl/Documents/DOTRUST/PortingTest/imxrt1170_freertos_qt/platform/platform/boards/nxp/mimxrt1170-evkb-freertos/platform_layers.cpp:509:10:data	0	static
/home/stvsl/Documents/DOTRUST/PortingTest/imxrt1170_freertos_qt/platform/platform/boards/nxp/mimxrt1170-evkb-freertos/platform_layers.h:263:14:frontBuffer	0	static
/home/stvsl/Documents/DOTRUST/PortingTest/imxrt1170_freertos_qt/platform/platform/boards/nxp/mimxrt1170-evkb-freertos/platform_layers.cpp:160:7:opacity	0	static
/home/stvsl/Documents/DOTRUST/PortingTest/imxrt1170_freertos_qt/platform/platform/boards/nxp/mimxrt1170-evkb-freertos/platform_layers.h:143:11:_ZThn32_NK3Qul8Platform7Private13Lcdifv2Sprite7opacityEv	0	static
/home/stvsl/Documents/DOTRUST/PortingTest/imxrt1170_freertos_qt/platform/platform/boards/nxp/mimxrt1170-evkb-freertos/platform_layers.cpp:165:6:enabled	0	static
/home/stvsl/Documents/DOTRUST/PortingTest/imxrt1170_freertos_qt/platform/platform/boards/nxp/mimxrt1170-evkb-freertos/platform_layers.h:142:10:_ZThn32_NK3Qul8Platform7Private13Lcdifv2Sprite7enabledEv	0	static
/home/stvsl/Documents/DOTRUST/PortingTest/imxrt1170_freertos_qt/platform/platform/boards/nxp/mimxrt1170-evkb-freertos/platform_layers.cpp:170:31:position	8	static
/home/stvsl/Documents/DOTRUST/PortingTest/imxrt1170_freertos_qt/platform/platform/boards/nxp/mimxrt1170-evkb-freertos/platform_layers.h:144:30:_ZThn32_NK3Qul8Platform7Private13Lcdifv2Sprite8positionEv	8	static
/home/stvsl/Documents/DOTRUST/PortingTest/imxrt1170_freertos_qt/platform/platform/boards/nxp/mimxrt1170-evkb-freertos/platform_layers.cpp:245:6:driverCommonUpdate	48	static
/home/stvsl/Documents/DOTRUST/PortingTest/imxrt1170_freertos_qt/platform/platform/boards/nxp/mimxrt1170-evkb-freertos/platform_layers.cpp:494:6:size	8	static
/home/stvsl/Documents/DOTRUST/PortingTest/imxrt1170_freertos_qt/platform/platform/boards/nxp/mimxrt1170-evkb-freertos/platform_layers.cpp:499:9:bpp	0	static
/home/stvsl/Documents/DOTRUST/PortingTest/imxrt1170_freertos_qt/platform/platform/boards/nxp/mimxrt1170-evkb-freertos/platform_layers.cpp:504:18:format	0	static
/home/stvsl/Documents/DOTRUST/PortingTest/imxrt1170_freertos_qt/platform/platform/boards/nxp/mimxrt1170-evkb-freertos/platform_layers.cpp:647:10:frontBuffer	0	static
/home/stvsl/.mcuxpressotools/arm-gnu-toolchain-12.3.rel1-x86_64-arm-none-eabi/arm-none-eabi/include/c++/12.3.1/bits/stl_algobase.h:2131:5:__remove_if	8	static
/home/stvsl/Documents/DOTRUST/PortingTest/imxrt1170_freertos_qt/platform/platform/boards/nxp/mimxrt1170-evkb-freertos/platform_context.cpp:175:10:consoleWrite	0	static
/home/stvsl/Qt/QtMCUs/2.7.1/include/qul/private/flickable.h:92:10:appendChildImpl	0	static
/home/stvsl/Documents/DOTRUST/PortingTest/imxrt1170_freertos_qt/platform/platform/boards/nxp/mimxrt1170-evkb-freertos/platform_drawing.cpp:74:27:allocateSpriteLayer	24	static
/home/stvsl/Qt/QtMCUs/2.7.1/include/platform/private/preloadallocator.h:34:11:reallocate	24	static
/home/stvsl/Qt/QtMCUs/2.7.1/include/platform/private/preloadallocator.h:41:10:free	24	static
/home/stvsl/Qt/QtMCUs/2.7.1/include/platform/private/preloadallocator.h:45:10:acquire	24	static
/home/stvsl/Qt/QtMCUs/2.7.1/include/platform/private/preloadallocator.h:49:10:release	24	static
/home/stvsl/Documents/DOTRUST/PortingTest/imxrt1170_freertos_qt/platform/platform/boards/nxp/mimxrt1170-evkb-freertos/platform_drawing.cpp:86:6:deallocateItemLayer	8	static
/home/stvsl/Documents/DOTRUST/PortingTest/imxrt1170_freertos_qt/platform/platform/boards/nxp/mimxrt1170-evkb-freertos/platform_drawing.cpp:91:6:deallocateImageLayer	8	static
/home/stvsl/Documents/DOTRUST/PortingTest/imxrt1170_freertos_qt/platform/platform/boards/nxp/mimxrt1170-evkb-freertos/platform_drawing.cpp:96:6:deallocateSpriteLayer	16	static
/home/stvsl/Qt/QtMCUs/2.7.1/include/qul/property.h:362:10:setBindingImpl	48	static
/home/stvsl/Documents/DOTRUST/PortingTest/imxrt1170_freertos_qt/platform/platform/boards/nxp/mimxrt1170-evkb-freertos/platform_context.cpp:69:10:initializePlatform	16	static
/home/stvsl/Documents/DOTRUST/PortingTest/imxrt1170_freertos_qt/platform/platform/boards/nxp/mimxrt1170-evkb-freertos/platform_context.cpp:126:37:availableScreens	16	static
/home/stvsl/Documents/DOTRUST/PortingTest/imxrt1170_freertos_qt/platform/platform/boards/nxp/mimxrt1170-evkb-freertos/platform_context.cpp:170:41:memoryAllocator	16	static
/home/stvsl/Qt/QtMCUs/2.7.1/include/qul/private/items/itembase.h:226:38:childrenOffset	48	static
/home/stvsl/Qt/QtMCUs/2.7.1/include/qul/private/items.h:410:8:__dt_base 	24	static
/home/stvsl/Qt/QtMCUs/2.7.1/include/qul/private/items.h:410:8:__dt_del 	16	static
/home/stvsl/Qt/QtMCUs/2.7.1/include/qul/private/propertybinding.h:318:17:handleInternalCallWithScopeObject	112	static
/home/stvsl/Qt/QtMCUs/2.7.1/include/qul/private/propertybinding.h:318:17:handleInternalCallWithScopeObject	104	static
/home/stvsl/Qt/QtMCUs/2.7.1/include/qul/private/propertybinding.h:318:17:handleInternalCallWithScopeObject	112	static
/home/stvsl/Qt/QtMCUs/2.7.1/include/qul/private/flickable.h:42:7:__dt_base 	24	static
/home/stvsl/Qt/QtMCUs/2.7.1/include/qul/private/flickable.h:42:7:__dt_del 	24	static
/home/stvsl/Documents/DOTRUST/PortingTest/imxrt1170_freertos_qt/platform/platform/boards/nxp/mimxrt1170-evkb-freertos/platform_context.cpp:79:10:initializeDisplay	0	static
/home/stvsl/Documents/DOTRUST/PortingTest/imxrt1170_freertos_qt/platform/platform/boards/nxp/mimxrt1170-evkb-freertos/platform_context.cpp:81:14:update	8	static
/home/stvsl/Documents/DOTRUST/PortingTest/imxrt1170_freertos_qt/platform/platform/boards/nxp/mimxrt1170-evkb-freertos/platform_context.cpp:93:10:exec	24	static
/home/stvsl/Documents/DOTRUST/PortingTest/imxrt1170_freertos_qt/platform/platform/boards/nxp/mimxrt1170-evkb-freertos/platform_context.cpp:149:39:beginFrame	24	static
/home/stvsl/Documents/DOTRUST/PortingTest/imxrt1170_freertos_qt/platform/platform/boards/nxp/mimxrt1170-evkb-freertos/platform_context.cpp:109:10:scheduleEngineUpdate	16	static
/home/stvsl/Documents/DOTRUST/PortingTest/imxrt1170_freertos_qt/platform/platform/boards/nxp/mimxrt1170-evkb-freertos/platform_context.cpp:160:21:presentFrame	16	static
/home/stvsl/Documents/DOTRUST/PortingTest/imxrt1170_freertos_qt/src/cpp_config.cpp:23:7:operator new	8	static
/home/stvsl/Documents/DOTRUST/PortingTest/imxrt1170_freertos_qt/src/cpp_config.cpp:30:6:operator delete	0	static
/home/stvsl/Documents/DOTRUST/PortingTest/imxrt1170_freertos_qt/src/cpp_config.cpp:34:16:__aeabi_atexit	0	static
/home/stvsl/Documents/DOTRUST/PortingTest/imxrt1170_freertos_qt/src/cpp_config.cpp:40:18:malloc	0	static
/home/stvsl/Documents/DOTRUST/PortingTest/imxrt1170_freertos_qt/src/cpp_config.cpp:42:17:free	0	static
/home/stvsl/Documents/DOTRUST/PortingTest/imxrt1170_freertos_qt/src/cpp_config.cpp:57:6:__verbose_terminate_handler	0	static
/home/stvsl/Qt/QtMCUs/2.7.1/include/qul/property.h:247:10:call	32	static
/home/stvsl/Qt/QtMCUs/2.7.1/include/qul/private/propertybinding.h:498:17:callWithSelf	32	static
/home/stvsl/Qt/QtMCUs/2.7.1/include/qul/property.h:270:10:registerDependency	4	static
/home/stvsl/Qt/QtMCUs/2.7.1/include/qul/property.h:295:10:wasExplicitlySet	40	static
/home/stvsl/Qt/QtMCUs/2.7.1/include/qul/property.h:384:10:removeBindingImpl	4	static
/home/stvsl/Qt/QtMCUs/2.7.1/include/qul/private/items/itembase.h:218:18:keyEvent	72	static
/home/stvsl/Qt/QtMCUs/2.7.1/include/qul/property.h:632:10:setValue	48	static
/home/stvsl/Qt/QtMCUs/2.7.1/include/qul/property.h:685:14:value	40	static
/home/stvsl/Qt/QtMCUs/2.7.1/include/qul/property.h:632:10:setValue	48	static
/home/stvsl/Qt/QtMCUs/2.7.1/include/platforminterface/transform.h:75:16:translate	32	static
/home/stvsl/Qt/QtMCUs/2.7.1/include/platforminterface/genericmatrix.h:249:6:setToIdentity	8	static
/home/stvsl/Qt/QtMCUs/2.7.1/include/qul/property.h:685:14:value	40	static
/home/stvsl/Qt/QtMCUs/2.7.1/include/qul/property.h:664:10:setImplicitly	48	static
/home/stvsl/Documents/DOTRUST/PortingTest/imxrt1170_freertos_qt/platform/platform/boards/nxp/mimxrt1170-evkb-freertos/platform_clock.c:23:6:SysTick_Handler	8	static
/home/stvsl/Documents/DOTRUST/PortingTest/imxrt1170_freertos_qt/platform/platform/boards/nxp/mimxrt1170-evkb-freertos/platform_memory.cpp:63:37:memoryAllocator	16	static
/home/stvsl/Documents/DOTRUST/PortingTest/imxrt1170_freertos_qt/platform/platform/boards/nxp/mimxrt1170-evkb-freertos/platform_context.cpp:131:10:waitUntilAsyncReadFinished	16	static
/home/stvsl/Documents/DOTRUST/PortingTest/imxrt1170_freertos_qt/platform/platform/boards/nxp/mimxrt1170-evkb-freertos/platform_drawing.cpp:130:14:_ZN3Qul8Platform7Private11layerEngineEv.part.0	224	static
/home/stvsl/Documents/DOTRUST/PortingTest/imxrt1170_freertos_qt/platform/platform/boards/nxp/mimxrt1170-evkb-freertos/platform_context.cpp:147:37:layerEngine	8	static
/home/stvsl/Documents/DOTRUST/PortingTest/imxrt1170_freertos_qt/platform/platform/boards/nxp/mimxrt1170-evkb-freertos/platform_irq.c:60:6:LCDIFv2_IRQHandler	4	static
/home/stvsl/Documents/DOTRUST/PortingTest/imxrt1170_freertos_qt/platform/platform/boards/nxp/mimxrt1170-evkb-freertos/platform_irq.c:62:6:GPIO2_Combined_16_31_IRQHandler	8	static
/home/stvsl/Documents/DOTRUST/PortingTest/imxrt1170_freertos_qt/platform/platform/boards/nxp/mimxrt1170-evkb-freertos/platform_irq.c:64:6:GPU2D_IRQHandler	16	static
/home/stvsl/Documents/DOTRUST/PortingTest/imxrt1170_freertos_qt/platform/platform/boards/nxp/mimxrt1170-evkb-freertos/platform_layers.cpp:286:6:driverBufferUpdate	32	static
/home/stvsl/Documents/DOTRUST/PortingTest/imxrt1170_freertos_qt/platform/platform/boards/nxp/mimxrt1170-evkb-freertos/platform_context.cpp:158:10:endFrame	16	static
/home/stvsl/Documents/DOTRUST/PortingTest/imxrt1170_freertos_qt/platform/platform/boards/nxp/mimxrt1170-evkb-freertos/platform_layers.cpp:381:6:updateIndexes	48	static
/home/stvsl/Documents/DOTRUST/PortingTest/imxrt1170_freertos_qt/platform/platform/boards/nxp/mimxrt1170-evkb-freertos/platform_layers.cpp:581:6:onUpdated	0	static
/home/stvsl/Documents/DOTRUST/PortingTest/imxrt1170_freertos_qt/platform/platform/boards/nxp/mimxrt1170-evkb-freertos/platform_drawing.cpp:47:25:allocateItemLayer	72	static
/home/stvsl/Documents/DOTRUST/PortingTest/imxrt1170_freertos_qt/platform/platform/boards/nxp/mimxrt1170-evkb-freertos/platform_layers.cpp:481:6:onUpdated	16	static
/home/stvsl/Documents/DOTRUST/PortingTest/imxrt1170_freertos_qt/platform/platform/boards/nxp/mimxrt1170-evkb-freertos/platform_drawing.cpp:60:26:allocateImageLayer	24	static
/home/stvsl/Documents/DOTRUST/PortingTest/imxrt1170_freertos_qt/platform/platform/boards/nxp/mimxrt1170-evkb-freertos/platform_drawing.cpp:101:6:updateItemLayer	24	static
/home/stvsl/Documents/DOTRUST/PortingTest/imxrt1170_freertos_qt/platform/platform/boards/nxp/mimxrt1170-evkb-freertos/platform_drawing.cpp:109:6:updateImageLayer	32	static
/home/stvsl/Documents/DOTRUST/PortingTest/imxrt1170_freertos_qt/platform/platform/boards/nxp/mimxrt1170-evkb-freertos/platform_layers.cpp:206:1:__dt_base 	32	static
/home/stvsl/Documents/DOTRUST/PortingTest/imxrt1170_freertos_qt/platform/platform/boards/nxp/mimxrt1170-evkb-freertos/platform_layers.h:271:7:__dt_base 	32	static
/home/stvsl/Documents/DOTRUST/PortingTest/imxrt1170_freertos_qt/platform/platform/boards/nxp/mimxrt1170-evkb-freertos/platform_layers.h:271:7:__dt_del 	32	static
/home/stvsl/Documents/DOTRUST/PortingTest/imxrt1170_freertos_qt/platform/platform/boards/nxp/mimxrt1170-evkb-freertos/platform_layers.h:250:7:__dt_base 	32	static
/home/stvsl/Documents/DOTRUST/PortingTest/imxrt1170_freertos_qt/platform/platform/boards/nxp/mimxrt1170-evkb-freertos/platform_layers.h:250:7:__dt_del 	32	static
/home/stvsl/Documents/DOTRUST/PortingTest/imxrt1170_freertos_qt/platform/platform/boards/nxp/mimxrt1170-evkb-freertos/platform_layers.cpp:570:6:onSpriteChanged	24	static
/home/stvsl/Documents/DOTRUST/PortingTest/imxrt1170_freertos_qt/platform/platform/boards/nxp/mimxrt1170-evkb-freertos/platform_layers.cpp:575:6:onSpriteAttached	24	static
/home/stvsl/Documents/DOTRUST/PortingTest/imxrt1170_freertos_qt/platform/platform/boards/nxp/mimxrt1170-evkb-freertos/platform_layers.h:293:10:_ZThn20_N3Qul8Platform7Private16Lcdifv2ItemLayer9onUpdatedERKa	0	static
/home/stvsl/Documents/DOTRUST/PortingTest/imxrt1170_freertos_qt/platform/platform/boards/nxp/mimxrt1170-evkb-freertos/platform_layers.cpp:470:6:onSpriteChanged	24	static
/home/stvsl/Documents/DOTRUST/PortingTest/imxrt1170_freertos_qt/platform/platform/boards/nxp/mimxrt1170-evkb-freertos/platform_layers.cpp:475:6:onSpriteAttached	24	static
/home/stvsl/Documents/DOTRUST/PortingTest/imxrt1170_freertos_qt/platform/platform/boards/nxp/mimxrt1170-evkb-freertos/platform_layers.h:268:10:_ZThn20_N3Qul8Platform7Private17Lcdifv2ImageLayer9onUpdatedERKa	8	static
/home/stvsl/Documents/DOTRUST/PortingTest/imxrt1170_freertos_qt/src/freertos_hello.cpp:18:5:main	56	static
/home/stvsl/Documents/DOTRUST/PortingTest/imxrt1170_freertos_qt/platform/platform/boards/nxp/mimxrt1170-evkb-freertos/platform_context.cpp:56:10:initializeHardware	144	static
/home/stvsl/Documents/DOTRUST/PortingTest/imxrt1170_freertos_qt/src/freertos_hello.cpp:32:13:Qul_Thread	5944	static
/home/stvsl/Qt/QtMCUs/2.7.1/include/qul/private/items/text.h:47:8:__dt_base 	16	static
/home/stvsl/Qt/QtMCUs/2.7.1/include/qul/private/items/text.h:47:8:__dt_del 	8	static
/home/stvsl/Documents/DOTRUST/PortingTest/imxrt1170_freertos_qt/ui_source/MCUDemo.h:17:8:__dt_base 	32	static
/home/stvsl/Documents/DOTRUST/PortingTest/imxrt1170_freertos_qt/ui_source/MCUDemo.h:17:8:__dt_del 	32	static
/home/stvsl/Qt/QtMCUs/2.7.1/include/qul/private/propertybinding.h:498:17:callWithSelf	176	static
