/home/stvsl/Qt/QtMCUs/2.7.0/include/qul/private/slot.h:47:24:call	8	static
/home/stvsl/Qt/QtMCUs/2.7.0/src/controls/abstractbuttontemplate.cpp:222:1:__ct_base 	0	static
/home/stvsl/Qt/QtMCUs/2.7.0/src/controls/abstractbuttontemplate.cpp:311:6:buttonChange	0	static
/home/stvsl/Qt/QtMCUs/2.7.0/include/qul/private/global.h:399:11:offsetOf	0	static
/home/stvsl/Qt/QtMCUs/2.7.0/include/qul/private/global.h:399:11:offsetOf	0	static
/home/stvsl/Qt/QtMCUs/2.7.0/src/controls/checkboxtemplate.cpp:115:1:__ct_base 	0	static
/home/stvsl/Qt/QtMCUs/2.7.0/include/qul/private/global.h:399:11:offsetOf	0	static
/home/stvsl/Qt/QtMCUs/2.7.0/src/controls/controltemplate.cpp:390:1:__ct_base 	0	static
/home/stvsl/Qt/QtMCUs/2.7.0/src/controls/controltemplate.cpp:401:1:__ct_base 	0	static
/home/stvsl/Qt/QtMCUs/2.7.0/include/qul/private/global.h:399:11:offsetOf	0	static
/home/stvsl/Qt/QtMCUs/2.7.0/include/qul/private/global.h:399:11:offsetOf	0	static
/home/stvsl/Qt/QtMCUs/2.7.0/include/qul/private/global.h:249:75:qFuzzyCompare	16	static
/home/stvsl/Qt/QtMCUs/2.7.0/src/controls/dialtemplate.cpp:428:1:__ct_base 	0	static
/home/stvsl/Qt/QtMCUs/2.7.0/include/qul/private/global.h:399:11:offsetOf	0	static
/home/stvsl/Qt/QtMCUs/2.7.0/include/qul/private/global.h:399:11:offsetOf	0	static
/home/stvsl/Qt/QtMCUs/2.7.0/include/qul/private/global.h:399:11:offsetOf	0	static
/home/stvsl/Qt/QtMCUs/2.7.0/include/qul/private/global.h:399:11:offsetOf	0	static
/home/stvsl/Qt/QtMCUs/2.7.0/include/qul/private/global.h:399:11:offsetOf	0	static
/home/stvsl/Qt/QtMCUs/2.7.0/include/qul/private/global.h:249:75:qFuzzyCompare	16	static
/home/stvsl/Qt/QtMCUs/2.7.0/src/controls/slidertemplate.cpp:439:1:__ct_base 	0	static
/home/stvsl/Qt/QtMCUs/2.7.0/include/qul/private/global.h:399:11:offsetOf	0	static
/home/stvsl/Qt/QtMCUs/2.7.0/include/qul/private/global.h:399:11:offsetOf	0	static
/home/stvsl/Qt/QtMCUs/2.7.0/include/qul/private/global.h:399:11:offsetOf	0	static
/home/stvsl/Qt/QtMCUs/2.7.0/include/qul/private/global.h:399:11:offsetOf	0	static
/home/stvsl/Qt/QtMCUs/2.7.0/include/qul/private/global.h:399:11:offsetOf	0	static
/home/stvsl/Qt/QtMCUs/2.7.0/include/qul/private/slot.h:47:24:call	8	static
/home/stvsl/Qt/QtMCUs/2.7.0/src/controls/swipeviewtemplate.cpp:300:5:lowestValidIndex	0	static
/home/stvsl/Qt/QtMCUs/2.7.0/src/controls/swipeviewtemplate.cpp:456:1:__ct_base 	0	static
/home/stvsl/Qt/QtMCUs/2.7.0/src/controls/swipeviewtemplate.cpp:599:1:__ct_base 	0	static
/home/stvsl/Qt/QtMCUs/2.7.0/include/qul/private/global.h:399:11:offsetOf	0	static
/home/stvsl/Qt/QtMCUs/2.7.0/src/text/monotype/monotypeunicode.cpp:40:23:glyphInfoAttributes	0	static
/home/stvsl/Qt/QtMCUs/2.7.0/src/text/monotype/monotypeunicode.cpp:55:6:setBoundaryFlags	0	static
/home/stvsl/Qt/QtMCUs/2.7.0/src/text/monotype/monotypeunicode.cpp:179:5:entrySize	0	static
/home/stvsl/Qt/QtMCUs/2.7.0/src/3rdparty/monotype/shaperspark/product/source/unicode/msbidi62.c:1757:1:getBidiPropsIndex	0	static
/home/stvsl/Qt/QtMCUs/2.7.0/src/3rdparty/monotype/shaperspark/product/source/unicode/msbidi62.c:2093:1:MsUnicode_getBidiCharType	8	static
/home/stvsl/Qt/QtMCUs/2.7.0/src/3rdparty/monotype/shaperspark/product/source/unicode/msunicde.c:40:1:getGeneralProps	0	static
/home/stvsl/Qt/QtMCUs/2.7.0/src/3rdparty/monotype/shaperspark/product/source/unicode/msunicde.c:97:1:MsUnicode_getLineBreakType	8	static
/home/stvsl/Qt/QtMCUs/2.7.0/src/text/monotype/../../3rdparty/monotype/patches/custom_unicode_integration_apis/qul_monotype_unicode.h:518:1:MsShaper_markLineBreaks	64	static
/home/stvsl/Qt/QtMCUs/2.7.0/src/3rdparty/monotype/shaperspark/product/source/unicode/msunicde.c:104:1:MsUnicode_getWordBreakType	8	static
/home/stvsl/Qt/QtMCUs/2.7.0/src/text/monotype/../../3rdparty/monotype/patches/custom_unicode_integration_apis/qul_monotype_unicode.h:230:1:getNextStrongWordBreakType	16	static
/home/stvsl/Qt/QtMCUs/2.7.0/src/3rdparty/monotype/shaperspark/product/source/unicode/msunicde.c:118:1:MsUnicode_getGraphemeType	8	static
/home/stvsl/Qt/QtMCUs/2.7.0/src/text/monotype/../../3rdparty/monotype/patches/custom_unicode_integration_apis/qul_monotype_unicode.h:46:1:MsShaper_markGraphemeBoundaries	32	static
/home/stvsl/Qt/QtMCUs/2.7.0/src/3rdparty/monotype/shaperspark/product/source/unicode/msunicde.c:186:1:MsUnicode_isWhitespace	8	static
/home/stvsl/Qt/QtMCUs/2.7.0/src/text/monotype/../../3rdparty/monotype/patches/custom_unicode_integration_apis/qul_monotype_unicode.h:247:1:MsShaper_markWordBoundaries	56	static
/home/stvsl/Qt/QtMCUs/2.7.0/src/text/monotype/monotypeunicode.cpp:135:6:markBoundaries	24	static
/home/stvsl/Qt/QtMCUs/2.7.0/src/graphics/imagedecodepng_lodepng.cpp:39:10:acquire	8	static
/home/stvsl/Qt/QtMCUs/2.7.0/src/graphics/imagedecodepng_lodepng.cpp:44:10:release	8	static
/home/stvsl/Qt/QtMCUs/2.7.0/src/3rdparty/lodepng/lodepng.cpp:288:17:ucvector_init	0	static
/home/stvsl/Qt/QtMCUs/2.7.0/src/3rdparty/lodepng/lodepng.cpp:492:28:ensureBits9	4	static
/home/stvsl/Qt/QtMCUs/2.7.0/src/3rdparty/lodepng/lodepng.cpp:507:28:ensureBits17	4	static
/home/stvsl/Qt/QtMCUs/2.7.0/src/3rdparty/lodepng/lodepng.cpp:524:28:ensureBits25	12	static
/home/stvsl/Qt/QtMCUs/2.7.0/src/3rdparty/lodepng/lodepng.cpp:542:28:ensureBits32	12	static
/home/stvsl/Qt/QtMCUs/2.7.0/src/3rdparty/lodepng/lodepng.cpp:581:17:reverseBits	0	static
/home/stvsl/Qt/QtMCUs/2.7.0/src/3rdparty/lodepng/lodepng.cpp:641:13:HuffmanTree_init	0	static
/home/stvsl/Qt/QtMCUs/2.7.0/src/3rdparty/lodepng/lodepng.cpp:1073:17:huffmanDecodeSymbol	8	static
/home/stvsl/Qt/QtMCUs/2.7.0/src/3rdparty/lodepng/lodepng.cpp:2137:17:update_adler32	8	static
/home/stvsl/Qt/QtMCUs/2.7.0/src/3rdparty/lodepng/lodepng.cpp:2158:17:adler32	8	static
/home/stvsl/Qt/QtMCUs/2.7.0/src/controls/controltemplate.cpp:329:6:appendChildItem	8	static
/home/stvsl/Qt/QtMCUs/2.7.0/src/controls/abstractbuttontemplate.cpp:172:6:onAutoRepeatDelayTriggered	16	static
/home/stvsl/Qt/QtMCUs/2.7.0/src/controls/controltemplate.cpp:340:6:updateAvailableWidth	24	static
/home/stvsl/Qt/QtMCUs/2.7.0/src/controls/controltemplate.cpp:345:6:updateAvailableHeight	24	static
/home/stvsl/Qt/QtMCUs/2.7.0/src/controls/swipeviewtemplate.cpp:305:5:highestValidIndex	16	static
/home/stvsl/Qt/QtMCUs/2.7.0/src/controls/swipeviewtemplate.cpp:631:6:setTargetIndex	24	static
/home/stvsl/Qt/QtMCUs/2.7.0/src/controls/abstractbuttontemplate.cpp:179:6:onAutoRepeatIntervalTriggered	8	static
/home/stvsl/Qt/QtMCUs/2.7.0/src/controls/abstractbuttontemplate.cpp:205:6:operator()	16	static
/home/stvsl/Qt/QtMCUs/2.7.0/include/qul/private/propertybinding.h:498:17:callWithSelf	8	static
/home/stvsl/Qt/QtMCUs/2.7.0/src/controls/abstractbuttontemplate.cpp:239:6:autoRepeatControl	24	static
/home/stvsl/Qt/QtMCUs/2.7.0/src/controls/abstractbuttontemplate.cpp:213:6:operator()	8	static
/home/stvsl/Qt/QtMCUs/2.7.0/include/qul/private/propertybinding.h:498:17:callWithSelf	8	static
/home/stvsl/Qt/QtMCUs/2.7.0/src/controls/controltemplate.cpp:436:6:updateContentItemHorizontalGeometry	24	static
/home/stvsl/Qt/QtMCUs/2.7.0/src/controls/controltemplate.cpp:449:6:updateContentItemVerticalGeometry	24	static
/home/stvsl/Qt/QtMCUs/2.7.0/src/controls/controltemplate.cpp:379:6:operator()	8	static
/home/stvsl/Qt/QtMCUs/2.7.0/include/qul/private/propertybinding.h:498:17:callWithSelf	8	static
/home/stvsl/Qt/QtMCUs/2.7.0/src/controls/dialtemplate.cpp:403:6:operator()	8	static
/home/stvsl/Qt/QtMCUs/2.7.0/include/qul/private/propertybinding.h:498:17:callWithSelf	8	static
/home/stvsl/Qt/QtMCUs/2.7.0/src/controls/slidertemplate.cpp:409:6:operator()	8	static
/home/stvsl/Qt/QtMCUs/2.7.0/include/qul/private/propertybinding.h:498:17:callWithSelf	8	static
/home/stvsl/Qt/QtMCUs/2.7.0/src/controls/swipeviewtemplate.cpp:316:19:getFlickable	8	static
/home/stvsl/Qt/QtMCUs/2.7.0/src/controls/abstractbuttontemplate.cpp:226:6:operator()	24	static
/home/stvsl/Qt/QtMCUs/2.7.0/include/qul/private/propertybinding.h:432:17:callMe	8	static
/home/stvsl/Qt/QtMCUs/2.7.0/src/controls/dialtemplate.cpp:432:6:operator()	24	static
/home/stvsl/Qt/QtMCUs/2.7.0/include/qul/private/propertybinding.h:432:17:callMe	8	static
/home/stvsl/Qt/QtMCUs/2.7.0/src/controls/slidertemplate.cpp:443:6:operator()	16	static
/home/stvsl/Qt/QtMCUs/2.7.0/include/qul/private/propertybinding.h:432:17:callMe	8	static
/home/stvsl/Qt/QtMCUs/2.7.0/src/controls/abstractbuttontemplate.cpp:254:6:touchEvent	40	static
/home/stvsl/Qt/QtMCUs/2.7.0/src/controls/swipeviewtemplate.cpp:374:6:grabTouch	16	static
/home/stvsl/Qt/QtMCUs/2.7.0/src/controls/abstractbuttontemplate.cpp:300:6:nextCheckState	24	static
/home/stvsl/Qt/QtMCUs/2.7.0/include/qul/private/propertybinding.h:422:14:__ct_base 	16	static
/home/stvsl/Qt/QtMCUs/2.7.0/include/qul/private/propertybinding.h:422:14:__ct_base 	16	static
/home/stvsl/Qt/QtMCUs/2.7.0/include/qul/private/propertybinding.h:422:14:__ct_base 	16	static
/home/stvsl/Qt/QtMCUs/2.7.0/include/qul/private/propertybinding.h:422:14:__ct_base 	16	static
/home/stvsl/Qt/QtMCUs/2.7.0/include/qul/private/propertybinding.h:422:14:__ct_base 	16	static
/home/stvsl/Qt/QtMCUs/2.7.0/include/qul/private/propertybinding.h:422:14:__ct_base 	16	static
/home/stvsl/Qt/QtMCUs/2.7.0/src/controls/switchtemplate.cpp:64:6:buttonChange	16	static
/home/stvsl/Qt/QtMCUs/2.7.0/src/controls/dialtemplate.cpp:212:6:isLargeChange	24	static
/home/stvsl/Qt/QtMCUs/2.7.0/src/controls/dialtemplate.cpp:312:6:clampPosition	48	static
/home/stvsl/Qt/QtMCUs/2.7.0/src/controls/dialtemplate.cpp:417:6:operator()	8	static
/home/stvsl/Qt/QtMCUs/2.7.0/include/qul/private/propertybinding.h:498:17:callWithSelf	8	static
/home/stvsl/Qt/QtMCUs/2.7.0/src/controls/dialtemplate.cpp:378:6:updatePosition	40	static
/home/stvsl/Qt/QtMCUs/2.7.0/src/controls/dialtemplate.cpp:286:6:clampValue	40	static
/home/stvsl/Qt/QtMCUs/2.7.0/src/controls/dialtemplate.cpp:412:6:operator()	8	static
/home/stvsl/Qt/QtMCUs/2.7.0/include/qul/private/propertybinding.h:498:17:callWithSelf	8	static
/home/stvsl/Qt/QtMCUs/2.7.0/src/controls/dialtemplate.cpp:422:6:operator()	8	static
/home/stvsl/Qt/QtMCUs/2.7.0/include/qul/private/propertybinding.h:498:17:callWithSelf	8	static
/home/stvsl/Qt/QtMCUs/2.7.0/src/controls/progressbartemplate.cpp:104:6:updateProgress	64	static
/home/stvsl/Qt/QtMCUs/2.7.0/include/qul/private/propertybinding.h:498:17:callWithSelf	8	static
/home/stvsl/Qt/QtMCUs/2.7.0/src/controls/slidertemplate.cpp:380:6:updatePosition	40	static
/home/stvsl/Qt/QtMCUs/2.7.0/src/controls/slidertemplate.cpp:304:6:clampValue	40	static
/home/stvsl/Qt/QtMCUs/2.7.0/src/controls/slidertemplate.cpp:418:6:operator()	8	static
/home/stvsl/Qt/QtMCUs/2.7.0/include/qul/private/propertybinding.h:498:17:callWithSelf	8	static
/home/stvsl/Qt/QtMCUs/2.7.0/src/controls/slidertemplate.cpp:428:6:operator()	8	static
/home/stvsl/Qt/QtMCUs/2.7.0/include/qul/private/propertybinding.h:498:17:callWithSelf	8	static
/home/stvsl/Qt/QtMCUs/2.7.0/src/controls/controltemplate.cpp:412:6:updateBackgroundHorizontalGeometry	32	static
/home/stvsl/Qt/QtMCUs/2.7.0/src/controls/controltemplate.cpp:350:6:implicitWidthChange	8	static
/home/stvsl/Qt/QtMCUs/2.7.0/src/controls/controltemplate.cpp:394:6:operator()	8	static
/home/stvsl/Qt/QtMCUs/2.7.0/include/qul/private/propertybinding.h:432:17:callMe	8	static
/home/stvsl/Qt/QtMCUs/2.7.0/src/controls/controltemplate.cpp:424:6:updateBackgroundVerticalGeometry	32	static
/home/stvsl/Qt/QtMCUs/2.7.0/src/controls/controltemplate.cpp:357:6:implicitHeightChange	8	static
/home/stvsl/Qt/QtMCUs/2.7.0/src/controls/controltemplate.cpp:405:6:operator()	8	static
/home/stvsl/Qt/QtMCUs/2.7.0/include/qul/private/propertybinding.h:432:17:callMe	8	static
/home/stvsl/Qt/QtMCUs/2.7.0/src/controls/dialtemplate.cpp:302:7:valueAt	24	static
/home/stvsl/Qt/QtMCUs/2.7.0/src/controls/dialtemplate.cpp:390:7:snapPosition	32	static
/home/stvsl/Qt/QtMCUs/2.7.0/src/controls/dialtemplate.cpp:331:7:circularPositionAt	32	static
/home/stvsl/Qt/QtMCUs/2.7.0/src/controls/swipeviewtemplate.cpp:396:28:calculateSwipedDelta	16	static
/home/stvsl/Qt/QtMCUs/2.7.0/include/qul/private/global.h:468:13:testEqual	24	static
/home/stvsl/Qt/QtMCUs/2.7.0/src/controls/slidertemplate.cpp:328:7:valueAt	24	static
/home/stvsl/Qt/QtMCUs/2.7.0/src/controls/slidertemplate.cpp:393:7:snapPosition	32	static
/home/stvsl/Qt/QtMCUs/2.7.0/include/qul/private/propertybinding.h:404:10:setValue	8	static
/home/stvsl/Qt/QtMCUs/2.7.0/src/text/monotype/monotypeunicode.cpp:189:1:__dt_base 	8	static
/home/stvsl/Qt/QtMCUs/2.7.0/src/text/monotype/monotypeunicode.cpp:189:1:__dt_del 	8	static
/home/stvsl/Qt/QtMCUs/2.7.0/src/text/monotype/monotypeunicode.cpp:193:28:__tcf_0	8	static
/home/stvsl/Qt/QtMCUs/2.7.0/src/text/monotype/monotypeunicode.cpp:191:18:instance	8	static
/home/stvsl/Qt/QtMCUs/2.7.0/src/text/monotype/monotypeunicode.cpp:201:1:__static_initialization_and_destruction_0	8	static
/home/stvsl/Qt/QtMCUs/2.7.0/src/text/monotype/monotypeunicode.cpp:201:1:_GLOBAL__sub_I__Z31MsShaper_markGraphemeBoundariesP18MsTextProcessInfo_ll	8	static
/home/stvsl/Qt/QtMCUs/2.7.0/src/graphics/imagedecodepng_lodepng.cpp:55:7:lodepng_malloc	16	static
/home/stvsl/Qt/QtMCUs/2.7.0/src/graphics/imagedecodepng_lodepng.cpp:67:7:lodepng_realloc	24	static
/home/stvsl/Qt/QtMCUs/2.7.0/src/3rdparty/lodepng/lodepng.cpp:269:17:ucvector_reserve	16	static
/home/stvsl/Qt/QtMCUs/2.7.0/src/3rdparty/lodepng/lodepng.cpp:283:17:ucvector_resize	8	static
/home/stvsl/Qt/QtMCUs/2.7.0/src/graphics/imagedecodepng_lodepng.cpp:88:6:lodepng_free	16	static
/home/stvsl/Qt/QtMCUs/2.7.0/src/3rdparty/lodepng/lodepng.cpp:648:13:HuffmanTree_cleanup	8	static
/home/stvsl/Qt/QtMCUs/2.7.0/src/3rdparty/lodepng/lodepng.cpp:120:13:lodepng_memcpy	0	static
/home/stvsl/Qt/QtMCUs/2.7.0/src/3rdparty/lodepng/lodepng.cpp:1346:17:inflateNoCompression	32	static
/home/stvsl/Qt/QtMCUs/2.7.0/src/3rdparty/lodepng/lodepng.cpp:126:13:lodepng_memset	0	static
/home/stvsl/Qt/QtMCUs/2.7.0/src/3rdparty/lodepng/lodepng.cpp:664:17:HuffmanTree_makeTable	32	static
/home/stvsl/Qt/QtMCUs/2.7.0/src/3rdparty/lodepng/lodepng.cpp:785:17:HuffmanTree_makeFromLengths2	24	static
/home/stvsl/Qt/QtMCUs/2.7.0/src/3rdparty/lodepng/lodepng.cpp:826:17:HuffmanTree_makeFromLengths	24	static
/home/stvsl/Qt/QtMCUs/2.7.0/src/3rdparty/lodepng/lodepng.cpp:1037:17:generateFixedLitLenTree	16	static
/home/stvsl/Qt/QtMCUs/2.7.0/src/3rdparty/lodepng/lodepng.cpp:1055:17:generateFixedDistanceTree	16	static
/home/stvsl/Qt/QtMCUs/2.7.0/src/3rdparty/lodepng/lodepng.cpp:1097:17:getTreeInflateFixed	8	static
/home/stvsl/Qt/QtMCUs/2.7.0/src/3rdparty/lodepng/lodepng.cpp:133:15:lodepng_strlen	0	static
/home/stvsl/Qt/QtMCUs/2.7.0/src/3rdparty/lodepng/lodepng.cpp:147:12:lodepng_addofl	0	static
/home/stvsl/Qt/QtMCUs/2.7.0/src/3rdparty/lodepng/lodepng.cpp:163:12:lodepng_gtofl	16	static
/home/stvsl/Qt/QtMCUs/2.7.0/src/3rdparty/lodepng/lodepng.cpp:1104:17:getTreeInflateDynamic	88	static
/home/stvsl/Qt/QtMCUs/2.7.0/src/3rdparty/lodepng/lodepng.cpp:1238:17:inflateHuffmanBlock	96	static
/home/stvsl/Qt/QtMCUs/2.7.0/src/3rdparty/lodepng/lodepng.cpp:156:12:lodepng_mulofl	0	static
/home/stvsl/Qt/QtMCUs/2.7.0/src/3rdparty/lodepng/lodepng.cpp:469:17:LodePNGBitReader_init	16	static
/home/stvsl/Qt/QtMCUs/2.7.0/src/3rdparty/lodepng/lodepng.cpp:1381:17:lodepng_inflatev	40	static
/home/stvsl/Qt/QtMCUs/2.7.0/src/3rdparty/lodepng/lodepng.cpp:1417:17:inflatev	24	static
/home/stvsl/Qt/QtMCUs/2.7.0/src/3rdparty/lodepng/lodepng.cpp:326:17:lodepng_read32bitInt	0	static
/home/stvsl/Qt/QtMCUs/2.7.0/src/3rdparty/lodepng/lodepng.cpp:2168:17:lodepng_zlib_decompressv	24	static
/home/stvsl/Qt/QtMCUs/2.7.0/src/3rdparty/lodepng/lodepng.cpp:2220:17:zlib_decompress	56	static
/home/stvsl/Qt/QtMCUs/2.7.0/include/qul/private/flagpointer.h:295:17:operator=	24	static
/home/stvsl/Qt/QtMCUs/2.7.0/include/qul/private/array.h:117:15:append	24	static
/home/stvsl/Qt/QtMCUs/2.7.0/include/qul/private/array.h:181:22:qul_prop_deps	16	static
/home/stvsl/Qt/QtMCUs/2.7.0/include/qul/private/flagpointer.h:295:17:operator=	24	static
/home/stvsl/Qt/QtMCUs/2.7.0/include/qul/private/extradatapointer.h:77:10:setPreAllocated	24	static
/home/stvsl/Qt/QtMCUs/2.7.0/src/controls/swipeviewtemplate.cpp:623:1:__ct_base 	16	static
/home/stvsl/Qt/QtMCUs/2.7.0/include/qul/private/linkedlist.h:64:10:insertInto	24	static
/home/stvsl/Qt/QtMCUs/2.7.0/include/qul/private/attachedtype.h:79:5:__ct_base 	8	static
/home/stvsl/Qt/QtMCUs/2.7.0/src/text/monotype/monotypeunicode.cpp:62:17:toQulDirection	16	static
/home/stvsl/Qt/QtMCUs/2.7.0/src/text/monotype/monotypeunicode.cpp:122:17:direction	8	static
/home/stvsl/Qt/QtMCUs/2.7.0/src/text/monotype/monotypeunicode.cpp:165:23:attributes	24	static
/home/stvsl/Qt/QtMCUs/2.7.0/src/text/monotype/monotypeunicode.cpp:172:6:setAttributes	24	static
/home/stvsl/Qt/QtMCUs/2.7.0/src/platforminterface/gradient.cpp:55:6:generateGradientColorTable	112	static
/home/stvsl/Qt/QtMCUs/2.7.0/include/qul/private/propertybinding.h:413:8:__dt_base 	16	static
/home/stvsl/Qt/QtMCUs/2.7.0/include/qul/private/propertybinding.h:413:8:__dt_base 	16	static
/home/stvsl/Qt/QtMCUs/2.7.0/include/qul/private/propertybinding.h:413:8:__dt_base 	16	static
/home/stvsl/Qt/QtMCUs/2.7.0/include/qul/private/propertybinding.h:413:8:__dt_base 	16	static
/home/stvsl/Qt/QtMCUs/2.7.0/src/controls/controltemplate.cpp:327:1:__dt_base 	8	static
/home/stvsl/Qt/QtMCUs/2.7.0/src/controls/controltemplate.cpp:327:1:__dt_del 	8	static
/home/stvsl/Qt/QtMCUs/2.7.0/include/qul/private/propertybinding.h:413:8:__dt_base 	16	static
/home/stvsl/Qt/QtMCUs/2.7.0/src/controls/progressbartemplate.cpp:102:1:__dt_base 	8	static
/home/stvsl/Qt/QtMCUs/2.7.0/src/controls/progressbartemplate.cpp:102:1:__dt_del 	8	static
/home/stvsl/Qt/QtMCUs/2.7.0/include/qul/private/propertybinding.h:413:8:__dt_base 	16	static
/home/stvsl/Qt/QtMCUs/2.7.0/include/qul/private/propertybinding.h:413:8:__dt_base 	16	static
/home/stvsl/Qt/QtMCUs/2.7.0/include/qul/private/propertybinding.h:413:8:__dt_base 	16	static
/home/stvsl/Qt/QtMCUs/2.7.0/include/qul/property.h:685:14:value	24	static
/home/stvsl/Qt/QtMCUs/2.7.0/src/controls/checkboxtemplate.cpp:125:6:operator()	16	static
/home/stvsl/Qt/QtMCUs/2.7.0/include/qul/private/propertybinding.h:498:17:callWithSelf	8	static
/home/stvsl/Qt/QtMCUs/2.7.0/include/qul/property.h:685:14:value	24	static
/home/stvsl/Qt/QtMCUs/2.7.0/include/qul/property.h:685:14:value	24	static
/home/stvsl/Qt/QtMCUs/2.7.0/src/controls/dialtemplate.cpp:217:6:isHorizontalOrVertical	8	static
/home/stvsl/Qt/QtMCUs/2.7.0/src/controls/dialtemplate.cpp:352:7:linearPositionAt	40	static
/home/stvsl/Qt/QtMCUs/2.7.0/src/controls/dialtemplate.cpp:326:7:positionAt	16	static
/home/stvsl/Qt/QtMCUs/2.7.0/src/controls/dialtemplate.cpp:252:6:handleMove	48	static
/home/stvsl/Qt/QtMCUs/2.7.0/src/controls/dialtemplate.cpp:269:6:handleRelease	56	static
/home/stvsl/Qt/QtMCUs/2.7.0/src/controls/dialtemplate.cpp:222:6:touchEvent	40	static
/home/stvsl/Qt/QtMCUs/2.7.0/include/qul/property.h:685:14:value	24	static
/home/stvsl/Qt/QtMCUs/2.7.0/src/controls/slidertemplate.cpp:341:6:clampPosition	48	static
/home/stvsl/Qt/QtMCUs/2.7.0/src/controls/slidertemplate.cpp:423:6:operator()	8	static
/home/stvsl/Qt/QtMCUs/2.7.0/include/qul/private/propertybinding.h:498:17:callWithSelf	8	static
/home/stvsl/Qt/QtMCUs/2.7.0/src/controls/slidertemplate.cpp:434:6:operator()	8	static
/home/stvsl/Qt/QtMCUs/2.7.0/include/qul/private/propertybinding.h:498:17:callWithSelf	8	static
/home/stvsl/Qt/QtMCUs/2.7.0/src/controls/slidertemplate.cpp:360:7:positionAt	64	static
/home/stvsl/Qt/QtMCUs/2.7.0/src/controls/slidertemplate.cpp:271:6:handleMove	40	static
/home/stvsl/Qt/QtMCUs/2.7.0/src/controls/slidertemplate.cpp:286:6:handleRelease	64	static
/home/stvsl/Qt/QtMCUs/2.7.0/src/controls/slidertemplate.cpp:241:6:touchEvent	32	static
/home/stvsl/Qt/QtMCUs/2.7.0/include/qul/property.h:685:14:value	24	static
/home/stvsl/Qt/QtMCUs/2.7.0/src/controls/swipeviewtemplate.cpp:323:6:layout	56	static
/home/stvsl/Qt/QtMCUs/2.7.0/src/controls/swipeviewtemplate.cpp:193:6:implicitWidthChange	8	static
/home/stvsl/Qt/QtMCUs/2.7.0/src/controls/swipeviewtemplate.cpp:200:6:implicitHeightChange	8	static
/home/stvsl/Qt/QtMCUs/2.7.0/src/controls/swipeviewtemplate.cpp:545:31:contentItemChildrenIterator	16	static
/home/stvsl/Qt/QtMCUs/2.7.0/src/controls/swipeviewtemplate.cpp:284:18:itemAt	24	static
/home/stvsl/Qt/QtMCUs/2.7.0/src/controls/swipeviewtemplate.cpp:460:6:operator()	40	static
/home/stvsl/Qt/QtMCUs/2.7.0/include/qul/private/propertybinding.h:432:17:callMe	8	static
/home/stvsl/Qt/QtMCUs/2.7.0/include/qul/property.h:648:10:setValueAndBypassBinding	16	static
/home/stvsl/Qt/QtMCUs/2.7.0/include/qul/property.h:664:10:setImplicitly	24	static
/home/stvsl/Qt/QtMCUs/2.7.0/include/qul/property.h:632:10:setValue	24	static
/home/stvsl/Qt/QtMCUs/2.7.0/src/controls/checkboxtemplate.cpp:107:6:nextCheckState	16	static
/home/stvsl/Qt/QtMCUs/2.7.0/src/controls/checkboxtemplate.cpp:119:6:operator()	16	static
/home/stvsl/Qt/QtMCUs/2.7.0/include/qul/private/propertybinding.h:432:17:callMe	8	static
/home/stvsl/Qt/QtMCUs/2.7.0/include/qul/property.h:648:10:setValueAndBypassBinding	16	static
/home/stvsl/Qt/QtMCUs/2.7.0/include/qul/property.h:664:10:setImplicitly	24	static
/home/stvsl/Qt/QtMCUs/2.7.0/include/qul/property.h:648:10:setValueAndBypassBinding	16	static
/home/stvsl/Qt/QtMCUs/2.7.0/include/qul/property.h:632:10:setValue	24	static
/home/stvsl/Qt/QtMCUs/2.7.0/src/controls/swipeviewtemplate.cpp:277:6:updateCurrentItem	16	static
/home/stvsl/Qt/QtMCUs/2.7.0/src/controls/swipeviewtemplate.cpp:553:6:snapFinishedCallback	24	static
/home/stvsl/Qt/QtMCUs/2.7.0/include/qul/property.h:603:5:__ct_base 	16	static
/home/stvsl/Qt/QtMCUs/2.7.0/src/controls/controltemplate.cpp:315:1:__ct_base 	64	static
/home/stvsl/Qt/QtMCUs/2.7.0/src/controls/dialtemplate.cpp:188:1:__ct_base 	32	static
/home/stvsl/Qt/QtMCUs/2.7.0/src/controls/progressbartemplate.cpp:92:1:__ct_base 	16	static
/home/stvsl/Qt/QtMCUs/2.7.0/src/controls/slidertemplate.cpp:214:1:__ct_base 	56	static
/home/stvsl/Qt/QtMCUs/2.7.0/src/controls/swipeviewtemplate.cpp:170:1:__ct_base 	24	static
/home/stvsl/Qt/QtMCUs/2.7.0/src/controls/swipeviewtemplate.cpp:207:6:appendChildImpl	32	static
/home/stvsl/Qt/QtMCUs/2.7.0/src/controls/swipeviewtemplate.cpp:388:6:handleBeginEvent	24	static
/home/stvsl/Qt/QtMCUs/2.7.0/src/controls/swipeviewtemplate.cpp:410:6:handleUpdateEvent	48	static
/home/stvsl/Qt/QtMCUs/2.7.0/src/controls/swipeviewtemplate.cpp:644:6:doStart	32	static
/home/stvsl/Qt/QtMCUs/2.7.0/src/controls/swipeviewtemplate.cpp:482:6:handleCancelEvent	8	static
/home/stvsl/Qt/QtMCUs/2.7.0/src/controls/swipeviewtemplate.cpp:489:6:childTouchEventFilter	24	static
/home/stvsl/Qt/QtMCUs/2.7.0/src/controls/swipeviewtemplate.cpp:637:6:start	8	static
/home/stvsl/Qt/QtMCUs/2.7.0/src/controls/swipeviewtemplate.cpp:268:6:setCurrentIndex	16	static
/home/stvsl/Qt/QtMCUs/2.7.0/src/controls/swipeviewtemplate.cpp:589:6:operator()	24	static
/home/stvsl/Qt/QtMCUs/2.7.0/src/controls/swipeviewtemplate.cpp:134:13:onComponentCompleted	64	static
/home/stvsl/Qt/QtMCUs/2.7.0/include/qul/private/propertybinding.h:498:17:callWithSelf	8	static
/home/stvsl/Qt/QtMCUs/2.7.0/src/controls/swipeviewtemplate.cpp:603:6:operator()	8	static
/home/stvsl/Qt/QtMCUs/2.7.0/include/qul/private/propertybinding.h:432:17:callMe	8	static
/home/stvsl/Qt/QtMCUs/2.7.0/src/controls/swipeviewtemplate.cpp:449:6:handleEndEvent	8	static
/home/stvsl/Qt/QtMCUs/2.7.0/src/controls/swipeviewtemplate.cpp:515:6:touchEvent	16	static
/home/stvsl/Qt/QtMCUs/2.7.0/src/graphics/imagedecodepng_lodepng.cpp:101:8:toPixelFormat	64	static
/home/stvsl/Qt/QtMCUs/2.7.0/src/graphics/imagedecodepng_lodepng.cpp:201:8:pngDecode_backend	176	static
/home/stvsl/Qt/QtMCUs/2.7.0/include/qul/private/controls/abstractbuttontemplate.h:55:12:__dt_base 	8	static
/home/stvsl/Qt/QtMCUs/2.7.0/src/controls/abstractbuttontemplate.cpp:203:1:__dt_base 	8	static
/home/stvsl/Qt/QtMCUs/2.7.0/src/controls/abstractbuttontemplate.cpp:203:1:__dt_del 	8	static
/home/stvsl/Qt/QtMCUs/2.7.0/src/controls/buttontemplate.cpp:29:1:__dt_base 	8	static
/home/stvsl/Qt/QtMCUs/2.7.0/src/controls/buttontemplate.cpp:29:1:__dt_del 	8	static
/home/stvsl/Qt/QtMCUs/2.7.0/src/controls/checkboxtemplate.cpp:105:1:__dt_base 	8	static
/home/stvsl/Qt/QtMCUs/2.7.0/src/controls/checkboxtemplate.cpp:105:1:__dt_del 	8	static
/home/stvsl/Qt/QtMCUs/2.7.0/src/controls/radiobuttontemplate.cpp:73:1:__dt_base 	8	static
/home/stvsl/Qt/QtMCUs/2.7.0/src/controls/radiobuttontemplate.cpp:73:1:__dt_del 	8	static
/home/stvsl/Qt/QtMCUs/2.7.0/src/controls/switchtemplate.cpp:62:1:__dt_base 	8	static
/home/stvsl/Qt/QtMCUs/2.7.0/src/controls/switchtemplate.cpp:62:1:__dt_del 	8	static
/home/stvsl/Qt/QtMCUs/2.7.0/src/controls/dialtemplate.cpp:210:1:__dt_base 	8	static
/home/stvsl/Qt/QtMCUs/2.7.0/src/controls/dialtemplate.cpp:210:1:__dt_del 	8	static
/home/stvsl/Qt/QtMCUs/2.7.0/src/controls/slidertemplate.cpp:239:1:__dt_base 	8	static
/home/stvsl/Qt/QtMCUs/2.7.0/src/controls/slidertemplate.cpp:239:1:__dt_del 	8	static
/home/stvsl/Qt/QtMCUs/2.7.0/include/qul/property.h:603:5:__ct_base 	16	static
/home/stvsl/Qt/QtMCUs/2.7.0/src/controls/abstractbuttontemplate.cpp:184:1:__ct_base 	32	static
/home/stvsl/Qt/QtMCUs/2.7.0/src/controls/buttontemplate.cpp:27:1:__ct_base 	8	static
/home/stvsl/Qt/QtMCUs/2.7.0/src/controls/checkboxtemplate.cpp:93:1:__ct_base 	40	static
/home/stvsl/Qt/QtMCUs/2.7.0/src/controls/radiobuttontemplate.cpp:67:1:__ct_base 	24	static
/home/stvsl/Qt/QtMCUs/2.7.0/src/controls/switchtemplate.cpp:56:1:__ct_base 	16	static
/home/stvsl/Qt/QtMCUs/2.7.0/include/platforminterface/allocator.h:103:11:qul_new	16	static
/home/stvsl/Qt/QtMCUs/2.7.0/include/qul/private/extradatapointer.h:60:12:data	32	static
/home/stvsl/Qt/QtMCUs/2.7.0/src/controls/controltemplate.cpp:364:6:operator()	24	static
/home/stvsl/Qt/QtMCUs/2.7.0/include/qul/private/propertybinding.h:498:17:callWithSelf	8	static
/home/stvsl/Qt/QtMCUs/2.7.0/include/qul/private/controls/swipeviewtemplate.h:110:12:__dt_base 	8	static
/home/stvsl/Qt/QtMCUs/2.7.0/src/controls/swipeviewtemplate.cpp:191:1:__dt_base 	8	static
/home/stvsl/Qt/QtMCUs/2.7.0/src/controls/swipeviewtemplate.cpp:191:1:__dt_del 	8	static
/home/stvsl/Qt/QtMCUs/2.7.0/include/qul/private/controls/swipeviewtemplate.h:110:12:__dt_del 	8	static
