/home/stvsl/Qt/QtMCUs/2.7.0/src/graphics/drawhelper.h:771:26:storePixel	4	static
/home/stvsl/Qt/QtMCUs/2.7.0/src/graphics/textcache.cpp:161:13:areOffsetsAligned	0	static
/home/stvsl/Qt/QtMCUs/2.7.0/src/graphics/textcache.cpp:166:13:blend_bitwise_or	0	static
/home/stvsl/Qt/QtMCUs/2.7.0/src/graphics/textcache.cpp:310:6:cleanup	8	static
/home/stvsl/Qt/QtMCUs/2.7.0/include/qul/private/textcache.h:45:8:__dt_base 	8	static
/home/stvsl/Qt/QtMCUs/2.7.0/src/graphics/textcache.cpp:373:6:enableTextCache	0	static
/home/stvsl/Qt/QtMCUs/2.7.0/src/graphics/textcache.cpp:378:8:textCacheSizeMax	0	static
/home/stvsl/Qt/QtMCUs/2.7.0/src/graphics/textcache.cpp:383:15:calculateMemoryPoolSize	0	static
/home/stvsl/Qt/QtMCUs/2.7.0/src/graphics/textcache.cpp:458:8:usedTextCacheSize	0	static
/home/stvsl/Qt/QtMCUs/2.7.0/src/graphics/textcache.cpp:141:13:blendPixels	24	static
/home/stvsl/.mcuxpressotools/arm-gnu-toolchain-12.3.rel1-x86_64-arm-none-eabi/arm-none-eabi/include/c++/12.3.1/bits/stl_vector.h:1228:7:back	0	static
/home/stvsl/.mcuxpressotools/arm-gnu-toolchain-12.3.rel1-x86_64-arm-none-eabi/arm-none-eabi/include/c++/12.3.1/bits/stl_vector.h:1228:7:back	0	static
/home/stvsl/.mcuxpressotools/arm-gnu-toolchain-12.3.rel1-x86_64-arm-none-eabi/arm-none-eabi/include/c++/12.3.1/bits/stl_uninitialized.h:344:5:__uninitialized_copy_a	0	static
/home/stvsl/.mcuxpressotools/arm-gnu-toolchain-12.3.rel1-x86_64-arm-none-eabi/arm-none-eabi/include/c++/12.3.1/bits/stl_uninitialized.h:391:5:__uninitialized_move_if_noexcept_a	8	static
/home/stvsl/.mcuxpressotools/arm-gnu-toolchain-12.3.rel1-x86_64-arm-none-eabi/arm-none-eabi/include/c++/12.3.1/bits/stl_uninitialized.h:344:5:__uninitialized_copy_a	0	static
/home/stvsl/.mcuxpressotools/arm-gnu-toolchain-12.3.rel1-x86_64-arm-none-eabi/arm-none-eabi/include/c++/12.3.1/bits/stl_uninitialized.h:391:5:__uninitialized_move_if_noexcept_a	8	static
/home/stvsl/Qt/QtMCUs/2.7.0/include/qul/private/text/fontengine.h:176:18:usePathData	0	static
/home/stvsl/Qt/QtMCUs/2.7.0/include/qul/private/text/fontengine.h:187:18:needsSyncAfterBlend	0	static
/home/stvsl/Qt/QtMCUs/2.7.0/include/qul/private/text/fontengine.h:188:18:freeNativeData	0	static
/home/stvsl/Qt/QtMCUs/2.7.0/include/qul/private/text/fontenginestatic.h:161:13:placeholderGlyphIndex	8	static
/home/stvsl/Qt/QtMCUs/2.7.0/include/qul/private/text/fontenginestatic.h:163:13:bitsPerPixel	0	static
/home/stvsl/Qt/QtMCUs/2.7.0/src/text/fontenginestatic.cpp:51:10:alphaMapForGlyph	48	static
/home/stvsl/Qt/QtMCUs/2.7.0/src/text/fontenginestatic.cpp:118:13:advanceForGlyph	40	static
/home/stvsl/Qt/QtMCUs/2.7.0/src/text/fontenginestatic.cpp:127:13:fontMetrics	16	static
/home/stvsl/Qt/QtMCUs/2.7.0/src/text/fontenginestatic.cpp:132:9:defaultMargins	0	static
/home/stvsl/Qt/QtMCUs/2.7.0/src/text/fontenginestatic.cpp:139:9:fontIndex	0	static
/home/stvsl/Qt/QtMCUs/2.7.0/include/qul/private/text/fontengine.h:118:24:rightBearing	0	static
/home/stvsl/Qt/QtMCUs/2.7.0/include/qul/private/global.h:210:29:qAbs	0	static
/home/stvsl/Qt/QtMCUs/2.7.0/include/qul/private/text/fontengine.h:132:24:negativeRightBearing	24	static
/home/stvsl/Qt/QtMCUs/2.7.0/include/qul/private/text/glyph.h:245:7:operator=	12	static
/home/stvsl/Qt/QtMCUs/2.7.0/src/text/textlayout.cpp:108:13:calculateLineOffset	0	static
/home/stvsl/Qt/QtMCUs/2.7.0/include/qul/private/text/glyph.h:245:7:__ct_base 	12	static
/home/stvsl/Qt/QtMCUs/2.7.0/src/text/textlayout.cpp:258:5:attributes	0	static
/home/stvsl/Qt/QtMCUs/2.7.0/src/text/textlayout.cpp:289:5:advance	0	static
/home/stvsl/Qt/QtMCUs/2.7.0/src/text/textengine.cpp:130:6:reset	0	static
/home/stvsl/Qt/QtMCUs/2.7.0/src/text/textengine.cpp:135:5:size	0	static
/home/stvsl/Qt/QtMCUs/2.7.0/src/text/textengine.cpp:154:6:setAttributesFromUcs4	0	static
/home/stvsl/Qt/QtMCUs/2.7.0/src/text/textengine.cpp:218:6:updateLineFontMetrics	4	static
/home/stvsl/Qt/QtMCUs/2.7.0/src/text/textengine.cpp:236:13:emptyLineFontMetrics	32	static
/home/stvsl/Qt/QtMCUs/2.7.0/src/text/textmetrics.cpp:68:1:__ct_base 	0	static
/home/stvsl/Qt/QtMCUs/2.7.0/src/text/glyph.cpp:36:17:boundingBox	8	static
/home/stvsl/Qt/QtMCUs/2.7.0/src/text/glyph.cpp:41:13:fontMetrics	8	static
/home/stvsl/Qt/QtMCUs/2.7.0/src/text/glyph.cpp:46:13:advanceForGlyph	8	static
/home/stvsl/Qt/QtMCUs/2.7.0/src/text/glyph.cpp:51:13:kerning	8	static
/home/stvsl/Qt/QtMCUs/2.7.0/src/text/glyph.cpp:56:9:fontIndex	8	static
/home/stvsl/Qt/QtMCUs/2.7.0/src/text/glyph.cpp:82:1:__ct_base 	0	static
/home/stvsl/Qt/QtMCUs/2.7.0/src/text/glyph.cpp:319:6:displayBoxesForParagraph	0	static
/home/stvsl/Qt/QtMCUs/2.7.0/src/text/glyph.cpp:534:6:isWhiteSpace	0	static
/home/stvsl/Qt/QtMCUs/2.7.0/src/text/glyph.cpp:652:6:setParagraph	0	static
/home/stvsl/Qt/QtMCUs/2.7.0/src/text/glyph.cpp:657:6:setAdvance	0	static
/home/stvsl/Qt/QtMCUs/2.7.0/src/text/glyph.cpp:670:5:layoutHeight	0	static
/home/stvsl/Qt/QtMCUs/2.7.0/src/text/textelidehandler.cpp:113:6:handleParagraphChange	0	static
/home/stvsl/Qt/QtMCUs/2.7.0/src/text/textelidehandler.cpp:170:13:resolveConfig	40	static
/home/stvsl/Qt/QtMCUs/2.7.0/src/text/textengine.cpp:314:5:__ct_base 	16	static
/home/stvsl/Qt/QtMCUs/2.7.0/include/qul/private/text/textelidehandler.h:59:11:operator=	16	static
/home/stvsl/Qt/QtMCUs/2.7.0/include/qul/private/text/textelidehandler.h:59:11:__ct_base 	16	static
/home/stvsl/Qt/QtMCUs/2.7.0/src/text/textwraphandler.cpp:182:6:isBoundary	0	static
/home/stvsl/Qt/QtMCUs/2.7.0/src/text/textwraphandler.cpp:192:6:commitLineBreak	8	static
/home/stvsl/Qt/QtMCUs/2.7.0/src/text/paragraph.cpp:30:25:toHorizontalAlignment	0	static
/home/stvsl/Qt/QtMCUs/2.7.0/src/text/paragraph.cpp:35:25:implicitHAlignment	8	static
/home/stvsl/Qt/QtMCUs/2.7.0/src/text/textmetrics.cpp:77:6:handleParagraphChange	16	static
/home/stvsl/Qt/QtMCUs/2.7.0/src/text/paragraph.cpp:40:6:isLastGlyph	0	static
/home/stvsl/Qt/QtMCUs/2.7.0/src/text/paragraph.cpp:45:6:isLastParagraph	0	static
/home/stvsl/Qt/QtMCUs/2.7.0/src/text/paragraph.cpp:77:6:containsHtmlTags	0	static
/home/stvsl/Qt/QtMCUs/2.7.0/src/text/encodedlogicalpos.cpp:34:1:__ct_base 	0	static
/home/stvsl/Qt/QtMCUs/2.7.0/include/qul/private/text/glyph.h:98:5:__ct_base 	16	static
/home/stvsl/Qt/QtMCUs/2.7.0/src/text/glyph.cpp:662:1:__ct_base 	16	static
/home/stvsl/Qt/QtMCUs/2.7.0/src/text/textelidehandler.cpp:119:11:ellisionGlyphInfo	16	static
/home/stvsl/Qt/QtMCUs/2.7.0/src/text/textelidehandler.cpp:410:11:ellisionGlyphInfo	16	static
/home/stvsl/Qt/QtMCUs/2.7.0/src/text/encodedlogicalpos.cpp:65:5:formatIndex	0	static
/home/stvsl/Qt/QtMCUs/2.7.0/src/text/encodedlogicalpos.cpp:70:31:formatType	0	static
/home/stvsl/Qt/QtMCUs/2.7.0/src/text/encodedlogicalpos.cpp:80:6:isFormatIndexSet	0	static
/home/stvsl/Qt/QtMCUs/2.7.0/src/text/encodedlogicalpos.cpp:85:6:isImageFormatSet	16	static
/home/stvsl/Qt/QtMCUs/2.7.0/src/text/encodedlogicalpos.cpp:105:6:setLogicalPos	0	static
/home/stvsl/Qt/QtMCUs/2.7.0/src/text/textline.cpp:36:1:__ct_base 	8	static
/home/stvsl/Qt/QtMCUs/2.7.0/src/text/fontenginestatic.cpp:98:17:boundingBox	88	static
/home/stvsl/Qt/QtMCUs/2.7.0/src/text/textlayout.cpp:296:5:negativeRightBearing	80	static
/home/stvsl/.mcuxpressotools/arm-gnu-toolchain-12.3.rel1-x86_64-arm-none-eabi/arm-none-eabi/include/c++/12.3.1/bits/stl_vector.h:1891:7:_M_check_len	24	static
/home/stvsl/.mcuxpressotools/arm-gnu-toolchain-12.3.rel1-x86_64-arm-none-eabi/arm-none-eabi/include/c++/12.3.1/bits/stl_vector.h:1891:7:_M_check_len	24	static
/home/stvsl/.mcuxpressotools/arm-gnu-toolchain-12.3.rel1-x86_64-arm-none-eabi/arm-none-eabi/include/c++/12.3.1/bits/stl_iterator_base_funcs.h:183:5:__advance	0	static
/home/stvsl/.mcuxpressotools/arm-gnu-toolchain-12.3.rel1-x86_64-arm-none-eabi/arm-none-eabi/include/c++/12.3.1/bits/stl_algobase.h:1450:5:__lower_bound	32	static
/home/stvsl/Qt/QtMCUs/2.7.0/src/text/fontenginestatic.cpp:29:13:kerning	24	static
/home/stvsl/.mcuxpressotools/arm-gnu-toolchain-12.3.rel1-x86_64-arm-none-eabi/arm-none-eabi/include/c++/12.3.1/bits/stl_iterator_base_funcs.h:183:5:__advance	0	static
/home/stvsl/.mcuxpressotools/arm-gnu-toolchain-12.3.rel1-x86_64-arm-none-eabi/arm-none-eabi/include/c++/12.3.1/bits/stl_algobase.h:1450:5:__lower_bound	48	static
/home/stvsl/Qt/QtMCUs/2.7.0/src/text/fontenginestatic.cpp:74:9:glyphIndex	24	static
/home/stvsl/Qt/QtMCUs/2.7.0/include/qul/private/text/textengine.h:205:17:skipWhiteSpaces	24	static
/home/stvsl/Qt/QtMCUs/2.7.0/src/text/texthtmlparser.cpp:61:6:matchesSequence	40	static
/home/stvsl/Qt/QtMCUs/2.7.0/src/text/texthtmlparser.cpp:87:12:parseStringAttributeValue	40	static
/home/stvsl/Qt/QtMCUs/2.7.0/src/graphics/textcache.cpp:301:6:cleanup	0	static
/home/stvsl/Qt/QtMCUs/2.7.0/src/graphics/textcache.cpp:318:6:free	16	static
/home/stvsl/Qt/QtMCUs/2.7.0/src/graphics/textcache.cpp:368:6:isTextCacheEnabled	0	static
/home/stvsl/.mcuxpressotools/arm-gnu-toolchain-12.3.rel1-x86_64-arm-none-eabi/arm-none-eabi/include/c++/12.3.1/bits/alloc_traits.h:832:5:_Destroy	0	static
/home/stvsl/.mcuxpressotools/arm-gnu-toolchain-12.3.rel1-x86_64-arm-none-eabi/arm-none-eabi/include/c++/12.3.1/bits/stl_vector.h:728:7:__dt_base 	8	static
/home/stvsl/.mcuxpressotools/arm-gnu-toolchain-12.3.rel1-x86_64-arm-none-eabi/arm-none-eabi/include/c++/12.3.1/bits/alloc_traits.h:832:5:_Destroy	0	static
/home/stvsl/.mcuxpressotools/arm-gnu-toolchain-12.3.rel1-x86_64-arm-none-eabi/arm-none-eabi/include/c++/12.3.1/bits/stl_vector.h:728:7:__dt_base 	8	static
/home/stvsl/Qt/QtMCUs/2.7.0/src/graphics/texturedecompressor.cpp:33:8:getDecompressedBits	16	static
/home/stvsl/Qt/QtMCUs/2.7.0/src/text/textlayout.cpp:329:6:hasNext	0	static
/home/stvsl/Qt/QtMCUs/2.7.0/src/text/textengine.cpp:80:1:__dt_base 	0	static
/home/stvsl/Qt/QtMCUs/2.7.0/src/text/textengine.cpp:140:1:__dt_base 	0	static
/home/stvsl/Qt/QtMCUs/2.7.0/src/text/textmetrics.cpp:164:6:isRightToLeft	0	static
/home/stvsl/Qt/QtMCUs/2.7.0/src/text/textmetrics.cpp:169:6:hasLeftAndRightAlignedParagraphs	0	static
/home/stvsl/Qt/QtMCUs/2.7.0/src/text/textmetrics.cpp:174:6:isMultiLineText	0	static
/home/stvsl/Qt/QtMCUs/2.7.0/include/qul/private/alphamap.h:115:41:dataAtOffset	32	static
/home/stvsl/Qt/QtMCUs/2.7.0/src/graphics/textcache.cpp:150:16:getOffsets	24	static
/home/stvsl/Qt/QtMCUs/2.7.0/include/platforminterface/pathdata.h:70:17:segmentAt	24	static
/home/stvsl/Qt/QtMCUs/2.7.0/include/platforminterface/pathdata.h:81:16:controlElementCountForSegmentType	16	static
/home/stvsl/Qt/QtMCUs/2.7.0/include/platforminterface/pathdata.h:115:5:__ct_base 	32	static
/home/stvsl/Qt/QtMCUs/2.7.0/include/platforminterface/pathdata.h:245:21:next	24	static
/home/stvsl/Qt/QtMCUs/2.7.0/src/graphics/drawhelper.h:720:26:fetchPixel	24	static
/home/stvsl/Qt/QtMCUs/2.7.0/src/graphics/drawhelper.h:794:26:storePixel	24	static
/home/stvsl/Qt/QtMCUs/2.7.0/src/graphics/textcache.cpp:141:13:blendPixels	32	static
/home/stvsl/Qt/QtMCUs/2.7.0/src/graphics/textcache.cpp:177:6:blendToAlphaMap	128	static
/home/stvsl/Qt/QtMCUs/2.7.0/include/platforminterface/allocator.h:67:8:allocate	24	static
/home/stvsl/.mcuxpressotools/arm-gnu-toolchain-12.3.rel1-x86_64-arm-none-eabi/arm-none-eabi/include/c++/12.3.1/bits/vector.tcc:439:7:_M_realloc_insert	40	static
/home/stvsl/.mcuxpressotools/arm-gnu-toolchain-12.3.rel1-x86_64-arm-none-eabi/arm-none-eabi/include/c++/12.3.1/bits/vector.tcc:111:7:emplace_back	8	static
/home/stvsl/Qt/QtMCUs/2.7.0/src/graphics/textcache.cpp:50:10:appendPoint	24	static
/home/stvsl/Qt/QtMCUs/2.7.0/include/platforminterface/allocator.h:67:8:allocate	24	static
/home/stvsl/.mcuxpressotools/arm-gnu-toolchain-12.3.rel1-x86_64-arm-none-eabi/arm-none-eabi/include/c++/12.3.1/bits/vector.tcc:439:7:_M_realloc_insert	40	static
/home/stvsl/.mcuxpressotools/arm-gnu-toolchain-12.3.rel1-x86_64-arm-none-eabi/arm-none-eabi/include/c++/12.3.1/bits/vector.tcc:111:7:emplace_back	8	static
/home/stvsl/Qt/QtMCUs/2.7.0/src/graphics/textcache.cpp:57:6:appendToPath	512	static
/home/stvsl/Qt/QtMCUs/2.7.0/include/qul/private/text/glyph.h:176:29:boundingBox	16	static
/home/stvsl/Qt/QtMCUs/2.7.0/include/qul/private/text/glyph.h:181:25:fontMetrics	16	static
/home/stvsl/Qt/QtMCUs/2.7.0/include/qul/private/text/glyph.h:186:25:advanceForGlyph	16	static
/home/stvsl/Qt/QtMCUs/2.7.0/include/qul/private/text/glyph.h:191:25:kerning	16	static
/home/stvsl/Qt/QtMCUs/2.7.0/include/qul/private/text/glyph.h:196:21:fontIndex	16	static
/home/stvsl/Qt/QtMCUs/2.7.0/include/qul/private/text/glyph.h:201:33:inlineImage	16	static
/home/stvsl/Qt/QtMCUs/2.7.0/src/text/textlayout.cpp:124:16:paragraph	16	static
/home/stvsl/Qt/QtMCUs/2.7.0/src/text/textlayout.cpp:130:18:currentParagraphAlignment	8	static
/home/stvsl/Qt/QtMCUs/2.7.0/include/qul/private/optional.h:71:8:operator*	16	static
/home/stvsl/Qt/QtMCUs/2.7.0/src/text/textlayout.cpp:246:18:currentParagraphAlignment	8	static
/home/stvsl/Qt/QtMCUs/2.7.0/src/text/textengine.cpp:124:7:nativeBuffer	16	static
/home/stvsl/Qt/QtMCUs/2.7.0/src/text/textengine.cpp:142:16:unicodeEngine	16	static
/home/stvsl/Qt/QtMCUs/2.7.0/src/text/textengine.cpp:109:6:setAttributes	32	static
/home/stvsl/Qt/QtMCUs/2.7.0/src/text/textengine.cpp:116:23:attributes	16	static
/home/stvsl/Qt/QtMCUs/2.7.0/src/text/textengine.cpp:165:6:markBoundaries	8	static
/home/stvsl/Qt/QtMCUs/2.7.0/src/text/glyph.cpp:88:6:setAttributes	24	static
/home/stvsl/Qt/QtMCUs/2.7.0/src/text/glyph.cpp:282:6:setParagraphChangedCallback	24	static
/home/stvsl/Qt/QtMCUs/2.7.0/src/text/glyph.cpp:552:16:paragraph	16	static
/home/stvsl/Qt/QtMCUs/2.7.0/src/text/glyph.cpp:638:21:inlineImage	8	static
/home/stvsl/Qt/QtMCUs/2.7.0/src/text/glyph.cpp:482:13:advanceForGlyph	8	static
/home/stvsl/Qt/QtMCUs/2.7.0/src/text/glyph.cpp:473:13:advanceWidth	16	static
/home/stvsl/Qt/QtMCUs/2.7.0/include/qul/private/text/glyph.h:116:9:advancePos	8	static
/home/stvsl/Qt/QtMCUs/2.7.0/src/text/textengine.cpp:210:6:updateLineWidth	24	static
/home/stvsl/Qt/QtMCUs/2.7.0/src/text/glyph.cpp:539:6:isValid	8	static
/home/stvsl/Qt/QtMCUs/2.7.0/src/text/textengine.cpp:251:6:glyphAffectsLineHeight	16	static
/home/stvsl/Qt/QtMCUs/2.7.0/src/text/textwraphandler.cpp:69:5:getWrapIndex	16	static
/home/stvsl/Qt/QtMCUs/2.7.0/src/text/glyph.cpp:620:13:kerning	16	static
/home/stvsl/Qt/QtMCUs/2.7.0/src/text/glyph.cpp:646:25:imageFormat	24	static
/home/stvsl/Qt/QtMCUs/2.7.0/src/text/textengine.cpp:260:6:updateHeightFromTopAlignedImage	16	static
/home/stvsl/Qt/QtMCUs/2.7.0/src/text/glyph.cpp:558:17:boundingBox	48	static
/home/stvsl/Qt/QtMCUs/2.7.0/src/text/glyph.cpp:591:13:fontMetrics	40	static
/home/stvsl/Qt/QtMCUs/2.7.0/src/text/textmetrics.cpp:99:17:processGlyph	88	static
/home/stvsl/Qt/QtMCUs/2.7.0/src/text/glyph.cpp:681:6:processGlyph	72	static
/home/stvsl/Qt/QtMCUs/2.7.0/src/text/textelidehandler.cpp:389:6:hasNext	16	static
/home/stvsl/Qt/QtMCUs/2.7.0/src/text/textshaper.cpp:124:6:acquireIterator	24	static
/home/stvsl/Qt/QtMCUs/2.7.0/src/text/textshaper.cpp:142:6:releaselIterator	16	static
/home/stvsl/Qt/QtMCUs/2.7.0/src/text/glyph.cpp:275:1:__dt_base 	8	static
/home/stvsl/Qt/QtMCUs/2.7.0/src/text/textboundaryfinder.cpp:78:1:__ct_base 	16	static
/home/stvsl/Qt/QtMCUs/2.7.0/src/text/paragraphiterator.cpp:39:6:hasNext	16	static
/home/stvsl/Qt/QtMCUs/2.7.0/src/text/paragraphiterator.cpp:55:5:tagIndex	32	static
/home/stvsl/Qt/QtMCUs/2.7.0/src/text/paragraphiterator.cpp:70:5:imageFormatIndex	32	static
/home/stvsl/Qt/QtMCUs/2.7.0/src/text/encodedlogicalpos.cpp:90:6:setFormatIndex	24	static
/home/stvsl/Qt/QtMCUs/2.7.0/src/text/encodedlogicalpos.cpp:98:6:setFormatType	24	static
/home/stvsl/Qt/QtMCUs/2.7.0/src/text/textline.cpp:81:18:begin	24	static
/home/stvsl/Qt/QtMCUs/2.7.0/src/graphics/textcache.cpp:278:6:canBeFreed	32	static
/home/stvsl/Qt/QtMCUs/2.7.0/src/graphics/textcache.cpp:343:6:cleanupPendingEntries	24	static
/home/stvsl/Qt/QtMCUs/2.7.0/src/graphics/textcache.cpp:445:6:setTextCacheSize	32	static
/home/stvsl/Qt/QtMCUs/2.7.0/src/text/textmetrics.cpp:38:25:overflowChecked	40	static
/home/stvsl/Qt/QtMCUs/2.7.0/src/text/textmetrics.cpp:135:19:getResult	88	static
/home/stvsl/Qt/QtMCUs/2.7.0/src/text/paragraph.cpp:68:6:registerTag	8	static
/home/stvsl/Qt/QtMCUs/2.7.0/src/text/texthtmlparser.cpp:110:6:parseInt	16	static
/home/stvsl/Qt/QtMCUs/2.7.0/src/text/encodedlogicalpos.cpp:38:19:create	24	static
/home/stvsl/Qt/QtMCUs/2.7.0/src/text/paragraphiterator.cpp:85:26:next	32	static
/home/stvsl/Qt/QtMCUs/2.7.0/include/qul/private/text/texthtmlparser.h:56:8:operator=	8	static
/home/stvsl/Qt/QtMCUs/2.7.0/include/qul/private/text/paragraph.h:44:8:operator=	24	static
/home/stvsl/Qt/QtMCUs/2.7.0/src/text/paragraph.cpp:59:6:registerImageFormat	24	static
/home/stvsl/Qt/QtMCUs/2.7.0/include/qul/private/text/texthtmlparser.h:56:8:operator=	24	static
/home/stvsl/Qt/QtMCUs/2.7.0/include/qul/private/text/paragraph.h:44:8:operator=	24	static
/home/stvsl/Qt/QtMCUs/2.7.0/src/text/textengine.cpp:55:1:__ct_base 	32	static
/home/stvsl/Qt/QtMCUs/2.7.0/src/graphics/textcache.cpp:293:1:__ct_base 	16	static
/home/stvsl/Qt/QtMCUs/2.7.0/include/qul/private/text/fontengine.h:192:46:pathData	16	static
/home/stvsl/Qt/QtMCUs/2.7.0/src/graphics/textcache.cpp:463:6:cacheText	344	static
/home/stvsl/Qt/QtMCUs/2.7.0/include/platforminterface/allocator.h:103:11:qul_new	16	static
/home/stvsl/Qt/QtMCUs/2.7.0/src/graphics/textcache.cpp:392:6:initTextCache	24	static
/home/stvsl/Qt/QtMCUs/2.7.0/src/text/textlayout.cpp:232:1:__ct_base 	16	static
/home/stvsl/Qt/QtMCUs/2.7.0/src/text/textlayout.cpp:265:6:handleParagraphChanges	1120	static
/home/stvsl/Qt/QtMCUs/2.7.0/src/text/textlayout.cpp:274:11:glyphInfo	40	static
/home/stvsl/Qt/QtMCUs/2.7.0/src/text/textlayout.cpp:311:13:calculateCurrentLinesWidth	64	static
/home/stvsl/Qt/QtMCUs/2.7.0/src/text/textlayout.cpp:334:6:registerImageForParagraph	64	static
/home/stvsl/Qt/QtMCUs/2.7.0/src/text/textlayout.cpp:352:11:next	48	static
/home/stvsl/Qt/QtMCUs/2.7.0/src/text/texthtmlparser.cpp:121:6:parseImageTag	344	static
/home/stvsl/Qt/QtMCUs/2.7.0/src/text/textboundaryfinder.cpp:36:22:toNextParagraph	32	static
/home/stvsl/Qt/QtMCUs/2.7.0/src/text/textboundaryfinder.cpp:94:22:toNextBoundary	32	static
/home/stvsl/Qt/QtMCUs/2.7.0/src/text/paragraphiterator.cpp:28:1:__ct_base 	24	static
/home/stvsl/Qt/QtMCUs/2.7.0/src/text/textengine.cpp:85:6:prepareBuffer	72	static
/home/stvsl/Qt/QtMCUs/2.7.0/src/text/glyph.cpp:176:1:__ct_base 	24	static
/home/stvsl/Qt/QtMCUs/2.7.0/src/text/glyph.cpp:205:1:__ct_base 	16	static
/home/stvsl/Qt/QtMCUs/2.7.0/src/text/textwraphandler.cpp:30:1:__ct_base 	24	static
/home/stvsl/Qt/QtMCUs/2.7.0/src/text/textwraphandler.cpp:52:6:reset	160	static
/home/stvsl/Qt/QtMCUs/2.7.0/src/text/textline.cpp:32:1:__ct_base 	8	static
/home/stvsl/Qt/QtMCUs/2.7.0/src/text/textline.cpp:65:1:__ct_base 	8	static
/home/stvsl/Qt/QtMCUs/2.7.0/src/text/glyph.cpp:222:1:__ct_base 	24	static
/home/stvsl/Qt/QtMCUs/2.7.0/src/text/glyph.cpp:294:6:paragraphChanged	104	static
/home/stvsl/Qt/QtMCUs/2.7.0/src/text/texthtmlparser.cpp:198:6:recalculateParagraphSize	48	static
/home/stvsl/Qt/QtMCUs/2.7.0/src/text/texthtmlparser.cpp:215:6:parse	48	static
/home/stvsl/Qt/QtMCUs/2.7.0/src/text/glyph.cpp:325:6:hasNext	1152	static
/home/stvsl/Qt/QtMCUs/2.7.0/src/text/textlayout.cpp:139:6:hasNext	8	static
/home/stvsl/Qt/QtMCUs/2.7.0/src/text/glyph.cpp:241:15:lookupIterator	16	static
/home/stvsl/Qt/QtMCUs/2.7.0/src/text/paragraph.cpp:53:15:begin	24	static
/home/stvsl/Qt/QtMCUs/2.7.0/src/text/glyph.cpp:262:15:lookupIteratorNoShaping	24	static
/home/stvsl/Qt/QtMCUs/2.7.0/src/text/textline.cpp:41:6:hasNext	8	static
/home/stvsl/Qt/QtMCUs/2.7.0/src/text/textline.cpp:46:11:next	24	static
/home/stvsl/Qt/QtMCUs/2.7.0/include/qul/private/text/textengine.h:154:17:isRightToLeft	64	static
/home/stvsl/Qt/QtMCUs/2.7.0/src/text/textengine.cpp:275:13:calculateLineFontMetrics	96	static
/home/stvsl/Qt/QtMCUs/2.7.0/src/text/glyph.cpp:404:6:recalculateLineFontMetrics	344	static
/home/stvsl/Qt/QtMCUs/2.7.0/src/text/glyph.cpp:414:11:next	376	static
/home/stvsl/Qt/QtMCUs/2.7.0/src/text/glyph.cpp:396:11:peekNext	176	static
/home/stvsl/Qt/QtMCUs/2.7.0/src/text/textline.cpp:70:1:__ct_base 	64	static
/home/stvsl/Qt/QtMCUs/2.7.0/src/text/textelidehandler.cpp:137:6:currentLineNeedsEliding	112	static
/home/stvsl/Qt/QtMCUs/2.7.0/src/text/textwraphandler.cpp:59:6:skipTrailingWhiteSpace	96	static
/home/stvsl/Qt/QtMCUs/2.7.0/src/text/textwraphandler.cpp:97:6:wrapText	200	static
/home/stvsl/Qt/QtMCUs/2.7.0/src/text/textelidehandler.cpp:35:6:paragraphChanged	16	static
/home/stvsl/Qt/QtMCUs/2.7.0/src/text/textengine.cpp:179:6:handleParagraphChange	16	static
/home/stvsl/Qt/QtMCUs/2.7.0/src/text/textlayout.cpp:55:6:paragraphChangedCallback	16	static
/home/stvsl/Qt/QtMCUs/2.7.0/src/text/textengine.cpp:384:13:paragraphChangedCallback	16	static
/home/stvsl/Qt/QtMCUs/2.7.0/src/text/textelidehandler.cpp:227:6:elideRight	360	static
/home/stvsl/Qt/QtMCUs/2.7.0/src/text/textelidehandler.cpp:396:11:lineNextGlyph	16	static
/home/stvsl/Qt/QtMCUs/2.7.0/src/text/textelidehandler.cpp:423:11:next	128	static
/home/stvsl/Qt/QtMCUs/2.7.0/src/text/textengine.cpp:275:13:calculateLineFontMetrics	96	static
/home/stvsl/Qt/QtMCUs/2.7.0/src/text/textelidehandler.cpp:80:1:__ct_base 	296	static
/home/stvsl/Qt/QtMCUs/2.7.0/src/text/textelidehandler.cpp:51:1:__ct_base 	56	static
/home/stvsl/Qt/QtMCUs/2.7.0/src/text/textelidehandler.cpp:380:11:next	16	static
/home/stvsl/Qt/QtMCUs/2.7.0/src/text/textline.cpp:87:13:calculateLineWidth	296	static
/home/stvsl/Qt/QtMCUs/2.7.0/src/text/textline.cpp:105:5:width	16	static
/home/stvsl/Qt/QtMCUs/2.7.0/src/text/textelidehandler.cpp:213:5:elidedLineWidth	16	static
/home/stvsl/Qt/QtMCUs/2.7.0/src/text/textelidehandler.cpp:264:6:elideLeft	304	static
/home/stvsl/Qt/QtMCUs/2.7.0/src/text/textelidehandler.cpp:290:6:elideMiddle	320	static
/home/stvsl/Qt/QtMCUs/2.7.0/src/text/textelidehandler.cpp:347:6:elideLine	280	static
/home/stvsl/Qt/QtMCUs/2.7.0/src/text/textlayout.cpp:93:6:setupElideHandler	24	static
/home/stvsl/Qt/QtMCUs/2.7.0/src/text/textlayout.cpp:66:1:__ct_base 	336	static
/home/stvsl/Qt/QtMCUs/2.7.0/src/text/textlayout.cpp:152:6:preCheckElideConditons	1480	static
/home/stvsl/Qt/QtMCUs/2.7.0/src/text/textlayout.cpp:144:6:preChecks	312	static
/home/stvsl/Qt/QtMCUs/2.7.0/src/text/textlayout.cpp:167:11:next	72	static
/home/stvsl/Qt/QtMCUs/2.7.0/src/text/textengine.cpp:327:10:verifyIfLineNeedsEliding	1648	static
/home/stvsl/Qt/QtMCUs/2.7.0/src/text/textengine.cpp:404:19:metrics_helper	1520	static
/home/stvsl/Qt/QtMCUs/2.7.0/src/text/textengine.cpp:452:19:metrics	1296	static
/home/stvsl/Qt/QtMCUs/2.7.0/src/text/texthtmlparser.cpp:44:13:image	336	static
/home/stvsl/Qt/QtMCUs/2.7.0/src/text/texthtmlparser.cpp:35:21:rasterBuffer	16	static
/home/stvsl/Qt/QtMCUs/2.7.0/src/text/textlayout.cpp:198:21:inlineImage	88	static
/home/stvsl/Qt/QtMCUs/2.7.0/src/text/glyph.cpp:61:21:inlineImage	16	static
