/home/stvsl/Qt/QtMCUs/2.7.1/src/graphics/rendertree.cpp:160:10:splitNode.constprop	32	static
/home/stvsl/Qt/QtMCUs/2.7.1/src/core/rendercontext.cpp:30:1:__ct_base .constprop.isra	4	static
/home/stvsl/Qt/QtMCUs/2.7.1/include/qul/property.h:632:10:setValue.constprop	24	static
/home/stvsl/Qt/QtMCUs/2.7.1/src/graphics/rendertree.cpp:116:10:insertRecursive.constprop.isra	48	static
/home/stvsl/Qt/QtMCUs/2.7.1/src/core/unicodestring.cpp:339:1:__ct_base .constprop.isra	80	static
/home/stvsl/Qt/QtMCUs/2.7.1/src/core/itembase.cpp:192:6:appendChild.constprop	0	static
/home/stvsl/Qt/QtMCUs/2.7.1/src/platforminterface/error.cpp:123:6:error.constprop	24	static
/home/stvsl/Qt/QtMCUs/2.7.1/src/platforminterface/pathdatastroker.cpp:125:8:qt_curves_for_arc.constprop	264	static
/home/stvsl/Documents/DOTRUST/PortingTest/imxrt1170_freertos_qt/platform/platform/boards/nxp/mimxrt1170-evkb-freertos/vglitesupport.cpp:334:6:blendRoundedRect.constprop	664	static
/home/stvsl/.mcuxpressotools/arm-gnu-toolchain-12.3.rel1-x86_64-arm-none-eabi/arm-none-eabi/include/c++/12.3.1/bits/basic_string.tcc:217:7:_M_construct.constprop	24	static
/home/stvsl/Documents/DOTRUST/PortingTest/imxrt1170_freertos_qt/platform/platform/common/platform.cpp:66:8:config.constprop	8	static
/home/stvsl/Qt/QtMCUs/2.7.1/src/core/application.cpp:164:6:setRootItem.constprop	104	static
/home/stvsl/Qt/QtMCUs/2.7.1/src/platforminterface/platforminterface.cpp:75:6:handleTouchEvent.constprop	112	static
/home/stvsl/Qt/QtMCUs/2.7.1/src/core/perf.cpp:250:13:log.constprop	48	static
/home/stvsl/Qt/QtMCUs/2.7.1/src/graphics/layermanager.cpp:42:6:fillBasicProperties.constprop	64	static
/home/stvsl/Qt/QtMCUs/2.7.1/src/graphics/graphicsdevice.cpp:141:6:blit.constprop	48	static
/home/stvsl/Qt/QtMCUs/2.7.1/src/core/application.cpp:1298:6:repaint.constprop	160	static
/home/stvsl/Qt/QtMCUs/2.7.1/src/graphics/rendertree.cpp:225:10:visit.constprop	96	static
/home/stvsl/Qt/QtMCUs/2.7.1/src/graphics/rendertree.cpp:582:6:render.constprop	112	static
/home/stvsl/Qt/QtMCUs/2.7.1/src/text/texthtmlparser.cpp:61:6:matchesSequence.constprop	48	static
/home/stvsl/Qt/QtMCUs/2.7.1/src/text/texthtmlparser.cpp:61:6:matchesSequence.constprop	48	static
/home/stvsl/Qt/QtMCUs/2.7.1/src/core/memutil.cpp:66:6:memutil_aligned_free.constprop	12	static
/home/stvsl/Qt/QtMCUs/2.7.1/src/3rdparty/lodepng/lodepng.cpp:4324:10:lodepng_inspect.constprop	16	static
/home/stvsl/Qt/QtMCUs/2.7.1/src/core/memutil.cpp:39:19:memutil_aligned_alloc.constprop	48	static
/home/stvsl/Qt/QtMCUs/2.7.1/src/graphics/graphicsdevice.cpp:505:6:blend.constprop	128	static
/home/stvsl/Qt/QtMCUs/2.7.1/src/platforminterface/error.cpp:123:6:error.constprop	24	static
/home/stvsl/Downloads/SDK_2_15_100_MIMXRT1170-EVK_ALL_TOOLCHAN/rtos/freertos/freertos-kernel/tasks.c:721:16:xTaskCreate.constprop	32	static
/home/stvsl/Downloads/SDK_2_15_100_MIMXRT1170-EVK_ALL_TOOLCHAN/rtos/freertos/freertos-kernel/queue.c:1521:12:xQueueSemaphoreTake.constprop	24	static
/home/stvsl/Downloads/SDK_2_15_100_MIMXRT1170-EVK_ALL_TOOLCHAN/rtos/freertos/freertos-kernel/queue.c:2177:19:prvCopyDataToQueue.constprop	32	static
/home/stvsl/Downloads/SDK_2_15_100_MIMXRT1170-EVK_ALL_TOOLCHAN/rtos/freertos/freertos-kernel/queue.c:835:12:xQueueGenericSend.constprop	8	static
/home/stvsl/Downloads/SDK_2_15_100_MIMXRT1170-EVK_ALL_TOOLCHAN/middleware/vglite/VGLite/rtos/vg_lite_os.c:328:9:vg_lite_os_wait.constprop	16	static
/home/stvsl/Downloads/SDK_2_15_100_MIMXRT1170-EVK_ALL_TOOLCHAN/rtos/freertos/freertos-kernel/queue.c:835:12:xQueueGenericSend.constprop	48	static
/home/stvsl/Qt/QtMCUs/2.7.1/include/qul/eventqueue.h:125:6:postEvent.constprop	24	static
/home/stvsl/Qt/QtMCUs/2.7.1/src/platforminterface/printf.c:201:15:_out_rev.constprop	48	static
/home/stvsl/Qt/QtMCUs/2.7.1/src/platforminterface/printf.c:230:15:_ntoa_format.constprop	36	static
/home/stvsl/Qt/QtMCUs/2.7.1/src/platforminterface/printf.c:284:15:_ntoa_long.constprop	96	static
/home/stvsl/Qt/QtMCUs/2.7.1/src/platforminterface/printf.c:472:15:_etoa.constprop	120	static
/home/stvsl/Qt/QtMCUs/2.7.1/src/platforminterface/printf.c:341:15:_ftoa.constprop	96	static
/home/stvsl/Qt/QtMCUs/2.7.1/src/platforminterface/drawingdevice.cpp:73:1:__ct_base .constprop.isra	16	static
/home/stvsl/Qt/QtMCUs/2.7.1/src/core/application.cpp:121:1:__ct_base .constprop.isra	48	static
/home/stvsl/Downloads/SDK_2_15_100_MIMXRT1170-EVK_ALL_TOOLCHAN/devices/MIMXRT1176/drivers/fsl_pmu.c:193:6:PMU_StaticEnablePllLdo.constprop	8	static
/home/stvsl/Documents/DOTRUST/PortingTest/imxrt1170_freertos_qt/ui_source/MCUDemo.cpp:534:1:__static_initialization_and_destruction_0.constprop	11016	static
/home/stvsl/Documents/DOTRUST/PortingTest/imxrt1170_freertos_qt/ui_source/MCUDemo.cpp:408:22:operator().constprop	160	static
/home/stvsl/Qt/QtMCUs/2.7.1/src/graphics/rendertree.cpp:319:13:computeOpaqueRegions.constprop	72	static
