/home/stvsl/Downloads/SDK_2_15_100_MIMXRT1170-EVK_ALL_TOOLCHAN/devices/MIMXRT1176/drivers/fsl_lcdifv2.c:53:17:LCDIFV2_GetInstance.part.0	8	static
/home/stvsl/Downloads/SDK_2_15_100_MIMXRT1170-EVK_ALL_TOOLCHAN/devices/MIMXRT1176/drivers/fsl_lcdifv2.c:114:6:LCDIFV2_Init	16	static
/home/stvsl/Downloads/SDK_2_15_100_MIMXRT1170-EVK_ALL_TOOLCHAN/devices/MIMXRT1176/drivers/fsl_lcdifv2.c:133:6:LCDIFV2_Deinit	16	static
/home/stvsl/Downloads/SDK_2_15_100_MIMXRT1170-EVK_ALL_TOOLCHAN/devices/MIMXRT1176/drivers/fsl_lcdifv2.c:149:6:LCDIFV2_Reset	8	static
/home/stvsl/Downloads/SDK_2_15_100_MIMXRT1170-EVK_ALL_TOOLCHAN/devices/MIMXRT1176/drivers/fsl_lcdifv2.c:162:6:LCDIFV2_DisplayGetDefaultConfig	8	static
/home/stvsl/Downloads/SDK_2_15_100_MIMXRT1170-EVK_ALL_TOOLCHAN/devices/MIMXRT1176/drivers/fsl_lcdifv2.c:186:6:LCDIFV2_SetDisplayConfig	8	static
/home/stvsl/Downloads/SDK_2_15_100_MIMXRT1170-EVK_ALL_TOOLCHAN/devices/MIMXRT1176/drivers/fsl_lcdifv2.c:216:6:LCDIFV2_SetCscMode	8	static
/home/stvsl/Downloads/SDK_2_15_100_MIMXRT1170-EVK_ALL_TOOLCHAN/devices/MIMXRT1176/drivers/fsl_lcdifv2.c:265:6:LCDIFV2_SetLayerBufferConfig	8	static
/home/stvsl/Downloads/SDK_2_15_100_MIMXRT1170-EVK_ALL_TOOLCHAN/devices/MIMXRT1176/drivers/fsl_lcdifv2.c:298:10:LCDIFV2_SetLut	16	static
/home/stvsl/Downloads/SDK_2_15_100_MIMXRT1170-EVK_ALL_TOOLCHAN/devices/MIMXRT1176/drivers/fsl_lcdifv2.c:340:6:LCDIFV2_SetLayerBlendConfig	16	static
/home/stvsl/Downloads/SDK_2_15_100_MIMXRT1170-EVK_ALL_TOOLCHAN/devices/MIMXRT1176/drivers/fsl_lcdifv2.c:378:10:LCDIFV2_GetPorterDuffConfig	4	static
/home/stvsl/Downloads/SDK_2_15_100_MIMXRT1170-EVK_ALL_TOOLCHAN/devices/MIMXRT1176/drivers/fsl_lcdifv2.c:476:10:LCDIFV2_GetMultiLayerGlobalAlpha	8	static
