/home/stvsl/Downloads/SDK_2_15_100_MIMXRT1170-EVK_ALL_TOOLCHAN/middleware/vglite/VGLite/vg_lite.c:528:24:_GetS8_NS_NB	0	static
/home/stvsl/Downloads/SDK_2_15_100_MIMXRT1170-EVK_ALL_TOOLCHAN/middleware/vglite/VGLite/vg_lite.c:536:24:_GetS16_NS_NB	0	static
/home/stvsl/Downloads/SDK_2_15_100_MIMXRT1170-EVK_ALL_TOOLCHAN/middleware/vglite/VGLite/vg_lite.c:544:24:_GetS32_NS_NB	0	static
/home/stvsl/Downloads/SDK_2_15_100_MIMXRT1170-EVK_ALL_TOOLCHAN/middleware/vglite/VGLite/vg_lite.c:552:24:_GetF_NS_NB	0	static
/home/stvsl/Downloads/SDK_2_15_100_MIMXRT1170-EVK_ALL_TOOLCHAN/middleware/vglite/VGLite/vg_lite.c:1322:1:_Angle	0	static
/home/stvsl/Downloads/SDK_2_15_100_MIMXRT1170-EVK_ALL_TOOLCHAN/middleware/vglite/VGLite/vg_lite.c:3660:13:get_format_bytes	8	static
/home/stvsl/Downloads/SDK_2_15_100_MIMXRT1170-EVK_ALL_TOOLCHAN/middleware/vglite/VGLite/vg_lite.c:3851:24:_check_source_aligned	0	static
/home/stvsl/Downloads/SDK_2_15_100_MIMXRT1170-EVK_ALL_TOOLCHAN/middleware/vglite/VGLite/vg_lite.c:4921:24:flush	4	static
/home/stvsl/Downloads/SDK_2_15_100_MIMXRT1170-EVK_ALL_TOOLCHAN/middleware/vglite/VGLite/vg_lite.c:5066:34:inverse	0	static
/home/stvsl/Downloads/SDK_2_15_100_MIMXRT1170-EVK_ALL_TOOLCHAN/middleware/vglite/VGLite/vg_lite.c:5120:12:transform	0	static
/home/stvsl/Downloads/SDK_2_15_100_MIMXRT1170-EVK_ALL_TOOLCHAN/middleware/vglite/VGLite/vg_lite.c:3435:13:command_buffer_copy	32	static
/home/stvsl/Downloads/SDK_2_15_100_MIMXRT1170-EVK_ALL_TOOLCHAN/middleware/vglite/VGLite/vg_lite.c:4963:24:submit	32	static
/home/stvsl/Downloads/SDK_2_15_100_MIMXRT1170-EVK_ALL_TOOLCHAN/middleware/vglite/VGLite/vg_lite.c:4565:24:push_state_ptr	48	static
/home/stvsl/Downloads/SDK_2_15_100_MIMXRT1170-EVK_ALL_TOOLCHAN/middleware/vglite/VGLite/vg_lite.c:4195:24:update_context_buffer	112	static
/home/stvsl/Downloads/SDK_2_15_100_MIMXRT1170-EVK_ALL_TOOLCHAN/middleware/vglite/VGLite/vg_lite.c:1349:1:_convert_circle_arc.part.0	96	static
/home/stvsl/Downloads/SDK_2_15_100_MIMXRT1170-EVK_ALL_TOOLCHAN/middleware/vglite/VGLite/vg_lite.c:4498:24:push_state	48	static
/home/stvsl/Downloads/SDK_2_15_100_MIMXRT1170-EVK_ALL_TOOLCHAN/middleware/vglite/VGLite/vg_lite.c:5609:24:set_render_target	40	static
/home/stvsl/Downloads/SDK_2_15_100_MIMXRT1170-EVK_ALL_TOOLCHAN/middleware/vglite/VGLite/vg_lite.c:4698:24:push_rectangle	56	static
/home/stvsl/Downloads/SDK_2_15_100_MIMXRT1170-EVK_ALL_TOOLCHAN/middleware/vglite/VGLite/vg_lite.c:4414:24:push_states	56	static
/home/stvsl/Downloads/SDK_2_15_100_MIMXRT1170-EVK_ALL_TOOLCHAN/middleware/vglite/VGLite/vg_lite.c:4632:24:push_call	48	static
/home/stvsl/Downloads/SDK_2_15_100_MIMXRT1170-EVK_ALL_TOOLCHAN/middleware/vglite/VGLite/vg_lite.c:4774:24:push_data.isra	56	static
/home/stvsl/Downloads/SDK_2_15_100_MIMXRT1170-EVK_ALL_TOOLCHAN/middleware/vglite/VGLite/vg_lite.c:3101:17:_convert_arc.part.0	128	static
/home/stvsl/Downloads/SDK_2_15_100_MIMXRT1170-EVK_ALL_TOOLCHAN/middleware/vglite/VGLite/vg_lite.c:4852:24:push_stall	48	static
/home/stvsl/Downloads/SDK_2_15_100_MIMXRT1170-EVK_ALL_TOOLCHAN/middleware/vglite/VGLite/vg_lite.c:2161:24:_end_stroke_sub_path	40	static
/home/stvsl/Downloads/SDK_2_15_100_MIMXRT1170-EVK_ALL_TOOLCHAN/middleware/vglite/VGLite/vg_lite.c:5154:24:flush_target	40	static
/home/stvsl/Downloads/SDK_2_15_100_MIMXRT1170-EVK_ALL_TOOLCHAN/middleware/vglite/VGLite/vg_lite.c:6556:24:program_tessellation	56	static
/home/stvsl/Downloads/SDK_2_15_100_MIMXRT1170-EVK_ALL_TOOLCHAN/middleware/vglite/VGLite/vg_lite.c:5830:24:set_interpolation_steps.constprop	152	static
/home/stvsl/Downloads/SDK_2_15_100_MIMXRT1170-EVK_ALL_TOOLCHAN/middleware/vglite/VGLite/vg_lite.c:1496:1:_start_new_stroke_sub_path.part.0	48	static
/home/stvsl/Downloads/SDK_2_15_100_MIMXRT1170-EVK_ALL_TOOLCHAN/middleware/vglite/VGLite/vg_lite.c:1612:1:_draw_swing_pie_area	40	static
/home/stvsl/Downloads/SDK_2_15_100_MIMXRT1170-EVK_ALL_TOOLCHAN/middleware/vglite/VGLite/vg_lite.c:1732:1:_process_line_joint	80	static
/home/stvsl/Downloads/SDK_2_15_100_MIMXRT1170-EVK_ALL_TOOLCHAN/middleware/vglite/VGLite/vg_lite.c:710:17:_add_point_to_point_list_wdelta	40	static
/home/stvsl/Downloads/SDK_2_15_100_MIMXRT1170-EVK_ALL_TOOLCHAN/middleware/vglite/VGLite/vg_lite.c:754:17:_add_point_to_point_list	48	static
/home/stvsl/Downloads/SDK_2_15_100_MIMXRT1170-EVK_ALL_TOOLCHAN/middleware/vglite/VGLite/vg_lite.c:2939:17:vg_lite_update_stroke	144	static
/home/stvsl/Downloads/SDK_2_15_100_MIMXRT1170-EVK_ALL_TOOLCHAN/middleware/vglite/VGLite/vg_lite.c:2981:17:vg_lite_set_stroke	40	static
/home/stvsl/Downloads/SDK_2_15_100_MIMXRT1170-EVK_ALL_TOOLCHAN/middleware/vglite/VGLite/vg_lite.c:3101:17:_convert_arc	16	static
/home/stvsl/Downloads/SDK_2_15_100_MIMXRT1170-EVK_ALL_TOOLCHAN/middleware/vglite/VGLite/vg_lite.c:3317:17:_allocate_command_buffer	40	static
/home/stvsl/Downloads/SDK_2_15_100_MIMXRT1170-EVK_ALL_TOOLCHAN/middleware/vglite/VGLite/vg_lite.c:3369:17:_free_command_buffer	16	static
/home/stvsl/Downloads/SDK_2_15_100_MIMXRT1170-EVK_ALL_TOOLCHAN/middleware/vglite/VGLite/vg_lite.c:5923:17:vg_lite_get_transform_matrix	424	static
/home/stvsl/Downloads/SDK_2_15_100_MIMXRT1170-EVK_ALL_TOOLCHAN/middleware/vglite/VGLite/vg_lite.c:6002:17:vg_lite_clear	40	static
/home/stvsl/Downloads/SDK_2_15_100_MIMXRT1170-EVK_ALL_TOOLCHAN/middleware/vglite/VGLite/vg_lite.c:6103:17:vg_lite_blit	96	static
/home/stvsl/Downloads/SDK_2_15_100_MIMXRT1170-EVK_ALL_TOOLCHAN/middleware/vglite/VGLite/vg_lite.c:6311:17:vg_lite_blit_rect	136	static
/home/stvsl/Downloads/SDK_2_15_100_MIMXRT1170-EVK_ALL_TOOLCHAN/middleware/vglite/VGLite/vg_lite.c:6695:17:vg_lite_init	136	static
/home/stvsl/Downloads/SDK_2_15_100_MIMXRT1170-EVK_ALL_TOOLCHAN/middleware/vglite/VGLite/vg_lite.c:6805:17:vg_lite_set_draw_path_type	0	static
/home/stvsl/Downloads/SDK_2_15_100_MIMXRT1170-EVK_ALL_TOOLCHAN/middleware/vglite/VGLite/vg_lite.c:6815:17:vg_lite_draw	104	static
/home/stvsl/Downloads/SDK_2_15_100_MIMXRT1170-EVK_ALL_TOOLCHAN/middleware/vglite/VGLite/vg_lite.c:7095:17:vg_lite_close	24	static
/home/stvsl/Downloads/SDK_2_15_100_MIMXRT1170-EVK_ALL_TOOLCHAN/middleware/vglite/VGLite/vg_lite.c:7266:17:vg_lite_allocate	80	static
/home/stvsl/Downloads/SDK_2_15_100_MIMXRT1170-EVK_ALL_TOOLCHAN/middleware/vglite/VGLite/vg_lite.c:7396:17:vg_lite_free	40	static
/home/stvsl/Downloads/SDK_2_15_100_MIMXRT1170-EVK_ALL_TOOLCHAN/middleware/vglite/VGLite/vg_lite.c:7462:17:vg_lite_map	48	static
/home/stvsl/Downloads/SDK_2_15_100_MIMXRT1170-EVK_ALL_TOOLCHAN/middleware/vglite/VGLite/vg_lite.c:7494:17:vg_lite_unmap	16	static
/home/stvsl/Downloads/SDK_2_15_100_MIMXRT1170-EVK_ALL_TOOLCHAN/middleware/vglite/VGLite/vg_lite.c:7514:17:vg_lite_get_register	16	static
/home/stvsl/Downloads/SDK_2_15_100_MIMXRT1170-EVK_ALL_TOOLCHAN/middleware/vglite/VGLite/vg_lite.c:7531:6:vg_lite_get_info	0	static
/home/stvsl/Downloads/SDK_2_15_100_MIMXRT1170-EVK_ALL_TOOLCHAN/middleware/vglite/VGLite/vg_lite.c:7542:10:vg_lite_get_product_info	40	static
/home/stvsl/Downloads/SDK_2_15_100_MIMXRT1170-EVK_ALL_TOOLCHAN/middleware/vglite/VGLite/vg_lite.c:7569:10:vg_lite_query_feature	8	static
/home/stvsl/Downloads/SDK_2_15_100_MIMXRT1170-EVK_ALL_TOOLCHAN/middleware/vglite/VGLite/vg_lite.c:7651:17:vg_lite_finish	32	static
/home/stvsl/Downloads/SDK_2_15_100_MIMXRT1170-EVK_ALL_TOOLCHAN/middleware/vglite/VGLite/vg_lite.c:7714:17:vg_lite_flush	16	static
/home/stvsl/Downloads/SDK_2_15_100_MIMXRT1170-EVK_ALL_TOOLCHAN/middleware/vglite/VGLite/vg_lite.c:7746:17:vg_lite_init_arc_path	104	static
/home/stvsl/Downloads/SDK_2_15_100_MIMXRT1170-EVK_ALL_TOOLCHAN/middleware/vglite/VGLite/vg_lite.c:8122:17:vg_lite_init_path	40	static
/home/stvsl/Downloads/SDK_2_15_100_MIMXRT1170-EVK_ALL_TOOLCHAN/middleware/vglite/VGLite/vg_lite.c:8155:17:vg_lite_clear_path	24	static
/home/stvsl/Downloads/SDK_2_15_100_MIMXRT1170-EVK_ALL_TOOLCHAN/middleware/vglite/VGLite/vg_lite.c:8255:17:vg_lite_set_CLUT	16	static
/home/stvsl/Downloads/SDK_2_15_100_MIMXRT1170-EVK_ALL_TOOLCHAN/middleware/vglite/VGLite/vg_lite.c:8308:17:vg_lite_draw_pattern	104	static
/home/stvsl/Downloads/SDK_2_15_100_MIMXRT1170-EVK_ALL_TOOLCHAN/middleware/vglite/VGLite/vg_lite.c:8719:17:vg_lite_draw_linear_gradient	200	static
/home/stvsl/Downloads/SDK_2_15_100_MIMXRT1170-EVK_ALL_TOOLCHAN/middleware/vglite/VGLite/vg_lite.c:9178:17:vg_lite_draw_radial_gradient	216	static
/home/stvsl/Downloads/SDK_2_15_100_MIMXRT1170-EVK_ALL_TOOLCHAN/middleware/vglite/VGLite/vg_lite.c:9879:17:vg_lite_init_grad	16	static
/home/stvsl/Downloads/SDK_2_15_100_MIMXRT1170-EVK_ALL_TOOLCHAN/middleware/vglite/VGLite/vg_lite.c:9897:17:vg_lite_set_linear_grad	64	static
/home/stvsl/Downloads/SDK_2_15_100_MIMXRT1170-EVK_ALL_TOOLCHAN/middleware/vglite/VGLite/vg_lite.c:10037:17:vg_lite_update_linear_grad	64	static
/home/stvsl/Downloads/SDK_2_15_100_MIMXRT1170-EVK_ALL_TOOLCHAN/middleware/vglite/VGLite/vg_lite.c:10184:17:vg_lite_set_rad_grad	48	static
/home/stvsl/Downloads/SDK_2_15_100_MIMXRT1170-EVK_ALL_TOOLCHAN/middleware/vglite/VGLite/vg_lite.c:10324:17:vg_lite_update_rad_grad	64	static
/home/stvsl/Downloads/SDK_2_15_100_MIMXRT1170-EVK_ALL_TOOLCHAN/middleware/vglite/VGLite/vg_lite.c:10467:17:vg_lite_set_grad	16	static
/home/stvsl/Downloads/SDK_2_15_100_MIMXRT1170-EVK_ALL_TOOLCHAN/middleware/vglite/VGLite/vg_lite.c:10493:17:vg_lite_update_grad	96	static
/home/stvsl/Downloads/SDK_2_15_100_MIMXRT1170-EVK_ALL_TOOLCHAN/middleware/vglite/VGLite/vg_lite.c:10564:17:vg_lite_clear_grad	40	static
/home/stvsl/Downloads/SDK_2_15_100_MIMXRT1170-EVK_ALL_TOOLCHAN/middleware/vglite/VGLite/vg_lite.c:10578:17:vg_lite_clear_rad_grad	40	static
/home/stvsl/Downloads/SDK_2_15_100_MIMXRT1170-EVK_ALL_TOOLCHAN/middleware/vglite/VGLite/vg_lite.c:10592:17:vg_lite_clear_linear_grad	40	static
/home/stvsl/Downloads/SDK_2_15_100_MIMXRT1170-EVK_ALL_TOOLCHAN/middleware/vglite/VGLite/vg_lite.c:10606:20:vg_lite_get_linear_grad_matrix	0	static
/home/stvsl/Downloads/SDK_2_15_100_MIMXRT1170-EVK_ALL_TOOLCHAN/middleware/vglite/VGLite/vg_lite.c:10611:20:vg_lite_get_grad_matrix	0	static
/home/stvsl/Downloads/SDK_2_15_100_MIMXRT1170-EVK_ALL_TOOLCHAN/middleware/vglite/VGLite/vg_lite.c:10616:20:vg_lite_get_rad_grad_matrix	0	static
/home/stvsl/Downloads/SDK_2_15_100_MIMXRT1170-EVK_ALL_TOOLCHAN/middleware/vglite/VGLite/vg_lite.c:10621:17:vg_lite_draw_gradient	40	static
/home/stvsl/Downloads/SDK_2_15_100_MIMXRT1170-EVK_ALL_TOOLCHAN/middleware/vglite/VGLite/vg_lite.c:10632:17:vg_lite_set_command_buffer_size	24	static
/home/stvsl/Downloads/SDK_2_15_100_MIMXRT1170-EVK_ALL_TOOLCHAN/middleware/vglite/VGLite/vg_lite.c:10672:17:vg_lite_set_scissor	24	static
/home/stvsl/Downloads/SDK_2_15_100_MIMXRT1170-EVK_ALL_TOOLCHAN/middleware/vglite/VGLite/vg_lite.c:10700:17:vg_lite_enable_scissor	8	static
/home/stvsl/Downloads/SDK_2_15_100_MIMXRT1170-EVK_ALL_TOOLCHAN/middleware/vglite/VGLite/vg_lite.c:10724:17:vg_lite_disable_scissor	8	static
/home/stvsl/Downloads/SDK_2_15_100_MIMXRT1170-EVK_ALL_TOOLCHAN/middleware/vglite/VGLite/vg_lite.c:10748:17:vg_lite_mem_avail	16	static
/home/stvsl/Downloads/SDK_2_15_100_MIMXRT1170-EVK_ALL_TOOLCHAN/middleware/vglite/VGLite/vg_lite.c:10758:17:vg_lite_enable_premultiply	8	static
/home/stvsl/Downloads/SDK_2_15_100_MIMXRT1170-EVK_ALL_TOOLCHAN/middleware/vglite/VGLite/vg_lite.c:10782:17:vg_lite_disable_premultiply	8	static
/home/stvsl/Downloads/SDK_2_15_100_MIMXRT1170-EVK_ALL_TOOLCHAN/middleware/vglite/VGLite/vg_lite.c:10806:17:vg_lite_set_dither	16	static
/home/stvsl/Downloads/SDK_2_15_100_MIMXRT1170-EVK_ALL_TOOLCHAN/middleware/vglite/VGLite/vg_lite.c:10840:17:vg_lite_set_color_key	72	static
