/home/stvsl/Downloads/SDK_2_15_100_MIMXRT1170-EVK_ALL_TOOLCHAN/devices/MIMXRT1176/drivers/./fsl_clock.h:2178:20:CLOCK_ControlGate	16	static
/home/stvsl/Downloads/SDK_2_15_100_MIMXRT1170-EVK_ALL_TOOLCHAN/devices/MIMXRT1176/drivers/./fsl_clock.h:2197:20:CLOCK_EnableClock	16	static
/home/stvsl/Downloads/SDK_2_15_100_MIMXRT1170-EVK_ALL_TOOLCHAN/devices/MIMXRT1176/drivers/./fsl_iomuxc.h:1633:20:IOMUXC_SetPinMux	24	static
/home/stvsl/Downloads/SDK_2_15_100_MIMXRT1170-EVK_ALL_TOOLCHAN/devices/MIMXRT1176/drivers/./fsl_iomuxc.h:1665:20:IOMUXC_SetPinConfig	24	static
/home/stvsl/Downloads/SDK_2_15_100_MIMXRT1170-EVK_ALL_TOOLCHAN/devices/MIMXRT1176/drivers/./fsl_gpio.h:253:20:GPIO_PortEnableInterrupts	16	static
/home/stvsl/Documents/DOTRUST/PortingTest/imxrt1170_freertos_qt/pin_mux.c:29:6:BOARD_InitBootPins	8	static
/home/stvsl/Documents/DOTRUST/PortingTest/imxrt1170_freertos_qt/pin_mux.c:60:6:BOARD_InitPins	24	static
