/home/stvsl/Documents/DOTRUST/PortingTest/imxrt1170_freertos_qt_git/platform/platform/boards/nxp/mimxrt1170-evkb-freertos/platform_context.cpp:107:12:rand	4	static
/home/stvsl/Documents/DOTRUST/PortingTest/imxrt1170_freertos_qt_git/platform/platform/boards/nxp/mimxrt1170-evkb-freertos/platform_context.cpp:118:14:currentTimestamp	0	static
/home/stvsl/Documents/DOTRUST/PortingTest/imxrt1170_freertos_qt_git/platform/platform/boards/nxp/mimxrt1170-evkb-freertos/platform_context.cpp:120:24:frameBufferingType	0	static
/home/stvsl/Documents/DOTRUST/PortingTest/imxrt1170_freertos_qt_git/platform/platform/boards/nxp/mimxrt1170-evkb-freertos/platform_context.cpp:142:10:flushCachesForAsyncRead	0	static
/home/stvsl/Documents/DOTRUST/PortingTest/imxrt1170_freertos_qt_git/platform/platform/boards/nxp/mimxrt1170-evkb-freertos/platform_layers.cpp:642:10:data	0	static
/home/stvsl/Documents/DOTRUST/PortingTest/imxrt1170_freertos_qt_git/platform/platform/boards/nxp/mimxrt1170-evkb-freertos/platform_context.cpp:177:35:performanceMetrics	0	static
/home/stvsl/Documents/DOTRUST/PortingTest/imxrt1170_freertos_qt_git/platform/platform/boards/nxp/mimxrt1170-evkb-freertos/platform_layers.cpp:597:9:bpp	0	static
/home/stvsl/Documents/DOTRUST/PortingTest/imxrt1170_freertos_qt_git/platform/platform/boards/nxp/mimxrt1170-evkb-freertos/platform_layers.cpp:592:6:size	8	static
/home/stvsl/Documents/DOTRUST/PortingTest/imxrt1170_freertos_qt_git/platform/platform/boards/nxp/mimxrt1170-evkb-freertos/platform_layers.cpp:602:18:format	0	static
/home/stvsl/Documents/DOTRUST/PortingTest/imxrt1170_freertos_qt_git/platform/platform/boards/nxp/mimxrt1170-evkb-freertos/platform_layers.cpp:154:6:onUpdated	16	static
/home/stvsl/Documents/DOTRUST/PortingTest/imxrt1170_freertos_qt_git/platform/platform/boards/nxp/mimxrt1170-evkb-freertos/platform_drawing.cpp:117:6:updateSpriteLayer	24	static
/home/stvsl/Documents/DOTRUST/PortingTest/imxrt1170_freertos_qt_git/platform/platform/boards/nxp/mimxrt1170-evkb-freertos/platform_layers.h:233:6:enabled	0	static
/home/stvsl/Documents/DOTRUST/PortingTest/imxrt1170_freertos_qt_git/platform/platform/boards/nxp/mimxrt1170-evkb-freertos/platform_layers.h:221:7:opacity	0	static
/home/stvsl/Documents/DOTRUST/PortingTest/imxrt1170_freertos_qt_git/platform/platform/boards/nxp/mimxrt1170-evkb-freertos/platform_layers.h:239:31:position	8	static
/home/stvsl/Documents/DOTRUST/PortingTest/imxrt1170_freertos_qt_git/platform/platform/boards/nxp/mimxrt1170-evkb-freertos/platform_layers.h:227:5:platformId	0	static
/home/stvsl/Documents/DOTRUST/PortingTest/imxrt1170_freertos_qt_git/platform/platform/boards/nxp/mimxrt1170-evkb-freertos/platform_layers.h:245:9:z	0	static
/home/stvsl/Documents/DOTRUST/PortingTest/imxrt1170_freertos_qt_git/platform/platform/boards/nxp/mimxrt1170-evkb-freertos/platform_layers.h:233:6:enabled	0	static
/home/stvsl/Documents/DOTRUST/PortingTest/imxrt1170_freertos_qt_git/platform/platform/boards/nxp/mimxrt1170-evkb-freertos/platform_layers.h:221:7:opacity	0	static
/home/stvsl/Documents/DOTRUST/PortingTest/imxrt1170_freertos_qt_git/platform/platform/boards/nxp/mimxrt1170-evkb-freertos/platform_layers.h:239:31:position	8	static
/home/stvsl/Documents/DOTRUST/PortingTest/imxrt1170_freertos_qt_git/platform/platform/boards/nxp/mimxrt1170-evkb-freertos/platform_layers.h:227:5:platformId	0	static
/home/stvsl/Documents/DOTRUST/PortingTest/imxrt1170_freertos_qt_git/platform/platform/boards/nxp/mimxrt1170-evkb-freertos/platform_layers.h:245:9:z	0	static
/home/stvsl/Documents/DOTRUST/PortingTest/imxrt1170_freertos_qt_git/platform/platform/boards/nxp/mimxrt1170-evkb-freertos/platform_layers.cpp:509:10:data	0	static
/home/stvsl/Documents/DOTRUST/PortingTest/imxrt1170_freertos_qt_git/platform/platform/boards/nxp/mimxrt1170-evkb-freertos/platform_layers.h:263:14:frontBuffer	0	static
/home/stvsl/Documents/DOTRUST/PortingTest/imxrt1170_freertos_qt_git/platform/platform/boards/nxp/mimxrt1170-evkb-freertos/platform_layers.cpp:160:7:opacity	0	static
/home/stvsl/Documents/DOTRUST/PortingTest/imxrt1170_freertos_qt_git/platform/platform/boards/nxp/mimxrt1170-evkb-freertos/platform_layers.h:143:11:_ZThn32_NK3Qul8Platform7Private13Lcdifv2Sprite7opacityEv	0	static
/home/stvsl/Documents/DOTRUST/PortingTest/imxrt1170_freertos_qt_git/platform/platform/boards/nxp/mimxrt1170-evkb-freertos/platform_layers.cpp:165:6:enabled	0	static
/home/stvsl/Documents/DOTRUST/PortingTest/imxrt1170_freertos_qt_git/platform/platform/boards/nxp/mimxrt1170-evkb-freertos/platform_layers.h:142:10:_ZThn32_NK3Qul8Platform7Private13Lcdifv2Sprite7enabledEv	0	static
/home/stvsl/Documents/DOTRUST/PortingTest/imxrt1170_freertos_qt_git/platform/platform/boards/nxp/mimxrt1170-evkb-freertos/platform_layers.cpp:170:31:position	8	static
/home/stvsl/Documents/DOTRUST/PortingTest/imxrt1170_freertos_qt_git/platform/platform/boards/nxp/mimxrt1170-evkb-freertos/platform_layers.h:144:30:_ZThn32_NK3Qul8Platform7Private13Lcdifv2Sprite8positionEv	8	static
/home/stvsl/Documents/DOTRUST/PortingTest/imxrt1170_freertos_qt_git/platform/platform/boards/nxp/mimxrt1170-evkb-freertos/platform_layers.cpp:494:6:size	8	static
/home/stvsl/Documents/DOTRUST/PortingTest/imxrt1170_freertos_qt_git/platform/platform/boards/nxp/mimxrt1170-evkb-freertos/platform_layers.cpp:499:9:bpp	0	static
/home/stvsl/Documents/DOTRUST/PortingTest/imxrt1170_freertos_qt_git/platform/platform/boards/nxp/mimxrt1170-evkb-freertos/platform_layers.cpp:504:18:format	0	static
/home/stvsl/Documents/DOTRUST/PortingTest/imxrt1170_freertos_qt_git/platform/platform/boards/nxp/mimxrt1170-evkb-freertos/platform_layers.cpp:647:10:frontBuffer	0	static
/home/stvsl/.mcuxpressotools/arm-gnu-toolchain-12.3.rel1-x86_64-arm-none-eabi/arm-none-eabi/include/c++/12.3.1/bits/stl_algobase.h:2131:5:__remove_if	8	static
/home/stvsl/Qt/QtMCUs/2.8.0/include/platform/private/preloadallocator.h:105:11:allocate	4	static
/home/stvsl/Qt/QtMCUs/2.8.0/include/platform/private/fixedsizeblockallocator.h:42:11:allocate	24	static
/home/stvsl/Qt/QtMCUs/2.8.0/include/platform/private/fixedsizeblockallocator.h:50:10:free	16	static
/home/stvsl/Qt/QtMCUs/2.8.0/include/qul/eventqueue.h:169:6:onEventDiscarded	0	static
/home/stvsl/Qt/QtMCUs/2.8.0/include/qul/eventqueue.h:165:6:onQueueOverrun	0	static
/home/stvsl/Documents/DOTRUST/PortingTest/imxrt1170_freertos_qt_git/platform/platform/boards/nxp/mimxrt1170-evkb-freertos/platform_layers.cpp:245:6:driverCommonUpdate	48	static
/home/stvsl/Documents/DOTRUST/PortingTest/imxrt1170_freertos_qt_git/platform/platform/boards/nxp/mimxrt1170-evkb-freertos/platform_touch.cpp:137:13:BOARD_PullMIPIPanelTouchResetPin	0	static
/home/stvsl/Documents/DOTRUST/PortingTest/imxrt1170_freertos_qt_git/platform/platform/boards/nxp/mimxrt1170-evkb-freertos/platform_touch.cpp:146:13:BOARD_ConfigMIPIPanelTouchIntPin	0	static
/home/stvsl/Qt/QtMCUs/2.8.0/include/platform/private/fixedsizeblockallocator.h:48:11:reallocate	32	static
/home/stvsl/Documents/DOTRUST/PortingTest/imxrt1170_freertos_qt_git/platform/platform/boards/nxp/mimxrt1170-evkb-freertos/platform_drawing.cpp:74:27:allocateSpriteLayer	24	static
/home/stvsl/Documents/DOTRUST/PortingTest/imxrt1170_freertos_qt_git/platform/platform/boards/nxp/mimxrt1170-evkb-freertos/vglitedrawingengine.cpp:146:46:allocatePath	24	static
/home/stvsl/Documents/DOTRUST/PortingTest/imxrt1170_freertos_qt_git/platform/platform/boards/nxp/mimxrt1170-evkb-freertos/platform_context.cpp:69:10:initializePlatform	16	static
/home/stvsl/Qt/QtMCUs/2.8.0/include/platform/private/preloadallocator.h:34:11:reallocate	24	static
/home/stvsl/Qt/QtMCUs/2.8.0/include/platform/private/preloadallocator.h:41:10:free	24	static
/home/stvsl/Qt/QtMCUs/2.8.0/include/platform/private/preloadallocator.h:45:10:acquire	24	static
/home/stvsl/Qt/QtMCUs/2.8.0/include/platform/private/preloadallocator.h:49:10:release	24	static
/home/stvsl/Documents/DOTRUST/PortingTest/imxrt1170_freertos_qt_git/platform/platform/boards/nxp/mimxrt1170-evkb-freertos/platform_context.cpp:149:39:beginFrame	24	static
/home/stvsl/Documents/DOTRUST/PortingTest/imxrt1170_freertos_qt_git/platform/platform/boards/nxp/mimxrt1170-evkb-freertos/platform_context.cpp:109:10:scheduleEngineUpdate	16	static
/home/stvsl/Documents/DOTRUST/PortingTest/imxrt1170_freertos_qt_git/platform/platform/boards/nxp/mimxrt1170-evkb-freertos/platform_context.cpp:126:37:availableScreens	16	static
/home/stvsl/Documents/DOTRUST/PortingTest/imxrt1170_freertos_qt_git/platform/platform/boards/nxp/mimxrt1170-evkb-freertos/platform_context.cpp:170:41:memoryAllocator	24	static
/home/stvsl/Documents/DOTRUST/PortingTest/imxrt1170_freertos_qt_git/platform/platform/boards/nxp/mimxrt1170-evkb-freertos/platform_drawing.cpp:86:6:deallocateItemLayer	8	static
/home/stvsl/Documents/DOTRUST/PortingTest/imxrt1170_freertos_qt_git/platform/platform/boards/nxp/mimxrt1170-evkb-freertos/platform_drawing.cpp:91:6:deallocateImageLayer	8	static
/home/stvsl/Documents/DOTRUST/PortingTest/imxrt1170_freertos_qt_git/platform/platform/boards/nxp/mimxrt1170-evkb-freertos/platform_drawing.cpp:96:6:deallocateSpriteLayer	16	static
/home/stvsl/Documents/DOTRUST/PortingTest/imxrt1170_freertos_qt_git/platform/platform/boards/nxp/mimxrt1170-evkb-freertos/platform_context.cpp:175:10:consoleWrite	16	static
/home/stvsl/Documents/DOTRUST/PortingTest/imxrt1170_freertos_qt_git/platform/platform/boards/nxp/mimxrt1170-evkb-freertos/platform_touch.h:33:18:onEvent	56	static
/home/stvsl/Qt/QtMCUs/2.8.0/include/qul/eventqueue.h:152:6:process	88	static
/home/stvsl/Documents/DOTRUST/PortingTest/imxrt1170_freertos_qt_git/platform/platform/boards/nxp/mimxrt1170-evkb-freertos/vglitedrawingengine.cpp:31:6:blendRect	160	static
/home/stvsl/Documents/DOTRUST/PortingTest/imxrt1170_freertos_qt_git/platform/platform/boards/nxp/mimxrt1170-evkb-freertos/vglitedrawingengine.cpp:41:6:blendRoundedRect	4	static
/home/stvsl/Documents/DOTRUST/PortingTest/imxrt1170_freertos_qt_git/platform/platform/boards/nxp/mimxrt1170-evkb-freertos/vglitedrawingengine.cpp:50:6:blendImage	40	static
/home/stvsl/Documents/DOTRUST/PortingTest/imxrt1170_freertos_qt_git/platform/platform/boards/nxp/mimxrt1170-evkb-freertos/vglitedrawingengine.cpp:66:6:blendAlphaMap	40	static
/home/stvsl/Documents/DOTRUST/PortingTest/imxrt1170_freertos_qt_git/platform/platform/boards/nxp/mimxrt1170-evkb-freertos/vglitedrawingengine.cpp:81:6:blendTransformedImage	88	static
/home/stvsl/Documents/DOTRUST/PortingTest/imxrt1170_freertos_qt_git/platform/platform/boards/nxp/mimxrt1170-evkb-freertos/vglitedrawingengine.cpp:116:6:blendTransformedAlphaMap	88	static
/home/stvsl/Documents/DOTRUST/PortingTest/imxrt1170_freertos_qt_git/platform/platform/boards/nxp/mimxrt1170-evkb-freertos/vglitesupport.cpp:442:13:addPathSegment	40	static
/home/stvsl/Documents/DOTRUST/PortingTest/imxrt1170_freertos_qt_git/platform/platform/boards/nxp/mimxrt1170-evkb-freertos/vglitesupport.cpp:458:13:addStrokePathSegment	40	static
/home/stvsl/Documents/DOTRUST/PortingTest/imxrt1170_freertos_qt_git/platform/platform/boards/nxp/mimxrt1170-evkb-freertos/vglitedrawingengine.cpp:152:6:setStrokeProperties	208	static
/home/stvsl/Documents/DOTRUST/PortingTest/imxrt1170_freertos_qt_git/platform/platform/boards/nxp/mimxrt1170-evkb-freertos/vglitevector.h:46:10:free	8	static
/home/stvsl/Documents/DOTRUST/PortingTest/imxrt1170_freertos_qt_git/platform/platform/boards/nxp/mimxrt1170-evkb-freertos/vglitedrawingengine.cpp:158:6:blendPath	48	static
/home/stvsl/Documents/DOTRUST/PortingTest/imxrt1170_freertos_qt_git/platform/platform/boards/nxp/mimxrt1170-evkb-freertos/platform_memory.cpp:63:37:memoryAllocator	24	static
/home/stvsl/Documents/DOTRUST/PortingTest/imxrt1170_freertos_qt_git/platform/platform/boards/nxp/mimxrt1170-evkb-freertos/platform_irq.c:52:6:LCDIFv2_IRQHandler	4	static
/home/stvsl/Documents/DOTRUST/PortingTest/imxrt1170_freertos_qt_git/platform/platform/boards/nxp/mimxrt1170-evkb-freertos/platform_irq.c:57:6:GPIO2_Combined_16_31_IRQHandler	8	static
/home/stvsl/Documents/DOTRUST/PortingTest/imxrt1170_freertos_qt_git/platform/platform/boards/nxp/mimxrt1170-evkb-freertos/platform_irq.c:62:6:GPU2D_IRQHandler	16	static
/home/stvsl/Documents/DOTRUST/PortingTest/imxrt1170_freertos_qt_git/platform/platform/boards/nxp/mimxrt1170-evkb-freertos/platform_layers.cpp:286:6:driverBufferUpdate	32	static
/home/stvsl/Documents/DOTRUST/PortingTest/imxrt1170_freertos_qt_git/platform/platform/boards/nxp/mimxrt1170-evkb-freertos/platform_context.cpp:158:10:endFrame	16	static
/home/stvsl/Documents/DOTRUST/PortingTest/imxrt1170_freertos_qt_git/platform/platform/boards/nxp/mimxrt1170-evkb-freertos/platform_layers.cpp:381:6:updateIndexes	48	static
/home/stvsl/Documents/DOTRUST/PortingTest/imxrt1170_freertos_qt_git/platform/platform/boards/nxp/mimxrt1170-evkb-freertos/platform_layers.cpp:581:6:onUpdated	0	static
/home/stvsl/Documents/DOTRUST/PortingTest/imxrt1170_freertos_qt_git/platform/platform/boards/nxp/mimxrt1170-evkb-freertos/platform_drawing.cpp:47:25:allocateItemLayer	72	static
/home/stvsl/Documents/DOTRUST/PortingTest/imxrt1170_freertos_qt_git/platform/platform/boards/nxp/mimxrt1170-evkb-freertos/platform_layers.cpp:481:6:onUpdated	16	static
/home/stvsl/Documents/DOTRUST/PortingTest/imxrt1170_freertos_qt_git/platform/platform/boards/nxp/mimxrt1170-evkb-freertos/platform_drawing.cpp:60:26:allocateImageLayer	24	static
/home/stvsl/Documents/DOTRUST/PortingTest/imxrt1170_freertos_qt_git/platform/platform/boards/nxp/mimxrt1170-evkb-freertos/platform_drawing.cpp:101:6:updateItemLayer	24	static
/home/stvsl/Documents/DOTRUST/PortingTest/imxrt1170_freertos_qt_git/platform/platform/boards/nxp/mimxrt1170-evkb-freertos/platform_drawing.cpp:109:6:updateImageLayer	32	static
/home/stvsl/Documents/DOTRUST/PortingTest/imxrt1170_freertos_qt_git/platform/platform/boards/nxp/mimxrt1170-evkb-freertos/platform_layers.cpp:206:1:__dt_base 	32	static
/home/stvsl/Documents/DOTRUST/PortingTest/imxrt1170_freertos_qt_git/platform/platform/boards/nxp/mimxrt1170-evkb-freertos/platform_layers.h:271:7:__dt_base 	32	static
/home/stvsl/Documents/DOTRUST/PortingTest/imxrt1170_freertos_qt_git/platform/platform/boards/nxp/mimxrt1170-evkb-freertos/platform_layers.h:271:7:__dt_del 	32	static
/home/stvsl/Documents/DOTRUST/PortingTest/imxrt1170_freertos_qt_git/platform/platform/boards/nxp/mimxrt1170-evkb-freertos/platform_layers.h:250:7:__dt_base 	32	static
/home/stvsl/Documents/DOTRUST/PortingTest/imxrt1170_freertos_qt_git/platform/platform/boards/nxp/mimxrt1170-evkb-freertos/platform_layers.h:250:7:__dt_del 	32	static
/home/stvsl/Documents/DOTRUST/PortingTest/imxrt1170_freertos_qt_git/platform/platform/boards/nxp/mimxrt1170-evkb-freertos/platform_layers.cpp:570:6:onSpriteChanged	24	static
/home/stvsl/Documents/DOTRUST/PortingTest/imxrt1170_freertos_qt_git/platform/platform/boards/nxp/mimxrt1170-evkb-freertos/platform_layers.cpp:575:6:onSpriteAttached	24	static
/home/stvsl/Documents/DOTRUST/PortingTest/imxrt1170_freertos_qt_git/platform/platform/boards/nxp/mimxrt1170-evkb-freertos/platform_layers.h:293:10:_ZThn20_N3Qul8Platform7Private16Lcdifv2ItemLayer9onUpdatedERKa	0	static
/home/stvsl/Documents/DOTRUST/PortingTest/imxrt1170_freertos_qt_git/platform/platform/boards/nxp/mimxrt1170-evkb-freertos/platform_layers.cpp:470:6:onSpriteChanged	24	static
/home/stvsl/Documents/DOTRUST/PortingTest/imxrt1170_freertos_qt_git/platform/platform/boards/nxp/mimxrt1170-evkb-freertos/platform_layers.cpp:475:6:onSpriteAttached	24	static
/home/stvsl/Documents/DOTRUST/PortingTest/imxrt1170_freertos_qt_git/platform/platform/boards/nxp/mimxrt1170-evkb-freertos/platform_layers.h:268:10:_ZThn20_N3Qul8Platform7Private17Lcdifv2ImageLayer9onUpdatedERKa	8	static
/home/stvsl/Documents/DOTRUST/PortingTest/imxrt1170_freertos_qt_git/platform/platform/boards/nxp/mimxrt1170-evkb-freertos/platform_touch.cpp:53:6:BOARD_Touch_Init	224	static
/home/stvsl/Documents/DOTRUST/PortingTest/imxrt1170_freertos_qt_git/platform/platform/boards/nxp/mimxrt1170-evkb-freertos/platform_context.cpp:79:10:initializeDisplay	0	static
/home/stvsl/Documents/DOTRUST/PortingTest/imxrt1170_freertos_qt_git/platform/platform/boards/nxp/mimxrt1170-evkb-freertos/platform_touch.cpp:91:6:_ZN3Qul8Platform7Private16requestTouchDataEv.part.0	72	static
/home/stvsl/Documents/DOTRUST/PortingTest/imxrt1170_freertos_qt_git/platform/platform/boards/nxp/mimxrt1170-evkb-freertos/platform_context.cpp:81:14:update	8	static
/home/stvsl/Documents/DOTRUST/PortingTest/imxrt1170_freertos_qt_git/platform/platform/boards/nxp/mimxrt1170-evkb-freertos/platform_context.cpp:93:10:exec	24	static
/home/stvsl/Documents/DOTRUST/PortingTest/imxrt1170_freertos_qt_git/platform/platform/boards/nxp/mimxrt1170-evkb-freertos/vglitesupport.cpp:83:19:prepareGpuTexture	24	static
/home/stvsl/Documents/DOTRUST/PortingTest/imxrt1170_freertos_qt_git/platform/platform/boards/nxp/mimxrt1170-evkb-freertos/vglitesupport.cpp:157:6:finish	48	static
/home/stvsl/Documents/DOTRUST/PortingTest/imxrt1170_freertos_qt_git/platform/platform/boards/nxp/mimxrt1170-evkb-freertos/platform_context.cpp:131:10:waitUntilAsyncReadFinished	16	static
/home/stvsl/Documents/DOTRUST/PortingTest/imxrt1170_freertos_qt_git/platform/platform/boards/nxp/mimxrt1170-evkb-freertos/platform_context.cpp:160:21:presentFrame	16	static
/home/stvsl/Documents/DOTRUST/PortingTest/imxrt1170_freertos_qt_git/platform/platform/boards/nxp/mimxrt1170-evkb-freertos/vglitedrawingengine.cpp:140:6:synchronizeForCpuAccess	0	static
/home/stvsl/Documents/DOTRUST/PortingTest/imxrt1170_freertos_qt_git/platform/platform/boards/nxp/mimxrt1170-evkb-freertos/platform_drawing.cpp:130:14:_ZN3Qul8Platform7Private11layerEngineEv.part.0	224	static
/home/stvsl/Documents/DOTRUST/PortingTest/imxrt1170_freertos_qt_git/platform/platform/boards/nxp/mimxrt1170-evkb-freertos/platform_context.cpp:147:37:layerEngine	8	static
/home/stvsl/Documents/DOTRUST/PortingTest/imxrt1170_freertos_qt_git/platform/platform/boards/nxp/mimxrt1170-evkb-freertos/platform_serial_console.cpp:26:16:_write	8	static
/home/stvsl/Documents/DOTRUST/PortingTest/imxrt1170_freertos_qt_git/platform/platform/boards/nxp/mimxrt1170-evkb-freertos/platform_context.cpp:56:10:initializeHardware	144	static
