/home/stvsl/Qt/QtMCUs/2.8.0/src/text/textengine.cpp:124:7:nativeBuffer	0	static
/home/stvsl/Qt/QtMCUs/2.8.0/src/text/textengine.cpp:109:6:setAttributes	24	static
/home/stvsl/Qt/QtMCUs/2.8.0/src/text/textengine.cpp:116:23:attributes	16	static
/home/stvsl/Qt/QtMCUs/2.8.0/src/text/textengine.cpp:130:6:reset	0	static
/home/stvsl/Qt/QtMCUs/2.8.0/src/text/textengine.cpp:135:5:size	0	static
/home/stvsl/Qt/QtMCUs/2.8.0/src/text/textengine.cpp:256:13:emptyLineFontMetrics	16	static
/home/stvsl/Qt/QtMCUs/2.8.0/src/text/glyph.cpp:38:17:boundingBox	8	static
/home/stvsl/Qt/QtMCUs/2.8.0/src/text/glyph.cpp:43:13:fontMetrics	16	static
/home/stvsl/Qt/QtMCUs/2.8.0/src/text/glyph.cpp:48:13:advanceForGlyph	40	static
/home/stvsl/Qt/QtMCUs/2.8.0/src/text/glyph.cpp:58:9:fontIndex	0	static
/home/stvsl/Qt/QtMCUs/2.8.0/src/platforminterface/memoryallocator.cpp:165:6:acquire	0	static
/home/stvsl/Qt/QtMCUs/2.8.0/src/platforminterface/pathdatastroker.cpp:1031:6:beginStroke	0	static
/home/stvsl/Qt/QtMCUs/2.8.0/src/text/paragraphiterator.cpp:85:26:next	40	static
/home/stvsl/Qt/QtMCUs/2.8.0/src/text/glyph.cpp:53:13:kerning	16	static
/home/stvsl/Qt/QtMCUs/2.8.0/src/platforminterface/memoryallocator.cpp:143:6:free	0	static
/home/stvsl/Qt/QtMCUs/2.8.0/src/text/glyph.cpp:480:13:advanceWidth	48	static
/home/stvsl/Qt/QtMCUs/2.8.0/src/text/textwraphandler.cpp:51:6:reset	232	static
/home/stvsl/Qt/QtMCUs/2.8.0/src/platforminterface/arc.cpp:168:6:pathArcParameters	136	static
/home/stvsl/Qt/QtMCUs/2.8.0/src/platforminterface/memoryallocator.cpp:106:7:allocate	8	static
/home/stvsl/Qt/QtMCUs/2.8.0/src/platforminterface/memoryallocator.cpp:128:7:reallocate	24	static
/home/stvsl/Qt/QtMCUs/2.8.0/src/platforminterface/pathdatastroker.cpp:1045:6:endStroke	24	static
/home/stvsl/Qt/QtMCUs/2.8.0/src/platforminterface/pathdatastroker.cpp:1089:6:cubicTo	48	static
/home/stvsl/Qt/QtMCUs/2.8.0/src/platforminterface/pathdatastroker.cpp:1108:6:arcTo	48	static
/home/stvsl/Qt/QtMCUs/2.8.0/src/platforminterface/pathdatastroker.cpp:1061:6:lineTo	40	static
/home/stvsl/Qt/QtMCUs/2.8.0/src/platforminterface/pathdatastroker.cpp:1074:6:moveTo	40	static
/home/stvsl/Qt/QtMCUs/2.8.0/src/platforminterface/drawingengine.cpp:169:6:blendTransformedImage	40	static
/home/stvsl/Qt/QtMCUs/2.8.0/src/platforminterface/drawingengine.cpp:193:6:blendTransformedAlphaMap	40	static
/home/stvsl/Qt/QtMCUs/2.8.0/src/text/textengine.cpp:85:6:_ZN3Qul7Private19CharAttributeBuffer13prepareBufferEPNS0_13ParagraphInfoE.part.0	88	static
/home/stvsl/Qt/QtMCUs/2.8.0/src/text/textengine.cpp:85:6:prepareBuffer	8	static
/home/stvsl/Qt/QtMCUs/2.8.0/src/text/glyph.cpp:327:6:hasNext	1312	static
/home/stvsl/Qt/QtMCUs/2.8.0/src/text/glyph.cpp:264:15:lookupIteratorNoShaping	72	static
/home/stvsl/Qt/QtMCUs/2.8.0/src/text/textshaper.cpp:139:6:releaselIterator	8	static
/home/stvsl/Qt/QtMCUs/2.8.0/src/text/glyph.cpp:489:13:advanceForGlyph	48	static
/home/stvsl/Qt/QtMCUs/2.8.0/src/text/glyph.cpp:648:21:inlineImage	0	static
/home/stvsl/Qt/QtMCUs/2.8.0/src/text/glyph.cpp:565:17:boundingBox	32	static
/home/stvsl/Qt/QtMCUs/2.8.0/src/text/glyph.cpp:600:13:fontMetrics	40	static
/home/stvsl/Qt/QtMCUs/2.8.0/src/text/glyph.cpp:415:11:next	760	static
/home/stvsl/Qt/QtMCUs/2.8.0/src/text/glyph.cpp:397:11:peekNext	192	static
/home/stvsl/Qt/QtMCUs/2.8.0/src/text/textline.cpp:46:11:next	16	static
/home/stvsl/Qt/QtMCUs/2.8.0/src/text/glyph.cpp:691:6:processGlyph	24	static
/home/stvsl/Qt/QtMCUs/2.8.0/src/text/textelidehandler.cpp:176:13:resolveConfig	16	static
/home/stvsl/Qt/QtMCUs/2.8.0/src/text/textelidehandler.cpp:434:11:next	120	static
/home/stvsl/Qt/QtMCUs/2.8.0/src/text/textelidehandler.cpp:143:6:currentLineNeedsEliding	112	static
/home/stvsl/Qt/QtMCUs/2.8.0/src/text/textwraphandler.cpp:96:6:_ZN3Qul7Private15TextWrapHandler8wrapTextEPNS0_13ParagraphInfoEb.part.0	416	static
/home/stvsl/Qt/QtMCUs/2.8.0/src/text/textengine.cpp:394:13:paragraphChangedCallback	16	static
/home/stvsl/Qt/QtMCUs/2.8.0/src/text/textelidehandler.cpp:36:6:paragraphChanged	16	static
/home/stvsl/Qt/QtMCUs/2.8.0/src/text/textline.cpp:87:13:calculateLineWidth	320	static
/home/stvsl/Qt/QtMCUs/2.8.0/src/text/textline.cpp:105:5:width	8	static
/home/stvsl/Qt/QtMCUs/2.8.0/src/text/textelidehandler.cpp:358:6:elideLine	776	static
/home/stvsl/Qt/QtMCUs/2.8.0/include/platforminterface/private/line.h:110:10:setLength	40	static
/home/stvsl/Qt/QtMCUs/2.8.0/src/platforminterface/arc.cpp:107:6:pathArcToBeziers	184	static
/home/stvsl/Qt/QtMCUs/2.8.0/src/platforminterface/drawingdevice.cpp:205:18:pixelDataAt	24	static
/home/stvsl/Qt/QtMCUs/2.8.0/include/platforminterface/point.h:351:13:operator==	0	static
/home/stvsl/Qt/QtMCUs/2.8.0/include/platforminterface/private/line.h:123:11:angleTo	32	static
/home/stvsl/Qt/QtMCUs/2.8.0/src/platforminterface/pathdatastroker.cpp:53:7:qt_t_for_arc_angle	24	static
/home/stvsl/Qt/QtMCUs/2.8.0/src/platforminterface/pathdatastroker.cpp:256:59:cap_style_to_stroker	8	static
/home/stvsl/Qt/QtMCUs/2.8.0/src/platforminterface/pathdatastroker.cpp:294:41:type	16	static
/home/stvsl/Qt/QtMCUs/2.8.0/src/platforminterface/pathdatastroker.cpp:318:26:arcData	40	static
/home/stvsl/Qt/QtMCUs/2.8.0/src/platforminterface/pathdatastroker.cpp:355:6:next	24	static
/home/stvsl/Qt/QtMCUs/2.8.0/src/platforminterface/pathdatastroker.cpp:367:27:fromTo	56	static
/home/stvsl/Qt/QtMCUs/2.8.0/src/platforminterface/pathdatastroker.cpp:650:13:offsetTangent	40	static
/home/stvsl/Qt/QtMCUs/2.8.0/src/platforminterface/pathdatastroker.cpp:822:6:joinPoints	272	static
/home/stvsl/Qt/QtMCUs/2.8.0/src/platforminterface/pathdatastroker.cpp:689:6:processBezier	600	static
/home/stvsl/Qt/QtMCUs/2.8.0/src/platforminterface/pathdatastroker.cpp:722:6:handleCubicTo	56	static
/home/stvsl/Qt/QtMCUs/2.8.0/src/platforminterface/pathdatastroker.cpp:732:6:processArc	152	static
/home/stvsl/Qt/QtMCUs/2.8.0/src/platforminterface/rect.cpp:903:6:intersects	12	static
/home/stvsl/Qt/QtMCUs/2.8.0/src/platforminterface/rect.cpp:966:6:operator|	20	static
/home/stvsl/Qt/QtMCUs/2.8.0/src/platforminterface/rect.cpp:1017:6:operator&	20	static
/home/stvsl/Qt/QtMCUs/2.8.0/src/platforminterface/rect.cpp:1683:6:contains	32	static
/home/stvsl/Qt/QtMCUs/2.8.0/src/platforminterface/rect.cpp:1917:7:operator&	80	static
/home/stvsl/Qt/QtMCUs/2.8.0/src/platforminterface/rect.cpp:2054:6:toAlignedRect	4	static
/home/stvsl/Qt/QtMCUs/2.8.0/src/text/texthtmlparser.cpp:42:13:image	344	static
/home/stvsl/Qt/QtMCUs/2.8.0/src/text/glyph.cpp:63:21:inlineImage	16	static
