/home/stvsl/Qt/QtMCUs/2.8.0/include/qul/private/models.h:167:28:data	0	static
/home/stvsl/Qt/QtMCUs/2.8.0/include/qul/private/slot.h:47:24:call	0	static
/home/stvsl/Qt/QtMCUs/2.8.0/include/qul/private/slot.h:47:24:call	0	static
/home/stvsl/Qt/QtMCUs/2.8.0/include/qul/private/models.h:166:9:count	0	static
/home/stvsl/Qt/QtMCUs/2.8.0/include/qul/private/slot.h:47:24:call	0	static
/home/stvsl/Qt/QtMCUs/2.8.0/include/qul/private/slot.h:47:24:call	0	static
/home/stvsl/Qt/QtMCUs/2.8.0/include/qul/private/slot.h:47:24:call	0	static
/home/stvsl/Qt/QtMCUs/2.8.0/include/qul/private/models.h:166:9:count	0	static
/home/stvsl/Qt/QtMCUs/2.8.0/include/qul/private/slot.h:47:24:call	0	static
/home/stvsl/Qt/QtMCUs/2.8.0/include/qul/private/slot.h:47:24:call	0	static
/home/stvsl/Qt/QtMCUs/2.8.0/include/qul/private/slot.h:47:24:call	0	static
/home/stvsl/Qt/QtMCUs/2.8.0/include/qul/private/slot.h:47:24:call	0	static
/home/stvsl/Qt/QtMCUs/2.8.0/include/qul/private/slot.h:47:24:call	0	static
/home/stvsl/Qt/QtMCUs/2.8.0/include/qul/private/slot.h:47:24:call	0	static
/home/stvsl/Qt/QtMCUs/2.8.0/include/qul/private/models.h:166:9:count	0	static
/home/stvsl/Qt/QtMCUs/2.8.0/include/qul/private/slot.h:47:24:call	0	static
/home/stvsl/Qt/QtMCUs/2.8.0/include/qul/private/slot.h:47:24:call	0	static
/home/stvsl/Qt/QtMCUs/2.8.0/include/qul/private/slot.h:47:24:call	0	static
/home/stvsl/Qt/QtMCUs/2.8.0/include/qul/private/slot.h:47:24:call	0	static
/home/stvsl/Qt/QtMCUs/2.8.0/include/qul/private/models.h:166:9:count	0	static
/home/stvsl/Qt/QtMCUs/2.8.0/include/qul/private/text/fontenginestatic.h:73:21:findGlyph	4	static
/home/stvsl/Qt/QtMCUs/2.8.0/include/qul/private/text/fontenginestatic.h:73:21:findGlyph	4	static
/home/stvsl/Qt/QtMCUs/2.8.0/include/qul/private/text/fontenginestatic.h:73:21:findGlyph	4	static
/home/stvsl/Qt/QtMCUs/2.8.0/include/platform/performancemetrics.h:32:19:cpuLoad	0	static
/home/stvsl/Qt/QtMCUs/2.8.0/include/platform/platform.h:144:20:partialBufferPixelCount	0	static
/home/stvsl/Qt/QtMCUs/2.8.0/include/platform/platform.h:150:37:adjustedPartialUpdateRect	0	static
/home/stvsl/Documents/DOTRUST/PortingTest/imxrt1170_freertos_qt_git/platform/platform/boards/nxp/mimxrt1170-evkb-freertos/platform_context.cpp:50:14:maxHeapUsage	0	static
/home/stvsl/Documents/DOTRUST/PortingTest/imxrt1170_freertos_qt_git/platform/platform/boards/nxp/mimxrt1170-evkb-freertos/platform_context.cpp:51:14:maxStackUsage	0	static
/home/stvsl/Qt/QtMCUs/2.8.0/include/qul/private/propertybinding.h:243:6:commonHandleInternalCall	88	static
/home/stvsl/Qt/QtMCUs/2.8.0/include/qul/private/propertybinding.h:340:17:handleInternalCallWithScopeObject	0	static
/home/stvsl/Qt/QtMCUs/2.8.0/include/qul/private/propertybinding.h:340:17:handleInternalCallWithScopeObject	0	static
/home/stvsl/Qt/QtMCUs/2.8.0/include/qul/private/propertybinding.h:340:17:handleInternalCallWithScopeObject	0	static
/home/stvsl/Qt/QtMCUs/2.8.0/include/qul/private/propertybinding.h:340:17:handleInternalCallWithScopeObject	0	static
/home/stvsl/Qt/QtMCUs/2.8.0/include/qul/private/propertybinding.h:340:17:handleInternalCallWithScopeObject	0	static
/home/stvsl/Qt/QtMCUs/2.8.0/include/qul/private/propertybinding.h:340:17:handleInternalCallWithScopeObject	0	static
/home/stvsl/Qt/QtMCUs/2.8.0/include/qul/private/propertybinding.h:340:17:handleInternalCallWithScopeObject	0	static
/home/stvsl/Qt/QtMCUs/2.8.0/include/qul/private/propertybinding.h:340:17:handleInternalCallWithScopeObject	0	static
/home/stvsl/Qt/QtMCUs/2.8.0/include/qul/private/propertybinding.h:340:17:handleInternalCallWithScopeObject	0	static
/home/stvsl/Qt/QtMCUs/2.8.0/include/qul/private/propertybinding.h:340:17:handleInternalCallWithScopeObject	0	static
/home/stvsl/Qt/QtMCUs/2.8.0/include/qul/private/models.h:164:8:__dt_del 	8	static
/home/stvsl/Qt/QtMCUs/2.8.0/include/qul/private/models.h:164:8:__dt_del 	8	static
/home/stvsl/Qt/QtMCUs/2.8.0/include/qul/private/models.h:164:8:__dt_del 	8	static
/home/stvsl/Qt/QtMCUs/2.8.0/include/qul/private/models.h:164:8:__dt_del 	8	static
/home/stvsl/Documents/DOTRUST/PortingTest/imxrt1170_freertos_qt_git/ui_source/EnergyConsumption.h:93:17:timer_onTriggered_binding_slot	24	static
/home/stvsl/Documents/DOTRUST/PortingTest/imxrt1170_freertos_qt_git/ui_source/Speedometer.h:75:17:timer_onTriggered_binding_slot	24	static
/home/stvsl/Qt/QtMCUs/2.8.0/include/qul/private/propertybinding.h:522:17:callWithSelf	16	static
/home/stvsl/Documents/DOTRUST/PortingTest/imxrt1170_freertos_qt_git/platform/platform/boards/nxp/mimxrt1170-evkb-freertos/display/platform_display.cpp:169:13:pullResetPin	0	static
/home/stvsl/Documents/DOTRUST/PortingTest/imxrt1170_freertos_qt_git/platform/platform/boards/nxp/mimxrt1170-evkb-freertos/display/platform_display.cpp:182:13:pullPowerPin	0	static
/home/stvsl/Qt/QtMCUs/2.8.0/include/qul/private/propertybinding.h:317:17:callFunctionWithScopeObject	16	static
/home/stvsl/Qt/QtMCUs/2.8.0/include/qul/private/linkedlist.h:64:10:insertInto	16	static
/home/stvsl/Qt/QtMCUs/2.8.0/include/qul/private/propertybinding.h:243:6:commonHandleInternalCall	80	static
/home/stvsl/Qt/QtMCUs/2.8.0/include/qul/private/propertybinding.h:333:17:handleInternalCallWithScopeObject	0	static
/home/stvsl/Qt/QtMCUs/2.8.0/include/qul/private/propertybinding.h:333:17:handleInternalCallWithScopeObject	0	static
/home/stvsl/Qt/QtMCUs/2.8.0/include/qul/private/propertybinding.h:333:17:handleInternalCallWithScopeObject	0	static
/home/stvsl/Qt/QtMCUs/2.8.0/include/qul/private/propertybinding.h:333:17:handleInternalCallWithScopeObject	0	static
/home/stvsl/Qt/QtMCUs/2.8.0/include/qul/private/propertybinding.h:333:17:handleInternalCallWithScopeObject	0	static
/home/stvsl/Qt/QtMCUs/2.8.0/include/qul/private/propertybinding.h:333:17:handleInternalCallWithScopeObject	0	static
/home/stvsl/Qt/QtMCUs/2.8.0/include/qul/private/propertybinding.h:333:17:handleInternalCallWithScopeObject	0	static
/home/stvsl/Qt/QtMCUs/2.8.0/include/qul/private/propertybinding.h:333:17:handleInternalCallWithScopeObject	0	static
/home/stvsl/Qt/QtMCUs/2.8.0/include/qul/private/propertybinding.h:333:17:handleInternalCallWithScopeObject	0	static
/home/stvsl/Qt/QtMCUs/2.8.0/include/qul/private/propertybinding.h:333:17:handleInternalCallWithScopeObject	0	static
/home/stvsl/Qt/QtMCUs/2.8.0/include/qul/private/propertybinding.h:333:17:handleInternalCallWithScopeObject	0	static
/home/stvsl/Qt/QtMCUs/2.8.0/include/qul/private/propertybinding.h:333:17:handleInternalCallWithScopeObject	0	static
/home/stvsl/Qt/QtMCUs/2.8.0/include/qul/private/propertybinding.h:333:17:handleInternalCallWithScopeObject	0	static
/home/stvsl/Qt/QtMCUs/2.8.0/include/qul/private/propertybinding.h:333:17:handleInternalCallWithScopeObject	0	static
/home/stvsl/Qt/QtMCUs/2.8.0/include/qul/private/propertybinding.h:333:17:handleInternalCallWithScopeObject	0	static
/home/stvsl/Qt/QtMCUs/2.8.0/include/qul/private/propertybinding.h:333:17:handleInternalCallWithScopeObject	0	static
/home/stvsl/Qt/QtMCUs/2.8.0/include/qul/private/propertybinding.h:333:17:handleInternalCallWithScopeObject	0	static
/home/stvsl/Qt/QtMCUs/2.8.0/include/qul/private/propertybinding.h:333:17:handleInternalCallWithScopeObject	0	static
/home/stvsl/Qt/QtMCUs/2.8.0/include/qul/private/propertybinding.h:333:17:handleInternalCallWithScopeObject	0	static
/home/stvsl/Qt/QtMCUs/2.8.0/include/qul/private/propertybinding.h:333:17:handleInternalCallWithScopeObject	0	static
/home/stvsl/Qt/QtMCUs/2.8.0/include/qul/private/propertybinding.h:333:17:handleInternalCallWithScopeObject	0	static
/home/stvsl/Qt/QtMCUs/2.8.0/include/qul/private/propertybinding.h:333:17:handleInternalCallWithScopeObject	0	static
/home/stvsl/Qt/QtMCUs/2.8.0/include/qul/private/propertybinding.h:333:17:handleInternalCallWithScopeObject	0	static
/home/stvsl/Qt/QtMCUs/2.8.0/include/qul/private/models.h:164:8:__dt_base 	8	static
/home/stvsl/Qt/QtMCUs/2.8.0/include/qul/private/path/path.h:413:17:appendChild	16	static
/home/stvsl/Qt/QtMCUs/2.8.0/include/qul/private/shapes/shape.h:211:17:appendChild	24	static
/home/stvsl/Qt/QtMCUs/2.8.0/include/qul/property.h:694:14:value	40	static
/home/stvsl/Qt/QtMCUs/2.8.0/include/qul/private/propertybinding.h:317:17:callFunctionWithScopeObject	8	static
/home/stvsl/Qt/QtMCUs/2.8.0/include/qul/private/linkedlist.h:64:10:insertInto	16	static
/home/stvsl/Qt/QtMCUs/2.8.0/include/qul/private/models.h:164:8:__dt_base 	8	static
/home/stvsl/Qt/QtMCUs/2.8.0/include/qul/private/models.h:164:8:__dt_base 	8	static
/home/stvsl/Qt/QtMCUs/2.8.0/include/qul/private/models.h:164:8:__dt_base 	8	static
/home/stvsl/Documents/DOTRUST/PortingTest/imxrt1170_freertos_qt_git/platform/platform/boards/nxp/mimxrt1170-evkb-freertos/platform_clock.c:23:6:SysTick_Handler	8	static
/home/stvsl/Qt/QtMCUs/2.8.0/include/qul/private/models.h:433:10:refreshModel	112	static
/home/stvsl/Qt/QtMCUs/2.8.0/include/qul/private/models.h:414:17:refresh	0	static
/home/stvsl/Qt/QtMCUs/2.8.0/include/qul/private/propertybinding.h:581:17:callMe	8	static
/home/stvsl/Qt/QtMCUs/2.8.0/include/qul/private/models.h:415:17:dataChanged	24	static
/home/stvsl/Qt/QtMCUs/2.8.0/include/qul/private/propertybinding.h:534:12:getPropertyValue	8	static
/home/stvsl/Qt/QtMCUs/2.8.0/include/qul/private/propertybinding.h:317:17:callFunctionWithScopeObject	24	static
/home/stvsl/Qt/QtMCUs/2.8.0/include/qul/private/propertybinding.h:317:17:callFunctionWithScopeObject	8	static
/home/stvsl/Qt/QtMCUs/2.8.0/include/qul/private/propertybinding.h:325:17:callFunctionWithScopeObject	16	static
/home/stvsl/Qt/QtMCUs/2.8.0/include/qul/private/propertybinding.h:325:17:callFunctionWithScopeObject	16	static
/home/stvsl/Qt/QtMCUs/2.8.0/include/qul/private/propertybinding.h:325:17:callFunctionWithScopeObject	16	static
/home/stvsl/Qt/QtMCUs/2.8.0/include/qul/private/propertybinding.h:325:17:callFunctionWithScopeObject	16	static
/home/stvsl/Qt/QtMCUs/2.8.0/include/qul/private/propertybinding.h:325:17:callFunctionWithScopeObject	16	static
/home/stvsl/Qt/QtMCUs/2.8.0/include/qul/private/propertybinding.h:325:17:callFunctionWithScopeObject	16	static
/home/stvsl/Qt/QtMCUs/2.8.0/include/qul/private/propertybinding.h:325:17:callFunctionWithScopeObject	16	static
/home/stvsl/Qt/QtMCUs/2.8.0/include/qul/private/propertybinding.h:325:17:callFunctionWithScopeObject	16	static
/home/stvsl/Qt/QtMCUs/2.8.0/include/qul/private/propertybinding.h:317:17:callFunctionWithScopeObject	8	static
/home/stvsl/Qt/QtMCUs/2.8.0/include/qul/private/propertybinding.h:317:17:callFunctionWithScopeObject	8	static
/home/stvsl/Qt/QtMCUs/2.8.0/include/qul/private/propertybinding.h:325:17:callFunctionWithScopeObject	16	static
/home/stvsl/Qt/QtMCUs/2.8.0/include/qul/private/propertybinding.h:325:17:callFunctionWithScopeObject	16	static
/home/stvsl/Documents/DOTRUST/PortingTest/imxrt1170_freertos_qt_git/ui_source/TopNavigation.h:59:17:timer_onTriggered_binding_slot	16	static
/home/stvsl/Qt/QtMCUs/2.8.0/include/qul/private/models.h:433:10:refreshModel	88	static
/home/stvsl/Qt/QtMCUs/2.8.0/include/qul/private/models.h:414:17:refresh	0	static
/home/stvsl/Qt/QtMCUs/2.8.0/include/qul/private/propertybinding.h:581:17:callMe	8	static
/home/stvsl/Qt/QtMCUs/2.8.0/include/qul/private/models.h:415:17:dataChanged	24	static
/home/stvsl/Qt/QtMCUs/2.8.0/include/qul/private/propertybinding.h:534:12:getPropertyValue	8	static
/home/stvsl/Qt/QtMCUs/2.8.0/include/qul/private/models.h:415:17:dataChanged	24	static
/home/stvsl/Qt/QtMCUs/2.8.0/include/qul/private/propertybinding.h:534:12:getPropertyValue	8	static
/home/stvsl/Qt/QtMCUs/2.8.0/include/qul/private/models.h:414:17:refresh	72	static
/home/stvsl/Qt/QtMCUs/2.8.0/include/qul/private/models.h:415:17:dataChanged	24	static
/home/stvsl/Qt/QtMCUs/2.8.0/include/qul/private/propertybinding.h:581:17:callMe	72	static
/home/stvsl/Qt/QtMCUs/2.8.0/include/qul/private/propertybinding.h:534:12:getPropertyValue	8	static
/home/stvsl/Qt/QtMCUs/2.8.0/include/qul/private/propertybinding.h:317:17:callFunctionWithScopeObject	8	static
/home/stvsl/Qt/QtMCUs/2.8.0/include/qul/private/propertybinding.h:317:17:callFunctionWithScopeObject	8	static
/home/stvsl/Documents/DOTRUST/PortingTest/imxrt1170_freertos_qt_git/platform/platform/boards/nxp/mimxrt1170-evkb-freertos/display/platform_display.cpp:194:17:dsiTransfer	24	static
/home/stvsl/Downloads/SDK_2_15_100_MIMXRT1170-EVK_ALL_TOOLCHAN/devices/MIMXRT1176/drivers/./fsl_clock.h:2240:24:CLOCK_GetRootClockFreq.part.0	8	static
/home/stvsl/Qt/QtMCUs/2.8.0/include/qul/private/propertybinding.h:317:17:callFunctionWithScopeObject	56	static
/home/stvsl/Qt/QtMCUs/2.8.0/include/qul/private/propertybinding.h:317:17:callFunctionWithScopeObject	72	static
/home/stvsl/Qt/QtMCUs/2.8.0/include/qul/private/propertybinding.h:317:17:callFunctionWithScopeObject	80	static
/home/stvsl/Qt/QtMCUs/2.8.0/include/qul/private/propertybinding.h:317:17:callFunctionWithScopeObject	96	static
/home/stvsl/Qt/QtMCUs/2.8.0/include/qul/private/propertybinding.h:317:17:callFunctionWithScopeObject	72	static
/home/stvsl/Qt/QtMCUs/2.8.0/include/qul/private/propertybinding.h:317:17:callFunctionWithScopeObject	56	static
/home/stvsl/Qt/QtMCUs/2.8.0/include/qul/private/propertybinding.h:317:17:callFunctionWithScopeObject	40	static
/home/stvsl/Qt/QtMCUs/2.8.0/include/qul/private/propertybinding.h:317:17:callFunctionWithScopeObject	40	static
/home/stvsl/Qt/QtMCUs/2.8.0/include/qul/private/propertybinding.h:317:17:callFunctionWithScopeObject	72	static
/home/stvsl/Qt/QtMCUs/2.8.0/include/qul/private/propertybinding.h:317:17:callFunctionWithScopeObject	104	static
/home/stvsl/Qt/QtMCUs/2.8.0/include/qul/private/propertybinding.h:317:17:callFunctionWithScopeObject	104	static
/home/stvsl/Qt/QtMCUs/2.8.0/include/qul/property.h:638:10:setValue	48	static
/home/stvsl/Qt/QtMCUs/2.8.0/include/qul/property.h:638:10:setValue	32	static
/home/stvsl/Qt/QtMCUs/2.8.0/include/qul/property.h:638:10:setValue	64	static
/home/stvsl/Qt/QtMCUs/2.8.0/include/qul/private/qmltocpp_util.h:51:19:initializeProperties	32	static
/home/stvsl/Qt/QtMCUs/2.8.0/include/qul/private/models.h:433:10:refreshModel	192	static
/home/stvsl/Qt/QtMCUs/2.8.0/include/qul/private/models.h:414:17:refresh	0	static
/home/stvsl/Qt/QtMCUs/2.8.0/include/qul/private/propertybinding.h:581:17:callMe	8	static
/home/stvsl/Qt/QtMCUs/2.8.0/include/qul/property.h:638:10:setValue	24	static
/home/stvsl/Qt/QtMCUs/2.8.0/include/qul/private/animation.h:590:17:bindingCall	56	static
/home/stvsl/Qt/QtMCUs/2.8.0/include/qul/property.h:638:10:setValue	48	static
/home/stvsl/Qt/QtMCUs/2.8.0/include/qul/property.h:638:10:setValue	48	static
/home/stvsl/Qt/QtMCUs/2.8.0/include/qul/property.h:638:10:setValue	48	static
/home/stvsl/Qt/QtMCUs/2.8.0/include/qul/property.h:638:10:setValue	48	static
/home/stvsl/Qt/QtMCUs/2.8.0/include/qul/private/models.h:433:10:refreshModel	80	static
/home/stvsl/Qt/QtMCUs/2.8.0/include/qul/private/models.h:414:17:refresh	0	static
/home/stvsl/Qt/QtMCUs/2.8.0/include/qul/private/propertybinding.h:581:17:callMe	8	static
/home/stvsl/Qt/QtMCUs/2.8.0/include/qul/private/models.h:415:17:dataChanged	32	static
/home/stvsl/Qt/QtMCUs/2.8.0/include/qul/property.h:638:10:setValue	48	static
/home/stvsl/Documents/DOTRUST/PortingTest/imxrt1170_freertos_qt_git/ui_source/Navigation.h:126:17:timer_onTriggered_binding_slot	32	static
/home/stvsl/Qt/QtMCUs/2.8.0/include/qul/private/propertybinding.h:317:17:callFunctionWithScopeObject	32	static
/home/stvsl/Qt/QtMCUs/2.8.0/include/qul/private/propertybinding.h:317:17:callFunctionWithScopeObject	32	static
/home/stvsl/Documents/DOTRUST/PortingTest/imxrt1170_freertos_qt_git/ui_source/TimeDate.h:46:17:timer_onTriggered_binding_slot	24	static
