/home/stvsl/Qt/QtMCUs/2.7.1/src/3rdparty/lodepng/lodepng.cpp:3002:12:lodepng_color_mode_equal	0	static
/home/stvsl/Qt/QtMCUs/2.7.1/src/3rdparty/lodepng/lodepng.cpp:4292:13:Adam7_getpassvalues	56	static
/home/stvsl/Qt/QtMCUs/2.7.1/src/3rdparty/lodepng/lodepng.cpp:4422:17:unfilterScanline	136	static
/home/stvsl/Qt/QtMCUs/2.7.1/src/3rdparty/lodepng/lodepng.cpp:4694:13:removePaddingBits	56	static
/home/stvsl/Qt/QtMCUs/2.7.1/src/graphics/imagedecodepng_lodepng.cpp:55:7:lodepng_malloc	24	static
/home/stvsl/Qt/QtMCUs/2.7.1/src/graphics/imagedecodepng_lodepng.cpp:88:6:_Z12lodepng_freePv.part.0	24	static
/home/stvsl/Qt/QtMCUs/2.7.1/src/graphics/imagedecodepng_lodepng.cpp:88:6:lodepng_free	24	static
/home/stvsl/Qt/QtMCUs/2.7.1/src/3rdparty/lodepng/lodepng.cpp:269:17:ucvector_reserve	40	static
/home/stvsl/Qt/QtMCUs/2.7.1/src/3rdparty/lodepng/lodepng.cpp:785:17:HuffmanTree_makeFromLengths2	48	static
/home/stvsl/Qt/QtMCUs/2.7.1/src/3rdparty/lodepng/lodepng.cpp:1381:17:lodepng_inflatev	168	static
/home/stvsl/Qt/QtMCUs/2.7.1/src/3rdparty/lodepng/lodepng.cpp:3408:13:color_tree_cleanup	80	static
/home/stvsl/Qt/QtMCUs/2.7.1/src/graphics/imagedecodepng_lodepng.cpp:201:8:pngDecode_backend	728	static
/home/stvsl/Qt/QtMCUs/2.7.1/src/core/perf.cpp:250:13:log.constprop	56	static
/home/stvsl/Qt/QtMCUs/2.7.1/src/graphics/blendtransformed.cpp:166:33:fetchTransformedBilinearInterpolated_helper.constprop	96	static
/home/stvsl/Qt/QtMCUs/2.7.1/src/3rdparty/freetype/ftgrays.c:1700:12:gray_convert_glyph_inner.constprop	144	static
/home/stvsl/Qt/QtMCUs/2.7.1/src/graphics/rasterizer.cpp:183:6:rasterizeLine.constprop	2408	static
/home/stvsl/Qt/QtMCUs/2.7.1/src/graphics/rendertree.cpp:160:10:splitNode.constprop	32	static
/home/stvsl/Qt/QtMCUs/2.7.1/src/controls/swipeviewtemplate.cpp:589:6:operator().constprop	32	static
/home/stvsl/Qt/QtMCUs/2.7.1/src/core/application.cpp:1298:6:repaint.constprop	152	static
/home/stvsl/Qt/QtMCUs/2.7.1/src/graphics/rendertree.cpp:319:13:computeOpaqueRegions.constprop	88	static
/home/stvsl/Qt/QtMCUs/2.7.1/src/core/flickable.cpp:503:6:flick.constprop	72	static
