/home/stvsl/Qt/QtMCUs/2.8.0/include/qul/private/animation.h:427:10:matches	0	static
/home/stvsl/Qt/QtMCUs/2.8.0/include/qul/private/animation.h:430:10:setProperty	0	static
/home/stvsl/Qt/QtMCUs/2.8.0/include/qul/private/animation.h:462:33:getProperty	0	static
/home/stvsl/Qt/QtMCUs/2.8.0/include/qul/private/animation.h:427:10:matches	0	static
/home/stvsl/Qt/QtMCUs/2.8.0/include/qul/private/animation.h:430:10:setProperty	0	static
/home/stvsl/Qt/QtMCUs/2.8.0/include/qul/private/animation.h:462:33:getProperty	0	static
/home/stvsl/Qt/QtMCUs/2.8.0/include/qul/private/animation.h:427:10:matches	0	static
/home/stvsl/Qt/QtMCUs/2.8.0/include/qul/private/animation.h:430:10:setProperty	0	static
/home/stvsl/Qt/QtMCUs/2.8.0/include/qul/private/animation.h:462:33:getProperty	0	static
/home/stvsl/Qt/QtMCUs/2.8.0/include/qul/private/animation.h:429:10:hasExplicitBoundaries	40	static
/home/stvsl/Qt/QtMCUs/2.8.0/include/qul/private/animation.h:479:10:hasExplicitTo	40	static
/home/stvsl/Qt/QtMCUs/2.8.0/include/qul/private/animation.h:429:10:hasExplicitBoundaries	40	static
/home/stvsl/Qt/QtMCUs/2.8.0/include/qul/private/animation.h:479:10:hasExplicitTo	40	static
/home/stvsl/Qt/QtMCUs/2.8.0/include/qul/private/animation.h:429:10:hasExplicitBoundaries	40	static
/home/stvsl/Qt/QtMCUs/2.8.0/include/qul/private/animation.h:479:10:hasExplicitTo	40	static
/home/stvsl/Qt/QtMCUs/2.8.0/include/qul/private/propertybinding.h:522:17:callWithSelf	4	static
/home/stvsl/Qt/QtMCUs/2.8.0/include/qul/private/animation.h:56:3:interpolate	0	static
/home/stvsl/Qt/QtMCUs/2.8.0/include/qul/private/slot.h:47:24:call	0	static
/home/stvsl/Qt/QtMCUs/2.8.0/include/qul/private/animation.h:362:8:__dt_base 	16	static
/home/stvsl/Qt/QtMCUs/2.8.0/include/qul/private/animation.h:362:8:__dt_del 	16	static
/home/stvsl/Qt/QtMCUs/2.8.0/include/qul/private/animation.h:486:8:__dt_base 	16	static
/home/stvsl/Qt/QtMCUs/2.8.0/include/qul/private/animation.h:486:8:__dt_del 	16	static
/home/stvsl/Qt/QtMCUs/2.8.0/include/qul/property.h:654:10:setValueAndBypassBinding	40	static
/home/stvsl/Qt/QtMCUs/2.8.0/include/qul/property.h:654:10:setValueAndBypassBinding	64	static
/home/stvsl/Qt/QtMCUs/2.8.0/include/qul/private/animation.h:471:10:setupToBinding	56	static
/home/stvsl/Qt/QtMCUs/2.8.0/include/qul/private/animation.h:471:10:setupToBinding	56	static
/home/stvsl/Qt/QtMCUs/2.8.0/include/qul/private/animation.h:471:10:setupToBinding	56	static
/home/stvsl/Documents/DOTRUST/PortingTest/imxrt1170_freertos_qt_git/armgcc/../ui_source/Speedometer.h:48:12:__dt_base 	16	static
/home/stvsl/Documents/DOTRUST/PortingTest/imxrt1170_freertos_qt_git/armgcc/../ui_source/Speedometer.h:48:12:__dt_del 	16	static
/home/stvsl/Qt/QtMCUs/2.8.0/include/qul/private/propertybinding.h:522:17:callWithSelf	0	static
/home/stvsl/Qt/QtMCUs/2.8.0/include/qul/private/propertybinding.h:333:17:handleInternalCallWithScopeObject	0	static
/home/stvsl/Qt/QtMCUs/2.8.0/include/qul/property.h:387:10:_ZN3Qul7Private12PropertyBase17removeBindingImplEv.part.0	16	static
/home/stvsl/Qt/QtMCUs/2.8.0/include/qul/private/animation.h:463:10:setupTo	72	static
/home/stvsl/Qt/QtMCUs/2.8.0/include/qul/private/animation.h:463:10:setupTo	48	static
/home/stvsl/Qt/QtMCUs/2.8.0/include/qul/property.h:694:14:value	40	static
/home/stvsl/Qt/QtMCUs/2.8.0/include/qul/private/items/transforms.h:162:10:updateTransform	32	static
/home/stvsl/Qt/QtMCUs/2.8.0/include/qul/private/items/transforms.h:147:10:updateTransform	40	static
/home/stvsl/Qt/QtMCUs/2.8.0/include/qul/private/linkedlist.h:50:10:remove	8	static
/home/stvsl/Qt/QtMCUs/2.8.0/include/qul/private/linkedlist.h:50:10:remove	8	static
/home/stvsl/Qt/QtMCUs/2.8.0/include/qul/property.h:654:10:setValueAndBypassBinding	40	static
/home/stvsl/Qt/QtMCUs/2.8.0/include/qul/property.h:670:10:setImplicitly	48	static
/home/stvsl/Qt/QtMCUs/2.8.0/include/qul/private/animation.h:463:10:setupTo	24	static
/home/stvsl/Qt/QtMCUs/2.8.0/include/qul/property.h:272:10:registerStaticDependency	16	static
/home/stvsl/Qt/QtMCUs/2.8.0/include/qul/property.h:638:10:setValue	48	static
/home/stvsl/Qt/QtMCUs/2.8.0/include/qul/property.h:638:10:setValue	48	static
/home/stvsl/Qt/QtMCUs/2.8.0/include/qul/private/qmltocpp_util.h:51:19:initializeProperties	32	static
/home/stvsl/Qt/QtMCUs/2.8.0/include/qul/private/propertybinding.h:522:17:callWithSelf	32	static
/home/stvsl/Documents/DOTRUST/PortingTest/imxrt1170_freertos_qt_git/ui_source/BatteryIndicator.h:73:17:timer_onTriggered_binding_slot	24	static
/home/stvsl/Qt/QtMCUs/2.8.0/include/qul/property.h:638:10:setValue	40	static
/home/stvsl/Qt/QtMCUs/2.8.0/include/qul/private/extradatapointer.h:77:10:setPreAllocated	16	static
/home/stvsl/Qt/QtMCUs/2.8.0/include/qul/private/propertybinding.h:179:10:registerDependencies	48	static
/home/stvsl/Qt/QtMCUs/2.8.0/include/qul/property.h:638:10:setValue	48	static
/home/stvsl/Qt/QtMCUs/2.8.0/include/qul/property.h:654:10:setValueAndBypassBinding	40	static
/home/stvsl/Qt/QtMCUs/2.8.0/include/qul/private/animation.h:564:17:appendChild	16	static
/home/stvsl/Qt/QtMCUs/2.8.0/include/qul/private/animation.h:571:10:on	16	static
/home/stvsl/Qt/QtMCUs/2.8.0/include/qul/private/qmltocpp_util.h:51:19:initializeProperties	32	static
/home/stvsl/Qt/QtMCUs/2.8.0/include/qul/private/qmltocpp_util.h:51:19:initializeProperties	32	static
/home/stvsl/Qt/QtMCUs/2.8.0/include/qul/property.h:638:10:setValue	40	static
/home/stvsl/Qt/QtMCUs/2.8.0/include/qul/property.h:638:10:setValue	24	static
/home/stvsl/Qt/QtMCUs/2.8.0/include/qul/property.h:638:10:setValue	48	static
/home/stvsl/Documents/DOTRUST/PortingTest/imxrt1170_freertos_qt_git/armgcc/../ui_source/TopNavigation.h:30:12:__dt_base 	16	static
/home/stvsl/Documents/DOTRUST/PortingTest/imxrt1170_freertos_qt_git/armgcc/../ui_source/TopNavigation.h:30:12:__dt_del 	16	static
/home/stvsl/Documents/DOTRUST/PortingTest/imxrt1170_freertos_qt_git/armgcc/../ui_source/BatteryIndicator.h:38:12:__dt_base 	16	static
/home/stvsl/Documents/DOTRUST/PortingTest/imxrt1170_freertos_qt_git/armgcc/../ui_source/BatteryIndicator.h:38:12:__dt_del 	16	static
/home/stvsl/Documents/DOTRUST/PortingTest/imxrt1170_freertos_qt_git/armgcc/../ui_source/EnergyConsumption.h:49:12:__dt_base 	16	static
/home/stvsl/Documents/DOTRUST/PortingTest/imxrt1170_freertos_qt_git/armgcc/../ui_source/EnergyConsumption.h:49:12:__dt_del 	16	static
/home/stvsl/Qt/QtMCUs/2.8.0/include/qul/private/animation.h:439:10:doStop	16	static
/home/stvsl/Qt/QtMCUs/2.8.0/include/qul/private/animation.h:439:10:doStop	16	static
/home/stvsl/Qt/QtMCUs/2.8.0/include/qul/private/animation.h:439:10:doStop	16	static
/home/stvsl/Qt/QtMCUs/2.8.0/include/qul/private/items/transforms.h:243:27:getTransformOrigin	8	static
/home/stvsl/Qt/QtMCUs/2.8.0/include/qul/private/items/transforms.h:221:10:updateTransform	56	static
/home/stvsl/Qt/QtMCUs/2.8.0/include/qul/private/animation.h:400:10:on	40	static
/home/stvsl/Qt/QtMCUs/2.8.0/include/qul/private/animation.h:412:10:applyValue	72	static
/home/stvsl/Qt/QtMCUs/2.8.0/include/qul/private/animation.h:400:10:on	40	static
/home/stvsl/Qt/QtMCUs/2.8.0/include/qul/private/animation.h:412:10:applyValue	48	static
/home/stvsl/Qt/QtMCUs/2.8.0/include/qul/private/animation.h:400:10:on	40	static
/home/stvsl/Qt/QtMCUs/2.8.0/include/qul/private/animation.h:412:10:applyValue	48	static
/home/stvsl/Qt/QtMCUs/2.8.0/include/qul/private/propertybinding.h:522:17:callWithSelf	16	static
/home/stvsl/Qt/QtMCUs/2.8.0/include/qul/private/animation.h:590:17:bindingCall	80	static
/home/stvsl/Qt/QtMCUs/2.8.0/include/qul/private/animation.h:590:17:bindingCall	56	static
/home/stvsl/Documents/DOTRUST/PortingTest/imxrt1170_freertos_qt_git/armgcc/../ui_source/MCUCluser.h:28:8:__dt_del 	48	static
/home/stvsl/Documents/DOTRUST/PortingTest/imxrt1170_freertos_qt_git/armgcc/../ui_source/Navigation.h:80:12:__dt_base 	24	static
/home/stvsl/Documents/DOTRUST/PortingTest/imxrt1170_freertos_qt_git/armgcc/../ui_source/Navigation.h:80:12:__dt_del 	24	static
/home/stvsl/Qt/QtMCUs/2.8.0/include/qul/property.h:638:10:setValue	88	static
