/home/stvsl/Qt/QtMCUs/2.7.0/include/qul/private/repaintstrategy.h:86:10:reset	8	static
/home/stvsl/Qt/QtMCUs/2.7.0/include/qul/private/staticInitializerCheck.h:37:22:getMagicValue	0	static
/home/stvsl/Qt/QtMCUs/2.7.0/include/qul/private/staticInitializerCheck.h:44:22:getMagicValue	0	static
/home/stvsl/Qt/QtMCUs/2.7.0/src/core/application.cpp:461:6:activatePendingAnimations	0	static
/home/stvsl/Qt/QtMCUs/2.7.0/src/core/application.cpp:1402:6:isAnimating	4	static
/home/stvsl/Qt/QtMCUs/2.7.0/include/qul/signal.h:105:10:operator()	8	static
/home/stvsl/Qt/QtMCUs/2.7.0/src/core/eventqueue.cpp:31:6:processEventQueues	8	static
/home/stvsl/.mcuxpressotools/arm-gnu-toolchain-12.3.rel1-x86_64-arm-none-eabi/arm-none-eabi/include/c++/12.3.1/bits/std_function.h:241:5:__dt_base 	8	static
/home/stvsl/Qt/QtMCUs/2.7.0/include/qul/private/flagpointer.h:421:6:operator==	0	static
/home/stvsl/.mcuxpressotools/arm-gnu-toolchain-12.3.rel1-x86_64-arm-none-eabi/arm-none-eabi/include/c++/12.3.1/bits/stl_vector.h:908:7:rbegin	0	static
/home/stvsl/.mcuxpressotools/arm-gnu-toolchain-12.3.rel1-x86_64-arm-none-eabi/arm-none-eabi/include/c++/12.3.1/bits/alloc_traits.h:832:5:_Destroy	0	static
/home/stvsl/.mcuxpressotools/arm-gnu-toolchain-12.3.rel1-x86_64-arm-none-eabi/arm-none-eabi/include/c++/12.3.1/bits/stl_vector.h:1228:7:back	0	static
/home/stvsl/.mcuxpressotools/arm-gnu-toolchain-12.3.rel1-x86_64-arm-none-eabi/arm-none-eabi/include/c++/12.3.1/bits/stl_algobase.h:2059:5:__find_if	8	static
/home/stvsl/.mcuxpressotools/arm-gnu-toolchain-12.3.rel1-x86_64-arm-none-eabi/arm-none-eabi/include/c++/12.3.1/bits/stl_algo.h:3843:5:find	8	static
/home/stvsl/.mcuxpressotools/arm-gnu-toolchain-12.3.rel1-x86_64-arm-none-eabi/arm-none-eabi/include/c++/12.3.1/bits/stl_tree.h:1948:5:_M_lower_bound	4	static
/home/stvsl/.mcuxpressotools/arm-gnu-toolchain-12.3.rel1-x86_64-arm-none-eabi/arm-none-eabi/include/c++/12.3.1/bits/stl_map.h:1306:7:lower_bound	8	static
/home/stvsl/.mcuxpressotools/arm-gnu-toolchain-12.3.rel1-x86_64-arm-none-eabi/arm-none-eabi/include/c++/12.3.1/bits/stl_tree.h:1980:5:_M_upper_bound	4	static
/home/stvsl/.mcuxpressotools/arm-gnu-toolchain-12.3.rel1-x86_64-arm-none-eabi/arm-none-eabi/include/c++/12.3.1/bits/stl_tree.h:2014:5:equal_range	32	static
/home/stvsl/.mcuxpressotools/arm-gnu-toolchain-12.3.rel1-x86_64-arm-none-eabi/arm-none-eabi/include/c++/12.3.1/bits/stl_uninitialized.h:344:5:__uninitialized_copy_a	0	static
/home/stvsl/.mcuxpressotools/arm-gnu-toolchain-12.3.rel1-x86_64-arm-none-eabi/arm-none-eabi/include/c++/12.3.1/bits/stl_uninitialized.h:391:5:__uninitialized_move_if_noexcept_a	8	static
/home/stvsl/Qt/QtMCUs/2.7.0/include/platforminterface/rect.h:824:14:translated	48	static
/home/stvsl/Qt/QtMCUs/2.7.0/include/qul/private/texture.h:125:29:actualRect	16	static
/home/stvsl/Qt/QtMCUs/2.7.0/src/core/items.cpp:594:1:__static_initialization_and_destruction_0	0	static
/home/stvsl/Qt/QtMCUs/2.7.0/src/core/property.cpp:38:40:getDirtyChangeEventList	0	static
/home/stvsl/Qt/QtMCUs/2.7.0/src/core/property.cpp:54:6:eventCall	8	static
/home/stvsl/Qt/QtMCUs/2.7.0/src/core/property.cpp:375:72:__static_initialization_and_destruction_0	0	static
/home/stvsl/Qt/QtMCUs/2.7.0/src/core/timer.cpp:72:6:updateTimers	16	static
/home/stvsl/Qt/QtMCUs/2.7.0/src/core/timer.cpp:90:9:firstUpcomingTimeout	0	static
/home/stvsl/Qt/QtMCUs/2.7.0/src/core/unicodestring.cpp:152:5:ucs4Utf8Bytes	0	static
/home/stvsl/Qt/QtMCUs/2.7.0/src/core/unicodestring.cpp:169:5:ucs4ToUtf8	0	static
/home/stvsl/Qt/QtMCUs/2.7.0/src/core/unicodestring.cpp:956:6:isDigit	0	static
/home/stvsl/Qt/QtMCUs/2.7.0/src/core/unicodestring.cpp:37:46:unsignedAbs	12	static
/home/stvsl/Qt/QtMCUs/2.7.0/include/qul/private/intmath.h:113:63:uintPowOf10Impl	0	static
/home/stvsl/Qt/QtMCUs/2.7.0/include/qul/private/intmath.h:120:63:uintPowOf10Impl	8	static
/home/stvsl/Qt/QtMCUs/2.7.0/include/qul/private/intmath.h:129:3:uintPowOf10	8	static
/home/stvsl/Qt/QtMCUs/2.7.0/src/core/unicodestring.cpp:83:14:intNumberCharAt	24	static
/home/stvsl/Qt/QtMCUs/2.7.0/src/core/unicodestring.cpp:94:14:fixedNumberCharAt	8	static
/home/stvsl/.mcuxpressotools/arm-gnu-toolchain-12.3.rel1-x86_64-arm-none-eabi/arm-none-eabi/include/c++/12.3.1/bits/basic_string.h:426:7:_S_copy	8	static
/home/stvsl/Qt/QtMCUs/2.7.0/include/platforminterface/genericmatrix.h:270:25:operator*=	32	static
/home/stvsl/Qt/QtMCUs/2.7.0/src/core/imagedecoder_p.cpp:76:14:totalAvailableDataSize	0	static
/home/stvsl/Qt/QtMCUs/2.7.0/src/core/imagedecoder_p.cpp:77:26:rawData	0	static
/home/stvsl/Qt/QtMCUs/2.7.0/src/core/imagedecoder_p.cpp:108:14:totalAvailableDataSize	8	static
/home/stvsl/Qt/QtMCUs/2.7.0/src/core/imagedecoder_p.cpp:109:26:rawData	0	static
/home/stvsl/Qt/QtMCUs/2.7.0/src/core/imagedecoder_p.cpp:115:6:isTextureDecodable	0	static
/home/stvsl/Qt/QtMCUs/2.7.0/include/qul/private/global.h:215:31:qRound	0	static
/home/stvsl/Qt/QtMCUs/2.7.0/include/platforminterface/rect.h:505:13:operator!=	0	static
/home/stvsl/Qt/QtMCUs/2.7.0/include/platforminterface/transform.h:198:23:operator*=	16	static
/home/stvsl/Qt/QtMCUs/2.7.0/include/platforminterface/genericmatrix.h:270:25:operator*=	32	static
/home/stvsl/Qt/QtMCUs/2.7.0/src/core/rendercontext.cpp:35:6:dirty	0	static
/home/stvsl/Qt/QtMCUs/2.7.0/src/core/rendercontext.cpp:40:6:fullRepaint	0	static
/home/stvsl/Qt/QtMCUs/2.7.0/src/core/rendercontext.cpp:45:6:hasRemovedRect	0	static
/home/stvsl/Qt/QtMCUs/2.7.0/src/core/rendercontext.cpp:50:6:setFullRepaint	0	static
/home/stvsl/Qt/QtMCUs/2.7.0/src/core/rendercontext.cpp:55:13:removedRect	0	static
/home/stvsl/Qt/QtMCUs/2.7.0/src/core/rendercontext.cpp:60:6:clearRemovedRect	8	static
/home/stvsl/Qt/QtMCUs/2.7.0/src/core/rendercontext.cpp:65:38:dirtyNodes	0	static
/home/stvsl/Qt/QtMCUs/2.7.0/src/core/rendercontext.cpp:70:6:clearDirtyNodes	0	static
/home/stvsl/Qt/QtMCUs/2.7.0/src/core/rendercontext.cpp:75:18:root	0	static
/home/stvsl/Qt/QtMCUs/2.7.0/src/core/rendercontext.cpp:90:16:contextForItem	0	static
/home/stvsl/Qt/QtMCUs/2.7.0/src/core/repaintstrategy.cpp:98:7:rectAt	0	static
/home/stvsl/Qt/QtMCUs/2.7.0/include/qul/private/region.h:235:11:sortNodes	32	static
/home/stvsl/Qt/QtMCUs/2.7.0/src/core/staticscreenrotationhelpers.cpp:30:6:isScreenSizeAdjustmentRequiredByStaticScreenRotation	0	static
/home/stvsl/Qt/QtMCUs/2.7.0/src/core/staticscreenrotationhelpers.cpp:196:6:isDisplayRotationAngleValid	0	static
/home/stvsl/Qt/QtMCUs/2.7.0/include/qul/private/texture.h:62:13:hasAlpha	0	static
/home/stvsl/Qt/QtMCUs/2.7.0/src/graphics/graphicsdevice.cpp:58:5:bitsPerPixel	0	static
/home/stvsl/Qt/QtMCUs/2.7.0/src/graphics/graphicsdevice.cpp:231:34:getPixel	4	static
/home/stvsl/Qt/QtMCUs/2.7.0/include/qul/private/repaintstrategy.h:75:10:finalize	32	static
/home/stvsl/Qt/QtMCUs/2.7.0/src/core/repaintstrategy.cpp:111:6:appendDirtyRect	64	static
/home/stvsl/Qt/QtMCUs/2.7.0/include/qul/private/application.h:136:14:operator()	16	static
/home/stvsl/Qt/QtMCUs/2.7.0/src/core/application.cpp:1548:7:currentTimeStamp	8	static
/home/stvsl/Qt/QtMCUs/2.7.0/src/core/application.cpp:378:9:calculateNextTimeout	40	static
/home/stvsl/Qt/QtMCUs/2.7.0/src/core/repaintstrategy.cpp:63:6:addDirtyRectsForNode	40	static
/home/stvsl/Qt/QtMCUs/2.7.0/include/qul/private/repaintstrategy.h:143:10:addDirtyRect	32	static
/home/stvsl/Qt/QtMCUs/2.7.0/src/core/application.cpp:1529:6:animationTick	8	static
/home/stvsl/Qt/QtMCUs/2.7.0/include/qul/private/attachedtype.h:54:16:qulAttachedPropertiesHead	8	static
/home/stvsl/Qt/QtMCUs/2.7.0/include/platforminterface/allocator.h:159:13:qul_delete	8	static
/home/stvsl/.mcuxpressotools/arm-gnu-toolchain-12.3.rel1-x86_64-arm-none-eabi/arm-none-eabi/include/c++/12.3.1/bits/stl_tree.h:1931:5:_M_erase	16	static
/home/stvsl/Qt/QtMCUs/2.7.0/src/core/image.cpp:158:8:__dt_base 	8	static
/home/stvsl/Qt/QtMCUs/2.7.0/include/platforminterface/allocator.h:159:13:qul_delete	8	static
/home/stvsl/.mcuxpressotools/arm-gnu-toolchain-12.3.rel1-x86_64-arm-none-eabi/arm-none-eabi/include/c++/12.3.1/bits/stl_tree.h:1254:7:clear	8	static
/home/stvsl/.mcuxpressotools/arm-gnu-toolchain-12.3.rel1-x86_64-arm-none-eabi/arm-none-eabi/include/c++/12.3.1/bits/stl_vector.h:728:7:__dt_base 	8	static
/home/stvsl/Qt/QtMCUs/2.7.0/include/platforminterface/allocator.h:159:13:qul_delete	8	static
/home/stvsl/Qt/QtMCUs/2.7.0/include/platforminterface/allocator.h:159:13:qul_delete	8	static
/home/stvsl/Qt/QtMCUs/2.7.0/include/platforminterface/allocator.h:159:13:qul_delete	8	static
/home/stvsl/Qt/QtMCUs/2.7.0/src/core/imagedecoder_p.cpp:121:13:cleanupFileAndDataProvider	16	static
/home/stvsl/Qt/QtMCUs/2.7.0/include/platforminterface/allocator.h:103:11:qul_new	8	static
/home/stvsl/Qt/QtMCUs/2.7.0/include/platforminterface/allocator.h:103:11:qul_new	8	static
/home/stvsl/Qt/QtMCUs/2.7.0/include/platforminterface/allocator.h:103:11:qul_new	8	static
/home/stvsl/Qt/QtMCUs/2.7.0/include/platforminterface/allocator.h:103:11:qul_new	8	static
/home/stvsl/.mcuxpressotools/arm-gnu-toolchain-12.3.rel1-x86_64-arm-none-eabi/arm-none-eabi/include/c++/12.3.1/bits/std_function.h:587:7:operator()	16	static
/home/stvsl/Qt/QtMCUs/2.7.0/src/core/image.cpp:191:17:runDeleter	8	static
/home/stvsl/.mcuxpressotools/arm-gnu-toolchain-12.3.rel1-x86_64-arm-none-eabi/arm-none-eabi/include/c++/12.3.1/bits/stl_tree.h:2109:5:_M_get_insert_unique_pos	24	static
/home/stvsl/.mcuxpressotools/arm-gnu-toolchain-12.3.rel1-x86_64-arm-none-eabi/arm-none-eabi/include/c++/12.3.1/bits/stl_tree.h:2211:5:_M_get_insert_hint_unique_pos	24	static
/home/stvsl/.mcuxpressotools/arm-gnu-toolchain-12.3.rel1-x86_64-arm-none-eabi/arm-none-eabi/include/c++/12.3.1/bits/stl_vector.h:1891:7:_M_check_len	24	static
/home/stvsl/.mcuxpressotools/arm-gnu-toolchain-12.3.rel1-x86_64-arm-none-eabi/arm-none-eabi/include/c++/12.3.1/bits/stl_tree.h:2378:5:_M_insert_node	16	static
/home/stvsl/.mcuxpressotools/arm-gnu-toolchain-12.3.rel1-x86_64-arm-none-eabi/arm-none-eabi/include/c++/12.3.1/bits/stl_tree.h:1656:2:_M_insert	16	static
/home/stvsl/.mcuxpressotools/arm-gnu-toolchain-12.3.rel1-x86_64-arm-none-eabi/arm-none-eabi/include/c++/12.3.1/bits/stl_tree.h:373:7:operator++	16	static
/home/stvsl/.mcuxpressotools/arm-gnu-toolchain-12.3.rel1-x86_64-arm-none-eabi/arm-none-eabi/include/c++/12.3.1/bits/stl_tree.h:2490:5:_M_erase_aux	8	static
/home/stvsl/.mcuxpressotools/arm-gnu-toolchain-12.3.rel1-x86_64-arm-none-eabi/arm-none-eabi/include/c++/12.3.1/bits/stl_tree.h:2504:5:_M_erase_aux	24	static
/home/stvsl/.mcuxpressotools/arm-gnu-toolchain-12.3.rel1-x86_64-arm-none-eabi/arm-none-eabi/include/c++/12.3.1/bits/stl_tree.h:2517:5:erase	24	static
/home/stvsl/Qt/QtMCUs/2.7.0/include/qul/private/global.h:425:13:testEqual	32	static
/home/stvsl/Qt/QtMCUs/2.7.0/include/platforminterface/genericmatrix.h:249:6:setToIdentity	8	static
/home/stvsl/Qt/QtMCUs/2.7.0/include/platforminterface/genericmatrix.h:249:6:setToIdentity	8	static
/home/stvsl/Qt/QtMCUs/2.7.0/include/platforminterface/genericmatrix.h:238:1:__ct_base 	16	static
/home/stvsl/Qt/QtMCUs/2.7.0/src/core/matrix4x4.cpp:31:1:__ct_base 	16	static
/home/stvsl/Qt/QtMCUs/2.7.0/src/core/transforms.cpp:205:39:operator*=	144	static
/home/stvsl/Qt/QtMCUs/2.7.0/include/qul/property.h:347:21:firstDependency	8	static
/home/stvsl/Qt/QtMCUs/2.7.0/src/core/property.cpp:49:6:dirty	8	static
/home/stvsl/Qt/QtMCUs/2.7.0/src/core/unicodestring.cpp:115:14:formattedNumberCharAt	24	static
/home/stvsl/.mcuxpressotools/arm-gnu-toolchain-12.3.rel1-x86_64-arm-none-eabi/arm-none-eabi/include/c++/12.3.1/bits/basic_string.h:291:7:_M_dispose	8	static
/home/stvsl/Qt/QtMCUs/2.7.0/src/graphics/graphicsdevice.cpp:85:14:bits	8	static
/home/stvsl/Qt/QtMCUs/2.7.0/include/qul/private/texture.h:112:32:platformTexture	32	static
/home/stvsl/Qt/QtMCUs/2.7.0/include/platforminterface/rect.h:323:13:translated	24	static
/home/stvsl/Qt/QtMCUs/2.7.0/include/qul/property.h:360:18:binding	8	static
/home/stvsl/Qt/QtMCUs/2.7.0/include/qul/property.h:304:10:isDirty	8	static
/home/stvsl/Qt/QtMCUs/2.7.0/src/core/application.cpp:472:6:requestEventProcessing	8	static
/home/stvsl/Qt/QtMCUs/2.7.0/src/core/application.cpp:1591:1:_GLOBAL__sub_I__ZN16InitializerCheck6memberE	8	static
/home/stvsl/Qt/QtMCUs/2.7.0/src/core/application.cpp:1591:1:_GLOBAL__sub_D__ZN16InitializerCheck6memberE	8	static
/home/stvsl/Qt/QtMCUs/2.7.0/src/core/builtins.cpp:80:1:_GLOBAL__sub_I__ZN3Qul7Private8Builtins4Math6randomEv	8	static
/home/stvsl/Qt/QtMCUs/2.7.0/src/core/builtins.cpp:80:1:_GLOBAL__sub_D__ZN3Qul7Private8Builtins4Math6randomEv	8	static
/home/stvsl/Qt/QtMCUs/2.7.0/include/platforminterface/allocator.h:34:14:stdalign	4	static
/home/stvsl/Qt/QtMCUs/2.7.0/src/core/image.cpp:240:1:__ct_base 	0	static
/home/stvsl/Qt/QtMCUs/2.7.0/src/core/image.cpp:313:1:__conv_op 	0	static
/home/stvsl/Qt/QtMCUs/2.7.0/src/core/image.cpp:427:10:refCount	0	static
/home/stvsl/Qt/QtMCUs/2.7.0/src/core/image.cpp:804:6:operator==	16	static
/home/stvsl/Qt/QtMCUs/2.7.0/src/core/image.cpp:950:6:valueEquality	16	static
/home/stvsl/Qt/QtMCUs/2.7.0/src/core/image.cpp:959:1:_GLOBAL__sub_I__ZN3Qul5Image17requiredAlignmentE	8	static
/home/stvsl/Qt/QtMCUs/2.7.0/src/core/imageprovider.cpp:130:1:_GLOBAL__sub_I__ZN3Qul7Private23dispatchToImageProviderEPKcjS2_j	8	static
/home/stvsl/Qt/QtMCUs/2.7.0/src/core/imageprovider.cpp:130:1:_GLOBAL__sub_D__ZN3Qul7Private23dispatchToImageProviderEPKcjS2_j	8	static
/home/stvsl/Qt/QtMCUs/2.7.0/include/qul/private/global.h:219:31:qRound	0	static
/home/stvsl/Qt/QtMCUs/2.7.0/include/qul/private/global.h:414:13:testEqual	24	static
/home/stvsl/Qt/QtMCUs/2.7.0/include/platforminterface/point.h:408:14:toPoint	24	static
/home/stvsl/Qt/QtMCUs/2.7.0/include/platforminterface/rect.h:644:8:__ct_base 	0	static
/home/stvsl/Qt/QtMCUs/2.7.0/include/platforminterface/transform.h:75:16:translate	24	static
/home/stvsl/Qt/QtMCUs/2.7.0/include/platforminterface/transform.h:324:37:map	40	static
/home/stvsl/Qt/QtMCUs/2.7.0/include/platforminterface/genericmatrix.h:238:1:__ct_base 	16	static
/home/stvsl/Qt/QtMCUs/2.7.0/include/platforminterface/transform.h:178:22:fromTranslation	24	static
/home/stvsl/Qt/QtMCUs/2.7.0/include/platforminterface/transform.h:188:22:fromScale	24	static
/home/stvsl/Qt/QtMCUs/2.7.0/include/platforminterface/transform.h:242:22:operator*	80	static
/home/stvsl/Qt/QtMCUs/2.7.0/src/core/matrix4x4.cpp:52:30:toTransform	48	static
/home/stvsl/Qt/QtMCUs/2.7.0/src/core/transforms.cpp:224:1:__conv_op 	8	static
/home/stvsl/Qt/QtMCUs/2.7.0/src/core/items.cpp:594:1:_GLOBAL__sub_I__ZN3Qul7Private5Items18containsLoaderItemEPNS1_8ItemBaseE	8	static
/home/stvsl/Qt/QtMCUs/2.7.0/src/core/memutil.cpp:39:19:memutil_aligned_alloc	40	static
/home/stvsl/Qt/QtMCUs/2.7.0/src/core/memutil.cpp:66:6:memutil_aligned_free	8	static
/home/stvsl/Qt/QtMCUs/2.7.0/src/core/property.cpp:375:72:_GLOBAL__sub_I__ZN3Qul7Private11BindingBase16recursionCounterE	8	static
/home/stvsl/Qt/QtMCUs/2.7.0/src/core/unicodestring.cpp:215:6:isValid	0	static
/home/stvsl/Qt/QtMCUs/2.7.0/src/core/unicodestring.cpp:950:1:__dt_base 	8	static
/home/stvsl/Qt/QtMCUs/2.7.0/include/platforminterface/allocator.h:159:13:qul_delete	8	static
/home/stvsl/Qt/QtMCUs/2.7.0/include/qul/private/unicodestring.h:601:10:unreference	8	static
/home/stvsl/Qt/QtMCUs/2.7.0/src/core/unicodestring.cpp:992:6:hasNext	0	static
/home/stvsl/Qt/QtMCUs/2.7.0/src/core/unicodestring.cpp:1008:5:pos	0	static
/home/stvsl/Qt/QtMCUs/2.7.0/src/core/unicodestring.cpp:1013:15:text	0	static
/home/stvsl/.mcuxpressotools/arm-gnu-toolchain-12.3.rel1-x86_64-arm-none-eabi/arm-none-eabi/include/c++/12.3.1/bits/basic_string.tcc:217:7:_M_construct	24	static
/home/stvsl/Qt/QtMCUs/2.7.0/src/core/staticscreenrotationhelpers.cpp:201:6:isDisplayRotationApplicable	8	static
/home/stvsl/Qt/QtMCUs/2.7.0/src/core/staticscreenrotationhelpers.cpp:61:25:mapRectToPhysicalScreen	48	static
/home/stvsl/Qt/QtMCUs/2.7.0/src/core/staticscreenrotationhelpers.cpp:90:25:mapRectToVirtualScreen	48	static
/home/stvsl/Qt/QtMCUs/2.7.0/src/core/staticscreenrotationhelpers.cpp:120:7:mapItemCoordinatesToPhysicalScreen	24	static
/home/stvsl/Qt/QtMCUs/2.7.0/src/core/staticscreenrotationhelpers.cpp:141:7:mapItemCoordinatesToVirtualScreen	24	static
/home/stvsl/Qt/QtMCUs/2.7.0/src/core/staticscreenrotationhelpers.cpp:162:7:mapLayerCoordinatesToPhysicalScreen	24	static
/home/stvsl/Qt/QtMCUs/2.7.0/src/core/staticscreenrotationhelpers.cpp:185:25:rotatedSize	24	static
/home/stvsl/Qt/QtMCUs/2.7.0/include/platforminterface/rect.h:297:13:size	8	static
/home/stvsl/Qt/QtMCUs/2.7.0/include/platforminterface/rect.h:829:14:translated	48	static
/home/stvsl/Qt/QtMCUs/2.7.0/include/platforminterface/transform.h:66:15:preTranslated	64	static
/home/stvsl/Qt/QtMCUs/2.7.0/include/qul/private/alphamap.h:85:30:contentOffset	16	static
/home/stvsl/Qt/QtMCUs/2.7.0/include/qul/private/alphamap.h:96:29:contentRect	32	static
/home/stvsl/Qt/QtMCUs/2.7.0/include/qul/private/texture.h:68:34:withAlpha	16	static
/home/stvsl/Qt/QtMCUs/2.7.0/include/qul/private/text/paragraph.h:46:5:__ct_base 	24	static
/home/stvsl/Qt/QtMCUs/2.7.0/src/graphics/graphicsdevice.cpp:136:25:clip	16	static
/home/stvsl/Qt/QtMCUs/2.7.0/src/graphics/graphicsdevice.cpp:141:6:blit	32	static
/home/stvsl/Qt/QtMCUs/2.7.0/src/graphics/graphicsdevice.cpp:151:6:blend	64	static
/home/stvsl/Qt/QtMCUs/2.7.0/include/qul/property.h:123:10:setPrevCheck	24	static
/home/stvsl/Qt/QtMCUs/2.7.0/include/qul/property.h:145:6:setPrevCheck	8	static
/home/stvsl/Qt/QtMCUs/2.7.0/include/qul/property.h:151:6:insertInto	24	static
/home/stvsl/Qt/QtMCUs/2.7.0/include/qul/property.h:270:10:registerDependency	8	static
/home/stvsl/Qt/QtMCUs/2.7.0/include/qul/property.h:247:10:call	32	static
/home/stvsl/Qt/QtMCUs/2.7.0/include/qul/property.h:295:10:wasExplicitlySet	24	static
/home/stvsl/Qt/QtMCUs/2.7.0/include/qul/private/graphicsdevice.h:128:10:setClipRect	24	static
/home/stvsl/Qt/QtMCUs/2.7.0/include/qul/private/items/itemiterator.h:49:15:operator*	16	static
/home/stvsl/Qt/QtMCUs/2.7.0/include/qul/private/dirtylist.h:112:17:process	32	static
/home/stvsl/Qt/QtMCUs/2.7.0/include/qul/private/array.h:135:14:at	24	static
/home/stvsl/Qt/QtMCUs/2.7.0/src/core/application.cpp:935:6:addDirtyRects	24	static
/home/stvsl/Qt/QtMCUs/2.7.0/include/qul/private/linkedlist.h:88:5:__dt_base 	16	static
/home/stvsl/Qt/QtMCUs/2.7.0/include/qul/private/linkedlist.h:88:5:__dt_base 	16	static
/home/stvsl/Qt/QtMCUs/2.7.0/src/core/application.cpp:1591:1:__static_initialization_and_destruction_0	8	static
/home/stvsl/Qt/QtMCUs/2.7.0/include/qul/private/linkedlist.h:50:10:remove	16	static
/home/stvsl/Qt/QtMCUs/2.7.0/src/core/component.cpp:40:6:emitCompleted	16	static
/home/stvsl/Qt/QtMCUs/2.7.0/include/qul/private/linkedlist.h:88:5:__dt_base 	16	static
/home/stvsl/Qt/QtMCUs/2.7.0/include/qul/private/attachedtype.h:57:26:__tcf_0	8	static
/home/stvsl/Qt/QtMCUs/2.7.0/src/core/image.cpp:198:9:pixelFormatToBitsPerPixel	16	static
/home/stvsl/Qt/QtMCUs/2.7.0/src/core/image.cpp:228:5:suitableBytesPerLine	8	static
/home/stvsl/Qt/QtMCUs/2.7.0/src/core/image.cpp:370:6:deref	24	static
/home/stvsl/Qt/QtMCUs/2.7.0/src/core/image.cpp:286:1:__dt_base 	8	static
/home/stvsl/Qt/QtMCUs/2.7.0/src/core/image.cpp:395:6:incref	16	static
/home/stvsl/Qt/QtMCUs/2.7.0/src/core/image.cpp:292:1:__ct_base 	8	static
/home/stvsl/Qt/QtMCUs/2.7.0/src/core/image.cpp:545:1:__conv_op 	8	static
/home/stvsl/Qt/QtMCUs/2.7.0/src/core/image.cpp:300:14:operator=	16	static
/home/stvsl/Qt/QtMCUs/2.7.0/src/core/image.cpp:409:6:setCleanupFunction	24	static
/home/stvsl/Qt/QtMCUs/2.7.0/src/core/image.cpp:276:1:__ct_base 	8	static
/home/stvsl/Qt/QtMCUs/2.7.0/src/core/image.cpp:419:6:setDerefHook	24	static
/home/stvsl/Qt/QtMCUs/2.7.0/include/qul/private/flagpointer.h:377:19:operator=	24	static
/home/stvsl/Qt/QtMCUs/2.7.0/src/core/image.cpp:245:1:__ct_base 	8	static
/home/stvsl/Qt/QtMCUs/2.7.0/src/core/image.cpp:873:13:fromFrames	8	static
/home/stvsl/Qt/QtMCUs/2.7.0/include/qul/private/flagpointer.h:402:5:asT2	16	static
/home/stvsl/Qt/QtMCUs/2.7.0/src/core/image.cpp:404:6:isReady	8	static
/home/stvsl/Qt/QtMCUs/2.7.0/src/core/image.cpp:603:10:bits	8	static
/home/stvsl/Qt/QtMCUs/2.7.0/include/qul/private/flagpointer.h:415:5:maybeT2	8	static
/home/stvsl/Qt/QtMCUs/2.7.0/src/core/image.cpp:626:6:beginWrite	24	static
/home/stvsl/Qt/QtMCUs/2.7.0/include/qul/private/flagpointer.h:395:4:asT1	16	static
/home/stvsl/Qt/QtMCUs/2.7.0/src/core/image.cpp:436:30:rasterBuffer	8	static
/home/stvsl/Qt/QtMCUs/2.7.0/src/core/image.cpp:551:5:width	8	static
/home/stvsl/Qt/QtMCUs/2.7.0/src/core/image.cpp:559:5:height	8	static
/home/stvsl/Qt/QtMCUs/2.7.0/src/core/image.cpp:567:13:pixelFormat	8	static
/home/stvsl/Qt/QtMCUs/2.7.0/src/core/image.cpp:575:5:bytesPerLine	8	static
/home/stvsl/Qt/QtMCUs/2.7.0/src/core/image.cpp:809:30:rasterBuffer	8	static
/home/stvsl/Qt/QtMCUs/2.7.0/src/core/image.cpp:814:30:readyRasterBuffer	8	static
/home/stvsl/Qt/QtMCUs/2.7.0/include/qul/private/flagpointer.h:409:4:maybeT1	8	static
/home/stvsl/Qt/QtMCUs/2.7.0/src/core/image.cpp:824:13:freeCombinedRasterBufferAllocation	24	static
/home/stvsl/Qt/QtMCUs/2.7.0/include/qul/private/flagpointer.h:377:19:operator=	24	static
/home/stvsl/Qt/QtMCUs/2.7.0/include/qul/private/flagpointer.h:386:19:operator=	24	static
/home/stvsl/Qt/QtMCUs/2.7.0/include/qul/private/flagpointer.h:402:5:asT2	16	static
/home/stvsl/Qt/QtMCUs/2.7.0/include/qul/private/flagpointer.h:415:5:maybeT2	8	static
/home/stvsl/Qt/QtMCUs/2.7.0/src/core/image.cpp:254:13:deleteImageData	16	static
/home/stvsl/Qt/QtMCUs/2.7.0/include/qul/private/flagpointer.h:395:4:asT1	16	static
/home/stvsl/Qt/QtMCUs/2.7.0/include/qul/private/flagpointer.h:409:4:maybeT1	8	static
/home/stvsl/Qt/QtMCUs/2.7.0/include/qul/private/flagpointer.h:192:1:__ct_base 	16	static
/home/stvsl/Qt/QtMCUs/2.7.0/include/qul/private/flagpointer.h:333:1:__ct_base 	24	static
/home/stvsl/Qt/QtMCUs/2.7.0/src/core/image.cpp:819:13:fromRasterBuffer	16	static
/home/stvsl/Qt/QtMCUs/2.7.0/include/platforminterface/allocator.h:67:8:allocate	24	static
/home/stvsl/.mcuxpressotools/arm-gnu-toolchain-12.3.rel1-x86_64-arm-none-eabi/arm-none-eabi/include/c++/12.3.1/bits/vector.tcc:439:7:_M_realloc_insert	40	static
/home/stvsl/.mcuxpressotools/arm-gnu-toolchain-12.3.rel1-x86_64-arm-none-eabi/arm-none-eabi/include/c++/12.3.1/bits/stl_vector.h:1276:7:push_back	8	static
/home/stvsl/.mcuxpressotools/arm-gnu-toolchain-12.3.rel1-x86_64-arm-none-eabi/arm-none-eabi/include/c++/12.3.1/bits/vector.tcc:439:7:_M_realloc_insert	40	static
/home/stvsl/.mcuxpressotools/arm-gnu-toolchain-12.3.rel1-x86_64-arm-none-eabi/arm-none-eabi/include/c++/12.3.1/bits/vector.tcc:111:7:emplace_back	8	static
/home/stvsl/Qt/QtMCUs/2.7.0/include/platforminterface/allocator.h:67:8:allocate	24	static
/home/stvsl/.mcuxpressotools/arm-gnu-toolchain-12.3.rel1-x86_64-arm-none-eabi/arm-none-eabi/include/c++/12.3.1/bits/stl_tree.h:611:2:_M_create_node	16	static
/home/stvsl/.mcuxpressotools/arm-gnu-toolchain-12.3.rel1-x86_64-arm-none-eabi/arm-none-eabi/include/c++/12.3.1/bits/stl_tree.h:2459:7:_M_emplace_hint_unique	32	static
/home/stvsl/.mcuxpressotools/arm-gnu-toolchain-12.3.rel1-x86_64-arm-none-eabi/arm-none-eabi/include/c++/12.3.1/bits/stl_map.h:522:7:operator[]	32	static
/home/stvsl/Qt/QtMCUs/2.7.0/src/core/image.cpp:896:6:deleteProperties	24	static
/home/stvsl/Qt/QtMCUs/2.7.0/src/core/image.cpp:906:6:valueWasSetHook	72	static
/home/stvsl/Qt/QtMCUs/2.7.0/src/core/image.cpp:929:6:valueWasUnsetHook	48	static
/home/stvsl/Qt/QtMCUs/2.7.0/include/qul/private/linkedlist.h:88:5:__dt_base 	16	static
/home/stvsl/Qt/QtMCUs/2.7.0/src/core/imageprovider.cpp:130:1:__static_initialization_and_destruction_0	8	static
/home/stvsl/Qt/QtMCUs/2.7.0/include/qul/property.h:108:10:remove	16	static
/home/stvsl/Qt/QtMCUs/2.7.0/src/core/property.cpp:191:6:cleanup	8	static
/home/stvsl/Qt/QtMCUs/2.7.0/src/core/property.cpp:158:10:appendToFreeList	16	static
/home/stvsl/Qt/QtMCUs/2.7.0/include/qul/private/dirtylist.h:112:17:process	24	static
/home/stvsl/Qt/QtMCUs/2.7.0/src/core/items.cpp:375:6:updateLayouts	16	static
/home/stvsl/Qt/QtMCUs/2.7.0/src/core/property.cpp:167:24:allocateDynDependencyNode	24	static
/home/stvsl/Qt/QtMCUs/2.7.0/include/qul/private/flagpointer.h:192:1:__ct_base 	16	static
/home/stvsl/Qt/QtMCUs/2.7.0/include/qul/private/flagpointer.h:395:4:asT1	16	static
/home/stvsl/Qt/QtMCUs/2.7.0/include/qul/property.h:323:10:allDependencyDirty	16	static
/home/stvsl/Qt/QtMCUs/2.7.0/include/qul/private/dirtylist.h:112:17:process	24	static
/home/stvsl/Qt/QtMCUs/2.7.0/src/core/property.cpp:59:6:emitChangeEvents	8	static
/home/stvsl/Qt/QtMCUs/2.7.0/src/core/property.cpp:33:6:qulEmitChangeEvents	8	static
/home/stvsl/Qt/QtMCUs/2.7.0/src/core/application.cpp:914:6:prepareFrame	16	static
/home/stvsl/Qt/QtMCUs/2.7.0/include/qul/private/flagpointer.h:402:5:asT2	16	static
/home/stvsl/Qt/QtMCUs/2.7.0/src/core/property.cpp:66:6:markDependencyDirty	40	static
/home/stvsl/Qt/QtMCUs/2.7.0/src/core/image.cpp:656:6:endWrite	24	static
/home/stvsl/Qt/QtMCUs/2.7.0/include/qul/property.h:306:10:setDirty	24	static
/home/stvsl/Qt/QtMCUs/2.7.0/include/qul/private/unicodestring.h:473:33:asStdString	16	static
/home/stvsl/Qt/QtMCUs/2.7.0/include/qul/private/unicodestring.h:606:20:maybeUtf8	8	static
/home/stvsl/Qt/QtMCUs/2.7.0/include/qul/private/unicodestring.h:478:27:asStdString	16	static
/home/stvsl/Qt/QtMCUs/2.7.0/src/core/unicodestring.cpp:731:1:__dt_base 	8	static
/home/stvsl/Qt/QtMCUs/2.7.0/include/platforminterface/allocator.h:159:13:qul_delete	8	static
/home/stvsl/Qt/QtMCUs/2.7.0/include/qul/private/unicodestring.h:578:10:unreference	8	static
/home/stvsl/Qt/QtMCUs/2.7.0/include/qul/private/unicodestring.h:634:5:__ct_base 	16	static
/home/stvsl/Qt/QtMCUs/2.7.0/src/core/unicodestring.cpp:987:1:__ct_base 	16	static
/home/stvsl/Qt/QtMCUs/2.7.0/include/qul/private/unicodestring.h:731:24:iterator	24	static
/home/stvsl/Qt/QtMCUs/2.7.0/src/core/unicodestring.cpp:220:6:hasNext	16	static
/home/stvsl/Qt/QtMCUs/2.7.0/include/qul/private/unicodestring.h:688:10:hasNext	8	static
/home/stvsl/Qt/QtMCUs/2.7.0/src/core/unicodestring.cpp:232:9:next	48	static
/home/stvsl/Qt/QtMCUs/2.7.0/src/core/unicodestring.cpp:398:5:length	24	static
/home/stvsl/Qt/QtMCUs/2.7.0/src/core/unicodestring.cpp:301:7:next	16	static
/home/stvsl/Qt/QtMCUs/2.7.0/src/core/unicodestring.cpp:655:6:operator==	48	static
/home/stvsl/Qt/QtMCUs/2.7.0/include/qul/private/linkedlist.h:107:31:find_if	16	static
/home/stvsl/Qt/QtMCUs/2.7.0/src/core/unicodestring.cpp:941:1:__ct_base 	24	static
/home/stvsl/Qt/QtMCUs/2.7.0/src/core/unicodestring.cpp:1002:9:next	16	static
/home/stvsl/Qt/QtMCUs/2.7.0/src/core/unicodestring.cpp:966:6:parseInt	32	static
/home/stvsl/Qt/QtMCUs/2.7.0/include/platforminterface/allocator.h:67:8:allocate	24	static
/home/stvsl/.mcuxpressotools/arm-gnu-toolchain-12.3.rel1-x86_64-arm-none-eabi/arm-none-eabi/include/c++/12.3.1/bits/basic_string.tcc:134:5:_M_create	8	static
/home/stvsl/.mcuxpressotools/arm-gnu-toolchain-12.3.rel1-x86_64-arm-none-eabi/arm-none-eabi/include/c++/12.3.1/bits/basic_string.tcc:217:7:_M_construct	24	static
/home/stvsl/.mcuxpressotools/arm-gnu-toolchain-12.3.rel1-x86_64-arm-none-eabi/arm-none-eabi/include/c++/12.3.1/bits/basic_string.h:548:7:__ct_base 	8	static
/home/stvsl/Qt/QtMCUs/2.7.0/src/core/unicodestring.cpp:741:1:__ct_base 	8	static
/home/stvsl/Qt/QtMCUs/2.7.0/src/core/builtins.cpp:80:1:__static_initialization_and_destruction_0	48	static
/home/stvsl/Qt/QtMCUs/2.7.0/src/core/unicodestring.cpp:935:1:__ct_base 	16	static
/home/stvsl/Qt/QtMCUs/2.7.0/src/core/imagedecoder_p.cpp:58:14:readData	32	static
/home/stvsl/Qt/QtMCUs/2.7.0/src/core/imagedecoder_p.cpp:87:14:readData	32	static
/home/stvsl/Qt/QtMCUs/2.7.0/include/qul/private/array.h:135:14:at	24	static
/home/stvsl/Qt/QtMCUs/2.7.0/include/qul/private/flagpointer.h:395:4:asT1	16	static
/home/stvsl/Qt/QtMCUs/2.7.0/src/core/transforms.cpp:249:30:transform	160	static
/home/stvsl/Qt/QtMCUs/2.7.0/include/qul/private/array.h:117:15:append	24	static
/home/stvsl/Qt/QtMCUs/2.7.0/include/qul/private/array.h:135:14:at	24	static
/home/stvsl/Qt/QtMCUs/2.7.0/include/qul/private/region.h:160:10:undoExtensions	48	static
/home/stvsl/Qt/QtMCUs/2.7.0/include/qul/private/region.h:74:10:emitSpan	64	static
/home/stvsl/Qt/QtMCUs/2.7.0/include/qul/private/region.h:266:6:computeRegion	56	static
/home/stvsl/Qt/QtMCUs/2.7.0/src/core/repaintstrategy.cpp:34:6:finalize	8	static
/home/stvsl/Qt/QtMCUs/2.7.0/src/graphics/graphicsdevice.cpp:129:1:__ct_base 	32	static
/home/stvsl/Qt/QtMCUs/2.7.0/src/graphics/graphicsdevice.cpp:178:6:blend	280	static
/home/stvsl/Qt/QtMCUs/2.7.0/src/graphics/graphicsdevice.cpp:170:6:blend	48	static
/home/stvsl/Qt/QtMCUs/2.7.0/src/graphics/graphicsdevice.cpp:265:13:fastScale1pxHor	176	static
/home/stvsl/Qt/QtMCUs/2.7.0/src/graphics/graphicsdevice.cpp:313:13:fastScale1pxVert	176	static
/home/stvsl/Qt/QtMCUs/2.7.0/src/graphics/graphicsdevice.cpp:359:13:fastScale1px1px	160	static
/home/stvsl/Qt/QtMCUs/2.7.0/src/graphics/graphicsdevice.cpp:391:6:blendTransformed	280	static
/home/stvsl/Qt/QtMCUs/2.7.0/src/core/image.cpp:959:1:__static_initialization_and_destruction_0	56	static
/home/stvsl/Qt/QtMCUs/2.7.0/src/core/property.cpp:203:6:registerDynDependency	16	static
/home/stvsl/Qt/QtMCUs/2.7.0/include/qul/property.h:685:14:value	24	static
/home/stvsl/Qt/QtMCUs/2.7.0/include/qul/property.h:685:14:value	24	static
/home/stvsl/Qt/QtMCUs/2.7.0/include/qul/private/items/itembase.h:227:30:position	24	static
/home/stvsl/Qt/QtMCUs/2.7.0/include/qul/private/items/itembase.h:228:29:size	24	static
/home/stvsl/Qt/QtMCUs/2.7.0/src/core/application.cpp:1396:6:shouldSkipFrame	16	static
/home/stvsl/Qt/QtMCUs/2.7.0/src/core/application.cpp:1198:6:updateLayersAndSprites	24	static
/home/stvsl/Qt/QtMCUs/2.7.0/src/core/application.cpp:840:6:updateEachLayer	32	static
/home/stvsl/Qt/QtMCUs/2.7.0/src/core/itembase.cpp:235:6:contains	32	static
/home/stvsl/Qt/QtMCUs/2.7.0/include/qul/property.h:685:14:value	24	static
/home/stvsl/Qt/QtMCUs/2.7.0/include/qul/property.h:685:14:value	24	static
/home/stvsl/Qt/QtMCUs/2.7.0/src/core/items.cpp:110:6:isOpaque	8	static
/home/stvsl/Qt/QtMCUs/2.7.0/include/qul/property.h:685:14:value	24	static
/home/stvsl/Qt/QtMCUs/2.7.0/include/qul/property.h:685:14:value	24	static
/home/stvsl/Qt/QtMCUs/2.7.0/include/qul/property.h:685:14:value	24	static
/home/stvsl/Qt/QtMCUs/2.7.0/src/core/items.cpp:227:6:isOpaque	8	static
/home/stvsl/Qt/QtMCUs/2.7.0/src/core/itembase.cpp:148:14:getZValue	8	static
/home/stvsl/Qt/QtMCUs/2.7.0/src/core/itembase.cpp:153:6:ensureChildZOrder	24	static
/home/stvsl/Qt/QtMCUs/2.7.0/src/core/itembase.cpp:447:19:prepareRenderNode	128	static
/home/stvsl/Qt/QtMCUs/2.7.0/src/core/application.cpp:948:6:recomputeDirtyRegions	64	static
/home/stvsl/Qt/QtMCUs/2.7.0/src/core/application.cpp:1188:6:prepareLayer	16	static
/home/stvsl/Qt/QtMCUs/2.7.0/src/core/application.cpp:821:6:prepareEachLayer	32	static
/home/stvsl/Qt/QtMCUs/2.7.0/include/qul/property.h:685:14:value	40	static
/home/stvsl/Qt/QtMCUs/2.7.0/src/core/unicodestring.cpp:197:6:printStringView	32	static
/home/stvsl/Qt/QtMCUs/2.7.0/src/core/unicodestring.cpp:704:8:fromStringView	48	static
/home/stvsl/Qt/QtMCUs/2.7.0/src/core/imagedecoder_p.cpp:131:13:isQulRccFormat	8	static
/home/stvsl/Qt/QtMCUs/2.7.0/src/core/imagedecoder_p.cpp:144:16:cachableDataForDecodableTexture	128	static
/home/stvsl/Qt/QtMCUs/2.7.0/src/graphics/graphicsdevice.cpp:103:8:cacheableData	40	static
/home/stvsl/Qt/QtMCUs/2.7.0/src/core/imagedecoder_p.cpp:277:15:rasterBufferFromFileImageDecoder	72	static
/home/stvsl/Qt/QtMCUs/2.7.0/src/core/image.cpp:844:13:fromFileBuffer	56	static
/home/stvsl/Qt/QtMCUs/2.7.0/src/core/require.cpp:48:6:require	284	static
/home/stvsl/Qt/QtMCUs/2.7.0/src/core/imageprovider.cpp:42:18:dispatchToImageProvider	80	static
/home/stvsl/Qt/QtMCUs/2.7.0/src/core/require.cpp:64:6:require	288	static
/home/stvsl/Qt/QtMCUs/2.7.0/src/core/application.cpp:1002:6:partialBufferingRepaint	128	static
/home/stvsl/Qt/QtMCUs/2.7.0/src/core/application.cpp:1057:6:fullBufferingRepaint	88	static
/home/stvsl/Qt/QtMCUs/2.7.0/src/core/application.cpp:1094:25:repaintDirtyRegions	48	static
/home/stvsl/Qt/QtMCUs/2.7.0/src/core/application.cpp:1159:6:repaintDirtyRegionsForItemLayer	64	static
/home/stvsl/Qt/QtMCUs/2.7.0/src/core/application.cpp:1175:6:repaintDirtyRegionsForLowRefreshIntervalItemLayer	32	static
/home/stvsl/Qt/QtMCUs/2.7.0/src/core/application.cpp:1285:6:repaintDirtyRegionsForHighRefreshIntervalItemLayer	32	static
/home/stvsl/Qt/QtMCUs/2.7.0/src/core/application.cpp:790:6:repaintEachLayer	40	static
/home/stvsl/Qt/QtMCUs/2.7.0/src/core/application.cpp:1214:6:processScreen	72	static
/home/stvsl/Qt/QtMCUs/2.7.0/src/core/application.cpp:1266:6:repaintForEachScreen	40	static
/home/stvsl/Qt/QtMCUs/2.7.0/src/core/application.cpp:1298:6:repaint	64	static
/home/stvsl/Qt/QtMCUs/2.7.0/src/core/application.cpp:407:6:update	40	static
/home/stvsl/Qt/QtMCUs/2.7.0/src/core/application.cpp:305:6:updateEngine	8	static
/home/stvsl/Qt/QtMCUs/2.7.0/src/core/items.cpp:124:34:gradientStopsForGradient	24	static
