/home/stvsl/Qt/QtMCUs/2.7.1/src/platforminterface/memoryallocator.cpp:165:6:acquire	0	static
/home/stvsl/Qt/QtMCUs/2.7.1/src/platforminterface/pathdatastroker.cpp:1031:6:beginStroke	0	static
/home/stvsl/Qt/QtMCUs/2.7.1/src/platforminterface/drawingengine.cpp:241:6:blendRect	48	static
/home/stvsl/Qt/QtMCUs/2.7.1/src/platforminterface/drawingengine.cpp:846:6:synchronizeForCpuAccess	0	static
/home/stvsl/Qt/QtMCUs/2.7.1/src/platforminterface/drawingengine.cpp:301:6:blendAlphaMap	64	static
/home/stvsl/Qt/QtMCUs/2.7.1/src/platforminterface/drawingengine.cpp:903:6:setStrokeProperties	0	static
/home/stvsl/Qt/QtMCUs/2.7.1/src/platforminterface/drawingengine.cpp:445:6:blendRect	56	static
/home/stvsl/Qt/QtMCUs/2.7.1/src/platforminterface/drawingengine.cpp:545:6:blendAlphaMap	80	static
/home/stvsl/Qt/QtMCUs/2.7.1/src/platforminterface/drawingengine.cpp:698:6:blendRect	24	static
/home/stvsl/Qt/QtMCUs/2.7.1/src/platforminterface/drawingengine.cpp:737:6:blendImage	40	static
/home/stvsl/Qt/QtMCUs/2.7.1/src/platforminterface/drawingengine.cpp:757:6:blendAlphaMap	40	static
/home/stvsl/Qt/QtMCUs/2.7.1/src/platforminterface/memoryallocator.cpp:106:7:allocate	0	static
/home/stvsl/Qt/QtMCUs/2.7.1/src/platforminterface/memoryallocator.cpp:128:7:reallocate	0	static
/home/stvsl/Qt/QtMCUs/2.7.1/src/platforminterface/memoryallocator.cpp:143:6:free	0	static
/home/stvsl/Qt/QtMCUs/2.7.1/src/platforminterface/pathdatastroker.cpp:1045:6:endStroke	24	static
/home/stvsl/Qt/QtMCUs/2.7.1/src/platforminterface/pathdatastroker.cpp:1089:6:cubicTo	48	static
/home/stvsl/Qt/QtMCUs/2.7.1/src/platforminterface/pathdatastroker.cpp:1108:6:arcTo	48	static
/home/stvsl/Qt/QtMCUs/2.7.1/src/platforminterface/pathdatastroker.cpp:1061:6:lineTo	40	static
/home/stvsl/Qt/QtMCUs/2.7.1/src/platforminterface/pathdatastroker.cpp:1074:6:moveTo	40	static
/home/stvsl/Qt/QtMCUs/2.7.1/src/platforminterface/drawingengine.cpp:169:6:blendTransformedImage	40	static
/home/stvsl/Qt/QtMCUs/2.7.1/src/platforminterface/drawingengine.cpp:193:6:blendTransformedAlphaMap	40	static
/home/stvsl/Qt/QtMCUs/2.7.1/src/platforminterface/drawingengine.cpp:874:22:allocatePath	16	static
/home/stvsl/Qt/QtMCUs/2.7.1/src/text/textline.cpp:105:5:width	8	static
/home/stvsl/Qt/QtMCUs/2.7.1/include/platforminterface/private/line.h:110:10:setLength	40	static
/home/stvsl/Qt/QtMCUs/2.7.1/src/platforminterface/drawingdevice.cpp:73:1:__ct_base 	16	static
/home/stvsl/Qt/QtMCUs/2.7.1/src/platforminterface/drawingdevice.cpp:194:8:scanLine	16	static
/home/stvsl/Qt/QtMCUs/2.7.1/src/platforminterface/drawingengine.cpp:249:6:blendRoundedRect	216	static
/home/stvsl/Qt/QtMCUs/2.7.1/src/platforminterface/drawingengine.cpp:466:6:blendRoundedRect	224	static
/home/stvsl/Qt/QtMCUs/2.7.1/src/platforminterface/drawingdevice.cpp:205:18:pixelDataAt	24	static
/home/stvsl/Qt/QtMCUs/2.7.1/src/platforminterface/drawingengine.cpp:264:6:blendImage	96	static
/home/stvsl/Qt/QtMCUs/2.7.1/src/platforminterface/drawingengine.cpp:486:6:blendImage	120	static
/home/stvsl/Qt/QtMCUs/2.7.1/src/platforminterface/drawingdevice.cpp:245:6:setBits	0	static
/home/stvsl/Qt/QtMCUs/2.7.1/include/platforminterface/point.h:351:13:operator==	0	static
/home/stvsl/Qt/QtMCUs/2.7.1/include/platforminterface/private/line.h:123:11:angleTo	32	static
/home/stvsl/Qt/QtMCUs/2.7.1/src/platforminterface/arc.cpp:168:6:pathArcParameters	136	static
/home/stvsl/Qt/QtMCUs/2.7.1/src/platforminterface/arc.cpp:107:6:pathArcToBeziers	184	static
/home/stvsl/Qt/QtMCUs/2.7.1/include/platforminterface/private/bezier.h:95:12:bezierOnInterval	32	static
/home/stvsl/Qt/QtMCUs/2.7.1/src/platforminterface/pathdatastroker.cpp:53:7:qt_t_for_arc_angle	24	static
/home/stvsl/Qt/QtMCUs/2.7.1/src/platforminterface/pathdatastroker.cpp:294:41:type	16	static
/home/stvsl/Qt/QtMCUs/2.7.1/src/platforminterface/pathdatastroker.cpp:318:26:arcData	40	static
/home/stvsl/Qt/QtMCUs/2.7.1/src/platforminterface/pathdatastroker.cpp:355:6:next	24	static
/home/stvsl/Qt/QtMCUs/2.7.1/src/platforminterface/pathdatastroker.cpp:367:27:fromTo	56	static
/home/stvsl/Qt/QtMCUs/2.7.1/src/platforminterface/pathdatastroker.cpp:500:1:__ct_base 	4	static
/home/stvsl/Qt/QtMCUs/2.7.1/src/platforminterface/pathdatastroker.cpp:515:6:setStrokeProperties	0	static
/home/stvsl/Qt/QtMCUs/2.7.1/src/platforminterface/pathdatastroker.cpp:650:13:offsetTangent	40	static
/home/stvsl/Qt/QtMCUs/2.7.1/src/platforminterface/pathdatastroker.cpp:964:6:emitCubicTo	80	static
/home/stvsl/Qt/QtMCUs/2.7.1/src/platforminterface/pathdatastroker.cpp:822:6:joinPoints	264	static
/home/stvsl/Qt/QtMCUs/2.7.1/src/platforminterface/pathdatastroker.cpp:689:6:processBezier	1016	static
/home/stvsl/Qt/QtMCUs/2.7.1/src/platforminterface/pathdatastroker.cpp:722:6:handleCubicTo	56	static
/home/stvsl/Qt/QtMCUs/2.7.1/src/platforminterface/pathdatastroker.cpp:732:6:processArc	152	static
/home/stvsl/Qt/QtMCUs/2.7.1/src/platforminterface/pathdatastroker.cpp:596:6:processPathData	160	static
/home/stvsl/Qt/QtMCUs/2.7.1/src/platforminterface/platforminterface.cpp:75:6:handleTouchEvent	104	static
/home/stvsl/Qt/QtMCUs/2.7.1/src/platforminterface/platforminterface.cpp:311:6:init16bppRendering	0	static
/home/stvsl/Qt/QtMCUs/2.7.1/src/platforminterface/platforminterface.cpp:351:6:init32bppRendering	0	static
/home/stvsl/Qt/QtMCUs/2.7.1/src/platforminterface/rect.cpp:903:6:intersects	12	static
/home/stvsl/Qt/QtMCUs/2.7.1/src/platforminterface/rect.cpp:966:6:operator|	20	static
/home/stvsl/Qt/QtMCUs/2.7.1/src/platforminterface/rect.cpp:1017:6:operator&	20	static
/home/stvsl/Qt/QtMCUs/2.7.1/src/platforminterface/drawingengine.cpp:720:6:blendRoundedRect	48	static
/home/stvsl/Qt/QtMCUs/2.7.1/src/platforminterface/drawingengine.cpp:1018:6:blendSimpleGradient	3280	static
/home/stvsl/Qt/QtMCUs/2.7.1/src/platforminterface/drawingengine.cpp:936:6:blendPath	104	static
/home/stvsl/Qt/QtMCUs/2.7.1/src/platforminterface/rect.cpp:1683:6:contains	32	static
/home/stvsl/Qt/QtMCUs/2.7.1/src/platforminterface/rect.cpp:1917:7:operator&	80	static
/home/stvsl/Qt/QtMCUs/2.7.1/src/platforminterface/rect.cpp:2054:6:toAlignedRect	4	static
/home/stvsl/Qt/QtMCUs/2.7.1/src/platforminterface/drawingengine.cpp:780:6:blendTransformedImage	88	static
/home/stvsl/Qt/QtMCUs/2.7.1/src/platforminterface/drawingengine.cpp:817:6:blendTransformedAlphaMap	88	static
/home/stvsl/Qt/QtMCUs/2.7.1/src/platforminterface/drawingengine.cpp:87:21:stops	0	static
/home/stvsl/Qt/QtMCUs/2.7.1/src/platforminterface/drawingengine.cpp:95:8:size	0	static
/home/stvsl/Qt/QtMCUs/2.7.1/src/platforminterface/error.cpp:123:6:error	24	static
/home/stvsl/Qt/QtMCUs/2.7.1/src/platforminterface/pathdatastroker.cpp:532:6:stroke	152	static
