/home/stvsl/Qt/QtMCUs/2.8.0/include/platform/private/fixedsizeblockallocator.h:42:11:allocate	24	static
/home/stvsl/Qt/QtMCUs/2.8.0/include/qul/private/alphamap.h:96:29:contentRect	8	static
/home/stvsl/Qt/QtMCUs/2.8.0/include/qul/private/text/fontenginestatic.h:163:13:bitsPerPixel	0	static
/home/stvsl/Qt/QtMCUs/2.8.0/src/text/fontenginestatic.cpp:132:9:defaultMargins	0	static
/home/stvsl/Qt/QtMCUs/2.8.0/include/qul/private/text/fontengine.h:176:18:usePathData	0	static
/home/stvsl/Qt/QtMCUs/2.8.0/include/qul/private/text/fontengine.h:188:18:freeNativeData	0	static
/home/stvsl/Qt/QtMCUs/2.8.0/include/platform/private/fixedsizeblockallocator.h:50:10:free	16	static
/home/stvsl/Qt/QtMCUs/2.8.0/include/qul/private/text/fontenginestatic.h:161:13:placeholderGlyphIndex	0	static
/home/stvsl/Qt/QtMCUs/2.8.0/src/text/fontenginestatic.cpp:51:10:alphaMapForGlyph	48	static
/home/stvsl/Qt/QtMCUs/2.8.0/src/text/fontenginestatic.cpp:98:17:boundingBox	88	static
/home/stvsl/Qt/QtMCUs/2.8.0/src/text/fontenginestatic.cpp:118:13:advanceForGlyph	48	static
/home/stvsl/Qt/QtMCUs/2.8.0/src/text/fontenginestatic.cpp:139:9:fontIndex	0	static
/home/stvsl/Qt/QtMCUs/2.8.0/src/text/fontenginestatic.cpp:127:13:fontMetrics	16	static
/home/stvsl/Qt/QtMCUs/2.8.0/src/text/textlayout.cpp:575:6:_ZN3Qul7Private24StaticTextLayoutIterator22handleParagraphChangesEv.part.0	1120	static
/home/stvsl/Qt/QtMCUs/2.8.0/include/platform/private/fixedsizeblockallocator.h:48:11:reallocate	32	static
/home/stvsl/Qt/QtMCUs/2.8.0/src/graphics/rendertree.cpp:53:30:prepareTransformWithDisplayRotation	96	static
/home/stvsl/Qt/QtMCUs/2.8.0/include/qul/private/text/fontengine.h:192:46:pathData	24	static
/home/stvsl/Qt/QtMCUs/2.8.0/src/text/textcache.cpp:191:6:blendToAlphaMap	160	static
/home/stvsl/Qt/QtMCUs/2.8.0/src/text/fontenginestatic.cpp:29:13:kerning	16	static
/home/stvsl/Qt/QtMCUs/2.8.0/src/text/fontenginestatic.cpp:74:9:glyphIndex	12	static
/home/stvsl/Qt/QtMCUs/2.8.0/include/qul/private/text/glyph.h:177:29:boundingBox	8	static
/home/stvsl/Qt/QtMCUs/2.8.0/include/qul/private/text/glyph.h:182:25:fontMetrics	8	static
/home/stvsl/Qt/QtMCUs/2.8.0/include/qul/private/text/glyph.h:187:25:advanceForGlyph	8	static
/home/stvsl/Qt/QtMCUs/2.8.0/include/qul/private/text/glyph.h:192:25:kerning	8	static
/home/stvsl/Qt/QtMCUs/2.8.0/include/qul/private/text/glyph.h:197:21:fontIndex	8	static
/home/stvsl/Qt/QtMCUs/2.8.0/src/text/textlayout.cpp:363:6:paragraphChangedCallback	16	static
/home/stvsl/.mcuxpressotools/arm-gnu-toolchain-12.3.rel1-x86_64-arm-none-eabi/arm-none-eabi/include/c++/12.3.1/bits/vector.tcc:111:7:emplace_back	40	static
/home/stvsl/Qt/QtMCUs/2.8.0/src/graphics/graphicsdevice.cpp:477:6:blendTransformed	120	static
/home/stvsl/Qt/QtMCUs/2.8.0/src/graphics/graphicsdevice.cpp:560:6:blendPath	88	static
/home/stvsl/Qt/QtMCUs/2.8.0/src/text/textlayout.cpp:123:6:blendToGraphicsDeviceWithTransform	168	static
/home/stvsl/Qt/QtMCUs/2.8.0/src/text/textlayout.cpp:95:6:blendToGraphicsDevice	160	static
/home/stvsl/Qt/QtMCUs/2.8.0/src/graphics/graphicsdevice.cpp:411:6:blendTransformed	376	static
/home/stvsl/Qt/QtMCUs/2.8.0/src/graphics/rasterbuffer.cpp:27:25:virtualSize	8	static
/home/stvsl/Qt/QtMCUs/2.8.0/src/graphics/rendertree.cpp:279:6:blendImage	480	static
/home/stvsl/Qt/QtMCUs/2.8.0/src/graphics/rendertree.cpp:962:6:blendInlineImage	352	static
/home/stvsl/Qt/QtMCUs/2.8.0/src/graphics/resourcecache.cpp:285:6:remove	32	static
/home/stvsl/Qt/QtMCUs/2.8.0/src/graphics/rendertree.cpp:263:1:__dt_base 	8	static
/home/stvsl/Qt/QtMCUs/2.8.0/src/graphics/rendertree.cpp:1306:18:item	0	static
/home/stvsl/Qt/QtMCUs/2.8.0/src/graphics/rendertree.cpp:932:23:renderAnimatedSpriteNode	56	static
/home/stvsl/Qt/QtMCUs/2.8.0/src/graphics/rendertree.cpp:1062:23:renderCustomNode	40	static
/home/stvsl/Qt/QtMCUs/2.8.0/src/graphics/rendertree.cpp:1374:21:getRasterBuffer	16	static
/home/stvsl/Qt/QtMCUs/2.8.0/include/qul/private/text/glyph.h:246:7:operator=	32	static
/home/stvsl/Qt/QtMCUs/2.8.0/src/text/textlayout.cpp:179:6:doTextLayout	3352	static
/home/stvsl/Qt/QtMCUs/2.8.0/src/text/textlayout.cpp:161:6:drawText	1312	static
/home/stvsl/Qt/QtMCUs/2.8.0/src/text/textcache.cpp:411:6:free	32	static
/home/stvsl/.mcuxpressotools/arm-gnu-toolchain-12.3.rel1-x86_64-arm-none-eabi/arm-none-eabi/include/c++/12.3.1/bits/vector.tcc:111:7:emplace_back	40	static
/home/stvsl/Qt/QtMCUs/2.8.0/src/text/textcache.cpp:60:6:appendToPath	88	static
/home/stvsl/Qt/QtMCUs/2.8.0/src/graphics/rendertree.cpp:1192:23:renderPaintedItemNode	240	static
/home/stvsl/Qt/QtMCUs/2.8.0/src/graphics/rendertree.cpp:617:6:render	120	static
/home/stvsl/Qt/QtMCUs/2.8.0/src/graphics/rendertree.cpp:694:6:render	128	static
/home/stvsl/Qt/QtMCUs/2.8.0/src/graphics/rendertree.cpp:762:23:renderRectangleNode	280	static
/home/stvsl/Qt/QtMCUs/2.8.0/src/graphics/rendertree.cpp:1001:23:renderStaticTextNode	1440	static
/home/stvsl/Qt/QtMCUs/2.8.0/src/graphics/rendertree.cpp:1243:23:computeTilingInfo	64	static
/home/stvsl/Qt/QtMCUs/2.8.0/src/graphics/rendertree.cpp:821:23:renderImageNode	216	static
/home/stvsl/Qt/QtMCUs/2.8.0/src/graphics/rendertree.cpp:1073:23:renderTextNode	616	static
/home/stvsl/Qt/QtMCUs/2.8.0/src/text/textlayout.cpp:506:21:inlineImage	96	static
