/home/stvsl/Qt/QtMCUs/2.8.0/include/qul/private/propertybinding.h:522:17:callWithSelf	8	static
/home/stvsl/Qt/QtMCUs/2.8.0/include/qul/private/propertybinding.h:522:17:callWithSelf	8	static
/home/stvsl/Qt/QtMCUs/2.8.0/src/core/imagedecoder_p.cpp:76:14:totalAvailableDataSize	0	static
/home/stvsl/Qt/QtMCUs/2.8.0/src/core/imagedecoder_p.cpp:58:14:readData	24	static
/home/stvsl/Qt/QtMCUs/2.8.0/src/core/imagedecoder_p.cpp:77:26:rawData	0	static
/home/stvsl/Qt/QtMCUs/2.8.0/src/core/imagedecoder_p.cpp:108:14:totalAvailableDataSize	8	static
/home/stvsl/Qt/QtMCUs/2.8.0/src/core/imagedecoder_p.cpp:87:14:readData	32	static
/home/stvsl/Qt/QtMCUs/2.8.0/src/core/imagedecoder_p.cpp:109:26:rawData	0	static
/home/stvsl/Qt/QtMCUs/2.8.0/src/core/itembase.cpp:129:13:propagateFlagToChildren	88	static
/home/stvsl/Qt/QtMCUs/2.8.0/src/core/itembase.cpp:228:6:childTouchEventFilter	0	static
/home/stvsl/Qt/QtMCUs/2.8.0/src/core/itembase.cpp:244:24:inputMethodQuery	0	static
/home/stvsl/Qt/QtMCUs/2.8.0/include/qul/private/propertybinding.h:522:17:callWithSelf	0	static
/home/stvsl/Qt/QtMCUs/2.8.0/src/core/memutil.cpp:39:19:memutil_aligned_alloc	24	static
/home/stvsl/Qt/QtMCUs/2.8.0/src/core/perf.cpp:218:1:__ct_base 	32	static
/home/stvsl/Qt/QtMCUs/2.8.0/src/core/perf.cpp:228:6:reset	8	static
/home/stvsl/Qt/QtMCUs/2.8.0/src/core/property.cpp:44:1:__dt_base 	16	static
/home/stvsl/Qt/QtMCUs/2.8.0/include/qul/singleton.h:33:18:__tcf_0	16	static
/home/stvsl/Qt/QtMCUs/2.8.0/src/core/property.cpp:49:6:dirty	0	static
/home/stvsl/Qt/QtMCUs/2.8.0/src/core/property.cpp:59:6:emitChangeEvents	48	static
/home/stvsl/Qt/QtMCUs/2.8.0/src/core/property.cpp:66:6:markDependencyDirty	56	static
/home/stvsl/Qt/QtMCUs/2.8.0/include/qul/property.h:638:10:setValue	48	static
/home/stvsl/Qt/QtMCUs/2.8.0/src/core/property.cpp:191:6:_ZN3Qul7Private24DynDependencyNodeDeleter7cleanupEPNS0_17DynDependencyNodeE.part.0	16	static
/home/stvsl/Qt/QtMCUs/2.8.0/src/core/property.cpp:191:6:cleanup	16	static
/home/stvsl/Qt/QtMCUs/2.8.0/src/core/property.cpp:203:6:_ZN3Qul7Private12PropertyBase21registerDynDependencyEv.part.0	24	static
/home/stvsl/Qt/QtMCUs/2.8.0/src/core/unicodestring.cpp:232:9:next	32	static
/home/stvsl/Qt/QtMCUs/2.8.0/src/core/unicodestring.cpp:197:6:printStringView	40	static
/home/stvsl/Qt/QtMCUs/2.8.0/src/core/unicodestring.cpp:301:7:next	16	static
/home/stvsl/Qt/QtMCUs/2.8.0/src/core/unicodestring.cpp:398:5:length	88	static
/home/stvsl/Qt/QtMCUs/2.8.0/src/core/unicodestring.cpp:655:6:operator==	32	static
/home/stvsl/Qt/QtMCUs/2.8.0/src/core/unicodestring.cpp:731:1:__dt_base 	16	static
/home/stvsl/Qt/QtMCUs/2.8.0/src/core/unicodestring.cpp:741:1:__ct_base 	8	static
/home/stvsl/Qt/QtMCUs/2.8.0/src/core/unicodestring.cpp:779:9:operator=	16	static
/home/stvsl/.mcuxpressotools/arm-gnu-toolchain-12.3.rel1-x86_64-arm-none-eabi/arm-none-eabi/include/c++/12.3.1/bits/basic_string.tcc:217:7:_M_construct	24	static
/home/stvsl/Qt/QtMCUs/2.8.0/src/core/imagedecoder_p.cpp:121:13:cleanupFileAndDataProvider	16	static
/home/stvsl/Qt/QtMCUs/2.8.0/src/core/itembase.cpp:420:6:update	16	static
/home/stvsl/Qt/QtMCUs/2.8.0/src/core/items.cpp:168:6:gradientDirty	0	static
/home/stvsl/Qt/QtMCUs/2.8.0/include/qul/private/propertybinding.h:456:17:callMe	16	static
/home/stvsl/Qt/QtMCUs/2.8.0/src/core/itembase.cpp:446:6:markSubTreeDirty	0	static
/home/stvsl/Qt/QtMCUs/2.8.0/src/core/itembase.cpp:199:6:appendChildImpl	24	static
/home/stvsl/Qt/QtMCUs/2.8.0/include/qul/private/propertybinding.h:522:17:callWithSelf	0	static
/home/stvsl/Qt/QtMCUs/2.8.0/include/qul/private/propertybinding.h:522:17:callWithSelf	0	static
/home/stvsl/Qt/QtMCUs/2.8.0/include/qul/private/propertybinding.h:522:17:callWithSelf	4	static
/home/stvsl/Qt/QtMCUs/2.8.0/include/qul/private/propertybinding.h:522:17:callWithSelf	0	static
/home/stvsl/Qt/QtMCUs/2.8.0/include/qul/property.h:638:10:setValue	48	static
/home/stvsl/Qt/QtMCUs/2.8.0/src/core/itembase.cpp:155:6:_ZN3Qul7Private5Items8ItemBase17ensureChildZOrderEv.part.0	32	static
/home/stvsl/Qt/QtMCUs/2.8.0/src/core/transforms.cpp:249:30:transform	336	static
/home/stvsl/Qt/QtMCUs/2.8.0/src/core/rendercontext.cpp:103:6:removeNode	32	static
/home/stvsl/Qt/QtMCUs/2.8.0/src/core/rendercontext.cpp:124:6:_ZN3Qul7Private13RenderContext23itemAboutToBeUnparentedEPNS0_5Items8ItemBaseE.part.0	56	static
/home/stvsl/Qt/QtMCUs/2.8.0/src/core/itembase.cpp:347:1:__dt_base 	24	static
/home/stvsl/Qt/QtMCUs/2.8.0/src/core/items.cpp:181:1:__dt_base 	16	static
/home/stvsl/Qt/QtMCUs/2.8.0/src/core/items.cpp:181:1:__dt_del 	16	static
/home/stvsl/Qt/QtMCUs/2.8.0/include/qul/private/items/item.h:42:8:__dt_base 	8	static
/home/stvsl/Qt/QtMCUs/2.8.0/include/qul/private/items/item.h:42:8:__dt_del 	8	static
/home/stvsl/Qt/QtMCUs/2.8.0/src/core/repaintstrategy.cpp:63:6:addDirtyRectsForNode	64	static
/home/stvsl/Qt/QtMCUs/2.8.0/src/core/staticscreenrotationhelpers.cpp:61:25:mapVirtualToPhysical	12	static
/home/stvsl/Qt/QtMCUs/2.8.0/src/core/staticscreenrotationhelpers.cpp:200:6:isDisplayRotationApplicable	0	static
/home/stvsl/Qt/QtMCUs/2.8.0/src/core/staticscreenrotationhelpers.cpp:89:25:mapPhysicalToVirtual	12	static
/home/stvsl/Qt/QtMCUs/2.8.0/src/core/staticscreenrotationhelpers.cpp:184:25:rotatedSize	8	static
/home/stvsl/Qt/QtMCUs/2.8.0/src/core/staticscreenrotationhelpers.cpp:239:26:preRotatedImageOffset	8	static
/home/stvsl/Qt/QtMCUs/2.8.0/include/qul/private/texture.h:68:34:withAlpha	0	static
/home/stvsl/Qt/QtMCUs/2.8.0/src/graphics/graphicsdevice.cpp:83:14:bits	160	static
/home/stvsl/Qt/QtMCUs/2.8.0/src/graphics/graphicsdevice.cpp:251:34:getPixel	4	static
/home/stvsl/Qt/QtMCUs/2.8.0/include/qul/private/propertybinding.h:522:17:callWithSelf	16	static
/home/stvsl/Qt/QtMCUs/2.8.0/include/qul/private/propertybinding.h:456:17:callMe	8	static
/home/stvsl/Qt/QtMCUs/2.8.0/src/core/items.cpp:128:34:gradientStopsForGradient	56	static
/home/stvsl/Qt/QtMCUs/2.8.0/src/core/items.cpp:183:19:renderNode	16	static
/home/stvsl/Qt/QtMCUs/2.8.0/src/core/items.cpp:459:6:doLayout	16	static
/home/stvsl/Qt/QtMCUs/2.8.0/include/qul/private/propertybinding.h:522:17:callWithSelf	48	static
/home/stvsl/Qt/QtMCUs/2.8.0/src/core/text.cpp:562:13:textOptions	48	static
/home/stvsl/Qt/QtMCUs/2.8.0/src/core/text.cpp:582:28:renderNode	160	static
/home/stvsl/Qt/QtMCUs/2.8.0/src/core/text.cpp:396:32:data	40	static
/home/stvsl/Qt/QtMCUs/2.8.0/include/qul/private/propertybinding.h:522:17:callWithSelf	40	static
/home/stvsl/Qt/QtMCUs/2.8.0/src/core/itembase.cpp:469:19:prepareRenderNode	128	static
/home/stvsl/Qt/QtMCUs/2.8.0/include/qul/private/propertybinding.h:522:17:callWithSelf	32	static
/home/stvsl/Qt/QtMCUs/2.8.0/include/qul/private/propertybinding.h:522:17:callWithSelf	48	static
/home/stvsl/Qt/QtMCUs/2.8.0/src/core/timeritem.cpp:77:6:trigger	24	static
/home/stvsl/Qt/QtMCUs/2.8.0/include/qul/private/propertybinding.h:581:17:callMe	24	static
/home/stvsl/Qt/QtMCUs/2.8.0/include/qul/private/propertybinding.h:534:12:getPropertyValue	8	static
/home/stvsl/Qt/QtMCUs/2.8.0/src/core/items.cpp:285:19:renderNode	256	static
/home/stvsl/Qt/QtMCUs/2.8.0/src/graphics/graphicsdevice.cpp:190:6:blend	184	static
