/home/stvsl/Qt/QtMCUs/2.8.0/include/qul/private/items/itembase.h:220:18:touchEvent	0	static
/home/stvsl/Qt/QtMCUs/2.8.0/include/qul/private/items/itembase.h:221:18:implicitWidthChange	0	static
/home/stvsl/Qt/QtMCUs/2.8.0/include/qul/private/animation.h:178:18:applyValue	0	static
/home/stvsl/Qt/QtMCUs/2.8.0/include/qul/private/animation.h:180:18:matches	0	static
/home/stvsl/Qt/QtMCUs/2.8.0/include/qul/private/animation.h:181:18:hasExplicitBoundaries	0	static
/home/stvsl/Qt/QtMCUs/2.8.0/include/qul/private/animation.h:204:18:doStop	0	static
/home/stvsl/Qt/QtMCUs/2.8.0/include/qul/private/shapes/shape.h:125:18:pathDataInvalidated	8	static
/home/stvsl/Qt/QtMCUs/2.8.0/include/qul/private/items/transforms.h:250:27:computeTransform	56	static
/home/stvsl/Qt/QtMCUs/2.8.0/include/qul/private/items/transforms.h:156:8:__dt_base 	16	static
/home/stvsl/Qt/QtMCUs/2.8.0/include/qul/private/items/transforms.h:246:8:__dt_base 	8	static
/home/stvsl/Qt/QtMCUs/2.8.0/include/qul/private/items/transforms.h:246:8:__dt_del 	8	static
/home/stvsl/Qt/QtMCUs/2.8.0/include/qul/private/items/transforms.h:156:8:__dt_del 	16	static
/home/stvsl/Documents/DOTRUST/PortingTest/imxrt1170_freertos_qt_git/src/cpp_config.cpp:23:7:operator new	0	static
/home/stvsl/Documents/DOTRUST/PortingTest/imxrt1170_freertos_qt_git/src/cpp_config.cpp:31:6:operator delete	0	static
/home/stvsl/Documents/DOTRUST/PortingTest/imxrt1170_freertos_qt_git/src/cpp_config.cpp:35:16:__aeabi_atexit	0	static
/home/stvsl/Documents/DOTRUST/PortingTest/imxrt1170_freertos_qt_git/src/cpp_config.cpp:41:18:malloc	0	static
/home/stvsl/Documents/DOTRUST/PortingTest/imxrt1170_freertos_qt_git/src/cpp_config.cpp:43:17:free	0	static
/home/stvsl/Documents/DOTRUST/PortingTest/imxrt1170_freertos_qt_git/src/cpp_config.cpp:58:6:__verbose_terminate_handler	0	static
/home/stvsl/Qt/QtMCUs/2.8.0/include/qul/property.h:108:10:remove	8	static
/home/stvsl/Qt/QtMCUs/2.8.0/include/qul/property.h:247:10:call	32	static
/home/stvsl/Qt/QtMCUs/2.8.0/include/qul/property.h:281:5:__dt_base 	16	static
/home/stvsl/Qt/QtMCUs/2.8.0/include/qul/private/items/itembase.h:231:18:keyEvent	72	static
/home/stvsl/Qt/QtMCUs/2.8.0/include/qul/private/animation.h:362:8:__dt_base 	16	static
/home/stvsl/Qt/QtMCUs/2.8.0/include/qul/private/animation.h:362:8:__dt_del 	16	static
/home/stvsl/Qt/QtMCUs/2.8.0/include/qul/private/shapes/shape.h:100:5:__dt_base 	16	static
/home/stvsl/Qt/QtMCUs/2.8.0/include/qul/private/shapes/shape.h:100:5:__dt_del 	16	static
/home/stvsl/Qt/QtMCUs/2.8.0/include/qul/private/items/transforms.h:232:8:__dt_base 	16	static
/home/stvsl/Qt/QtMCUs/2.8.0/include/qul/private/items/transforms.h:135:8:__dt_base 	16	static
/home/stvsl/Qt/QtMCUs/2.8.0/include/qul/private/items/transforms.h:135:8:__dt_del 	16	static
/home/stvsl/Qt/QtMCUs/2.8.0/include/qul/private/items/transforms.h:232:8:__dt_del 	16	static
/home/stvsl/Qt/QtMCUs/2.8.0/include/qul/private/timeritem.h:46:8:__dt_base 	16	static
/home/stvsl/Qt/QtMCUs/2.8.0/include/qul/private/timeritem.h:46:8:__dt_del 	16	static
/home/stvsl/Qt/QtMCUs/2.8.0/include/qul/private/animation.h:486:8:__dt_base 	16	static
/home/stvsl/Qt/QtMCUs/2.8.0/include/qul/private/animation.h:486:8:__dt_del 	16	static
/home/stvsl/Qt/QtMCUs/2.8.0/include/qul/private/animation.h:362:8:__dt_base 	16	static
/home/stvsl/Qt/QtMCUs/2.8.0/include/qul/private/animation.h:362:8:__dt_del 	16	static
/home/stvsl/Qt/QtMCUs/2.8.0/include/qul/private/animation.h:486:8:__dt_base 	16	static
/home/stvsl/Qt/QtMCUs/2.8.0/include/qul/private/animation.h:486:8:__dt_del 	16	static
/home/stvsl/Qt/QtMCUs/2.8.0/include/qul/private/flagpointer.h:402:5:asT2	8	static
/home/stvsl/Qt/QtMCUs/2.8.0/include/qul/property.h:295:10:wasExplicitlySet	40	static
/home/stvsl/Qt/QtMCUs/2.8.0/include/qul/property.h:304:10:isDirty	0	static
/home/stvsl/Qt/QtMCUs/2.8.0/include/qul/property.h:365:10:setBindingImpl	56	static
/home/stvsl/Qt/QtMCUs/2.8.0/include/platforminterface/transform.h:75:16:translate	32	static
/home/stvsl/Qt/QtMCUs/2.8.0/include/platforminterface/genericmatrix.h:249:6:setToIdentity	8	static
/home/stvsl/Qt/QtMCUs/2.8.0/include/qul/property.h:694:14:value	40	static
/home/stvsl/Qt/QtMCUs/2.8.0/include/qul/private/items/itembase.h:239:38:childrenOffset	16	static
/home/stvsl/Qt/QtMCUs/2.8.0/include/qul/private/items.h:389:8:__dt_base 	24	static
/home/stvsl/Qt/QtMCUs/2.8.0/include/qul/private/items.h:389:8:__dt_del 	16	static
/home/stvsl/Qt/QtMCUs/2.8.0/include/qul/private/items.h:230:8:__dt_base 	8	static
/home/stvsl/Qt/QtMCUs/2.8.0/include/qul/private/items.h:230:8:__dt_del 	8	static
/home/stvsl/Qt/QtMCUs/2.8.0/include/qul/private/extras/colorizedimage.h:42:8:__dt_base 	8	static
/home/stvsl/Qt/QtMCUs/2.8.0/include/qul/private/extras/colorizedimage.h:42:8:__dt_del 	8	static
/home/stvsl/Documents/DOTRUST/PortingTest/imxrt1170_freertos_qt_git/armgcc/../ui_source/Speedometer.h:41:12:__dt_base 	8	static
/home/stvsl/Documents/DOTRUST/PortingTest/imxrt1170_freertos_qt_git/armgcc/../ui_source/Speedometer.h:41:12:__dt_del 	8	static
/home/stvsl/Qt/QtMCUs/2.8.0/include/qul/private/shapes/shape.h:176:8:__dt_base 	8	static
/home/stvsl/Qt/QtMCUs/2.8.0/include/qul/private/shapes/shape.h:176:8:__dt_del 	8	static
/home/stvsl/Documents/DOTRUST/PortingTest/imxrt1170_freertos_qt_git/src/freertos_hello.cpp:17:5:main	136	static
/home/stvsl/Documents/DOTRUST/PortingTest/imxrt1170_freertos_qt_git/src/freertos_hello.cpp:31:13:Qul_Thread	280	static
/home/stvsl/Documents/DOTRUST/PortingTest/imxrt1170_freertos_qt_git/armgcc/../ui_source/BaseBackground.h:19:8:__dt_base 	24	static
/home/stvsl/Documents/DOTRUST/PortingTest/imxrt1170_freertos_qt_git/armgcc/../ui_source/BaseBackground.h:19:8:__dt_del 	24	static
/home/stvsl/Qt/QtMCUs/2.8.0/include/qul/private/items/text.h:59:8:__dt_base 	8	static
/home/stvsl/Qt/QtMCUs/2.8.0/include/qul/private/items/text.h:59:8:__dt_del 	8	static
/home/stvsl/Documents/DOTRUST/PortingTest/imxrt1170_freertos_qt_git/armgcc/../ui_source/TimeDate.h:24:8:__dt_base 	24	static
/home/stvsl/Documents/DOTRUST/PortingTest/imxrt1170_freertos_qt_git/armgcc/../ui_source/TimeDate.h:24:8:__dt_del 	24	static
/home/stvsl/Documents/DOTRUST/PortingTest/imxrt1170_freertos_qt_git/armgcc/../ui_source/TopNavigation.h:23:8:__dt_base 	16	static
/home/stvsl/Documents/DOTRUST/PortingTest/imxrt1170_freertos_qt_git/armgcc/../ui_source/TopNavigation.h:23:8:__dt_del 	16	static
/home/stvsl/Documents/DOTRUST/PortingTest/imxrt1170_freertos_qt_git/armgcc/../ui_source/Weather.h:21:8:__dt_base 	24	static
/home/stvsl/Documents/DOTRUST/PortingTest/imxrt1170_freertos_qt_git/armgcc/../ui_source/Weather.h:21:8:__dt_del 	24	static
/home/stvsl/Documents/DOTRUST/PortingTest/imxrt1170_freertos_qt_git/armgcc/../ui_source/Navigation.h:27:8:__dt_base 	32	static
/home/stvsl/Documents/DOTRUST/PortingTest/imxrt1170_freertos_qt_git/armgcc/../ui_source/Navigation.h:27:8:__dt_del 	8	static
/home/stvsl/Documents/DOTRUST/PortingTest/imxrt1170_freertos_qt_git/armgcc/../ui_source/Speedometer.h:26:8:__dt_base 	32	static
/home/stvsl/Documents/DOTRUST/PortingTest/imxrt1170_freertos_qt_git/armgcc/../ui_source/Speedometer.h:26:8:__dt_del 	32	static
/home/stvsl/Documents/DOTRUST/PortingTest/imxrt1170_freertos_qt_git/armgcc/../ui_source/BatteryIndicator.h:25:8:__dt_base 	24	static
/home/stvsl/Documents/DOTRUST/PortingTest/imxrt1170_freertos_qt_git/armgcc/../ui_source/BatteryIndicator.h:25:8:__dt_del 	24	static
/home/stvsl/Qt/QtMCUs/2.8.0/include/qul/private/items/text.h:120:8:__dt_base 	24	static
/home/stvsl/Qt/QtMCUs/2.8.0/include/qul/private/items/text.h:120:8:__dt_del 	24	static
/home/stvsl/Documents/DOTRUST/PortingTest/imxrt1170_freertos_qt_git/armgcc/../ui_source/EnergyConsumption.h:26:8:__dt_base 	32	static
/home/stvsl/Documents/DOTRUST/PortingTest/imxrt1170_freertos_qt_git/armgcc/../ui_source/EnergyConsumption.h:26:8:__dt_del 	8	static
/home/stvsl/Documents/DOTRUST/PortingTest/imxrt1170_freertos_qt_git/armgcc/../ui_source/MCUCluser.h:28:8:__dt_base 	48	static
