/home/stvsl/Qt/QtMCUs/2.7.1/include/qul/private/slot.h:47:24:call	0	static
/home/stvsl/Qt/QtMCUs/2.7.1/src/3rdparty/monotype/shaperspark/product/source/unicode/msunicde.c:40:1:getGeneralProps	4	static
/home/stvsl/Qt/QtMCUs/2.7.1/src/text/monotype/../../3rdparty/monotype/patches/custom_unicode_integration_apis/qul_monotype_unicode.h:230:1:getNextStrongWordBreakType	24	static
/home/stvsl/Qt/QtMCUs/2.7.1/src/text/monotype/monotypeunicode.cpp:165:23:attributes	8	static
/home/stvsl/Qt/QtMCUs/2.7.1/src/text/monotype/monotypeunicode.cpp:172:6:setAttributes	16	static
/home/stvsl/Qt/QtMCUs/2.7.1/src/text/monotype/monotypeunicode.cpp:179:5:entrySize	0	static
/home/stvsl/Qt/QtMCUs/2.7.1/src/text/monotype/monotypeunicode.cpp:189:1:__dt_base 	0	static
/home/stvsl/Qt/QtMCUs/2.7.1/src/text/monotype/monotypeunicode.cpp:193:28:__tcf_0	0	static
/home/stvsl/Qt/QtMCUs/2.7.1/src/3rdparty/monotype/shaperspark/product/source/unicode/msunicde.c:97:1:MsUnicode_getLineBreakType	4	static
/home/stvsl/Qt/QtMCUs/2.7.1/src/3rdparty/monotype/shaperspark/product/source/unicode/msunicde.c:186:1:MsUnicode_isWhitespace	16	static
/home/stvsl/Qt/QtMCUs/2.7.1/src/text/monotype/monotypeunicode.cpp:135:6:markBoundaries	64	static
/home/stvsl/Qt/QtMCUs/2.7.1/src/controls/swipeviewtemplate.cpp:374:6:grabTouch	24	static
/home/stvsl/Qt/QtMCUs/2.7.1/include/qul/private/propertybinding.h:498:17:callWithSelf	24	static
/home/stvsl/Qt/QtMCUs/2.7.1/src/controls/slidertemplate.cpp:341:6:clampPosition	40	static
/home/stvsl/Qt/QtMCUs/2.7.1/include/qul/private/propertybinding.h:498:17:callWithSelf	0	static
/home/stvsl/Qt/QtMCUs/2.7.1/include/qul/private/propertybinding.h:498:17:callWithSelf	0	static
/home/stvsl/Qt/QtMCUs/2.7.1/include/qul/private/propertybinding.h:498:17:callWithSelf	24	static
/home/stvsl/Qt/QtMCUs/2.7.1/src/controls/switchtemplate.cpp:64:6:buttonChange	32	static
/home/stvsl/Qt/QtMCUs/2.7.1/include/qul/property.h:685:14:value	40	static
/home/stvsl/Qt/QtMCUs/2.7.1/include/qul/private/attachedtype.h:57:26:__tcf_1	8	static
/home/stvsl/Qt/QtMCUs/2.7.1/src/text/monotype/monotypeunicode.cpp:122:17:direction	8	static
/home/stvsl/Qt/QtMCUs/2.7.1/src/text/monotype/monotypeunicode.cpp:189:1:__dt_del 	8	static
/home/stvsl/Qt/QtMCUs/2.7.1/src/controls/radiobuttontemplate.cpp:73:1:__dt_base 	8	static
/home/stvsl/Qt/QtMCUs/2.7.1/src/controls/radiobuttontemplate.cpp:73:1:__dt_del 	8	static
/home/stvsl/Qt/QtMCUs/2.7.1/src/controls/switchtemplate.cpp:62:1:__dt_base 	16	static
/home/stvsl/Qt/QtMCUs/2.7.1/src/controls/switchtemplate.cpp:62:1:__dt_del 	16	static
/home/stvsl/Qt/QtMCUs/2.7.1/include/qul/private/propertybinding.h:498:17:callWithSelf	0	static
/home/stvsl/Qt/QtMCUs/2.7.1/src/controls/dialtemplate.cpp:286:6:clampValue	64	static
/home/stvsl/Qt/QtMCUs/2.7.1/include/qul/private/propertybinding.h:498:17:callWithSelf	0	static
/home/stvsl/Qt/QtMCUs/2.7.1/include/qul/private/propertybinding.h:498:17:callWithSelf	0	static
/home/stvsl/Qt/QtMCUs/2.7.1/src/controls/dialtemplate.cpp:302:7:valueAt	40	static
/home/stvsl/Qt/QtMCUs/2.7.1/src/controls/dialtemplate.cpp:326:7:positionAt	56	static
/home/stvsl/Qt/QtMCUs/2.7.1/src/controls/dialtemplate.cpp:390:7:snapPosition	48	static
/home/stvsl/Qt/QtMCUs/2.7.1/src/controls/dialtemplate.cpp:252:6:handleMove	64	static
/home/stvsl/Qt/QtMCUs/2.7.1/src/controls/dialtemplate.cpp:222:6:touchEvent	80	static
/home/stvsl/Qt/QtMCUs/2.7.1/include/qul/private/propertybinding.h:432:17:callMe	32	static
/home/stvsl/Qt/QtMCUs/2.7.1/include/qul/private/propertybinding.h:498:17:callWithSelf	48	static
/home/stvsl/Qt/QtMCUs/2.7.1/include/qul/private/propertybinding.h:498:17:callWithSelf	56	static
/home/stvsl/Qt/QtMCUs/2.7.1/src/controls/slidertemplate.cpp:304:6:clampValue	64	static
/home/stvsl/Qt/QtMCUs/2.7.1/include/qul/private/propertybinding.h:498:17:callWithSelf	0	static
/home/stvsl/Qt/QtMCUs/2.7.1/include/qul/private/propertybinding.h:498:17:callWithSelf	0	static
/home/stvsl/Qt/QtMCUs/2.7.1/src/controls/slidertemplate.cpp:328:7:valueAt	56	static
/home/stvsl/Qt/QtMCUs/2.7.1/src/controls/slidertemplate.cpp:360:7:positionAt	64	static
/home/stvsl/Qt/QtMCUs/2.7.1/src/controls/slidertemplate.cpp:393:7:snapPosition	56	static
/home/stvsl/Qt/QtMCUs/2.7.1/src/controls/slidertemplate.cpp:271:6:handleMove	48	static
/home/stvsl/Qt/QtMCUs/2.7.1/src/controls/slidertemplate.cpp:241:6:touchEvent	88	static
/home/stvsl/Qt/QtMCUs/2.7.1/include/qul/private/propertybinding.h:432:17:callMe	32	static
/home/stvsl/Qt/QtMCUs/2.7.1/src/controls/swipeviewtemplate.cpp:284:18:itemAt	24	static
/home/stvsl/Qt/QtMCUs/2.7.1/include/qul/private/propertybinding.h:432:17:callMe	40	static
/home/stvsl/Qt/QtMCUs/2.7.1/src/controls/progressbartemplate.cpp:92:1:__ct_base 	8	static
/home/stvsl/Qt/QtMCUs/2.7.1/src/controls/progressbartemplate.cpp:102:1:__dt_base 	16	static
/home/stvsl/Qt/QtMCUs/2.7.1/src/controls/progressbartemplate.cpp:102:1:__dt_del 	16	static
/home/stvsl/Qt/QtMCUs/2.7.1/src/controls/slidertemplate.cpp:239:1:__dt_base 	16	static
/home/stvsl/Qt/QtMCUs/2.7.1/src/controls/slidertemplate.cpp:239:1:__dt_del 	8	static
/home/stvsl/Qt/QtMCUs/2.7.1/src/controls/radiobuttontemplate.cpp:67:1:__ct_base 	56	static
/home/stvsl/Qt/QtMCUs/2.7.1/src/controls/slidertemplate.cpp:214:1:__ct_base 	48	static
/home/stvsl/Qt/QtMCUs/2.7.1/src/controls/swipeviewtemplate.cpp:170:1:__ct_base 	24	static
/home/stvsl/Qt/QtMCUs/2.7.1/src/controls/swipeviewtemplate.cpp:277:6:updateCurrentItem	56	static
/home/stvsl/Qt/QtMCUs/2.7.1/src/controls/swipeviewtemplate.cpp:553:6:snapFinishedCallback	32	static
/home/stvsl/Qt/QtMCUs/2.7.1/src/controls/swipeviewtemplate.cpp:323:6:layout	104	static
/home/stvsl/Qt/QtMCUs/2.7.1/src/controls/swipeviewtemplate.cpp:134:13:onComponentCompleted	80	static
/home/stvsl/Qt/QtMCUs/2.7.1/include/qul/private/propertybinding.h:432:17:callMe	8	static
/home/stvsl/Qt/QtMCUs/2.7.1/src/controls/swipeviewtemplate.cpp:193:6:implicitWidthChange	72	static
/home/stvsl/Qt/QtMCUs/2.7.1/src/controls/swipeviewtemplate.cpp:200:6:implicitHeightChange	72	static
/home/stvsl/Qt/QtMCUs/2.7.1/src/controls/swipeviewtemplate.cpp:207:6:appendChildImpl	56	static
/home/stvsl/Qt/QtMCUs/2.7.1/src/controls/switchtemplate.cpp:56:1:__ct_base 	56	static
/home/stvsl/Qt/QtMCUs/2.7.1/src/controls/swipeviewtemplate.cpp:191:1:__dt_base 	16	static
/home/stvsl/Qt/QtMCUs/2.7.1/src/controls/swipeviewtemplate.cpp:191:1:__dt_del 	8	static
/home/stvsl/Qt/QtMCUs/2.7.1/include/qul/private/controls/swipeviewtemplate.h:110:12:__dt_base 	16	static
/home/stvsl/Qt/QtMCUs/2.7.1/include/qul/private/controls/swipeviewtemplate.h:110:12:__dt_del 	16	static
/home/stvsl/Qt/QtMCUs/2.7.1/src/controls/swipeviewtemplate.cpp:410:6:handleUpdateEvent	56	static
/home/stvsl/Qt/QtMCUs/2.7.1/src/controls/swipeviewtemplate.cpp:644:6:doStart	40	static
/home/stvsl/Qt/QtMCUs/2.7.1/src/controls/swipeviewtemplate.cpp:489:6:childTouchEventFilter	40	static
/home/stvsl/Qt/QtMCUs/2.7.1/src/controls/swipeviewtemplate.cpp:515:6:touchEvent	40	static
