/home/stvsl/Qt/QtMCUs/2.7.0/src/platforminterface/layerengine.cpp:246:25:allocateItemLayer	0	static
/home/stvsl/Qt/QtMCUs/2.7.0/src/platforminterface/layerengine.cpp:274:26:allocateImageLayer	0	static
/home/stvsl/Qt/QtMCUs/2.7.0/src/platforminterface/layerengine.cpp:300:27:allocateSpriteLayer	0	static
/home/stvsl/Qt/QtMCUs/2.7.0/src/platforminterface/layerengine.cpp:318:6:deallocateItemLayer	0	static
/home/stvsl/Qt/QtMCUs/2.7.0/src/platforminterface/layerengine.cpp:333:6:deallocateImageLayer	0	static
/home/stvsl/Qt/QtMCUs/2.7.0/src/platforminterface/layerengine.cpp:348:6:deallocateSpriteLayer	0	static
/home/stvsl/Qt/QtMCUs/2.7.0/src/platforminterface/layerengine.cpp:363:6:updateItemLayer	0	static
/home/stvsl/Qt/QtMCUs/2.7.0/src/platforminterface/layerengine.cpp:380:6:updateImageLayer	0	static
/home/stvsl/Qt/QtMCUs/2.7.0/src/platforminterface/layerengine.cpp:396:6:updateSpriteLayer	0	static
/home/stvsl/Qt/QtMCUs/2.7.0/src/platforminterface/drawingengine.cpp:846:6:synchronizeForCpuAccess	0	static
/home/stvsl/Qt/QtMCUs/2.7.0/src/platforminterface/drawingengine.cpp:903:6:setStrokeProperties	0	static
/home/stvsl/Qt/QtMCUs/2.7.0/src/platforminterface/drawingengine.cpp:1083:6:init16bppFallbackRenderer	0	static
/home/stvsl/Qt/QtMCUs/2.7.0/src/platforminterface/drawingengine.cpp:1095:6:init32bppFallbackRenderer	0	static
/home/stvsl/.mcuxpressotools/arm-gnu-toolchain-12.3.rel1-x86_64-arm-none-eabi/arm-none-eabi/include/c++/12.3.1/bits/stl_uninitialized.h:344:5:__uninitialized_copy_a	0	static
/home/stvsl/.mcuxpressotools/arm-gnu-toolchain-12.3.rel1-x86_64-arm-none-eabi/arm-none-eabi/include/c++/12.3.1/bits/stl_uninitialized.h:391:5:__uninitialized_move_if_noexcept_a	8	static
/home/stvsl/.mcuxpressotools/arm-gnu-toolchain-12.3.rel1-x86_64-arm-none-eabi/arm-none-eabi/include/c++/12.3.1/bits/stl_uninitialized.h:741:5:__uninitialized_default_n_a	0	static
/home/stvsl/Qt/QtMCUs/2.7.0/include/qul/private/global.h:254:75:qFuzzyCompare	8	static
/home/stvsl/Qt/QtMCUs/2.7.0/include/platforminterface/transform.h:288:18:determinant	0	static
/home/stvsl/Qt/QtMCUs/2.7.0/src/platforminterface/printf.c:135:20:_out_buffer	0	static
/home/stvsl/Qt/QtMCUs/2.7.0/src/platforminterface/printf.c:144:20:_out_null	0	static
/home/stvsl/Qt/QtMCUs/2.7.0/src/platforminterface/printf.c:190:21:_atoi	0	static
/home/stvsl/Qt/QtMCUs/2.7.0/src/platforminterface/printf.c:201:15:_out_rev	48	static
/home/stvsl/Qt/QtMCUs/2.7.0/src/platforminterface/printf.c:230:15:_ntoa_format	48	static
/home/stvsl/Qt/QtMCUs/2.7.0/src/platforminterface/printf.c:284:15:_ntoa_long	88	static
/home/stvsl/Qt/QtMCUs/2.7.0/src/platforminterface/printf.c:309:15:_ntoa_long_long	120	static
/home/stvsl/Qt/QtMCUs/2.7.0/src/platforminterface/printf.c:472:15:_etoa	72	static
/home/stvsl/Qt/QtMCUs/2.7.0/src/platforminterface/printf.c:341:15:_ftoa	88	static
/home/stvsl/Qt/QtMCUs/2.7.0/src/platforminterface/printf.c:589:12:_vsnprintf	104	static
/home/stvsl/Qt/QtMCUs/2.7.0/src/platforminterface/printf.c:916:5:vprintf_	24	static
/home/stvsl/Qt/QtMCUs/2.7.0/src/qulrcc/qulrcc_lookup.cpp:38:12:binarySearch	4	static
/home/stvsl/Qt/QtMCUs/2.7.0/src/extras/itembuffer.cpp:136:1:__static_initialization_and_destruction_0	0	static
/home/stvsl/Qt/QtMCUs/2.7.0/include/qul/private/global.h:254:75:qFuzzyCompare	8	static
/home/stvsl/Qt/QtMCUs/2.7.0/src/graphics/vg_softwarerasterizer/outlinemapper.h:237:13:closeSubpath	16	static
/home/stvsl/.mcuxpressotools/arm-gnu-toolchain-12.3.rel1-x86_64-arm-none-eabi/arm-none-eabi/include/c++/12.3.1/bits/stl_vector.h:1228:7:back	0	static
/home/stvsl/.mcuxpressotools/arm-gnu-toolchain-12.3.rel1-x86_64-arm-none-eabi/arm-none-eabi/include/c++/12.3.1/bits/alloc_traits.h:832:5:_Destroy	0	static
/home/stvsl/.mcuxpressotools/arm-gnu-toolchain-12.3.rel1-x86_64-arm-none-eabi/arm-none-eabi/include/c++/12.3.1/bits/stl_vector.h:1928:7:_M_erase_at_end	0	static
/home/stvsl/Qt/QtMCUs/2.7.0/src/graphics/vg_softwarerasterizer/outlinemapper.h:184:13:endOutline	16	static
/home/stvsl/.mcuxpressotools/arm-gnu-toolchain-12.3.rel1-x86_64-arm-none-eabi/arm-none-eabi/include/c++/12.3.1/bits/stl_uninitialized.h:344:5:__uninitialized_copy_a	0	static
/home/stvsl/.mcuxpressotools/arm-gnu-toolchain-12.3.rel1-x86_64-arm-none-eabi/arm-none-eabi/include/c++/12.3.1/bits/stl_uninitialized.h:391:5:__uninitialized_move_if_noexcept_a	8	static
/home/stvsl/Qt/QtMCUs/2.7.0/src/graphics/blendhelper.h:122:13:blend_rgb888_withAlpha	20	static
/home/stvsl/Qt/QtMCUs/2.7.0/src/graphics/blendhelper.h:153:13:blend_rgb8_withAlpha	12	static
/home/stvsl/Qt/QtMCUs/2.7.0/src/graphics/vg_softwarerasterizer/freetyperasterizer.cpp:79:20:qt_gradient_clamp	0	static
/home/stvsl/Qt/QtMCUs/2.7.0/src/graphics/vg_softwarerasterizer/freetyperasterizer.cpp:101:20:qt_gradient_pixel_fixed	8	static
/home/stvsl/Qt/QtMCUs/2.7.0/src/graphics/vg_softwarerasterizer/freetyperasterizer.cpp:107:20:qt_gradient_pixel	8	static
/home/stvsl/Qt/QtMCUs/2.7.0/src/graphics/vg_softwarerasterizer/freetyperasterizer.cpp:133:13:linear_gradient_fill	56	static
/home/stvsl/Qt/QtMCUs/2.7.0/src/graphics/vg_softwarerasterizer/freetyperasterizer.cpp:216:13:blend_rgb888_callback	16	static
/home/stvsl/Qt/QtMCUs/2.7.0/src/graphics/vg_softwarerasterizer/freetyperasterizer.cpp:250:13:blend_rgb332_callback	16	static
/home/stvsl/Qt/QtMCUs/2.7.0/src/graphics/blendhelper.h:89:54:fromRgba32	0	static
/home/stvsl/Qt/QtMCUs/2.7.0/src/3rdparty/freetype/ftgrays.c:1111:13:gray_split_conic	0	static
/home/stvsl/Qt/QtMCUs/2.7.0/src/3rdparty/freetype/ftgrays.c:1193:13:gray_split_cubic	4	static
/home/stvsl/Qt/QtMCUs/2.7.0/src/3rdparty/freetype/ftgrays.c:1343:13:gray_sweep_direct	128	static
/home/stvsl/Qt/QtMCUs/2.7.0/src/3rdparty/freetype/ftgrays.c:1452:12:FT_Outline_Decompose	112	static
/home/stvsl/Qt/QtMCUs/2.7.0/src/3rdparty/freetype/ftgrays.c:1916:13:gray_raster_done	0	static
/home/stvsl/Qt/QtMCUs/2.7.0/src/3rdparty/freetype/ftgrays.c:1946:13:gray_raster_reset	0	static
/home/stvsl/Qt/QtMCUs/2.7.0/src/3rdparty/freetype/ftgrays.c:1953:12:gray_raster_set_mode	0	static
/home/stvsl/Qt/QtMCUs/2.7.0/src/platforminterface/pathdatastroker.cpp:1061:6:lineTo	24	static
/home/stvsl/Qt/QtMCUs/2.7.0/src/platforminterface/pathdatastroker.cpp:1074:6:moveTo	24	static
/home/stvsl/Qt/QtMCUs/2.7.0/src/platforminterface/pathdatastroker.cpp:1089:6:cubicTo	40	static
/home/stvsl/Qt/QtMCUs/2.7.0/src/platforminterface/pathdatastroker.cpp:1108:6:arcTo	40	static
/home/stvsl/Qt/QtMCUs/2.7.0/include/platforminterface/allocator.h:159:13:qul_delete	8	static
/home/stvsl/Qt/QtMCUs/2.7.0/include/platforminterface/allocator.h:159:13:qul_delete	8	static
/home/stvsl/Qt/QtMCUs/2.7.0/include/platforminterface/allocator.h:159:13:qul_delete	8	static
/home/stvsl/.mcuxpressotools/arm-gnu-toolchain-12.3.rel1-x86_64-arm-none-eabi/arm-none-eabi/include/c++/12.3.1/bits/stl_vector.h:728:7:__dt_base 	8	static
/home/stvsl/Qt/QtMCUs/2.7.0/src/platforminterface/transform.cpp:562:13:mapMinMax	40	static
/home/stvsl/Qt/QtMCUs/2.7.0/include/platforminterface/rect.h:939:13:toRect	40	static
/home/stvsl/Qt/QtMCUs/2.7.0/src/graphics/blendhelper.h:292:13:rectFill_argb32	40	static
/home/stvsl/Qt/QtMCUs/2.7.0/src/graphics/blendhelper.h:299:13:rectFill_rgb565	40	static
/home/stvsl/Qt/QtMCUs/2.7.0/src/graphics/blendhelper.h:306:13:rectFill_argb4444_premultiplied	40	static
/home/stvsl/Qt/QtMCUs/2.7.0/src/graphics/blendhelper.h:333:13:rectBlend_rgb32	40	static
/home/stvsl/Qt/QtMCUs/2.7.0/src/platforminterface/drawingengine.cpp:241:6:blendRect	8	static
/home/stvsl/Qt/QtMCUs/2.7.0/src/graphics/blendhelper.h:340:13:rectBlend_rgb565	40	static
/home/stvsl/Qt/QtMCUs/2.7.0/src/graphics/blendhelper.h:347:13:rectBlend_argb4444_premultiplied	40	static
/home/stvsl/Qt/QtMCUs/2.7.0/src/platforminterface/drawingengine.cpp:169:6:blendTransformedImage	64	static
/home/stvsl/Qt/QtMCUs/2.7.0/src/platforminterface/drawingengine.cpp:193:6:blendTransformedAlphaMap	64	static
/home/stvsl/Qt/QtMCUs/2.7.0/src/platforminterface/drawingengine.cpp:249:6:blendRoundedRect	24	static
/home/stvsl/Qt/QtMCUs/2.7.0/src/graphics/vg_softwarerasterizer/freetyperasterizer.cpp:387:6:getLinearGradientValues	152	static
/home/stvsl/.mcuxpressotools/arm-gnu-toolchain-12.3.rel1-x86_64-arm-none-eabi/arm-none-eabi/include/c++/12.3.1/bits/stl_vector.h:1928:7:_M_erase_at_end	0	static
/home/stvsl/.mcuxpressotools/arm-gnu-toolchain-12.3.rel1-x86_64-arm-none-eabi/arm-none-eabi/include/c++/12.3.1/bits/stl_vector.h:1891:7:_M_check_len	24	static
/home/stvsl/.mcuxpressotools/arm-gnu-toolchain-12.3.rel1-x86_64-arm-none-eabi/arm-none-eabi/include/c++/12.3.1/bits/stl_vector.h:1891:7:_M_check_len	24	static
/home/stvsl/.mcuxpressotools/arm-gnu-toolchain-12.3.rel1-x86_64-arm-none-eabi/arm-none-eabi/include/c++/12.3.1/bits/stl_vector.h:1611:2:_M_allocate_and_copy	24	static
/home/stvsl/.mcuxpressotools/arm-gnu-toolchain-12.3.rel1-x86_64-arm-none-eabi/arm-none-eabi/include/c++/12.3.1/bits/vector.tcc:67:5:reserve	24	static
/home/stvsl/.mcuxpressotools/arm-gnu-toolchain-12.3.rel1-x86_64-arm-none-eabi/arm-none-eabi/include/c++/12.3.1/bits/vector.tcc:439:7:_M_realloc_insert	40	static
/home/stvsl/.mcuxpressotools/arm-gnu-toolchain-12.3.rel1-x86_64-arm-none-eabi/arm-none-eabi/include/c++/12.3.1/bits/stl_vector.h:1276:7:push_back	8	static
/home/stvsl/.mcuxpressotools/arm-gnu-toolchain-12.3.rel1-x86_64-arm-none-eabi/arm-none-eabi/include/c++/12.3.1/bits/vector.tcc:628:5:_M_default_append	40	static
/home/stvsl/.mcuxpressotools/arm-gnu-toolchain-12.3.rel1-x86_64-arm-none-eabi/arm-none-eabi/include/c++/12.3.1/bits/stl_vector.h:1008:7:resize	8	static
/home/stvsl/Qt/QtMCUs/2.7.0/src/platforminterface/printf.c:151:20:_out_char	8	static
/home/stvsl/Qt/QtMCUs/2.7.0/src/graphics/vg_softwarerasterizer/outlinemapper.h:168:13:initOutline	16	static
/home/stvsl/Qt/QtMCUs/2.7.0/src/graphics/vg_softwarerasterizer/outlinemapper.h:201:13:freeOutline	8	static
/home/stvsl/Qt/QtMCUs/2.7.0/src/graphics/vg_softwarerasterizer/outlinemapper.h:53:5:__dt_base 	16	static
/home/stvsl/Qt/QtMCUs/2.7.0/include/platforminterface/allocator.h:159:13:qul_delete	8	static
/home/stvsl/Qt/QtMCUs/2.7.0/src/graphics/vg_softwarerasterizer/outlinemapper.h:55:10:free	8	static
/home/stvsl/Qt/QtMCUs/2.7.0/src/graphics/vg_softwarerasterizer/outlinemapper.cpp:28:1:__ct_base 	8	static
/home/stvsl/Qt/QtMCUs/2.7.0/include/platforminterface/allocator.h:103:11:qul_new	16	static
/home/stvsl/Qt/QtMCUs/2.7.0/src/platforminterface/drawingengine.cpp:874:22:allocatePath	16	static
/home/stvsl/Qt/QtMCUs/2.7.0/src/graphics/vg_softwarerasterizer/freetyperasterizer.cpp:365:6:rasterizePath	80	static
/home/stvsl/Qt/QtMCUs/2.7.0/src/3rdparty/freetype/ftgrays.c:1303:13:gray_sweep	32	static
/home/stvsl/Qt/QtMCUs/2.7.0/src/3rdparty/freetype/ftgrays.c:1904:12:gray_raster_new	8	static
/home/stvsl/Qt/QtMCUs/2.7.0/src/graphics/vg_softwarerasterizer/outlinemapper.cpp:286:6:asRectangle	80	static
/home/stvsl/.mcuxpressotools/arm-gnu-toolchain-12.3.rel1-x86_64-arm-none-eabi/arm-none-eabi/include/c++/12.3.1/bits/stl_vector.h:1150:7:_M_range_check	8	static
/home/stvsl/Qt/QtMCUs/2.7.0/src/3rdparty/freetype/ftgrays.c:520:13:gray_set_cell	8	static
/home/stvsl/Qt/QtMCUs/2.7.0/src/3rdparty/freetype/ftgrays.c:577:13:gray_render_scanline	56	static
/home/stvsl/Qt/QtMCUs/2.7.0/src/3rdparty/freetype/ftgrays.c:658:13:gray_render_line	72	static
/home/stvsl/Qt/QtMCUs/2.7.0/src/3rdparty/freetype/ftgrays.c:1130:13:gray_render_conic	288	static
/home/stvsl/Qt/QtMCUs/2.7.0/src/3rdparty/freetype/ftgrays.c:1291:12:gray_conic_to	8	static
/home/stvsl/Qt/QtMCUs/2.7.0/src/3rdparty/freetype/ftgrays.c:1222:13:gray_render_cubic	408	static
/home/stvsl/Qt/QtMCUs/2.7.0/src/3rdparty/freetype/ftgrays.c:1297:12:gray_cubic_to	8	static
/home/stvsl/Qt/QtMCUs/2.7.0/src/3rdparty/freetype/ftgrays.c:1285:12:gray_line_to	8	static
/home/stvsl/Qt/QtMCUs/2.7.0/src/3rdparty/freetype/ftgrays.c:1270:12:gray_move_to	16	static
/home/stvsl/Qt/QtMCUs/2.7.0/src/3rdparty/freetype/ftgrays.c:1700:12:gray_convert_glyph_inner	24	static
/home/stvsl/Qt/QtMCUs/2.7.0/src/3rdparty/freetype/ftgrays.c:1725:12:gray_convert_glyph	3232	static
/home/stvsl/Qt/QtMCUs/2.7.0/src/3rdparty/freetype/ftgrays.c:1822:12:gray_raster_render	256	static
/home/stvsl/.mcuxpressotools/arm-gnu-toolchain-12.3.rel1-x86_64-arm-none-eabi/arm-none-eabi/include/c++/12.3.1/bits/stl_vector.h:1928:7:_M_erase_at_end	0	static
/home/stvsl/Qt/QtMCUs/2.7.0/src/platforminterface/platforminterface.cpp:311:6:init16bppRendering	8	static
/home/stvsl/Qt/QtMCUs/2.7.0/src/platforminterface/platforminterface.cpp:351:6:init32bppRendering	8	static
/home/stvsl/Qt/QtMCUs/2.7.0/src/platforminterface/rect.cpp:754:6:contains	4	static
/home/stvsl/Qt/QtMCUs/2.7.0/src/platforminterface/rect.cpp:903:6:intersects	12	static
/home/stvsl/Qt/QtMCUs/2.7.0/src/platforminterface/rect.cpp:966:6:operator|	56	static
/home/stvsl/Qt/QtMCUs/2.7.0/src/platforminterface/rect.cpp:1017:6:operator&	64	static
/home/stvsl/Qt/QtMCUs/2.7.0/src/platforminterface/drawingengine.cpp:1018:6:blendSimpleGradient	3280	static
/home/stvsl/Qt/QtMCUs/2.7.0/src/platforminterface/rect.cpp:1683:6:contains	24	static
/home/stvsl/Qt/QtMCUs/2.7.0/src/platforminterface/rect.cpp:2054:6:toAlignedRect	4	static
/home/stvsl/Qt/QtMCUs/2.7.0/src/platforminterface/drawingengine.cpp:51:1:__ct_base 	0	static
/home/stvsl/Qt/QtMCUs/2.7.0/src/platforminterface/drawingengine.cpp:55:6:addStop	24	static
/home/stvsl/Qt/QtMCUs/2.7.0/src/platforminterface/drawingengine.cpp:87:21:stops	0	static
/home/stvsl/Qt/QtMCUs/2.7.0/src/platforminterface/drawingengine.cpp:95:8:size	0	static
/home/stvsl/Qt/QtMCUs/2.7.0/src/platforminterface/drawingengine.cpp:1101:40:get8bppFallbackRenderer	0	static
/home/stvsl/Qt/QtMCUs/2.7.0/src/platforminterface/drawingengine.cpp:1106:40:get16bppFallbackRenderer	0	static
/home/stvsl/Qt/QtMCUs/2.7.0/src/platforminterface/drawingengine.cpp:1111:40:get24bppFallbackRenderer	0	static
/home/stvsl/Qt/QtMCUs/2.7.0/src/platforminterface/drawingengine.cpp:1116:40:get32bppFallbackRenderer	0	static
/home/stvsl/Qt/QtMCUs/2.7.0/src/platforminterface/transform.cpp:433:11:fromRotation	24	static
/home/stvsl/Qt/QtMCUs/2.7.0/src/platforminterface/transform.cpp:492:11:inverted	56	static
/home/stvsl/Qt/QtMCUs/2.7.0/src/graphics/vg_softwarerasterizer/freetyperasterizer.cpp:113:6:setupMatrix	144	static
/home/stvsl/Qt/QtMCUs/2.7.0/src/platforminterface/transform.cpp:606:26:mapArbitrary	112	static
/home/stvsl/Qt/QtMCUs/2.7.0/src/platforminterface/transform.cpp:654:17:optimize	8	static
/home/stvsl/Qt/QtMCUs/2.7.0/src/platforminterface/log.cpp:64:5:log	16	static
/home/stvsl/Qt/QtMCUs/2.7.0/src/platforminterface/printf.c:923:5:vsnprintf_	16	static
/home/stvsl/Qt/QtMCUs/2.7.0/src/extras/statictext.cpp:87:5:textWidth	8	static
/home/stvsl/Qt/QtMCUs/2.7.0/include/qul/property.h:685:14:value	24	static
/home/stvsl/Qt/QtMCUs/2.7.0/src/extras/statictext.cpp:52:35:explicitlySetHAlignment	16	static
/home/stvsl/Qt/QtMCUs/2.7.0/src/extras/itembuffer.cpp:136:1:_GLOBAL__sub_I__ZN3Qul7Private5Items10ItemBuffer16dirtyItemBuffersE	8	static
/home/stvsl/Qt/QtMCUs/2.7.0/include/platforminterface/transform.h:299:38:map	88	static
/home/stvsl/Qt/QtMCUs/2.7.0/src/graphics/vg_softwarerasterizer/outlinemapper.h:220:18:transform	48	static
/home/stvsl/Qt/QtMCUs/2.7.0/src/graphics/vg_softwarerasterizer/outlinemapper.h:249:13:moveToOutline	88	static
/home/stvsl/Qt/QtMCUs/2.7.0/src/graphics/vg_softwarerasterizer/outlinemapper.h:258:13:lineToOutline	88	static
/home/stvsl/Qt/QtMCUs/2.7.0/src/graphics/vg_softwarerasterizer/outlinemapper.h:265:13:quadToOutline	160	static
/home/stvsl/Qt/QtMCUs/2.7.0/src/graphics/vg_softwarerasterizer/outlinemapper.h:276:13:cubicToOutline	224	static
/home/stvsl/Qt/QtMCUs/2.7.0/src/graphics/vg_softwarerasterizer/outlinemapper.h:293:13:arcToOutline	64	static
/home/stvsl/Qt/QtMCUs/2.7.0/include/platforminterface/rgba32.h:58:19:premultiplied	0	static
/home/stvsl/Qt/QtMCUs/2.7.0/src/graphics/blendhelper.h:111:13:blend_argb32_withAlpha	12	static
/home/stvsl/Qt/QtMCUs/2.7.0/src/graphics/vg_softwarerasterizer/freetyperasterizer.cpp:204:13:blend_argb32_callback	16	static
/home/stvsl/Qt/QtMCUs/2.7.0/src/graphics/blendhelper.h:142:13:blend_rgb565_withAlpha	8	static
/home/stvsl/Qt/QtMCUs/2.7.0/src/graphics/vg_softwarerasterizer/freetyperasterizer.cpp:224:13:blend_rgb565_callback	16	static
/home/stvsl/Qt/QtMCUs/2.7.0/src/graphics/blendhelper.h:165:13:blend_argb4444_withAlpha	16	static
/home/stvsl/Qt/QtMCUs/2.7.0/src/graphics/vg_softwarerasterizer/freetyperasterizer.cpp:237:13:blend_argb4444_callback	16	static
/home/stvsl/Qt/QtMCUs/2.7.0/include/qul/private/array.h:124:15:emplace	24	static
/home/stvsl/Qt/QtMCUs/2.7.0/src/platforminterface/platforminterface.cpp:75:6:handleTouchEvent	168	static
/home/stvsl/Qt/QtMCUs/2.7.0/include/platforminterface/texture.h:94:22:pixelData	32	static
/home/stvsl/Qt/QtMCUs/2.7.0/src/graphics/blendfunctions.h:152:1:blend_rgb32_on_rgb32	56	static
/home/stvsl/Qt/QtMCUs/2.7.0/src/graphics/blendfunctions.h:153:1:blend_argb32_on_argb32	56	static
/home/stvsl/Qt/QtMCUs/2.7.0/src/graphics/blendfunctions.h:154:1:blend_rgb32_on_rgb16	56	static
/home/stvsl/Qt/QtMCUs/2.7.0/src/graphics/blendfunctions.h:155:1:blend_rgb16_on_argb32	56	static
/home/stvsl/Qt/QtMCUs/2.7.0/src/graphics/blendfunctions.h:156:1:blend_argb16_on_argb32	56	static
/home/stvsl/Qt/QtMCUs/2.7.0/src/graphics/blendfunctions.h:157:1:blend_rgb8_on_argb32	56	static
/home/stvsl/Qt/QtMCUs/2.7.0/src/graphics/blendfunctions.h:170:1:blend_rgb16_on_rgb16	56	static
/home/stvsl/Qt/QtMCUs/2.7.0/src/graphics/blendfunctions.h:171:1:blend_argb32_on_rgb16	56	static
/home/stvsl/Qt/QtMCUs/2.7.0/src/graphics/blendfunctions.h:172:1:blend_argb16_on_rgb16	56	static
/home/stvsl/Qt/QtMCUs/2.7.0/src/graphics/blendfunctions.h:173:1:blend_rgb8_on_rgb16	56	static
/home/stvsl/Qt/QtMCUs/2.7.0/src/graphics/blendfunctions.h:179:1:blend_rgb32_on_argb16	56	static
/home/stvsl/Qt/QtMCUs/2.7.0/src/graphics/blendfunctions.h:180:1:blend_rgb16_on_argb16	56	static
/home/stvsl/Qt/QtMCUs/2.7.0/src/graphics/blendfunctions.h:181:1:blend_argb16_on_argb16	56	static
/home/stvsl/Qt/QtMCUs/2.7.0/src/graphics/blendfunctions.h:182:1:blend_argb32_on_argb16	56	static
/home/stvsl/Qt/QtMCUs/2.7.0/src/graphics/blendfunctions.h:183:1:blend_rgb8_on_argb16	56	static
/home/stvsl/Qt/QtMCUs/2.7.0/src/graphics/blendhelper.h:375:13:alphamapblend_rgb32	72	static
/home/stvsl/Qt/QtMCUs/2.7.0/src/graphics/blendhelper.h:375:13:alphamapblend_rgb32	72	static
/home/stvsl/Qt/QtMCUs/2.7.0/src/platforminterface/drawingengine.cpp:301:6:blendAlphaMap	16	static
/home/stvsl/Qt/QtMCUs/2.7.0/src/graphics/blendhelper.h:411:13:alphamapblend_rgb565	72	static
/home/stvsl/Qt/QtMCUs/2.7.0/src/graphics/blendhelper.h:429:13:alphamapblend_argb4444_premultiplied	72	static
/home/stvsl/Qt/QtMCUs/2.7.0/src/graphics/blendhelper.h:411:13:alphamapblend_rgb565	72	static
/home/stvsl/Qt/QtMCUs/2.7.0/src/graphics/blendhelper.h:429:13:alphamapblend_argb4444_premultiplied	72	static
/home/stvsl/Qt/QtMCUs/2.7.0/src/graphics/blendfunctions.h:47:12:bppForRleFormat	16	static
/home/stvsl/Qt/QtMCUs/2.7.0/src/graphics/blendfunctions.h:159:1:blend_rle_rgb888_on_rgb32	56	static
/home/stvsl/Qt/QtMCUs/2.7.0/src/graphics/blendfunctions.h:160:1:blend_rle_argb32_on_argb32	56	static
/home/stvsl/Qt/QtMCUs/2.7.0/src/graphics/blendfunctions.h:161:1:blend_rle_argb32_on_argb16	56	static
/home/stvsl/Qt/QtMCUs/2.7.0/src/graphics/blendfunctions.h:162:1:blend_rle_argb32_on_rgb16	56	static
/home/stvsl/Qt/QtMCUs/2.7.0/src/graphics/blendfunctions.h:163:1:blend_rle_rgb888_on_argb16	56	static
/home/stvsl/Qt/QtMCUs/2.7.0/src/graphics/blendfunctions.h:164:1:blend_rle_rgb888_on_rgb16	56	static
/home/stvsl/Qt/QtMCUs/2.7.0/src/platforminterface/drawingengine.cpp:264:6:blendImage	16	static
/home/stvsl/Qt/QtMCUs/2.7.0/src/platforminterface/drawingengine.cpp:445:6:blendRect	32	static
/home/stvsl/Qt/QtMCUs/2.7.0/src/platforminterface/drawingengine.cpp:466:6:blendRoundedRect	24	static
/home/stvsl/Qt/QtMCUs/2.7.0/src/platforminterface/drawingengine.cpp:486:6:blendImage	24	static
/home/stvsl/Qt/QtMCUs/2.7.0/src/platforminterface/drawingengine.cpp:545:6:blendAlphaMap	24	static
/home/stvsl/Qt/QtMCUs/2.7.0/src/platforminterface/drawingengine.cpp:698:6:blendRect	32	static
/home/stvsl/Qt/QtMCUs/2.7.0/src/platforminterface/drawingengine.cpp:720:6:blendRoundedRect	48	static
/home/stvsl/Qt/QtMCUs/2.7.0/src/platforminterface/drawingengine.cpp:737:6:blendImage	64	static
/home/stvsl/Qt/QtMCUs/2.7.0/src/platforminterface/drawingengine.cpp:757:6:blendAlphaMap	64	static
/home/stvsl/Qt/QtMCUs/2.7.0/src/platforminterface/drawingengine.cpp:780:6:blendTransformedImage	80	static
/home/stvsl/Qt/QtMCUs/2.7.0/src/platforminterface/drawingengine.cpp:817:6:blendTransformedAlphaMap	72	static
/home/stvsl/Qt/QtMCUs/2.7.0/include/platforminterface/allocator.h:67:8:allocate	24	static
/home/stvsl/.mcuxpressotools/arm-gnu-toolchain-12.3.rel1-x86_64-arm-none-eabi/arm-none-eabi/include/c++/12.3.1/bits/vector.tcc:439:7:_M_realloc_insert	40	static
/home/stvsl/.mcuxpressotools/arm-gnu-toolchain-12.3.rel1-x86_64-arm-none-eabi/arm-none-eabi/include/c++/12.3.1/bits/stl_vector.h:1276:7:push_back	8	static
/home/stvsl/.mcuxpressotools/arm-gnu-toolchain-12.3.rel1-x86_64-arm-none-eabi/arm-none-eabi/include/c++/12.3.1/bits/vector.tcc:439:7:_M_realloc_insert	40	static
/home/stvsl/.mcuxpressotools/arm-gnu-toolchain-12.3.rel1-x86_64-arm-none-eabi/arm-none-eabi/include/c++/12.3.1/bits/vector.tcc:111:7:emplace_back	8	static
/home/stvsl/Qt/QtMCUs/2.7.0/src/graphics/vg_softwarerasterizer/outlinemapper.cpp:44:6:addBezierSegment	48	static
/home/stvsl/Qt/QtMCUs/2.7.0/src/graphics/vg_softwarerasterizer/freetyperasterizer.cpp:259:33:pixelBlendCallback	16	static
/home/stvsl/Qt/QtMCUs/2.7.0/src/graphics/vg_softwarerasterizer/freetyperasterizer.cpp:279:6:blendSpans	64	static
/home/stvsl/Qt/QtMCUs/2.7.0/src/graphics/vg_softwarerasterizer/outlinemapper.h:139:13:arcToBezier	56	static
/home/stvsl/Qt/QtMCUs/2.7.0/src/graphics/vg_softwarerasterizer/outlinemapper.cpp:61:6:countOutlinePoints	440	static
/home/stvsl/Qt/QtMCUs/2.7.0/src/graphics/vg_softwarerasterizer/outlinemapper.cpp:157:36:strokePathData	8	static
/home/stvsl/Qt/QtMCUs/2.7.0/include/platforminterface/allocator.h:103:11:qul_new	32	static
/home/stvsl/Qt/QtMCUs/2.7.0/src/platforminterface/pathdatastroker.cpp:1045:6:endStroke	32	static
/home/stvsl/Qt/QtMCUs/2.7.0/src/platforminterface/rect.cpp:1917:7:operator&	216	static
/home/stvsl/Qt/QtMCUs/2.7.0/src/qulrcc/qulrcc_lookup.cpp:71:13:findImageForString	328	static
/home/stvsl/Qt/QtMCUs/2.7.0/src/extras/itembuffer.cpp:94:6:render	128	static
/home/stvsl/Qt/QtMCUs/2.7.0/include/platforminterface/pathdatastroker.h:175:5:__dt_base 	8	static
/home/stvsl/Qt/QtMCUs/2.7.0/src/graphics/vg_softwarerasterizer/outlinemapper.cpp:164:19:mapPathToOutline	128	static
/home/stvsl/Qt/QtMCUs/2.7.0/src/graphics/vg_softwarerasterizer/freetyperasterizer.cpp:406:6:blendPath_impl	1152	static
/home/stvsl/Qt/QtMCUs/2.7.0/src/platforminterface/drawingengine.cpp:936:6:blendPath	208	static
