/home/stvsl/Qt/QtMCUs/2.7.0/src/core/animation.cpp:46:7:easeNone_wrap	0	static
/home/stvsl/Qt/QtMCUs/2.7.0/src/core/animation.cpp:577:6:isStandAloneAnimation	0	static
/home/stvsl/Qt/QtMCUs/2.7.0/src/core/animation.cpp:650:6:tick	8	static
/home/stvsl/Qt/QtMCUs/2.7.0/include/qul/private/repaintstrategy.h:86:10:reset	8	static
/home/stvsl/Qt/QtMCUs/2.7.0/include/qul/private/layers/layers.h:280:30:childrenOffset	8	static
/home/stvsl/Qt/QtMCUs/2.7.0/include/qul/private/layers/layers.h:351:37:renderNode	0	static
/home/stvsl/Qt/QtMCUs/2.7.0/include/qul/private/staticInitializerCheck.h:37:22:getMagicValue	0	static
/home/stvsl/Qt/QtMCUs/2.7.0/include/qul/private/staticInitializerCheck.h:44:22:getMagicValue	0	static
/home/stvsl/Qt/QtMCUs/2.7.0/src/core/application.cpp:461:6:activatePendingAnimations	0	static
/home/stvsl/Qt/QtMCUs/2.7.0/src/core/application.cpp:701:13:screenMatches	0	static
/home/stvsl/Qt/QtMCUs/2.7.0/src/core/application.cpp:1402:6:isAnimating	4	static
/home/stvsl/Qt/QtMCUs/2.7.0/src/core/application.cpp:1529:6:animationTick	8	static
/home/stvsl/Qt/QtMCUs/2.7.0/src/core/application.cpp:1556:9:deltaTime	0	static
/home/stvsl/Qt/QtMCUs/2.7.0/include/qul/private/global.h:399:11:offsetOf	0	static
/home/stvsl/Qt/QtMCUs/2.7.0/src/core/applicationsettings.cpp:50:1:__ct_base 	0	static
/home/stvsl/Qt/QtMCUs/2.7.0/src/core/colorstringparser.cpp:58:6:mapHexDigitsValueToColor	0	static
/home/stvsl/Qt/QtMCUs/2.7.0/src/core/eventqueue.cpp:31:6:processEventQueues	8	static
/home/stvsl/Qt/QtMCUs/2.7.0/src/core/flickable.cpp:650:6:resetFixUp	0	static
/home/stvsl/Qt/QtMCUs/2.7.0/src/core/flickable.cpp:656:6:reset	0	static
/home/stvsl/Qt/QtMCUs/2.7.0/src/core/flickable.cpp:645:6:doStop	8	static
/home/stvsl/Qt/QtMCUs/2.7.0/include/qul/private/global.h:399:11:offsetOf	0	static
/home/stvsl/Qt/QtMCUs/2.7.0/include/qul/private/flagpointer.h:427:6:operator!=	0	static
/home/stvsl/.mcuxpressotools/arm-gnu-toolchain-12.3.rel1-x86_64-arm-none-eabi/arm-none-eabi/include/c++/12.3.1/bits/std_function.h:241:5:__dt_base 	8	static
/home/stvsl/Qt/QtMCUs/2.7.0/include/qul/private/flagpointer.h:421:6:operator==	0	static
/home/stvsl/.mcuxpressotools/arm-gnu-toolchain-12.3.rel1-x86_64-arm-none-eabi/arm-none-eabi/include/c++/12.3.1/bits/stl_vector.h:908:7:rbegin	0	static
/home/stvsl/.mcuxpressotools/arm-gnu-toolchain-12.3.rel1-x86_64-arm-none-eabi/arm-none-eabi/include/c++/12.3.1/bits/alloc_traits.h:832:5:_Destroy	0	static
/home/stvsl/.mcuxpressotools/arm-gnu-toolchain-12.3.rel1-x86_64-arm-none-eabi/arm-none-eabi/include/c++/12.3.1/bits/stl_vector.h:1228:7:back	0	static
/home/stvsl/.mcuxpressotools/arm-gnu-toolchain-12.3.rel1-x86_64-arm-none-eabi/arm-none-eabi/include/c++/12.3.1/bits/stl_algobase.h:2059:5:__find_if	8	static
/home/stvsl/.mcuxpressotools/arm-gnu-toolchain-12.3.rel1-x86_64-arm-none-eabi/arm-none-eabi/include/c++/12.3.1/bits/stl_algo.h:3843:5:find	8	static
/home/stvsl/.mcuxpressotools/arm-gnu-toolchain-12.3.rel1-x86_64-arm-none-eabi/arm-none-eabi/include/c++/12.3.1/bits/stl_tree.h:1948:5:_M_lower_bound	4	static
/home/stvsl/.mcuxpressotools/arm-gnu-toolchain-12.3.rel1-x86_64-arm-none-eabi/arm-none-eabi/include/c++/12.3.1/bits/stl_map.h:1306:7:lower_bound	8	static
/home/stvsl/.mcuxpressotools/arm-gnu-toolchain-12.3.rel1-x86_64-arm-none-eabi/arm-none-eabi/include/c++/12.3.1/bits/stl_tree.h:1980:5:_M_upper_bound	4	static
/home/stvsl/.mcuxpressotools/arm-gnu-toolchain-12.3.rel1-x86_64-arm-none-eabi/arm-none-eabi/include/c++/12.3.1/bits/stl_tree.h:2014:5:equal_range	32	static
/home/stvsl/.mcuxpressotools/arm-gnu-toolchain-12.3.rel1-x86_64-arm-none-eabi/arm-none-eabi/include/c++/12.3.1/bits/stl_uninitialized.h:344:5:__uninitialized_copy_a	0	static
/home/stvsl/.mcuxpressotools/arm-gnu-toolchain-12.3.rel1-x86_64-arm-none-eabi/arm-none-eabi/include/c++/12.3.1/bits/stl_uninitialized.h:391:5:__uninitialized_move_if_noexcept_a	8	static
/home/stvsl/Qt/QtMCUs/2.7.0/include/qul/private/global.h:453:13:testEqual	32	static
/home/stvsl/Qt/QtMCUs/2.7.0/include/qul/private/layers/layers.h:326:37:renderNode	24	static
/home/stvsl/Qt/QtMCUs/2.7.0/src/core/application.cpp:1396:6:shouldSkipFrame	16	static
/home/stvsl/Qt/QtMCUs/2.7.0/include/platforminterface/allocator.h:159:13:qul_delete	8	static
/home/stvsl/.mcuxpressotools/arm-gnu-toolchain-12.3.rel1-x86_64-arm-none-eabi/arm-none-eabi/include/c++/12.3.1/bits/stl_tree.h:1931:5:_M_erase	16	static
/home/stvsl/Qt/QtMCUs/2.7.0/src/core/image.cpp:158:8:__dt_base 	8	static
/home/stvsl/Qt/QtMCUs/2.7.0/include/platforminterface/allocator.h:159:13:qul_delete	8	static
/home/stvsl/.mcuxpressotools/arm-gnu-toolchain-12.3.rel1-x86_64-arm-none-eabi/arm-none-eabi/include/c++/12.3.1/bits/stl_tree.h:1254:7:clear	8	static
/home/stvsl/.mcuxpressotools/arm-gnu-toolchain-12.3.rel1-x86_64-arm-none-eabi/arm-none-eabi/include/c++/12.3.1/bits/stl_vector.h:728:7:__dt_base 	8	static
/home/stvsl/Qt/QtMCUs/2.7.0/include/platforminterface/allocator.h:159:13:qul_delete	8	static
/home/stvsl/Qt/QtMCUs/2.7.0/include/qul/private/repaintstrategy.h:143:10:addDirtyRect	32	static
/home/stvsl/Qt/QtMCUs/2.7.0/src/core/application.cpp:529:10:update	8	static
/home/stvsl/Qt/QtMCUs/2.7.0/include/qul/private/application.h:136:14:operator()	16	static
/home/stvsl/Qt/QtMCUs/2.7.0/include/qul/private/flickable.h:291:14:operator()	16	static
/home/stvsl/Qt/QtMCUs/2.7.0/include/qul/private/propertybinding.h:498:17:callWithSelf	8	static
/home/stvsl/Qt/QtMCUs/2.7.0/include/qul/private/propertybinding.h:498:17:callWithSelf	8	static
/home/stvsl/Qt/QtMCUs/2.7.0/src/core/application.cpp:1198:6:updateLayersAndSprites	24	static
/home/stvsl/Qt/QtMCUs/2.7.0/src/core/colorstringparser.cpp:30:6:parseHexNumber	24	static
/home/stvsl/Qt/QtMCUs/2.7.0/include/qul/private/global.h:480:13:testEqual	32	static
/home/stvsl/Qt/QtMCUs/2.7.0/include/platforminterface/allocator.h:103:11:qul_new	8	static
/home/stvsl/Qt/QtMCUs/2.7.0/include/platforminterface/allocator.h:103:11:qul_new	8	static
/home/stvsl/.mcuxpressotools/arm-gnu-toolchain-12.3.rel1-x86_64-arm-none-eabi/arm-none-eabi/include/c++/12.3.1/bits/std_function.h:587:7:operator()	16	static
/home/stvsl/Qt/QtMCUs/2.7.0/src/core/image.cpp:191:17:runDeleter	8	static
/home/stvsl/.mcuxpressotools/arm-gnu-toolchain-12.3.rel1-x86_64-arm-none-eabi/arm-none-eabi/include/c++/12.3.1/bits/stl_tree.h:2109:5:_M_get_insert_unique_pos	24	static
/home/stvsl/.mcuxpressotools/arm-gnu-toolchain-12.3.rel1-x86_64-arm-none-eabi/arm-none-eabi/include/c++/12.3.1/bits/stl_tree.h:2211:5:_M_get_insert_hint_unique_pos	24	static
/home/stvsl/.mcuxpressotools/arm-gnu-toolchain-12.3.rel1-x86_64-arm-none-eabi/arm-none-eabi/include/c++/12.3.1/bits/stl_vector.h:1891:7:_M_check_len	24	static
/home/stvsl/.mcuxpressotools/arm-gnu-toolchain-12.3.rel1-x86_64-arm-none-eabi/arm-none-eabi/include/c++/12.3.1/bits/stl_tree.h:2378:5:_M_insert_node	16	static
/home/stvsl/.mcuxpressotools/arm-gnu-toolchain-12.3.rel1-x86_64-arm-none-eabi/arm-none-eabi/include/c++/12.3.1/bits/stl_tree.h:1656:2:_M_insert	16	static
/home/stvsl/.mcuxpressotools/arm-gnu-toolchain-12.3.rel1-x86_64-arm-none-eabi/arm-none-eabi/include/c++/12.3.1/bits/stl_tree.h:373:7:operator++	16	static
/home/stvsl/.mcuxpressotools/arm-gnu-toolchain-12.3.rel1-x86_64-arm-none-eabi/arm-none-eabi/include/c++/12.3.1/bits/stl_tree.h:2490:5:_M_erase_aux	8	static
/home/stvsl/.mcuxpressotools/arm-gnu-toolchain-12.3.rel1-x86_64-arm-none-eabi/arm-none-eabi/include/c++/12.3.1/bits/stl_tree.h:2504:5:_M_erase_aux	24	static
/home/stvsl/.mcuxpressotools/arm-gnu-toolchain-12.3.rel1-x86_64-arm-none-eabi/arm-none-eabi/include/c++/12.3.1/bits/stl_tree.h:2517:5:erase	24	static
/home/stvsl/Qt/QtMCUs/2.7.0/include/qul/private/global.h:414:13:testEqual	24	static
/home/stvsl/Qt/QtMCUs/2.7.0/src/3rdparty/easing/easing.cpp:306:14:easeInExpo	16	static
/home/stvsl/Qt/QtMCUs/2.7.0/src/3rdparty/easing/easing.cpp:319:14:easeOutExpo	16	static
/home/stvsl/Qt/QtMCUs/2.7.0/src/3rdparty/easing/easing.cpp:348:14:easeOutInExpo	8	static
/home/stvsl/Qt/QtMCUs/2.7.0/src/core/animation.cpp:166:7:easeOutInExpo_wrap	8	static
/home/stvsl/Qt/QtMCUs/2.7.0/include/qul/private/global.h:425:13:testEqual	32	static
/home/stvsl/Qt/QtMCUs/2.7.0/include/qul/property.h:574:17:valueEquality	16	static
/home/stvsl/Qt/QtMCUs/2.7.0/include/qul/property.h:360:18:binding	8	static
/home/stvsl/Qt/QtMCUs/2.7.0/include/qul/property.h:304:10:isDirty	8	static
/home/stvsl/Qt/QtMCUs/2.7.0/src/core/animation.cpp:300:8:interpolate	24	static
/home/stvsl/Qt/QtMCUs/2.7.0/src/core/animation.cpp:319:7:interpolateClockwiseRotation	16	static
/home/stvsl/Qt/QtMCUs/2.7.0/src/core/animation.cpp:330:7:interpolateCounterclockwiseRotation	16	static
/home/stvsl/Qt/QtMCUs/2.7.0/src/core/animation.cpp:341:7:interpolateShortestRotation	16	static
/home/stvsl/Qt/QtMCUs/2.7.0/include/qul/signal.h:105:10:operator()	8	static
/home/stvsl/Qt/QtMCUs/2.7.0/include/platforminterface/rect.h:323:13:translated	24	static
/home/stvsl/Qt/QtMCUs/2.7.0/include/qul/private/items/itembase.h:227:30:position	24	static
/home/stvsl/Qt/QtMCUs/2.7.0/include/qul/private/items/itembase.h:228:29:size	24	static
/home/stvsl/Qt/QtMCUs/2.7.0/src/core/application.cpp:472:6:requestEventProcessing	8	static
/home/stvsl/Qt/QtMCUs/2.7.0/src/core/application.cpp:1423:6:itemDirty	16	static
/home/stvsl/Qt/QtMCUs/2.7.0/src/core/application.cpp:1548:7:currentTimeStamp	8	static
/home/stvsl/Qt/QtMCUs/2.7.0/src/core/application.cpp:378:9:calculateNextTimeout	40	static
/home/stvsl/Qt/QtMCUs/2.7.0/src/core/application.cpp:1591:1:_GLOBAL__sub_I__ZN16InitializerCheck6memberE	8	static
/home/stvsl/Qt/QtMCUs/2.7.0/src/core/application.cpp:1591:1:_GLOBAL__sub_D__ZN16InitializerCheck6memberE	8	static
/home/stvsl/Qt/QtMCUs/2.7.0/src/core/builtins.cpp:80:1:_GLOBAL__sub_I__ZN3Qul7Private8Builtins4Math6randomEv	8	static
/home/stvsl/Qt/QtMCUs/2.7.0/src/core/builtins.cpp:80:1:_GLOBAL__sub_D__ZN3Qul7Private8Builtins4Math6randomEv	8	static
/home/stvsl/Qt/QtMCUs/2.7.0/include/qul/private/attachedtype.h:54:16:qulAttachedPropertiesHead	8	static
/home/stvsl/Qt/QtMCUs/2.7.0/src/core/font.cpp:44:6:valueEquality	24	static
/home/stvsl/Qt/QtMCUs/2.7.0/src/core/font.cpp:166:6:initializeAlphaMaps	8	static
/home/stvsl/Qt/QtMCUs/2.7.0/include/qul/private/unicodestring.h:688:10:hasNext	8	static
/home/stvsl/Qt/QtMCUs/2.7.0/include/platforminterface/allocator.h:34:14:stdalign	4	static
/home/stvsl/Qt/QtMCUs/2.7.0/include/qul/private/texture.h:112:32:platformTexture	32	static
/home/stvsl/Qt/QtMCUs/2.7.0/src/core/image.cpp:240:1:__ct_base 	0	static
/home/stvsl/Qt/QtMCUs/2.7.0/src/core/image.cpp:313:1:__conv_op 	0	static
/home/stvsl/Qt/QtMCUs/2.7.0/src/core/image.cpp:427:10:refCount	0	static
/home/stvsl/Qt/QtMCUs/2.7.0/src/core/image.cpp:804:6:operator==	16	static
/home/stvsl/Qt/QtMCUs/2.7.0/src/core/image.cpp:950:6:valueEquality	16	static
/home/stvsl/Qt/QtMCUs/2.7.0/src/core/image.cpp:959:1:_GLOBAL__sub_I__ZN3Qul5Image17requiredAlignmentE	8	static
/home/stvsl/Qt/QtMCUs/2.7.0/include/qul/property.h:123:10:setPrevCheck	24	static
/home/stvsl/Qt/QtMCUs/2.7.0/include/qul/property.h:145:6:setPrevCheck	8	static
/home/stvsl/Qt/QtMCUs/2.7.0/include/qul/private/flagpointer.h:295:17:operator=	24	static
/home/stvsl/Qt/QtMCUs/2.7.0/include/qul/property.h:151:6:insertInto	24	static
/home/stvsl/Qt/QtMCUs/2.7.0/include/qul/private/propertybinding.h:443:5:__ct_base 	8	static
/home/stvsl/Qt/QtMCUs/2.7.0/include/qul/private/animation.h:108:14:__ct_base 	16	static
/home/stvsl/Qt/QtMCUs/2.7.0/include/qul/private/flickable.h:123:9:__ct_base 	16	static
/home/stvsl/Qt/QtMCUs/2.7.0/include/qul/private/flagpointer.h:395:4:asT1	16	static
/home/stvsl/Qt/QtMCUs/2.7.0/include/qul/private/flagpointer.h:377:19:operator=	24	static
/home/stvsl/Qt/QtMCUs/2.7.0/include/qul/property.h:353:34:firstDependency	8	static
/home/stvsl/Qt/QtMCUs/2.7.0/include/qul/property.h:270:10:registerDependency	8	static
/home/stvsl/Qt/QtMCUs/2.7.0/include/qul/property.h:384:10:removeBindingImpl	16	static
/home/stvsl/Qt/QtMCUs/2.7.0/include/qul/private/linkedlist.h:88:5:__dt_base 	16	static
/home/stvsl/Qt/QtMCUs/2.7.0/include/qul/private/animation.h:138:12:__dt_base 	8	static
/home/stvsl/Qt/QtMCUs/2.7.0/include/platforminterface/allocator.h:159:13:qul_delete	8	static
/home/stvsl/Qt/QtMCUs/2.7.0/include/qul/private/extradatapointer.h:71:5:__dt_base 	8	static
/home/stvsl/Qt/QtMCUs/2.7.0/include/qul/private/linkedlist.h:50:10:remove	16	static
/home/stvsl/Qt/QtMCUs/2.7.0/include/qul/private/linkedlist.h:64:10:insertInto	24	static
/home/stvsl/Qt/QtMCUs/2.7.0/include/qul/private/flagpointer.h:482:4:asT1	16	static
/home/stvsl/Qt/QtMCUs/2.7.0/include/qul/private/flagpointer.h:489:5:asT2	16	static
/home/stvsl/Qt/QtMCUs/2.7.0/include/qul/private/propertybinding.h:383:18:property	16	static
/home/stvsl/Qt/QtMCUs/2.7.0/include/qul/private/propertybinding.h:406:7:value	8	static
/home/stvsl/Qt/QtMCUs/2.7.0/src/core/flickable.cpp:356:6:maybeBeginDrag	64	static
/home/stvsl/Qt/QtMCUs/2.7.0/src/core/flickable.cpp:139:6:handleBeginEvent	48	static
/home/stvsl/Qt/QtMCUs/2.7.0/src/core/flickable.cpp:563:6:xflick	16	static
/home/stvsl/Qt/QtMCUs/2.7.0/src/core/flickable.cpp:572:6:yflick	16	static
/home/stvsl/Qt/QtMCUs/2.7.0/include/qul/private/graphicsdevice.h:128:10:setClipRect	24	static
/home/stvsl/Qt/QtMCUs/2.7.0/include/qul/private/layers/layers.h:73:53:toLayerEngineColorDepth	16	static
/home/stvsl/Qt/QtMCUs/2.7.0/src/core/application.cpp:1486:6:grabTouch	24	static
/home/stvsl/Qt/QtMCUs/2.7.0/src/core/application.cpp:1495:6:ungrabTouch	24	static
/home/stvsl/Qt/QtMCUs/2.7.0/src/core/flickable.cpp:348:6:grabTouch	16	static
/home/stvsl/Qt/QtMCUs/2.7.0/include/qul/private/items/itemiterator.h:49:15:operator*	16	static
/home/stvsl/Qt/QtMCUs/2.7.0/src/core/application.cpp:706:23:findScreen	24	static
/home/stvsl/Qt/QtMCUs/2.7.0/src/core/application.cpp:840:6:updateEachLayer	32	static
/home/stvsl/Qt/QtMCUs/2.7.0/src/core/application.cpp:1510:18:touchGrabber	24	static
/home/stvsl/Qt/QtMCUs/2.7.0/src/core/application.cpp:1504:6:isTouchGrabber	16	static
/home/stvsl/Qt/QtMCUs/2.7.0/include/qul/private/dirtylist.h:112:17:process	32	static
/home/stvsl/Qt/QtMCUs/2.7.0/include/qul/private/array.h:135:14:at	24	static
/home/stvsl/Qt/QtMCUs/2.7.0/src/core/application.cpp:935:6:addDirtyRects	24	static
/home/stvsl/Qt/QtMCUs/2.7.0/src/core/application.cpp:948:6:recomputeDirtyRegions	64	static
/home/stvsl/Qt/QtMCUs/2.7.0/src/core/application.cpp:1188:6:prepareLayer	16	static
/home/stvsl/Qt/QtMCUs/2.7.0/src/core/application.cpp:821:6:prepareEachLayer	32	static
/home/stvsl/Qt/QtMCUs/2.7.0/include/qul/private/linkedlist.h:88:5:__dt_base 	16	static
/home/stvsl/Qt/QtMCUs/2.7.0/include/qul/private/linkedlist.h:88:5:__dt_base 	16	static
/home/stvsl/Qt/QtMCUs/2.7.0/src/core/application.cpp:1591:1:__static_initialization_and_destruction_0	8	static
/home/stvsl/Qt/QtMCUs/2.7.0/include/qul/private/linkedlist.h:50:10:remove	16	static
/home/stvsl/Qt/QtMCUs/2.7.0/src/core/component.cpp:40:6:emitCompleted	16	static
/home/stvsl/Qt/QtMCUs/2.7.0/src/core/application.cpp:480:6:initObjects	8	static
/home/stvsl/Qt/QtMCUs/2.7.0/src/core/application.cpp:914:6:prepareFrame	16	static
/home/stvsl/Qt/QtMCUs/2.7.0/include/qul/private/linkedlist.h:88:5:__dt_base 	16	static
/home/stvsl/Qt/QtMCUs/2.7.0/include/qul/private/attachedtype.h:57:26:__tcf_0	8	static
/home/stvsl/Qt/QtMCUs/2.7.0/include/qul/private/unicodestring.h:634:5:__ct_base 	16	static
/home/stvsl/Qt/QtMCUs/2.7.0/src/core/colorstringparser.cpp:79:27:parseColorString	32	static
/home/stvsl/Qt/QtMCUs/2.7.0/include/qul/property.h:108:10:remove	16	static
/home/stvsl/Qt/QtMCUs/2.7.0/include/qul/private/flagpointer.h:340:1:__ct_base 	16	static
/home/stvsl/Qt/QtMCUs/2.7.0/include/qul/private/propertybinding.h:179:10:registerDependencies	40	static
/home/stvsl/Qt/QtMCUs/2.7.0/include/qul/private/propertybinding.h:422:14:__ct_base 	24	static
/home/stvsl/Qt/QtMCUs/2.7.0/include/qul/private/propertybinding.h:422:14:__ct_base 	16	static
/home/stvsl/Qt/QtMCUs/2.7.0/include/qul/private/array.h:280:8:at	24	static
/home/stvsl/Qt/QtMCUs/2.7.0/include/qul/private/flickable.h:191:18:addSample	16	static
/home/stvsl/Qt/QtMCUs/2.7.0/src/core/flickable.cpp:382:6:drag	104	static
/home/stvsl/Qt/QtMCUs/2.7.0/include/qul/private/flickable.h:224:14:updateVelocity	16	static
/home/stvsl/Qt/QtMCUs/2.7.0/include/qul/private/array.h:117:15:append	24	static
/home/stvsl/Qt/QtMCUs/2.7.0/include/qul/private/array.h:173:22:qul_prop_deps	16	static
/home/stvsl/Qt/QtMCUs/2.7.0/include/qul/private/array.h:117:15:append	24	static
/home/stvsl/Qt/QtMCUs/2.7.0/include/qul/private/array.h:223:22:qul_prop_deps	24	static
/home/stvsl/Qt/QtMCUs/2.7.0/include/qul/private/flagpointer.h:192:1:__ct_base 	16	static
/home/stvsl/Qt/QtMCUs/2.7.0/include/qul/private/flagpointer.h:438:1:__ct_base 	24	static
/home/stvsl/Qt/QtMCUs/2.7.0/include/qul/private/propertybinding.h:347:14:__ct_base 	24	static
/home/stvsl/Qt/QtMCUs/2.7.0/include/qul/private/flagpointer.h:395:4:asT1	16	static
/home/stvsl/Qt/QtMCUs/2.7.0/include/qul/private/flagpointer.h:402:5:asT2	16	static
/home/stvsl/Qt/QtMCUs/2.7.0/src/core/font.cpp:154:19:engineFromFontPointer	16	static
/home/stvsl/Qt/QtMCUs/2.7.0/include/qul/private/flagpointer.h:415:5:maybeT2	8	static
/home/stvsl/Qt/QtMCUs/2.7.0/src/core/font.cpp:28:6:valueWasSetHook	8	static
/home/stvsl/Qt/QtMCUs/2.7.0/src/core/font.cpp:36:6:valueWasUnsetHook	8	static
/home/stvsl/Qt/QtMCUs/2.7.0/include/qul/private/unicodestring.h:473:33:asStdString	16	static
/home/stvsl/Qt/QtMCUs/2.7.0/include/qul/private/unicodestring.h:606:20:maybeUtf8	8	static
/home/stvsl/Qt/QtMCUs/2.7.0/include/qul/private/array.h:117:15:append	24	static
/home/stvsl/Qt/QtMCUs/2.7.0/include/qul/private/array.h:57:14:__ct_base 	32	static
/home/stvsl/Qt/QtMCUs/2.7.0/include/qul/private/array.h:135:14:at	24	static
/home/stvsl/Qt/QtMCUs/2.7.0/src/core/image.cpp:198:9:pixelFormatToBitsPerPixel	16	static
/home/stvsl/Qt/QtMCUs/2.7.0/src/core/image.cpp:228:5:suitableBytesPerLine	8	static
/home/stvsl/Qt/QtMCUs/2.7.0/src/core/image.cpp:370:6:deref	24	static
/home/stvsl/Qt/QtMCUs/2.7.0/src/core/image.cpp:286:1:__dt_base 	8	static
/home/stvsl/Qt/QtMCUs/2.7.0/src/core/image.cpp:395:6:incref	16	static
/home/stvsl/Qt/QtMCUs/2.7.0/src/core/image.cpp:292:1:__ct_base 	8	static
/home/stvsl/Qt/QtMCUs/2.7.0/src/core/image.cpp:545:1:__conv_op 	8	static
/home/stvsl/Qt/QtMCUs/2.7.0/src/core/image.cpp:300:14:operator=	16	static
/home/stvsl/Qt/QtMCUs/2.7.0/src/core/image.cpp:409:6:setCleanupFunction	24	static
/home/stvsl/Qt/QtMCUs/2.7.0/src/core/image.cpp:276:1:__ct_base 	8	static
/home/stvsl/Qt/QtMCUs/2.7.0/src/core/image.cpp:419:6:setDerefHook	24	static
/home/stvsl/Qt/QtMCUs/2.7.0/include/qul/private/flagpointer.h:377:19:operator=	24	static
/home/stvsl/Qt/QtMCUs/2.7.0/src/core/image.cpp:245:1:__ct_base 	8	static
/home/stvsl/Qt/QtMCUs/2.7.0/src/core/image.cpp:873:13:fromFrames	8	static
/home/stvsl/Qt/QtMCUs/2.7.0/include/qul/private/flagpointer.h:402:5:asT2	16	static
/home/stvsl/Qt/QtMCUs/2.7.0/src/core/image.cpp:404:6:isReady	8	static
/home/stvsl/Qt/QtMCUs/2.7.0/src/core/image.cpp:603:10:bits	8	static
/home/stvsl/Qt/QtMCUs/2.7.0/include/qul/private/flagpointer.h:415:5:maybeT2	8	static
/home/stvsl/Qt/QtMCUs/2.7.0/src/core/image.cpp:626:6:beginWrite	24	static
/home/stvsl/Qt/QtMCUs/2.7.0/include/qul/private/flagpointer.h:395:4:asT1	16	static
/home/stvsl/Qt/QtMCUs/2.7.0/src/core/image.cpp:436:30:rasterBuffer	8	static
/home/stvsl/Qt/QtMCUs/2.7.0/src/core/image.cpp:551:5:width	8	static
/home/stvsl/Qt/QtMCUs/2.7.0/src/core/image.cpp:559:5:height	8	static
/home/stvsl/Qt/QtMCUs/2.7.0/src/core/image.cpp:567:13:pixelFormat	8	static
/home/stvsl/Qt/QtMCUs/2.7.0/src/core/image.cpp:575:5:bytesPerLine	8	static
/home/stvsl/Qt/QtMCUs/2.7.0/src/core/image.cpp:809:30:rasterBuffer	8	static
/home/stvsl/Qt/QtMCUs/2.7.0/src/core/image.cpp:814:30:readyRasterBuffer	8	static
/home/stvsl/Qt/QtMCUs/2.7.0/include/qul/private/flagpointer.h:409:4:maybeT1	8	static
/home/stvsl/Qt/QtMCUs/2.7.0/src/core/image.cpp:824:13:freeCombinedRasterBufferAllocation	24	static
/home/stvsl/Qt/QtMCUs/2.7.0/include/qul/private/flagpointer.h:377:19:operator=	24	static
/home/stvsl/Qt/QtMCUs/2.7.0/include/qul/private/flagpointer.h:386:19:operator=	24	static
/home/stvsl/Qt/QtMCUs/2.7.0/include/qul/private/flagpointer.h:402:5:asT2	16	static
/home/stvsl/Qt/QtMCUs/2.7.0/include/qul/private/flagpointer.h:415:5:maybeT2	8	static
/home/stvsl/Qt/QtMCUs/2.7.0/src/core/image.cpp:254:13:deleteImageData	16	static
/home/stvsl/Qt/QtMCUs/2.7.0/include/qul/private/flagpointer.h:395:4:asT1	16	static
/home/stvsl/Qt/QtMCUs/2.7.0/include/qul/private/flagpointer.h:409:4:maybeT1	8	static
/home/stvsl/Qt/QtMCUs/2.7.0/include/qul/private/flagpointer.h:192:1:__ct_base 	16	static
/home/stvsl/Qt/QtMCUs/2.7.0/include/qul/private/flagpointer.h:333:1:__ct_base 	24	static
/home/stvsl/Qt/QtMCUs/2.7.0/src/core/image.cpp:819:13:fromRasterBuffer	16	static
/home/stvsl/Qt/QtMCUs/2.7.0/src/core/image.cpp:844:13:fromFileBuffer	56	static
/home/stvsl/Qt/QtMCUs/2.7.0/include/platforminterface/allocator.h:67:8:allocate	24	static
/home/stvsl/.mcuxpressotools/arm-gnu-toolchain-12.3.rel1-x86_64-arm-none-eabi/arm-none-eabi/include/c++/12.3.1/bits/vector.tcc:439:7:_M_realloc_insert	40	static
/home/stvsl/.mcuxpressotools/arm-gnu-toolchain-12.3.rel1-x86_64-arm-none-eabi/arm-none-eabi/include/c++/12.3.1/bits/stl_vector.h:1276:7:push_back	8	static
/home/stvsl/.mcuxpressotools/arm-gnu-toolchain-12.3.rel1-x86_64-arm-none-eabi/arm-none-eabi/include/c++/12.3.1/bits/vector.tcc:439:7:_M_realloc_insert	40	static
/home/stvsl/.mcuxpressotools/arm-gnu-toolchain-12.3.rel1-x86_64-arm-none-eabi/arm-none-eabi/include/c++/12.3.1/bits/vector.tcc:111:7:emplace_back	8	static
/home/stvsl/Qt/QtMCUs/2.7.0/include/platforminterface/allocator.h:67:8:allocate	24	static
/home/stvsl/.mcuxpressotools/arm-gnu-toolchain-12.3.rel1-x86_64-arm-none-eabi/arm-none-eabi/include/c++/12.3.1/bits/stl_tree.h:611:2:_M_create_node	16	static
/home/stvsl/.mcuxpressotools/arm-gnu-toolchain-12.3.rel1-x86_64-arm-none-eabi/arm-none-eabi/include/c++/12.3.1/bits/stl_tree.h:2459:7:_M_emplace_hint_unique	32	static
/home/stvsl/.mcuxpressotools/arm-gnu-toolchain-12.3.rel1-x86_64-arm-none-eabi/arm-none-eabi/include/c++/12.3.1/bits/stl_map.h:522:7:operator[]	32	static
/home/stvsl/Qt/QtMCUs/2.7.0/src/core/image.cpp:896:6:deleteProperties	24	static
/home/stvsl/Qt/QtMCUs/2.7.0/src/core/image.cpp:906:6:valueWasSetHook	72	static
/home/stvsl/Qt/QtMCUs/2.7.0/src/core/image.cpp:929:6:valueWasUnsetHook	48	static
/home/stvsl/Qt/QtMCUs/2.7.0/include/qul/property.h:306:10:setDirty	24	static
/home/stvsl/Qt/QtMCUs/2.7.0/include/qul/property.h:648:10:setValueAndBypassBinding	16	static
/home/stvsl/Qt/QtMCUs/2.7.0/include/qul/property.h:632:10:setValue	24	static
/home/stvsl/Qt/QtMCUs/2.7.0/src/core/animation.cpp:583:6:start	24	static
/home/stvsl/Qt/QtMCUs/2.7.0/src/core/flickable.cpp:478:6:fixup	40	static
/home/stvsl/Qt/QtMCUs/2.7.0/src/core/flickable.cpp:503:6:flick	64	static
/home/stvsl/Qt/QtMCUs/2.7.0/src/core/animation.cpp:612:6:stop	32	static
/home/stvsl/Qt/QtMCUs/2.7.0/src/core/flickable.cpp:594:6:doFlick	32	static
/home/stvsl/Qt/QtMCUs/2.7.0/src/core/flickable.cpp:620:6:doFixUp	40	static
/home/stvsl/Qt/QtMCUs/2.7.0/src/core/flickable.cpp:581:6:doTick	8	static
/home/stvsl/Qt/QtMCUs/2.7.0/include/qul/private/flickable.h:256:21:operator()	8	static
/home/stvsl/Qt/QtMCUs/2.7.0/include/qul/private/propertybinding.h:432:17:callMe	8	static
/home/stvsl/Qt/QtMCUs/2.7.0/src/core/flickable.cpp:189:6:handleEndEvent	152	static
/home/stvsl/Qt/QtMCUs/2.7.0/src/core/flickable.cpp:442:6:drag	48	static
/home/stvsl/Qt/QtMCUs/2.7.0/src/core/flickable.cpp:169:6:handleUpdateEvent	168	static
/home/stvsl/Qt/QtMCUs/2.7.0/src/core/flickable.cpp:268:6:childTouchEventFilter	40	static
/home/stvsl/Qt/QtMCUs/2.7.0/src/core/flickable.cpp:310:6:touchEvent	16	static
/home/stvsl/Qt/QtMCUs/2.7.0/include/qul/property.h:664:10:setImplicitly	24	static
/home/stvsl/Qt/QtMCUs/2.7.0/include/qul/property.h:648:10:setValueAndBypassBinding	24	static
/home/stvsl/Qt/QtMCUs/2.7.0/include/qul/property.h:664:10:setImplicitly	24	static
/home/stvsl/Qt/QtMCUs/2.7.0/include/qul/property.h:632:10:setValue	24	static
/home/stvsl/Qt/QtMCUs/2.7.0/src/core/flickable.cpp:109:6:updateVisibleArea	112	static
/home/stvsl/Qt/QtMCUs/2.7.0/include/qul/private/propertybinding.h:432:17:callMe	8	static
/home/stvsl/Qt/QtMCUs/2.7.0/include/qul/property.h:648:10:setValueAndBypassBinding	16	static
/home/stvsl/Qt/QtMCUs/2.7.0/include/qul/property.h:664:10:setImplicitly	24	static
/home/stvsl/Qt/QtMCUs/2.7.0/include/qul/property.h:648:10:setValueAndBypassBinding	16	static
/home/stvsl/Qt/QtMCUs/2.7.0/include/qul/property.h:632:10:setValue	24	static
/home/stvsl/Qt/QtMCUs/2.7.0/include/qul/private/animation.h:364:5:__ct_base 	16	static
/home/stvsl/Qt/QtMCUs/2.7.0/include/qul/property.h:648:10:setValueAndBypassBinding	16	static
/home/stvsl/Qt/QtMCUs/2.7.0/include/qul/property.h:632:10:setValue	24	static
/home/stvsl/Qt/QtMCUs/2.7.0/include/qul/property.h:648:10:setValueAndBypassBinding	16	static
/home/stvsl/Qt/QtMCUs/2.7.0/include/qul/property.h:632:10:setValue	24	static
/home/stvsl/Qt/QtMCUs/2.7.0/include/qul/property.h:648:10:setValueAndBypassBinding	16	static
/home/stvsl/Qt/QtMCUs/2.7.0/include/qul/property.h:632:10:setValue	24	static
/home/stvsl/Qt/QtMCUs/2.7.0/src/core/image.cpp:656:6:endWrite	24	static
/home/stvsl/Qt/QtMCUs/2.7.0/src/core/animation.cpp:575:1:__dt_base 	8	static
/home/stvsl/Qt/QtMCUs/2.7.0/include/qul/private/flickable.h:121:12:__dt_base 	8	static
/home/stvsl/Qt/QtMCUs/2.7.0/include/qul/private/flickable.h:121:12:__dt_del 	8	static
/home/stvsl/Qt/QtMCUs/2.7.0/include/qul/property.h:685:14:value	24	static
/home/stvsl/Qt/QtMCUs/2.7.0/src/core/application.cpp:765:13:setScreenValues	56	static
/home/stvsl/Qt/QtMCUs/2.7.0/src/core/application.cpp:859:13:setEachScreenValues	16	static
/home/stvsl/Qt/QtMCUs/2.7.0/include/qul/property.h:685:14:value	24	static
/home/stvsl/Qt/QtMCUs/2.7.0/src/core/animation.cpp:1264:6:updateValue	40	static
/home/stvsl/Qt/QtMCUs/2.7.0/src/core/animation.cpp:1319:6:doStart	16	static
/home/stvsl/Qt/QtMCUs/2.7.0/src/core/animation.cpp:1290:6:doTick	24	static
/home/stvsl/Qt/QtMCUs/2.7.0/src/core/animation.cpp:1264:6:updateValue	32	static
/home/stvsl/Qt/QtMCUs/2.7.0/src/core/animation.cpp:1319:6:doStart	16	static
/home/stvsl/Qt/QtMCUs/2.7.0/src/core/animation.cpp:1290:6:doTick	16	static
/home/stvsl/Qt/QtMCUs/2.7.0/include/qul/property.h:685:14:value	24	static
/home/stvsl/Qt/QtMCUs/2.7.0/include/qul/property.h:685:14:value	24	static
/home/stvsl/Qt/QtMCUs/2.7.0/include/qul/property.h:685:14:value	24	static
/home/stvsl/Qt/QtMCUs/2.7.0/include/qul/property.h:685:14:value	24	static
/home/stvsl/Qt/QtMCUs/2.7.0/include/qul/private/layers/layers.h:264:37:renderNode	32	static
/home/stvsl/Qt/QtMCUs/2.7.0/include/qul/private/rendertree.h:81:5:__ct_base 	24	static
/home/stvsl/Qt/QtMCUs/2.7.0/include/qul/private/rendertree.h:203:5:__ct_base 	8	static
/home/stvsl/Qt/QtMCUs/2.7.0/src/core/application.cpp:1411:6:nodeRemoved	16	static
/home/stvsl/Qt/QtMCUs/2.7.0/include/qul/private/rendertree.h:159:8:__dt_base 	8	static
/home/stvsl/Qt/QtMCUs/2.7.0/include/qul/private/rendertree.h:159:8:__dt_del 	8	static
/home/stvsl/Qt/QtMCUs/2.7.0/include/qul/private/rendertree.h:200:7:__dt_base 	8	static
/home/stvsl/Qt/QtMCUs/2.7.0/include/qul/private/rendertree.h:200:7:__dt_del 	8	static
/home/stvsl/Qt/QtMCUs/2.7.0/include/qul/private/layers/layers.h:58:5:__ct_base 	8	static
/home/stvsl/Qt/QtMCUs/2.7.0/include/qul/private/layers/layers.h:302:5:__ct_base 	16	static
/home/stvsl/Qt/QtMCUs/2.7.0/include/qul/private/layers/layers.h:341:5:__ct_base 	8	static
/home/stvsl/Qt/QtMCUs/2.7.0/include/qul/private/items/item.h:46:5:__ct_base 	8	static
/home/stvsl/Qt/QtMCUs/2.7.0/include/qul/private/layers/layers.h:221:5:__ct_base 	80	static
/home/stvsl/Qt/QtMCUs/2.7.0/src/core/application.cpp:339:1:__ct_base 	40	static
/home/stvsl/Qt/QtMCUs/2.7.0/src/core/application.cpp:103:1:__ct_base 	56	static
/home/stvsl/Qt/QtMCUs/2.7.0/src/core/image.cpp:959:1:__static_initialization_and_destruction_0	56	static
/home/stvsl/Qt/QtMCUs/2.7.0/include/qul/private/layers/layers.h:238:14:__ct_base 	88	static
/home/stvsl/Qt/QtMCUs/2.7.0/include/qul/private/layers/layers.h:310:14:__ct_base 	16	static
/home/stvsl/Qt/QtMCUs/2.7.0/include/qul/private/layers/layers.h:345:14:__ct_base 	16	static
/home/stvsl/Qt/QtMCUs/2.7.0/src/core/flickable.cpp:68:1:__ct_base 	112	static
/home/stvsl/Qt/QtMCUs/2.7.0/src/core/file.cpp:30:6:printError	8	static
/home/stvsl/Qt/QtMCUs/2.7.0/include/qul/private/layers/layers.h:339:8:__dt_base 	8	static
/home/stvsl/Qt/QtMCUs/2.7.0/src/core/application.cpp:612:38:__tcf_2	8	static
/home/stvsl/Qt/QtMCUs/2.7.0/include/qul/private/layers/layers.h:339:8:__dt_del 	8	static
/home/stvsl/Qt/QtMCUs/2.7.0/include/qul/private/layers/layers.h:219:8:__dt_base 	8	static
/home/stvsl/Qt/QtMCUs/2.7.0/src/core/application.cpp:610:29:__tcf_0	8	static
/home/stvsl/Qt/QtMCUs/2.7.0/include/qul/private/layers/layers.h:219:8:__dt_del 	8	static
/home/stvsl/Qt/QtMCUs/2.7.0/include/qul/private/items/item.h:42:8:__dt_base 	8	static
/home/stvsl/Qt/QtMCUs/2.7.0/include/qul/private/items/item.h:42:8:__dt_del 	8	static
/home/stvsl/Qt/QtMCUs/2.7.0/include/qul/private/layers/layers.h:300:8:__dt_base 	8	static
/home/stvsl/Qt/QtMCUs/2.7.0/src/core/application.cpp:611:26:__tcf_1	8	static
/home/stvsl/Qt/QtMCUs/2.7.0/include/qul/private/layers/layers.h:300:8:__dt_del 	8	static
/home/stvsl/Qt/QtMCUs/2.7.0/src/core/file.cpp:39:6:appRelativePath	344	static
/home/stvsl/Qt/QtMCUs/2.7.0/src/core/application.cpp:724:13:allocateScreenByIndex	64	static
/home/stvsl/Qt/QtMCUs/2.7.0/src/core/application.cpp:750:13:allocateScreenByName	104	static
/home/stvsl/Qt/QtMCUs/2.7.0/src/core/application.cpp:874:13:allocateEachScreen	32	static
/home/stvsl/Qt/QtMCUs/2.7.0/src/core/application.cpp:896:6:setRootItem	24	static
/home/stvsl/Qt/QtMCUs/2.7.0/src/core/application.cpp:608:6:setRootItem	96	static
/home/stvsl/Qt/QtMCUs/2.7.0/src/core/application.cpp:164:6:setRootItem	24	static
/home/stvsl/Qt/QtMCUs/2.7.0/src/core/builtins.cpp:80:1:__static_initialization_and_destruction_0	48	static
/home/stvsl/Qt/QtMCUs/2.7.0/src/core/application.cpp:1002:6:partialBufferingRepaint	128	static
/home/stvsl/Qt/QtMCUs/2.7.0/src/core/application.cpp:1057:6:fullBufferingRepaint	88	static
/home/stvsl/Qt/QtMCUs/2.7.0/src/core/application.cpp:1094:25:repaintDirtyRegions	48	static
/home/stvsl/Qt/QtMCUs/2.7.0/src/core/application.cpp:1159:6:repaintDirtyRegionsForItemLayer	64	static
/home/stvsl/Qt/QtMCUs/2.7.0/src/core/application.cpp:1175:6:repaintDirtyRegionsForLowRefreshIntervalItemLayer	32	static
/home/stvsl/Qt/QtMCUs/2.7.0/src/core/application.cpp:1285:6:repaintDirtyRegionsForHighRefreshIntervalItemLayer	32	static
/home/stvsl/Qt/QtMCUs/2.7.0/src/core/application.cpp:790:6:repaintEachLayer	40	static
/home/stvsl/Qt/QtMCUs/2.7.0/src/core/application.cpp:1214:6:processScreen	72	static
/home/stvsl/Qt/QtMCUs/2.7.0/src/core/application.cpp:1266:6:repaintForEachScreen	40	static
/home/stvsl/Qt/QtMCUs/2.7.0/src/core/application.cpp:1298:6:repaint	64	static
/home/stvsl/Qt/QtMCUs/2.7.0/src/core/application.cpp:407:6:update	32	static
/home/stvsl/Qt/QtMCUs/2.7.0/src/core/application.cpp:305:6:updateEngine	8	static
/home/stvsl/Qt/QtMCUs/2.7.0/src/core/application.cpp:504:6:init	16	static
/home/stvsl/Qt/QtMCUs/2.7.0/src/core/application.cpp:153:10:update	8	static
