/home/stvsl/Qt/QtMCUs/2.7.1/src/core/imagedecoder_p.cpp:108:14:totalAvailableDataSize	8	static
/home/stvsl/Qt/QtMCUs/2.7.1/src/core/items.cpp:64:19:renderNode	0	static
/home/stvsl/Qt/QtMCUs/2.7.1/src/core/property.cpp:191:6:_ZN3Qul7Private24DynDependencyNodeDeleter7cleanupEPNS0_17DynDependencyNodeE.part.0	16	static
/home/stvsl/Qt/QtMCUs/2.7.1/src/core/imagedecoder_p.cpp:76:14:totalAvailableDataSize	0	static
/home/stvsl/Qt/QtMCUs/2.7.1/src/core/imagedecoder_p.cpp:77:26:rawData	0	static
/home/stvsl/Qt/QtMCUs/2.7.1/src/core/imagedecoder_p.cpp:109:26:rawData	0	static
/home/stvsl/Qt/QtMCUs/2.7.1/src/core/itembase.cpp:127:13:propagateFlagToChildren	88	static
/home/stvsl/Qt/QtMCUs/2.7.1/src/core/itembase.cpp:226:6:childTouchEventFilter	0	static
/home/stvsl/Qt/QtMCUs/2.7.1/src/core/image.cpp:220:5:suitableBytesPerLine	8	static
/home/stvsl/Qt/QtMCUs/2.7.1/src/core/image.cpp:246:13:deleteImageData	24	static
/home/stvsl/Qt/QtMCUs/2.7.1/src/core/image.cpp:935:6:deleteProperties	32	static
/home/stvsl/Qt/QtMCUs/2.7.1/src/core/image.cpp:812:13:freeCombinedRasterBufferAllocation	24	static
/home/stvsl/Qt/QtMCUs/2.7.1/src/core/imagedecoder_p.cpp:87:14:readData	32	static
/home/stvsl/Qt/QtMCUs/2.7.1/src/core/imagedecoder_p.cpp:58:14:readData	24	static
/home/stvsl/.mcuxpressotools/arm-gnu-toolchain-12.3.rel1-x86_64-arm-none-eabi/arm-none-eabi/include/c++/12.3.1/bits/vector.tcc:439:7:_M_realloc_insert	48	static
/home/stvsl/Qt/QtMCUs/2.7.1/include/qul/private/propertybinding.h:498:17:callWithSelf	48	static
/home/stvsl/Qt/QtMCUs/2.7.1/src/core/font.cpp:28:6:valueWasSetHook	0	static
/home/stvsl/Qt/QtMCUs/2.7.1/src/core/font.cpp:36:6:valueWasUnsetHook	0	static
/home/stvsl/Qt/QtMCUs/2.7.1/src/core/font.cpp:44:6:valueEquality	0	static
/home/stvsl/Qt/QtMCUs/2.7.1/src/core/image.cpp:232:1:__ct_base 	0	static
/home/stvsl/Qt/QtMCUs/2.7.1/src/core/image.cpp:389:6:incref	8	static
/home/stvsl/Qt/QtMCUs/2.7.1/src/core/image.cpp:364:6:deref	24	static
/home/stvsl/Qt/QtMCUs/2.7.1/src/core/image.cpp:279:1:__dt_base 	8	static
/home/stvsl/Qt/QtMCUs/2.7.1/src/core/image.cpp:293:14:operator=	16	static
/home/stvsl/Qt/QtMCUs/2.7.1/src/core/image.cpp:403:6:setCleanupFunction	16	static
/home/stvsl/Qt/QtMCUs/2.7.1/src/core/image.cpp:413:6:setDerefHook	16	static
/home/stvsl/Qt/QtMCUs/2.7.1/src/core/image.cpp:430:30:rasterBuffer	0	static
/home/stvsl/Qt/QtMCUs/2.7.1/src/core/image.cpp:807:13:fromRasterBuffer	16	static
/home/stvsl/Qt/QtMCUs/2.7.1/src/core/imagedecoder_p.cpp:121:13:cleanupFileAndDataProvider	16	static
/home/stvsl/Qt/QtMCUs/2.7.1/src/core/image.cpp:832:13:fromFileBuffer	152	static
/home/stvsl/Qt/QtMCUs/2.7.1/src/core/image.cpp:950:6:valueWasSetHook	32	static
/home/stvsl/Qt/QtMCUs/2.7.1/src/core/image.cpp:982:6:valueWasUnsetHook	24	static
/home/stvsl/Qt/QtMCUs/2.7.1/src/core/image.cpp:1003:6:valueEquality	0	static
/home/stvsl/Qt/QtMCUs/2.7.1/include/platforminterface/transform.h:75:16:translate	24	static
/home/stvsl/Qt/QtMCUs/2.7.1/include/platforminterface/transform.h:324:37:map	32	static
/home/stvsl/Qt/QtMCUs/2.7.1/src/core/items.cpp:52:6:operator()	0	static
/home/stvsl/Qt/QtMCUs/2.7.1/src/core/items.cpp:190:1:__ct_base 	16	static
/home/stvsl/Qt/QtMCUs/2.7.1/include/platforminterface/genericmatrix.h:249:6:setToIdentity	8	static
/home/stvsl/Qt/QtMCUs/2.7.1/include/platforminterface/transform.h:178:22:fromTranslation	32	static
/home/stvsl/Qt/QtMCUs/2.7.1/include/platforminterface/transform.h:242:22:operator*	96	static
/home/stvsl/Qt/QtMCUs/2.7.1/src/core/memutil.cpp:39:19:memutil_aligned_alloc	24	static
/home/stvsl/Qt/QtMCUs/2.7.1/src/core/memutil.cpp:66:6:memutil_aligned_free	0	static
/home/stvsl/Qt/QtMCUs/2.7.1/include/qul/singleton.h:31:15:instance	24	static
/home/stvsl/Qt/QtMCUs/2.7.1/src/core/property.cpp:44:1:__dt_base 	16	static
/home/stvsl/Qt/QtMCUs/2.7.1/src/core/items.cpp:200:1:__dt_base 	16	static
/home/stvsl/Qt/QtMCUs/2.7.1/include/qul/private/timeritem.h:46:8:__dt_base 	16	static
/home/stvsl/Qt/QtMCUs/2.7.1/include/qul/private/timeritem.h:46:8:__dt_del 	16	static
/home/stvsl/Qt/QtMCUs/2.7.1/include/qul/singleton.h:33:18:__tcf_0	16	static
/home/stvsl/Qt/QtMCUs/2.7.1/src/core/property.cpp:49:6:dirty	0	static
/home/stvsl/Qt/QtMCUs/2.7.1/src/core/property.cpp:59:6:emitChangeEvents	24	static
/home/stvsl/Qt/QtMCUs/2.7.1/src/core/property.cpp:66:6:markDependencyDirty	56	static
/home/stvsl/Qt/QtMCUs/2.7.1/include/qul/private/propertybinding.h:498:17:callWithSelf	48	static
/home/stvsl/Qt/QtMCUs/2.7.1/src/core/property.cpp:127:6:commonHandleInternalCall_helper	24	static
/home/stvsl/Qt/QtMCUs/2.7.1/src/core/property.cpp:191:6:cleanup	16	static
/home/stvsl/Qt/QtMCUs/2.7.1/src/core/qul.cpp:69:6:initHardware	8	static
/home/stvsl/Qt/QtMCUs/2.7.1/src/core/unicodestring.cpp:232:9:next	32	static
/home/stvsl/Qt/QtMCUs/2.7.1/src/core/unicodestring.cpp:301:7:next	16	static
/home/stvsl/Qt/QtMCUs/2.7.1/src/core/unicodestring.cpp:398:5:length	88	static
/home/stvsl/Qt/QtMCUs/2.7.1/src/core/unicodestring.cpp:655:6:operator==	32	static
/home/stvsl/Qt/QtMCUs/2.7.1/src/core/unicodestring.cpp:731:1:__dt_base 	16	static
/home/stvsl/Qt/QtMCUs/2.7.1/src/core/unicodestring.cpp:741:1:__ct_base 	8	static
/home/stvsl/Qt/QtMCUs/2.7.1/src/core/unicodestring.cpp:779:9:operator=	16	static
/home/stvsl/Qt/QtMCUs/2.7.1/src/core/unicodestring.cpp:873:9:operator=	16	static
/home/stvsl/.mcuxpressotools/arm-gnu-toolchain-12.3.rel1-x86_64-arm-none-eabi/arm-none-eabi/include/c++/12.3.1/bits/basic_string.tcc:217:7:_M_construct	24	static
/home/stvsl/Qt/QtMCUs/2.7.1/src/core/imagedecoder_p.cpp:378:6:setupRasterbufferAndTextureFromDecodableAsset	64	static
/home/stvsl/Qt/QtMCUs/2.7.1/src/core/itembase.cpp:59:6:keyEvent	64	static
/home/stvsl/Qt/QtMCUs/2.7.1/src/core/itembase.cpp:192:6:appendChild	0	static
/home/stvsl/Qt/QtMCUs/2.7.1/src/core/itembase.cpp:263:27:getFirstLocalTouchPoint	120	static
/home/stvsl/Qt/QtMCUs/2.7.1/src/core/itembase.cpp:271:1:__ct_base 	8	static
/home/stvsl/Qt/QtMCUs/2.7.1/src/core/itembase.cpp:283:1:__ct_base 	24	static
/home/stvsl/Qt/QtMCUs/2.7.1/src/core/items.cpp:170:1:__ct_base 	8	static
/home/stvsl/Qt/QtMCUs/2.7.1/src/core/items.cpp:359:1:__ct_base 	8	static
/home/stvsl/Qt/QtMCUs/2.7.1/src/core/itembase.cpp:398:6:update	16	static
/home/stvsl/Qt/QtMCUs/2.7.1/src/core/items.cpp:164:6:gradientDirty	0	static
/home/stvsl/Qt/QtMCUs/2.7.1/include/qul/private/propertybinding.h:432:17:callMe	16	static
/home/stvsl/Qt/QtMCUs/2.7.1/include/qul/private/propertybinding.h:498:17:callWithSelf	0	static
/home/stvsl/Qt/QtMCUs/2.7.1/src/core/itembase.cpp:424:6:markSubTreeDirty	0	static
/home/stvsl/Qt/QtMCUs/2.7.1/src/core/itembase.cpp:197:6:appendChildImpl	24	static
/home/stvsl/Qt/QtMCUs/2.7.1/src/core/itembase.cpp:325:1:__dt_base 	24	static
/home/stvsl/Qt/QtMCUs/2.7.1/include/qul/private/items.h:410:8:__dt_base 	24	static
/home/stvsl/Qt/QtMCUs/2.7.1/include/qul/private/items.h:392:8:__dt_base 	24	static
/home/stvsl/Qt/QtMCUs/2.7.1/include/qul/private/propertybinding.h:498:17:callWithSelf	0	static
/home/stvsl/Qt/QtMCUs/2.7.1/include/qul/private/propertybinding.h:498:17:callWithSelf	4	static
/home/stvsl/Qt/QtMCUs/2.7.1/src/core/file.cpp:39:6:appRelativePath	296	static
/home/stvsl/Qt/QtMCUs/2.7.1/src/core/property.cpp:203:6:_ZN3Qul7Private12PropertyBase21registerDynDependencyEv.part.0	32	static
/home/stvsl/Qt/QtMCUs/2.7.1/src/core/property.cpp:203:6:registerDynDependency	0	static
/home/stvsl/Qt/QtMCUs/2.7.1/src/core/items.cpp:179:19:renderNode	32	static
/home/stvsl/Qt/QtMCUs/2.7.1/src/core/items.cpp:329:28:renderNode	72	static
/home/stvsl/Qt/QtMCUs/2.7.1/include/qul/private/propertybinding.h:498:17:callWithSelf	24	static
/home/stvsl/Qt/QtMCUs/2.7.1/include/qul/private/propertybinding.h:557:17:callMe	32	static
/home/stvsl/Qt/QtMCUs/2.7.1/include/qul/private/propertybinding.h:498:17:callWithSelf	40	static
/home/stvsl/Qt/QtMCUs/2.7.1/src/core/items.cpp:268:6:operator()	48	static
/home/stvsl/Qt/QtMCUs/2.7.1/src/core/items.cpp:280:19:renderNode	280	static
/home/stvsl/Qt/QtMCUs/2.7.1/src/core/items.cpp:382:6:doLinearLayout	104	static
/home/stvsl/Qt/QtMCUs/2.7.1/src/core/items.cpp:447:6:doLayout	48	static
/home/stvsl/Qt/QtMCUs/2.7.1/src/core/items.cpp:460:6:doLayout	48	static
/home/stvsl/Qt/QtMCUs/2.7.1/include/qul/private/propertybinding.h:510:12:getPropertyValue	24	static
/home/stvsl/Qt/QtMCUs/2.7.1/src/core/itembase.cpp:235:6:contains	32	static
/home/stvsl/Qt/QtMCUs/2.7.1/include/qul/private/propertybinding.h:498:17:callWithSelf	48	static
/home/stvsl/Qt/QtMCUs/2.7.1/src/core/itembase.cpp:153:6:_ZN3Qul7Private5Items8ItemBase17ensureChildZOrderEv.part.0	72	static
/home/stvsl/Qt/QtMCUs/2.7.1/src/core/itembase.cpp:447:19:prepareRenderNode	128	static
/home/stvsl/Qt/QtMCUs/2.7.1/src/core/unicodestring.cpp:197:6:printStringView	40	static
/home/stvsl/Qt/QtMCUs/2.7.1/include/qul/private/items.h:231:8:__dt_base 	16	static
/home/stvsl/Qt/QtMCUs/2.7.1/include/qul/private/items.h:231:8:__dt_del 	16	static
/home/stvsl/Qt/QtMCUs/2.7.1/src/core/items.cpp:177:1:__dt_base 	16	static
/home/stvsl/Qt/QtMCUs/2.7.1/src/core/items.cpp:177:1:__dt_del 	16	static
/home/stvsl/Qt/QtMCUs/2.7.1/include/qul/private/items/item.h:42:8:__dt_base 	16	static
/home/stvsl/Qt/QtMCUs/2.7.1/include/qul/private/items/item.h:42:8:__dt_del 	16	static
/home/stvsl/Qt/QtMCUs/2.7.1/src/core/items.cpp:365:1:__dt_base 	24	static
/home/stvsl/Qt/QtMCUs/2.7.1/include/qul/private/items.h:410:8:__dt_del 	16	static
/home/stvsl/Qt/QtMCUs/2.7.1/include/qul/private/items.h:392:8:__dt_del 	16	static
/home/stvsl/Qt/QtMCUs/2.7.1/include/qul/private/items.h:291:8:__dt_base 	16	static
/home/stvsl/Qt/QtMCUs/2.7.1/include/qul/private/items.h:291:8:__dt_del 	16	static
/home/stvsl/Qt/QtMCUs/2.7.1/include/qul/private/items/text.h:47:8:__dt_base 	16	static
/home/stvsl/Qt/QtMCUs/2.7.1/include/qul/private/items/text.h:47:8:__dt_del 	16	static
/home/stvsl/Qt/QtMCUs/2.7.1/src/core/qul.cpp:92:6:initPlatform	88	static
