/home/stvsl/Qt/QtMCUs/2.7.0/src/core/items.cpp:64:19:renderNode	8	static
/home/stvsl/Qt/QtMCUs/2.7.0/include/qul/private/slot.h:47:24:call	8	static
/home/stvsl/Qt/QtMCUs/2.7.0/include/qul/signal.h:105:10:operator()	16	static
/home/stvsl/Qt/QtMCUs/2.7.0/include/qul/private/global.h:399:11:offsetOf	0	static
/home/stvsl/Qt/QtMCUs/2.7.0/src/core/items.cpp:594:1:__static_initialization_and_destruction_0	0	static
/home/stvsl/Qt/QtMCUs/2.7.0/src/core/property.cpp:38:40:getDirtyChangeEventList	0	static
/home/stvsl/Qt/QtMCUs/2.7.0/src/core/property.cpp:54:6:eventCall	8	static
/home/stvsl/Qt/QtMCUs/2.7.0/src/core/property.cpp:375:72:__static_initialization_and_destruction_0	0	static
/home/stvsl/Qt/QtMCUs/2.7.0/src/core/unicodestring.cpp:152:5:ucs4Utf8Bytes	0	static
/home/stvsl/Qt/QtMCUs/2.7.0/src/core/unicodestring.cpp:169:5:ucs4ToUtf8	0	static
/home/stvsl/Qt/QtMCUs/2.7.0/src/core/unicodestring.cpp:956:6:isDigit	0	static
/home/stvsl/Qt/QtMCUs/2.7.0/include/platforminterface/genericmatrix.h:270:25:operator*=	32	static
/home/stvsl/Qt/QtMCUs/2.7.0/src/core/unicodestring.cpp:37:46:unsignedAbs	12	static
/home/stvsl/Qt/QtMCUs/2.7.0/include/qul/private/intmath.h:113:63:uintPowOf10Impl	0	static
/home/stvsl/Qt/QtMCUs/2.7.0/include/qul/private/intmath.h:120:63:uintPowOf10Impl	8	static
/home/stvsl/Qt/QtMCUs/2.7.0/include/qul/private/intmath.h:129:3:uintPowOf10	8	static
/home/stvsl/Qt/QtMCUs/2.7.0/src/core/unicodestring.cpp:83:14:intNumberCharAt	24	static
/home/stvsl/Qt/QtMCUs/2.7.0/src/core/unicodestring.cpp:94:14:fixedNumberCharAt	8	static
/home/stvsl/.mcuxpressotools/arm-gnu-toolchain-12.3.rel1-x86_64-arm-none-eabi/arm-none-eabi/include/c++/12.3.1/bits/basic_string.h:426:7:_S_copy	8	static
/home/stvsl/Qt/QtMCUs/2.7.0/src/core/imagedecoder_p.cpp:76:14:totalAvailableDataSize	0	static
/home/stvsl/Qt/QtMCUs/2.7.0/src/core/imagedecoder_p.cpp:77:26:rawData	0	static
/home/stvsl/Qt/QtMCUs/2.7.0/src/core/imagedecoder_p.cpp:108:14:totalAvailableDataSize	8	static
/home/stvsl/Qt/QtMCUs/2.7.0/src/core/imagedecoder_p.cpp:109:26:rawData	0	static
/home/stvsl/Qt/QtMCUs/2.7.0/include/platforminterface/rect.h:505:13:operator!=	0	static
/home/stvsl/Qt/QtMCUs/2.7.0/src/core/itembase.cpp:115:13:propagateChildAcceptsTouchEventFlag	0	static
/home/stvsl/Qt/QtMCUs/2.7.0/src/core/itembase.cpp:226:6:childTouchEventFilter	0	static
/home/stvsl/Qt/QtMCUs/2.7.0/include/qul/signal.h:105:10:operator()	16	static
/home/stvsl/Qt/QtMCUs/2.7.0/include/qul/private/global.h:399:11:offsetOf	0	static
/home/stvsl/Qt/QtMCUs/2.7.0/include/qul/private/global.h:399:11:offsetOf	0	static
/home/stvsl/Qt/QtMCUs/2.7.0/include/qul/private/global.h:399:11:offsetOf	0	static
/home/stvsl/Qt/QtMCUs/2.7.0/include/qul/private/global.h:399:11:offsetOf	0	static
/home/stvsl/Qt/QtMCUs/2.7.0/include/qul/private/global.h:399:11:offsetOf	0	static
/home/stvsl/Qt/QtMCUs/2.7.0/include/qul/private/global.h:399:11:offsetOf	0	static
/home/stvsl/Qt/QtMCUs/2.7.0/src/core/text.cpp:413:6:setInlineImageCount	0	static
/home/stvsl/Qt/QtMCUs/2.7.0/src/core/text.cpp:499:6:isRightToLeft	0	static
/home/stvsl/Qt/QtMCUs/2.7.0/src/core/text.cpp:509:6:hasLeftAndRightAlignedParagraphs	0	static
/home/stvsl/Qt/QtMCUs/2.7.0/include/platforminterface/transform.h:198:23:operator*=	16	static
/home/stvsl/Qt/QtMCUs/2.7.0/include/platforminterface/genericmatrix.h:270:25:operator*=	32	static
/home/stvsl/Qt/QtMCUs/2.7.0/include/qul/private/repaintstrategy.h:111:5:__ct_base 	16	static
/home/stvsl/.mcuxpressotools/arm-gnu-toolchain-12.3.rel1-x86_64-arm-none-eabi/arm-none-eabi/include/c++/12.3.1/bits/stl_algobase.h:2059:5:__find_if	8	static
/home/stvsl/.mcuxpressotools/arm-gnu-toolchain-12.3.rel1-x86_64-arm-none-eabi/arm-none-eabi/include/c++/12.3.1/bits/stl_algobase.h:2131:5:__remove_if	16	static
/home/stvsl/.mcuxpressotools/arm-gnu-toolchain-12.3.rel1-x86_64-arm-none-eabi/arm-none-eabi/include/c++/12.3.1/bits/stl_algo.h:833:5:remove	8	static
/home/stvsl/Qt/QtMCUs/2.7.0/src/core/repaintstrategy.cpp:98:7:rectAt	0	static
/home/stvsl/Qt/QtMCUs/2.7.0/include/qul/private/items.h:306:12:__dt_base 	8	static
/home/stvsl/Qt/QtMCUs/2.7.0/include/qul/private/builtins.h:146:8:__dt_base 	8	static
/home/stvsl/Qt/QtMCUs/2.7.0/src/core/items.cpp:110:6:isOpaque	8	static
/home/stvsl/Qt/QtMCUs/2.7.0/src/common.h:80:26:calculateAlignmentDelta	16	static
/home/stvsl/Qt/QtMCUs/2.7.0/src/core/itembase.cpp:148:14:getZValue	8	static
/home/stvsl/Qt/QtMCUs/2.7.0/include/qul/private/repaintstrategy.h:75:10:finalize	32	static
/home/stvsl/Qt/QtMCUs/2.7.0/src/core/repaintstrategy.cpp:111:6:appendDirtyRect	64	static
/home/stvsl/Qt/QtMCUs/2.7.0/src/core/items.cpp:370:6:layoutDirty	8	static
/home/stvsl/Qt/QtMCUs/2.7.0/src/core/itembase.cpp:46:6:operator()	16	static
/home/stvsl/Qt/QtMCUs/2.7.0/include/qul/private/propertybinding.h:498:17:callWithSelf	8	static
/home/stvsl/Qt/QtMCUs/2.7.0/src/common.h:31:12:explicitOrDefaultPadding	16	static
/home/stvsl/Qt/QtMCUs/2.7.0/src/core/itembase.cpp:253:6:setImplicitSizes	16	static
/home/stvsl/Qt/QtMCUs/2.7.0/src/core/text.cpp:396:6:updateImplicitSizes	32	static
/home/stvsl/Qt/QtMCUs/2.7.0/src/core/itembase.cpp:127:13:propagateFlagToChildren	16	static
/home/stvsl/Qt/QtMCUs/2.7.0/src/core/itembase.cpp:137:6:updateChildFlags	16	static
/home/stvsl/Qt/QtMCUs/2.7.0/src/core/items.cpp:382:6:doLinearLayout	72	static
/home/stvsl/Qt/QtMCUs/2.7.0/src/core/items.cpp:447:6:doLayout	40	static
/home/stvsl/Qt/QtMCUs/2.7.0/include/qul/private/propertybinding.h:510:12:getPropertyValue	8	static
/home/stvsl/Qt/QtMCUs/2.7.0/include/platforminterface/genericmatrix.h:249:6:setToIdentity	8	static
/home/stvsl/Qt/QtMCUs/2.7.0/include/platforminterface/genericmatrix.h:249:6:setToIdentity	8	static
/home/stvsl/Qt/QtMCUs/2.7.0/include/platforminterface/genericmatrix.h:238:1:__ct_base 	16	static
/home/stvsl/Qt/QtMCUs/2.7.0/src/core/matrix4x4.cpp:31:1:__ct_base 	16	static
/home/stvsl/Qt/QtMCUs/2.7.0/src/core/transforms.cpp:205:39:operator*=	144	static
/home/stvsl/Qt/QtMCUs/2.7.0/include/qul/private/propertybinding.h:422:14:__ct_base 	16	static
/home/stvsl/Qt/QtMCUs/2.7.0/include/platforminterface/allocator.h:159:13:qul_delete	8	static
/home/stvsl/Qt/QtMCUs/2.7.0/include/platforminterface/allocator.h:159:13:qul_delete	8	static
/home/stvsl/Qt/QtMCUs/2.7.0/src/core/items.cpp:205:6:freePathData	16	static
/home/stvsl/Qt/QtMCUs/2.7.0/src/core/unicodestring.cpp:950:1:__dt_base 	8	static
/home/stvsl/Qt/QtMCUs/2.7.0/include/platforminterface/allocator.h:159:13:qul_delete	8	static
/home/stvsl/Qt/QtMCUs/2.7.0/include/qul/private/unicodestring.h:601:10:unreference	8	static
/home/stvsl/Qt/QtMCUs/2.7.0/include/platforminterface/allocator.h:159:13:qul_delete	8	static
/home/stvsl/Qt/QtMCUs/2.7.0/include/platforminterface/allocator.h:159:13:qul_delete	8	static
/home/stvsl/Qt/QtMCUs/2.7.0/src/core/imagedecoder_p.cpp:121:13:cleanupFileAndDataProvider	16	static
/home/stvsl/Qt/QtMCUs/2.7.0/include/platforminterface/allocator.h:103:11:qul_new	8	static
/home/stvsl/Qt/QtMCUs/2.7.0/include/platforminterface/allocator.h:103:11:qul_new	8	static
/home/stvsl/Qt/QtMCUs/2.7.0/include/qul/property.h:347:21:firstDependency	8	static
/home/stvsl/.mcuxpressotools/arm-gnu-toolchain-12.3.rel1-x86_64-arm-none-eabi/arm-none-eabi/include/c++/12.3.1/bits/basic_string.h:678:7:__ct_base 	16	static
/home/stvsl/.mcuxpressotools/arm-gnu-toolchain-12.3.rel1-x86_64-arm-none-eabi/arm-none-eabi/include/c++/12.3.1/bits/basic_string.h:291:7:_M_dispose	8	static
/home/stvsl/.mcuxpressotools/arm-gnu-toolchain-12.3.rel1-x86_64-arm-none-eabi/arm-none-eabi/include/c++/12.3.1/bits/stl_iterator_base_funcs.h:183:5:__advance	0	static
/home/stvsl/.mcuxpressotools/arm-gnu-toolchain-12.3.rel1-x86_64-arm-none-eabi/arm-none-eabi/include/c++/12.3.1/bits/stl_algobase.h:1450:5:__lower_bound	32	static
/home/stvsl/Qt/QtMCUs/2.7.0/src/core/unicodestring.cpp:115:14:formattedNumberCharAt	24	static
/home/stvsl/Qt/QtMCUs/2.7.0/src/core/itembase.cpp:79:6:operator()	40	static
/home/stvsl/Qt/QtMCUs/2.7.0/include/qul/private/propertybinding.h:498:17:callWithSelf	8	static
/home/stvsl/Qt/QtMCUs/2.7.0/include/qul/property.h:675:10:syncBinding	24	static
/home/stvsl/Qt/QtMCUs/2.7.0/src/core/itembase.cpp:352:6:setEffectiveVisible	40	static
/home/stvsl/Qt/QtMCUs/2.7.0/src/core/timeritem.cpp:36:9:currentTimeStamp	8	static
/home/stvsl/Qt/QtMCUs/2.7.0/src/core/timeritem.cpp:43:6:setNewTimeout	16	static
/home/stvsl/Qt/QtMCUs/2.7.0/src/core/imageprovider.cpp:130:1:_GLOBAL__sub_I__ZN3Qul7Private23dispatchToImageProviderEPKcjS2_j	8	static
/home/stvsl/Qt/QtMCUs/2.7.0/src/core/imageprovider.cpp:130:1:_GLOBAL__sub_D__ZN3Qul7Private23dispatchToImageProviderEPKcjS2_j	8	static
/home/stvsl/Qt/QtMCUs/2.7.0/include/qul/private/global.h:219:31:qRound	0	static
/home/stvsl/Qt/QtMCUs/2.7.0/include/platforminterface/point.h:408:14:toPoint	24	static
/home/stvsl/Qt/QtMCUs/2.7.0/src/core/items.cpp:473:6:onLongPressTimerTriggeredSlot	120	static
/home/stvsl/Qt/QtMCUs/2.7.0/include/platforminterface/rect.h:644:8:__ct_base 	0	static
/home/stvsl/Qt/QtMCUs/2.7.0/include/platforminterface/rect.h:824:14:translated	48	static
/home/stvsl/Qt/QtMCUs/2.7.0/include/platforminterface/transform.h:75:16:translate	24	static
/home/stvsl/Qt/QtMCUs/2.7.0/include/platforminterface/transform.h:324:37:map	40	static
/home/stvsl/Qt/QtMCUs/2.7.0/include/qul/private/texture.h:125:29:actualRect	16	static
/home/stvsl/Qt/QtMCUs/2.7.0/src/core/items.cpp:52:6:operator()	8	static
/home/stvsl/Qt/QtMCUs/2.7.0/src/core/items.cpp:359:1:__ct_base 	8	static
/home/stvsl/Qt/QtMCUs/2.7.0/src/core/items.cpp:365:1:__dt_base 	8	static
/home/stvsl/Qt/QtMCUs/2.7.0/include/platforminterface/genericmatrix.h:238:1:__ct_base 	16	static
/home/stvsl/Qt/QtMCUs/2.7.0/include/platforminterface/transform.h:178:22:fromTranslation	24	static
/home/stvsl/Qt/QtMCUs/2.7.0/include/platforminterface/transform.h:188:22:fromScale	24	static
/home/stvsl/Qt/QtMCUs/2.7.0/include/platforminterface/transform.h:242:22:operator*	80	static
/home/stvsl/Qt/QtMCUs/2.7.0/src/core/matrix4x4.cpp:52:30:toTransform	48	static
/home/stvsl/Qt/QtMCUs/2.7.0/src/core/transforms.cpp:224:1:__conv_op 	8	static
/home/stvsl/Qt/QtMCUs/2.7.0/src/core/items.cpp:594:1:_GLOBAL__sub_I__ZN3Qul7Private5Items18containsLoaderItemEPNS1_8ItemBaseE	8	static
/home/stvsl/Qt/QtMCUs/2.7.0/src/core/memutil.cpp:39:19:memutil_aligned_alloc	40	static
/home/stvsl/Qt/QtMCUs/2.7.0/src/core/memutil.cpp:66:6:memutil_aligned_free	8	static
/home/stvsl/Qt/QtMCUs/2.7.0/src/core/property.cpp:44:1:__dt_base 	8	static
/home/stvsl/Qt/QtMCUs/2.7.0/include/qul/private/propertybinding.h:413:8:__dt_base 	16	static
/home/stvsl/Qt/QtMCUs/2.7.0/include/qul/private/items.h:392:8:__dt_base 	8	static
/home/stvsl/Qt/QtMCUs/2.7.0/include/qul/private/items.h:392:8:__dt_del 	8	static
/home/stvsl/Qt/QtMCUs/2.7.0/include/qul/private/items/itembase.h:154:12:__dt_base 	8	static
/home/stvsl/Qt/QtMCUs/2.7.0/include/platforminterface/allocator.h:159:13:qul_delete	8	static
/home/stvsl/Qt/QtMCUs/2.7.0/include/qul/private/extradatapointer.h:71:5:__dt_base 	8	static
/home/stvsl/Qt/QtMCUs/2.7.0/src/core/property.cpp:49:6:dirty	8	static
/home/stvsl/Qt/QtMCUs/2.7.0/src/core/property.cpp:191:6:cleanup	8	static
/home/stvsl/Qt/QtMCUs/2.7.0/src/core/property.cpp:120:6:removeReverseDependencies	24	static
/home/stvsl/Qt/QtMCUs/2.7.0/src/core/property.cpp:158:10:appendToFreeList	16	static
/home/stvsl/Qt/QtMCUs/2.7.0/src/core/property.cpp:375:72:_GLOBAL__sub_I__ZN3Qul7Private11BindingBase16recursionCounterE	8	static
/home/stvsl/Qt/QtMCUs/2.7.0/src/core/qul.cpp:69:6:initHardware	8	static
/home/stvsl/Qt/QtMCUs/2.7.0/src/core/qul.cpp:92:6:initPlatform	8	static
/home/stvsl/Qt/QtMCUs/2.7.0/src/core/timer.cpp:35:6:initTimers	0	static
/home/stvsl/Qt/QtMCUs/2.7.0/src/core/timer.cpp:53:6:removeTimer	0	static
/home/stvsl/Qt/QtMCUs/2.7.0/src/core/timer.cpp:72:6:updateTimers	16	static
/home/stvsl/Qt/QtMCUs/2.7.0/src/core/timer.cpp:90:9:firstUpcomingTimeout	0	static
/home/stvsl/Qt/QtMCUs/2.7.0/src/core/unicodestring.cpp:215:6:isValid	0	static
/home/stvsl/Qt/QtMCUs/2.7.0/src/core/unicodestring.cpp:992:6:hasNext	0	static
/home/stvsl/Qt/QtMCUs/2.7.0/src/core/unicodestring.cpp:1008:5:pos	0	static
/home/stvsl/Qt/QtMCUs/2.7.0/src/core/unicodestring.cpp:1013:15:text	0	static
/home/stvsl/.mcuxpressotools/arm-gnu-toolchain-12.3.rel1-x86_64-arm-none-eabi/arm-none-eabi/include/c++/12.3.1/bits/basic_string.tcc:217:7:_M_construct	24	static
/home/stvsl/Qt/QtMCUs/2.7.0/src/core/imagedecoder_p.cpp:115:6:isTextureDecodable	0	static
/home/stvsl/Qt/QtMCUs/2.7.0/include/qul/private/global.h:215:31:qRound	0	static
/home/stvsl/Qt/QtMCUs/2.7.0/src/core/itembase.cpp:153:6:ensureChildZOrder	24	static
/home/stvsl/Qt/QtMCUs/2.7.0/src/core/itembase.cpp:192:6:appendChild	8	static
/home/stvsl/Qt/QtMCUs/2.7.0/src/core/itembase.cpp:211:6:siblingListAppend	0	static
/home/stvsl/Qt/QtMCUs/2.7.0/src/core/itembase.cpp:235:6:contains	32	static
/home/stvsl/Qt/QtMCUs/2.7.0/src/core/itembase.cpp:271:1:__ct_base 	16	static
/home/stvsl/Qt/QtMCUs/2.7.0/src/core/itembase.cpp:283:1:__ct_base 	32	static
/home/stvsl/Qt/QtMCUs/2.7.0/src/core/items.cpp:170:1:__ct_base 	8	static
/home/stvsl/Qt/QtMCUs/2.7.0/src/core/itembase.cpp:398:6:update	8	static
/home/stvsl/Qt/QtMCUs/2.7.0/src/core/items.cpp:57:6:operator()	8	static
/home/stvsl/Qt/QtMCUs/2.7.0/src/core/itembase.cpp:73:6:operator()	16	static
/home/stvsl/Qt/QtMCUs/2.7.0/include/qul/private/propertybinding.h:498:17:callWithSelf	8	static
/home/stvsl/Qt/QtMCUs/2.7.0/include/qul/private/propertybinding.h:498:17:callWithSelf	8	static
/home/stvsl/Qt/QtMCUs/2.7.0/src/core/items.cpp:158:6:outlineChanged	8	static
/home/stvsl/Qt/QtMCUs/2.7.0/src/core/items.cpp:142:6:operator()	8	static
/home/stvsl/Qt/QtMCUs/2.7.0/include/qul/private/propertybinding.h:432:17:callMe	8	static
/home/stvsl/Qt/QtMCUs/2.7.0/src/core/items.cpp:164:6:gradientDirty	8	static
/home/stvsl/Qt/QtMCUs/2.7.0/src/core/itembase.cpp:34:6:operator()	8	static
/home/stvsl/Qt/QtMCUs/2.7.0/include/qul/private/propertybinding.h:498:17:callWithSelf	8	static
/home/stvsl/Qt/QtMCUs/2.7.0/src/core/itembase.cpp:39:6:operator()	8	static
/home/stvsl/Qt/QtMCUs/2.7.0/include/qul/private/propertybinding.h:498:17:callWithSelf	8	static
/home/stvsl/Qt/QtMCUs/2.7.0/src/core/itembase.cpp:424:6:markSubTreeDirty	8	static
/home/stvsl/Qt/QtMCUs/2.7.0/src/core/itembase.cpp:411:6:markDirty	8	static
/home/stvsl/Qt/QtMCUs/2.7.0/src/core/itembase.cpp:447:19:prepareRenderNode	128	static
/home/stvsl/Qt/QtMCUs/2.7.0/include/platforminterface/rect.h:297:13:size	8	static
/home/stvsl/Qt/QtMCUs/2.7.0/src/core/text.cpp:421:5:inlineImageCount	0	static
/home/stvsl/Qt/QtMCUs/2.7.0/src/core/text.cpp:426:6:inlineImageCountExceededTextCacheLimit	8	static
/home/stvsl/Qt/QtMCUs/2.7.0/src/core/text.cpp:484:6:operator()	8	static
/home/stvsl/Qt/QtMCUs/2.7.0/src/core/text.cpp:504:6:isMultiLineText	0	static
/home/stvsl/Qt/QtMCUs/2.7.0/src/core/text.cpp:514:6:wasElided	0	static
/home/stvsl/Qt/QtMCUs/2.7.0/src/core/text.cpp:522:5:contentWidth	8	static
/home/stvsl/Qt/QtMCUs/2.7.0/src/core/transforms.cpp:260:1:__dt_base 	0	static
/home/stvsl/Qt/QtMCUs/2.7.0/src/core/rendercontext.cpp:30:1:__ct_base 	16	static
/home/stvsl/Qt/QtMCUs/2.7.0/src/core/rendercontext.cpp:35:6:dirty	0	static
/home/stvsl/Qt/QtMCUs/2.7.0/src/core/rendercontext.cpp:40:6:fullRepaint	0	static
/home/stvsl/Qt/QtMCUs/2.7.0/src/core/rendercontext.cpp:45:6:hasRemovedRect	0	static
/home/stvsl/Qt/QtMCUs/2.7.0/src/core/rendercontext.cpp:50:6:setFullRepaint	0	static
/home/stvsl/Qt/QtMCUs/2.7.0/src/core/rendercontext.cpp:55:13:removedRect	0	static
/home/stvsl/Qt/QtMCUs/2.7.0/src/core/rendercontext.cpp:60:6:clearRemovedRect	8	static
/home/stvsl/Qt/QtMCUs/2.7.0/src/core/rendercontext.cpp:65:38:dirtyNodes	0	static
/home/stvsl/Qt/QtMCUs/2.7.0/src/core/rendercontext.cpp:70:6:clearDirtyNodes	0	static
/home/stvsl/Qt/QtMCUs/2.7.0/src/core/rendercontext.cpp:75:18:root	0	static
/home/stvsl/Qt/QtMCUs/2.7.0/src/core/rendercontext.cpp:90:16:contextForItem	0	static
/home/stvsl/Qt/QtMCUs/2.7.0/src/core/repaintstrategy.cpp:34:6:finalize	8	static
/home/stvsl/Qt/QtMCUs/2.7.0/include/qul/private/linkedlist.h:88:5:__dt_base 	16	static
/home/stvsl/Qt/QtMCUs/2.7.0/src/core/imageprovider.cpp:130:1:__static_initialization_and_destruction_0	8	static
/home/stvsl/Qt/QtMCUs/2.7.0/include/qul/private/linkedlist.h:50:10:remove	16	static
/home/stvsl/Qt/QtMCUs/2.7.0/include/qul/private/dirtylist.h:112:17:process	24	static
/home/stvsl/Qt/QtMCUs/2.7.0/src/core/items.cpp:375:6:updateLayouts	16	static
/home/stvsl/Qt/QtMCUs/2.7.0/include/qul/private/linkedlist.h:88:5:__dt_base 	16	static
/home/stvsl/Qt/QtMCUs/2.7.0/include/qul/private/linkedlist.h:64:10:insertInto	24	static
/home/stvsl/Qt/QtMCUs/2.7.0/src/core/items.cpp:96:6:addDirtyCallback	8	static
/home/stvsl/Qt/QtMCUs/2.7.0/include/qul/private/array.h:117:15:append	24	static
/home/stvsl/Qt/QtMCUs/2.7.0/include/qul/private/array.h:190:22:qul_prop_deps	24	static
/home/stvsl/Qt/QtMCUs/2.7.0/src/core/items.cpp:190:1:__ct_base 	32	static
/home/stvsl/Qt/QtMCUs/2.7.0/include/qul/private/linkedlist.h:50:10:remove	16	static
/home/stvsl/Qt/QtMCUs/2.7.0/src/core/items.cpp:200:1:__dt_base 	8	static
/home/stvsl/Qt/QtMCUs/2.7.0/include/platforminterface/allocator.h:159:13:qul_delete	8	static
/home/stvsl/Qt/QtMCUs/2.7.0/include/qul/private/extradatapointer.h:71:5:__dt_base 	8	static
/home/stvsl/Qt/QtMCUs/2.7.0/include/qul/private/linkedlist.h:50:10:remove	16	static
/home/stvsl/Qt/QtMCUs/2.7.0/include/qul/private/linkedlist.h:64:10:insertInto	24	static
/home/stvsl/Qt/QtMCUs/2.7.0/src/core/property.cpp:127:6:commonHandleInternalCall_helper	24	static
/home/stvsl/Qt/QtMCUs/2.7.0/src/core/property.cpp:167:24:allocateDynDependencyNode	24	static
/home/stvsl/Qt/QtMCUs/2.7.0/include/qul/private/flagpointer.h:377:19:operator=	24	static
/home/stvsl/Qt/QtMCUs/2.7.0/include/qul/private/flagpointer.h:192:1:__ct_base 	16	static
/home/stvsl/Qt/QtMCUs/2.7.0/include/qul/private/flagpointer.h:395:4:asT1	16	static
/home/stvsl/Qt/QtMCUs/2.7.0/include/qul/property.h:323:10:allDependencyDirty	16	static
/home/stvsl/Qt/QtMCUs/2.7.0/include/qul/private/dirtylist.h:112:17:process	24	static
/home/stvsl/Qt/QtMCUs/2.7.0/src/core/property.cpp:59:6:emitChangeEvents	8	static
/home/stvsl/Qt/QtMCUs/2.7.0/src/core/property.cpp:33:6:qulEmitChangeEvents	8	static
/home/stvsl/Qt/QtMCUs/2.7.0/include/qul/private/flagpointer.h:402:5:asT2	16	static
/home/stvsl/Qt/QtMCUs/2.7.0/src/core/property.cpp:66:6:markDependencyDirty	40	static
/home/stvsl/Qt/QtMCUs/2.7.0/include/qul/property.h:648:10:setValueAndBypassBinding	16	static
/home/stvsl/Qt/QtMCUs/2.7.0/include/qul/property.h:648:10:setValueAndBypassBinding	16	static
/home/stvsl/Qt/QtMCUs/2.7.0/include/qul/property.h:664:10:setImplicitly	24	static
/home/stvsl/Qt/QtMCUs/2.7.0/src/core/timer.cpp:37:6:addTimer	24	static
/home/stvsl/Qt/QtMCUs/2.7.0/src/core/timeritem.cpp:61:6:runningChanged	8	static
/home/stvsl/Qt/QtMCUs/2.7.0/include/qul/private/propertybinding.h:557:17:callMe	16	static
/home/stvsl/Qt/QtMCUs/2.7.0/include/qul/private/flagpointer.h:192:1:__ct_base 	16	static
/home/stvsl/Qt/QtMCUs/2.7.0/include/qul/private/propertybinding.h:523:5:__ct_base 	32	static
/home/stvsl/Qt/QtMCUs/2.7.0/src/core/timer.cpp:311:1:__ct_base 	8	static
/home/stvsl/Qt/QtMCUs/2.7.0/src/core/items.cpp:489:1:__ct_base 	24	static
/home/stvsl/Qt/QtMCUs/2.7.0/include/qul/private/unicodestring.h:478:27:asStdString	16	static
/home/stvsl/Qt/QtMCUs/2.7.0/src/core/unicodestring.cpp:731:1:__dt_base 	8	static
/home/stvsl/Qt/QtMCUs/2.7.0/include/platforminterface/allocator.h:159:13:qul_delete	8	static
/home/stvsl/Qt/QtMCUs/2.7.0/include/qul/private/unicodestring.h:578:10:unreference	8	static
/home/stvsl/Qt/QtMCUs/2.7.0/src/core/unicodestring.cpp:873:9:operator=	16	static
/home/stvsl/Qt/QtMCUs/2.7.0/src/core/unicodestring.cpp:220:6:hasNext	16	static
/home/stvsl/Qt/QtMCUs/2.7.0/include/platforminterface/allocator.h:67:8:allocate	24	static
/home/stvsl/.mcuxpressotools/arm-gnu-toolchain-12.3.rel1-x86_64-arm-none-eabi/arm-none-eabi/include/c++/12.3.1/bits/basic_string.tcc:134:5:_M_create	8	static
/home/stvsl/.mcuxpressotools/arm-gnu-toolchain-12.3.rel1-x86_64-arm-none-eabi/arm-none-eabi/include/c++/12.3.1/bits/basic_string.tcc:217:7:_M_construct	24	static
/home/stvsl/.mcuxpressotools/arm-gnu-toolchain-12.3.rel1-x86_64-arm-none-eabi/arm-none-eabi/include/c++/12.3.1/bits/basic_string.h:548:7:__ct_base 	8	static
/home/stvsl/Qt/QtMCUs/2.7.0/src/core/unicodestring.cpp:741:1:__ct_base 	8	static
/home/stvsl/Qt/QtMCUs/2.7.0/src/core/unicodestring.cpp:935:1:__ct_base 	16	static
/home/stvsl/Qt/QtMCUs/2.7.0/include/platforminterface/allocator.h:103:11:qul_new	16	static
/home/stvsl/Qt/QtMCUs/2.7.0/include/qul/private/unicodestring.h:567:30:acquire	16	static
/home/stvsl/Qt/QtMCUs/2.7.0/src/core/unicodestring.cpp:725:1:__ct_base 	16	static
/home/stvsl/Qt/QtMCUs/2.7.0/src/core/unicodestring.cpp:779:9:operator=	16	static
/home/stvsl/Qt/QtMCUs/2.7.0/src/core/imagedecoder_p.cpp:58:14:readData	32	static
/home/stvsl/Qt/QtMCUs/2.7.0/src/core/imagedecoder_p.cpp:87:14:readData	32	static
/home/stvsl/Qt/QtMCUs/2.7.0/src/core/imagedecoder_p.cpp:378:6:setupRasterbufferAndTextureFromDecodableAsset	56	static
/home/stvsl/Qt/QtMCUs/2.7.0/include/qul/private/flagpointer.h:295:17:operator=	24	static
/home/stvsl/Qt/QtMCUs/2.7.0/src/core/itembase.cpp:186:6:appendChild	24	static
/home/stvsl/Qt/QtMCUs/2.7.0/src/core/itembase.cpp:197:6:appendChildImpl	24	static
/home/stvsl/Qt/QtMCUs/2.7.0/include/qul/private/array.h:135:14:at	24	static
/home/stvsl/Qt/QtMCUs/2.7.0/src/core/itembase.cpp:263:27:getFirstLocalTouchPoint	32	static
/home/stvsl/Qt/QtMCUs/2.7.0/src/core/items.cpp:497:6:touchEvent	144	static
/home/stvsl/Qt/QtMCUs/2.7.0/include/qul/property.h:632:10:setValue	24	static
/home/stvsl/Qt/QtMCUs/2.7.0/src/core/itembase.cpp:59:6:keyEvent	48	static
/home/stvsl/Qt/QtMCUs/2.7.0/include/qul/private/flagpointer.h:395:4:asT1	16	static
/home/stvsl/Qt/QtMCUs/2.7.0/include/qul/private/items/transforms.h:121:27:tail	8	static
/home/stvsl/Qt/QtMCUs/2.7.0/src/core/transforms.cpp:249:30:transform	160	static
/home/stvsl/Qt/QtMCUs/2.7.0/include/qul/private/flagpointer.h:386:19:operator=	24	static
/home/stvsl/Qt/QtMCUs/2.7.0/src/core/transforms.cpp:231:6:setItem	8	static
/home/stvsl/Qt/QtMCUs/2.7.0/include/qul/private/flagpointer.h:402:5:asT2	16	static
/home/stvsl/Qt/QtMCUs/2.7.0/src/core/transforms.cpp:237:11:item	8	static
/home/stvsl/Qt/QtMCUs/2.7.0/include/qul/private/flagpointer.h:377:19:operator=	24	static
/home/stvsl/Qt/QtMCUs/2.7.0/src/core/transforms.cpp:242:6:appendTransform	16	static
/home/stvsl/Qt/QtMCUs/2.7.0/src/core/timeritem.cpp:72:6:trigger	40	static
/home/stvsl/Qt/QtMCUs/2.7.0/include/qul/private/array.h:105:10:resize	24	static
/home/stvsl/Qt/QtMCUs/2.7.0/src/core/rendercontext.cpp:103:6:removeNode	32	static
/home/stvsl/Qt/QtMCUs/2.7.0/src/core/rendercontext.cpp:124:6:itemAboutToBeUnparented	16	static
/home/stvsl/Qt/QtMCUs/2.7.0/src/core/itembase.cpp:325:1:__dt_base 	32	static
/home/stvsl/Qt/QtMCUs/2.7.0/include/qul/private/array.h:117:15:append	24	static
/home/stvsl/Qt/QtMCUs/2.7.0/src/core/rendercontext.cpp:114:6:addDirtyNode	16	static
/home/stvsl/Qt/QtMCUs/2.7.0/src/core/items.cpp:177:1:__dt_base 	8	static
/home/stvsl/Qt/QtMCUs/2.7.0/src/core/items.cpp:177:1:__dt_del 	8	static
/home/stvsl/Qt/QtMCUs/2.7.0/src/core/memutil.cpp:78:6:initializeRuntimeAllocation	56	static
/home/stvsl/Qt/QtMCUs/2.7.0/src/core/property.cpp:203:6:registerDynDependency	16	static
/home/stvsl/Qt/QtMCUs/2.7.0/include/qul/property.h:685:14:value	24	static
/home/stvsl/Qt/QtMCUs/2.7.0/src/core/items.cpp:147:6:gradientChanged	8	static
/home/stvsl/Qt/QtMCUs/2.7.0/src/core/items.cpp:136:6:operator()	8	static
/home/stvsl/Qt/QtMCUs/2.7.0/include/qul/private/propertybinding.h:498:17:callWithSelf	8	static
/home/stvsl/Qt/QtMCUs/2.7.0/src/core/items.cpp:179:19:renderNode	32	static
/home/stvsl/Qt/QtMCUs/2.7.0/src/core/items.cpp:227:6:isOpaque	8	static
/home/stvsl/Qt/QtMCUs/2.7.0/include/qul/property.h:685:14:value	24	static
/home/stvsl/Qt/QtMCUs/2.7.0/src/core/text.cpp:589:13:elideMode	8	static
/home/stvsl/Qt/QtMCUs/2.7.0/include/qul/property.h:685:14:value	24	static
/home/stvsl/Qt/QtMCUs/2.7.0/src/core/text.cpp:596:16:wrapMode	8	static
/home/stvsl/Qt/QtMCUs/2.7.0/include/qul/property.h:685:14:value	24	static
/home/stvsl/Qt/QtMCUs/2.7.0/src/core/text.cpp:604:14:textFormat	8	static
/home/stvsl/Qt/QtMCUs/2.7.0/include/qul/property.h:685:14:value	24	static
/home/stvsl/Qt/QtMCUs/2.7.0/src/core/text.cpp:579:28:explicitlySetHAlignment	16	static
/home/stvsl/Qt/QtMCUs/2.7.0/include/qul/property.h:685:14:value	24	static
/home/stvsl/Qt/QtMCUs/2.7.0/src/common.h:39:26:calculateAlignmentDelta	40	static
/home/stvsl/Qt/QtMCUs/2.7.0/src/core/text.cpp:537:28:renderNode	192	static
/home/stvsl/Qt/QtMCUs/2.7.0/src/core/imagedecoder_p.cpp:131:13:isQulRccFormat	8	static
/home/stvsl/Qt/QtMCUs/2.7.0/src/core/imagedecoder_p.cpp:144:16:cachableDataForDecodableTexture	128	static
/home/stvsl/Qt/QtMCUs/2.7.0/src/core/imagedecoder_p.cpp:277:15:rasterBufferFromFileImageDecoder	72	static
/home/stvsl/Qt/QtMCUs/2.7.0/include/qul/private/rendertree.h:375:7:__dt_base 	8	static
/home/stvsl/Qt/QtMCUs/2.7.0/include/qul/private/items/text.h:47:8:__dt_base 	8	static
/home/stvsl/Qt/QtMCUs/2.7.0/include/qul/private/items/text.h:47:8:__dt_del 	8	static
/home/stvsl/Qt/QtMCUs/2.7.0/include/qul/property.h:685:14:value	40	static
/home/stvsl/Qt/QtMCUs/2.7.0/src/core/text.cpp:574:19:fontEngine	8	static
/home/stvsl/Qt/QtMCUs/2.7.0/src/core/text.cpp:431:6:operator()	80	static
/home/stvsl/Qt/QtMCUs/2.7.0/src/core/text.cpp:490:6:operator()	8	static
/home/stvsl/Qt/QtMCUs/2.7.0/src/core/repaintstrategy.cpp:63:6:addDirtyRectsForNode	40	static
/home/stvsl/Qt/QtMCUs/2.7.0/include/qul/private/items.h:231:8:__dt_base 	8	static
/home/stvsl/Qt/QtMCUs/2.7.0/include/qul/private/items.h:231:8:__dt_del 	8	static
/home/stvsl/Qt/QtMCUs/2.7.0/include/qul/private/items.h:291:8:__dt_base 	8	static
/home/stvsl/Qt/QtMCUs/2.7.0/include/qul/private/items.h:291:8:__dt_del 	8	static
/home/stvsl/Qt/QtMCUs/2.7.0/src/core/items.cpp:124:34:gradientStopsForGradient	24	static
/home/stvsl/Qt/QtMCUs/2.7.0/include/qul/property.h:685:14:value	40	static
/home/stvsl/Qt/QtMCUs/2.7.0/src/core/items.cpp:268:6:operator()	8	static
/home/stvsl/Qt/QtMCUs/2.7.0/src/core/items.cpp:280:19:renderNode	328	static
/home/stvsl/Qt/QtMCUs/2.7.0/src/core/items.cpp:329:28:renderNode	80	static
/home/stvsl/Qt/QtMCUs/2.7.0/include/qul/private/timeritem.h:46:8:__dt_base 	16	static
/home/stvsl/Qt/QtMCUs/2.7.0/include/qul/private/items.h:428:8:__dt_base 	8	static
/home/stvsl/Qt/QtMCUs/2.7.0/include/qul/private/items.h:428:8:__dt_del 	8	static
/home/stvsl/Qt/QtMCUs/2.7.0/include/qul/private/timeritem.h:46:8:__dt_del 	8	static
/home/stvsl/Qt/QtMCUs/2.7.0/src/core/unicodestring.cpp:232:9:next	48	static
/home/stvsl/Qt/QtMCUs/2.7.0/src/core/svgcolors.cpp:337:9:calcNameHash	24	static
/home/stvsl/Qt/QtMCUs/2.7.0/src/core/svgcolors.cpp:365:27:mapSvgColorNameToValue	16	static
/home/stvsl/Qt/QtMCUs/2.7.0/src/core/unicodestring.cpp:301:7:next	16	static
/home/stvsl/Qt/QtMCUs/2.7.0/src/core/unicodestring.cpp:1002:9:next	16	static
/home/stvsl/Qt/QtMCUs/2.7.0/src/core/unicodestring.cpp:398:5:length	24	static
/home/stvsl/Qt/QtMCUs/2.7.0/src/core/unicodestring.cpp:655:6:operator==	48	static
/home/stvsl/Qt/QtMCUs/2.7.0/include/qul/private/linkedlist.h:107:31:find_if	16	static
/home/stvsl/Qt/QtMCUs/2.7.0/src/core/imageprovider.cpp:42:18:dispatchToImageProvider	80	static
/home/stvsl/Qt/QtMCUs/2.7.0/src/core/unicodestring.cpp:987:1:__ct_base 	16	static
/home/stvsl/Qt/QtMCUs/2.7.0/include/qul/private/unicodestring.h:731:24:iterator	24	static
/home/stvsl/Qt/QtMCUs/2.7.0/src/core/unicodestring.cpp:966:6:parseInt	32	static
/home/stvsl/Qt/QtMCUs/2.7.0/src/core/unicodestring.cpp:197:6:printStringView	32	static
/home/stvsl/Qt/QtMCUs/2.7.0/src/core/unicodestring.cpp:704:8:fromStringView	48	static
