/home/stvsl/Qt/QtMCUs/2.7.0/src/core/input.cpp:359:13:isTouchAccepted	0	static
/home/stvsl/Qt/QtMCUs/2.7.0/src/core/text.cpp:509:6:hasLeftAndRightAlignedParagraphs	0	static
/home/stvsl/Qt/QtMCUs/2.7.0/src/graphics/filecache.cpp:35:1:__ct_base 	0	static
/home/stvsl/Qt/QtMCUs/2.7.0/src/graphics/filecache.cpp:164:6:push_back	0	static
/home/stvsl/Qt/QtMCUs/2.7.0/src/graphics/rgb.h:51:31:qAlpha	0	static
/home/stvsl/Qt/QtMCUs/2.7.0/src/graphics/blendfunctions.cpp:99:6:blend_argb32_on_rgb16_const_alpha	48	static
/home/stvsl/Qt/QtMCUs/2.7.0/src/graphics/blendfunctions.cpp:174:6:blend_rgb8_on_rgb16_const_alpha	36	static
/home/stvsl/Qt/QtMCUs/2.7.0/src/graphics/blendfunctions.cpp:224:6:blend_rle_rgb888_on_rgb16_rle	8	static
/home/stvsl/Qt/QtMCUs/2.7.0/src/graphics/blendfunctions.cpp:235:6:blend_rle_rgb888_on_rgb16_raw	16	static
/home/stvsl/Qt/QtMCUs/2.7.0/src/graphics/blendfunctions.cpp:247:13:blend_rle_argb32_on_rgb16_rle	24	static
/home/stvsl/Qt/QtMCUs/2.7.0/src/graphics/blendfunctions.cpp:247:13:blend_rle_argb32_on_rgb16_rle	24	static
/home/stvsl/Qt/QtMCUs/2.7.0/src/graphics/blendfunctions.cpp:596:13:blend_rle_rgb888_on_argb16_rle	12	static
/home/stvsl/Qt/QtMCUs/2.7.0/src/graphics/blendfunctions.cpp:607:13:blend_rle_rgb888_on_argb16_raw	12	static
/home/stvsl/Qt/QtMCUs/2.7.0/src/graphics/blendfunctions.cpp:552:13:blend_rle_argb32_on_argb16_rle	24	static
/home/stvsl/Qt/QtMCUs/2.7.0/src/graphics/blendfunctions.cpp:552:13:blend_rle_argb32_on_argb16_rle	24	static
/home/stvsl/Qt/QtMCUs/2.7.0/src/graphics/blendfunctions.cpp:846:13:blend_rle_rgb888_on_rgb32_rle	12	static
/home/stvsl/Qt/QtMCUs/2.7.0/src/graphics/blendfunctions.cpp:855:13:blend_rle_rgb888_on_rgb32_raw	16	static
/home/stvsl/Qt/QtMCUs/2.7.0/src/graphics/blendfunctions.cpp:867:13:blend_rle_argb32_on_argb32_rle	16	static
/home/stvsl/Qt/QtMCUs/2.7.0/src/graphics/blendfunctions.cpp:867:13:blend_rle_argb32_on_argb32_rle	12	static
/home/stvsl/Qt/QtMCUs/2.7.0/src/graphics/blendhelper.cpp:30:20:blend_rgb565	8	static
/home/stvsl/Qt/QtMCUs/2.7.0/src/graphics/blendhelper.cpp:41:20:blend_argb4444	16	static
/home/stvsl/Qt/QtMCUs/2.7.0/src/graphics/blendhelper.cpp:64:20:blend_argb32	12	static
/home/stvsl/Qt/QtMCUs/2.7.0/src/graphics/drawhelper.h:814:1:storeARGBFromARGB32PM	32	static
/home/stvsl/Qt/QtMCUs/2.7.0/src/graphics/blendhelper.h:89:54:fromRgba32	0	static
/home/stvsl/Qt/QtMCUs/2.7.0/src/graphics/blendhelper.cpp:490:21:blendPixel	4	static
/home/stvsl/Qt/QtMCUs/2.7.0/src/graphics/blendhelper.cpp:490:21:blendPixel	12	static
/home/stvsl/Qt/QtMCUs/2.7.0/src/graphics/blendhelper.cpp:490:21:blendPixel	8	static
/home/stvsl/Qt/QtMCUs/2.7.0/src/graphics/blendhelper.cpp:490:21:blendPixel	12	static
/home/stvsl/Qt/QtMCUs/2.7.0/src/graphics/drawhelper.h:590:20:interpolate_4_pixels	20	static
/home/stvsl/Qt/QtMCUs/2.7.0/src/graphics/drawhelper.h:615:20:interpolate_4_pixels_16	24	static
/home/stvsl/Qt/QtMCUs/2.7.0/src/graphics/drawhelper.h:647:1:intermediate_adder	28	static
/home/stvsl/Qt/QtMCUs/2.7.0/src/graphics/drawhelper.h:1460:17:fetch	40	static
/home/stvsl/Qt/QtMCUs/2.7.0/src/graphics/drawhelper.h:1471:10:store	16	static
/home/stvsl/Qt/QtMCUs/2.7.0/src/graphics/drawhelper.h:1479:6:handleSpans	80	static
/home/stvsl/Qt/QtMCUs/2.7.0/src/core/input.cpp:53:35:itemToGlobalTransform	104	static
/home/stvsl/Qt/QtMCUs/2.7.0/src/core/input.cpp:70:32:mapEventPointToItemPos	152	static
/home/stvsl/Qt/QtMCUs/2.7.0/src/core/input.cpp:354:8:itemPosition	24	static
/home/stvsl/Qt/QtMCUs/2.7.0/src/core/input.cpp:81:31:itemGlobalPos	72	static
/home/stvsl/Qt/QtMCUs/2.7.0/src/core/input.cpp:86:6:isItemTouchable	16	static
/home/stvsl/Qt/QtMCUs/2.7.0/src/core/input.cpp:95:6:hasTouchableChildren	8	static
/home/stvsl/Qt/QtMCUs/2.7.0/src/core/input.cpp:101:6:isAnyEventPointInRect	40	static
/home/stvsl/Qt/QtMCUs/2.7.0/src/core/input.cpp:254:13:itemContainsAnyEventPoint	32	static
/home/stvsl/Qt/QtMCUs/2.7.0/src/core/input.cpp:280:6:deliverEvent	24	static
/home/stvsl/Qt/QtMCUs/2.7.0/src/core/input.cpp:173:6:deliverEvent	16	static
/home/stvsl/Qt/QtMCUs/2.7.0/src/core/input.cpp:193:6:stealMouseGrab	64	static
/home/stvsl/Qt/QtMCUs/2.7.0/src/core/input.cpp:212:6:sendFilteredTouchEvent	24	static
/home/stvsl/Qt/QtMCUs/2.7.0/src/core/input.cpp:248:6:sendFilteredTouchEvent	8	static
/home/stvsl/Qt/QtMCUs/2.7.0/src/core/input.cpp:374:23:findScreenOnTouch	24	static
/home/stvsl/Qt/QtMCUs/2.7.0/include/qul/property.h:685:14:value	24	static
/home/stvsl/Qt/QtMCUs/2.7.0/include/qul/property.h:685:14:value	24	static
/home/stvsl/Qt/QtMCUs/2.7.0/include/qul/property.h:685:14:value	24	static
/home/stvsl/Qt/QtMCUs/2.7.0/include/qul/property.h:685:14:value	40	static
/home/stvsl/Qt/QtMCUs/2.7.0/src/graphics/blendhelper.cpp:536:24:getColAlphaValue	16	static
/home/stvsl/Qt/QtMCUs/2.7.0/src/graphics/blendhelper.cpp:536:24:getColAlphaValue	16	static
/home/stvsl/Qt/QtMCUs/2.7.0/src/graphics/drawhelper.h:182:20:rectfill	32	static
/home/stvsl/Qt/QtMCUs/2.7.0/src/graphics/drawhelper.h:182:20:rectfill	32	static
/home/stvsl/Qt/QtMCUs/2.7.0/src/graphics/blendtransformed.cpp:34:1:destFetchARGB32P	8	static
/home/stvsl/Qt/QtMCUs/2.7.0/src/graphics/blendhelper.cpp:563:21:emit	40	static
/home/stvsl/Qt/QtMCUs/2.7.0/src/graphics/blendhelper.cpp:608:14:operator()	32	static
/home/stvsl/Qt/QtMCUs/2.7.0/src/graphics/blendhelper.cpp:563:21:emit	40	static
/home/stvsl/Qt/QtMCUs/2.7.0/src/graphics/blendhelper.cpp:608:14:operator()	32	static
/home/stvsl/Qt/QtMCUs/2.7.0/src/graphics/blendhelper.cpp:563:21:emit	40	static
/home/stvsl/Qt/QtMCUs/2.7.0/src/graphics/blendhelper.cpp:608:14:operator()	32	static
/home/stvsl/Qt/QtMCUs/2.7.0/src/graphics/blendhelper.cpp:563:21:emit	40	static
/home/stvsl/Qt/QtMCUs/2.7.0/src/graphics/blendhelper.cpp:608:14:operator()	32	static
/home/stvsl/Qt/QtMCUs/2.7.0/src/graphics/blendtransformed.cpp:303:14:computeStretch	8	static
/home/stvsl/Qt/QtMCUs/2.7.0/src/graphics/blendtransformed.cpp:39:20:destFetchRGB16	24	static
/home/stvsl/Qt/QtMCUs/2.7.0/src/graphics/blendtransformed.cpp:48:1:destFetchRGB332	24	static
/home/stvsl/Qt/QtMCUs/2.7.0/src/graphics/blendtransformed.cpp:63:1:destStoreRGB16	24	static
/home/stvsl/Qt/QtMCUs/2.7.0/src/graphics/blendtransformed.cpp:71:1:destStoreRGB332	24	static
/home/stvsl/Qt/QtMCUs/2.7.0/src/graphics/blendtransformed.cpp:56:20:destFetch	32	static
/home/stvsl/Qt/QtMCUs/2.7.0/src/graphics/blendtransformed.cpp:78:19:destStore	32	static
/home/stvsl/Qt/QtMCUs/2.7.0/src/graphics/blendtransformed.cpp:166:33:fetchTransformedBilinearInterpolated_helper	80	static
/home/stvsl/Qt/QtMCUs/2.7.0/src/graphics/blendtransformed.cpp:234:33:fetchTransformedBilinearInterpolated	24	static
/home/stvsl/Qt/QtMCUs/2.7.0/src/graphics/blendtransformed.cpp:234:33:fetchTransformedBilinearInterpolated	24	static
/home/stvsl/Qt/QtMCUs/2.7.0/src/graphics/blendtransformed.cpp:234:33:fetchTransformedBilinearInterpolated	24	static
/home/stvsl/Qt/QtMCUs/2.7.0/src/graphics/blendtransformed.cpp:90:13:setupMatrix	160	static
/home/stvsl/Qt/QtMCUs/2.7.0/src/core/animation.cpp:650:6:tick	8	static
/home/stvsl/Qt/QtMCUs/2.7.0/src/core/putchar.cpp:26:6:qul_putchar	8	static
/home/stvsl/Qt/QtMCUs/2.7.0/src/core/dirtylist.cpp:88:6:prepend	0	static
/home/stvsl/Qt/QtMCUs/2.7.0/src/core/dirtylist.cpp:94:6:remove	0	static
/home/stvsl/Qt/QtMCUs/2.7.0/src/core/errorcode.cpp:67:13:errorCodeToString	0	static
/home/stvsl/Qt/QtMCUs/2.7.0/src/core/text.cpp:421:5:inlineImageCount	0	static
/home/stvsl/Qt/QtMCUs/2.7.0/src/core/text.cpp:426:6:inlineImageCountExceededTextCacheLimit	8	static
/home/stvsl/Qt/QtMCUs/2.7.0/src/core/text.cpp:504:6:isMultiLineText	0	static
/home/stvsl/Qt/QtMCUs/2.7.0/src/core/text.cpp:514:6:wasElided	0	static
/home/stvsl/Qt/QtMCUs/2.7.0/src/core/text.cpp:522:5:contentWidth	8	static
/home/stvsl/Qt/QtMCUs/2.7.0/src/core/text.cpp:574:19:fontEngine	8	static
/home/stvsl/Qt/QtMCUs/2.7.0/src/core/text.cpp:579:28:explicitlySetHAlignment	16	static
/home/stvsl/Qt/QtMCUs/2.7.0/src/core/text.cpp:589:13:elideMode	8	static
/home/stvsl/Qt/QtMCUs/2.7.0/src/core/text.cpp:596:16:wrapMode	8	static
/home/stvsl/Qt/QtMCUs/2.7.0/src/core/text.cpp:604:14:textFormat	8	static
/home/stvsl/Qt/QtMCUs/2.7.0/src/graphics/filecache.cpp:57:12:instance	8	static
/home/stvsl/Qt/QtMCUs/2.7.0/src/graphics/blendfunctions.cpp:62:6:blend_rgb16_on_rgb16	40	static
/home/stvsl/Qt/QtMCUs/2.7.0/src/graphics/blendfunctions.cpp:117:6:blend_argb32_on_rgb16	64	static
/home/stvsl/Qt/QtMCUs/2.7.0/src/graphics/blendfunctions.cpp:143:6:blend_rgb32_on_rgb16	40	static
/home/stvsl/Qt/QtMCUs/2.7.0/src/graphics/blendfunctions.cpp:193:6:blend_rgb8_on_rgb16	40	static
/home/stvsl/Qt/QtMCUs/2.7.0/src/graphics/blendfunctions.cpp:302:6:blend_rle_rgb888_on_rgb16	48	static
/home/stvsl/Qt/QtMCUs/2.7.0/src/graphics/blendfunctions.cpp:331:6:blend_rle_argb32_on_rgb16	48	static
/home/stvsl/Qt/QtMCUs/2.7.0/src/graphics/blendfunctions.cpp:395:6:blend_rgb16_on_argb16	48	static
/home/stvsl/Qt/QtMCUs/2.7.0/src/graphics/blendfunctions.cpp:432:6:blend_argb16_on_argb16	36	static
/home/stvsl/Qt/QtMCUs/2.7.0/src/graphics/blendfunctions.cpp:469:6:blend_argb32_on_argb16	36	static
/home/stvsl/Qt/QtMCUs/2.7.0/src/graphics/blendfunctions.cpp:364:6:blend_rgb32_on_argb16	40	static
/home/stvsl/Qt/QtMCUs/2.7.0/src/graphics/blendfunctions.cpp:513:6:blend_rgb8_on_argb16	48	static
/home/stvsl/Qt/QtMCUs/2.7.0/src/graphics/blendfunctions.cpp:619:6:blend_rle_rgb888_on_argb16	48	static
/home/stvsl/Qt/QtMCUs/2.7.0/src/graphics/blendfunctions.cpp:648:6:blend_rle_argb32_on_argb16	48	static
/home/stvsl/Qt/QtMCUs/2.7.0/src/graphics/blendfunctions.cpp:681:6:blend_argb32_on_argb32	36	static
/home/stvsl/Qt/QtMCUs/2.7.0/src/graphics/blendfunctions.cpp:712:6:blend_argb16_on_argb32	36	static
/home/stvsl/Qt/QtMCUs/2.7.0/src/graphics/blendfunctions.cpp:744:6:blend_argb16_on_rgb16	32	static
/home/stvsl/Qt/QtMCUs/2.7.0/src/graphics/blendfunctions.cpp:778:6:blend_rgb32_on_rgb32	40	static
/home/stvsl/Qt/QtMCUs/2.7.0/src/graphics/blendfunctions.cpp:805:6:blend_rgb16_on_argb32	36	static
/home/stvsl/Qt/QtMCUs/2.7.0/src/graphics/blendfunctions.cpp:826:6:blend_rgb8_on_argb32	36	static
/home/stvsl/Qt/QtMCUs/2.7.0/src/graphics/blendfunctions.cpp:907:6:blend_rle_rgb888_on_rgb32	48	static
/home/stvsl/Qt/QtMCUs/2.7.0/src/graphics/blendfunctions.cpp:936:6:blend_rle_argb32_on_argb32	48	static
/home/stvsl/Qt/QtMCUs/2.7.0/src/graphics/blendhelper.cpp:294:6:rectFill_argb32	40	static
/home/stvsl/Qt/QtMCUs/2.7.0/src/graphics/blendhelper.cpp:302:6:rectFill_rgb565	48	static
/home/stvsl/Qt/QtMCUs/2.7.0/src/graphics/blendhelper.cpp:312:6:rectFill_argb4444_premultiplied	48	static
/home/stvsl/Qt/QtMCUs/2.7.0/src/graphics/blendhelper.cpp:337:6:rectBlend_rgb32	32	static
/home/stvsl/Qt/QtMCUs/2.7.0/src/graphics/blendhelper.cpp:352:6:rectBlend_rgb565	32	static
/home/stvsl/Qt/QtMCUs/2.7.0/src/graphics/blendhelper.cpp:366:6:rectBlend_argb4444_premultiplied	48	static
/home/stvsl/Qt/QtMCUs/2.7.0/src/graphics/blendhelper.cpp:182:6:alphamapblend_rgb32	48	static
/home/stvsl/Qt/QtMCUs/2.7.0/src/graphics/blendhelper.cpp:99:6:alphamapblend_rgb565	40	static
/home/stvsl/Qt/QtMCUs/2.7.0/src/graphics/blendhelper.cpp:140:6:alphamapblend_argb4444_premultiplied	48	static
/home/stvsl/Qt/QtMCUs/2.7.0/src/graphics/drawhelper.h:599:20:interpolate_4_pixels	16	static
/home/stvsl/Qt/QtMCUs/2.7.0/src/graphics/drawhelper.h:1261:19:fetchDynamicScale	16456	static
/home/stvsl/Qt/QtMCUs/2.7.0/src/graphics/drawhelper.h:1219:19:fetchRotationAndShear	16456	static
/home/stvsl/Qt/QtMCUs/2.7.0/src/graphics/blendtransformed.cpp:140:9:argb32pm_interpolator	16	static
/home/stvsl/Qt/QtMCUs/2.7.0/src/graphics/blendtransformed.cpp:129:9:a_interpolator	12	static
/home/stvsl/Qt/QtMCUs/2.7.0/src/graphics/blendtransformed.cpp:129:9:a_interpolator	12	static
/home/stvsl/Qt/QtMCUs/2.7.0/include/qul/private/flagpointer.h:295:17:operator=	24	static
/home/stvsl/Qt/QtMCUs/2.7.0/src/core/dirtylist.cpp:26:6:dirty	16	static
/home/stvsl/Qt/QtMCUs/2.7.0/src/core/fileloading.cpp:33:13:validateAssetHeader	16	static
/home/stvsl/Qt/QtMCUs/2.7.0/src/core/fileloading.cpp:64:13:validateTextureHeader	16	static
/home/stvsl/Qt/QtMCUs/2.7.0/src/core/fileloading.cpp:123:29:rasterBufferFromQulRccFile	104	static
/home/stvsl/Qt/QtMCUs/2.7.0/src/core/fileloading.cpp:210:18:getTextureResourceHeader	56	static
/home/stvsl/Qt/QtMCUs/2.7.0/include/qul/private/items/itemiterator.h:49:15:operator*	16	static
/home/stvsl/Qt/QtMCUs/2.7.0/src/core/input.cpp:307:6:propagateEvent	80	static
/home/stvsl/Qt/QtMCUs/2.7.0/src/core/input.cpp:185:6:propagateEvent	32	static
/home/stvsl/Qt/QtMCUs/2.7.0/src/core/input.cpp:364:13:isTouchAccepted	16	static
/home/stvsl/Qt/QtMCUs/2.7.0/src/core/input.cpp:391:25:findLayerOnTouchEvent	32	static
/home/stvsl/Qt/QtMCUs/2.7.0/src/core/input.cpp:415:6:handleInputEvent	24	static
/home/stvsl/Qt/QtMCUs/2.7.0/src/graphics/blendfunctions.h:47:12:bppForRleFormat	16	static
/home/stvsl/Qt/QtMCUs/2.7.0/src/graphics/blendfunctions.cpp:272:13:blend_rle_on_rgb16_raw	40	static
/home/stvsl/Qt/QtMCUs/2.7.0/src/graphics/blendfunctions.cpp:272:13:blend_rle_on_rgb16_raw	32	static
/home/stvsl/Qt/QtMCUs/2.7.0/src/graphics/blendfunctions.cpp:272:13:blend_rle_on_rgb16_raw	40	static
/home/stvsl/Qt/QtMCUs/2.7.0/src/graphics/blendfunctions.cpp:571:13:blend_rle_on_argb16_raw	40	static
/home/stvsl/Qt/QtMCUs/2.7.0/src/graphics/blendfunctions.cpp:571:13:blend_rle_on_argb16_raw	32	static
/home/stvsl/Qt/QtMCUs/2.7.0/src/graphics/blendfunctions.cpp:571:13:blend_rle_on_argb16_raw	40	static
/home/stvsl/Qt/QtMCUs/2.7.0/src/graphics/blendfunctions.cpp:887:13:blend_rle_on_argb32_raw	24	static
/home/stvsl/Qt/QtMCUs/2.7.0/src/graphics/blendfunctions.cpp:887:13:blend_rle_on_argb32_raw	24	static
/home/stvsl/Qt/QtMCUs/2.7.0/src/graphics/blendfunctions.cpp:887:13:blend_rle_on_argb32_raw	24	static
/home/stvsl/Qt/QtMCUs/2.7.0/src/graphics/drawhelper.h:720:26:fetchPixel	24	static
/home/stvsl/Qt/QtMCUs/2.7.0/src/graphics/blendhelper.cpp:182:6:alphamapblend_rgb32	48	static
/home/stvsl/Qt/QtMCUs/2.7.0/src/graphics/blendhelper.cpp:99:6:alphamapblend_rgb565	40	static
/home/stvsl/Qt/QtMCUs/2.7.0/src/graphics/blendhelper.cpp:140:6:alphamapblend_argb4444_premultiplied	48	static
/home/stvsl/Qt/QtMCUs/2.7.0/src/graphics/blendhelper.cpp:427:9:__ct_base 	32	static
/home/stvsl/Qt/QtMCUs/2.7.0/src/graphics/blendhelper.cpp:419:6:blendRoundedRectWithFormat	280	static
/home/stvsl/Qt/QtMCUs/2.7.0/src/graphics/blendhelper.cpp:722:6:blendRoundedRect_rgb565	16	static
/home/stvsl/Qt/QtMCUs/2.7.0/src/graphics/blendhelper.cpp:427:9:__ct_base 	32	static
/home/stvsl/Qt/QtMCUs/2.7.0/src/graphics/blendhelper.cpp:419:6:blendRoundedRectWithFormat	272	static
/home/stvsl/Qt/QtMCUs/2.7.0/src/graphics/blendhelper.cpp:731:6:blendRoundedRect_rgb888	16	static
/home/stvsl/Qt/QtMCUs/2.7.0/src/graphics/blendhelper.cpp:427:9:__ct_base 	32	static
/home/stvsl/Qt/QtMCUs/2.7.0/src/graphics/blendhelper.cpp:419:6:blendRoundedRectWithFormat	280	static
/home/stvsl/Qt/QtMCUs/2.7.0/src/graphics/blendhelper.cpp:740:6:blendRoundedRect_argb32	16	static
/home/stvsl/Qt/QtMCUs/2.7.0/src/graphics/blendhelper.cpp:427:9:__ct_base 	32	static
/home/stvsl/Qt/QtMCUs/2.7.0/src/graphics/blendhelper.cpp:419:6:blendRoundedRectWithFormat	280	static
/home/stvsl/Qt/QtMCUs/2.7.0/src/graphics/blendhelper.cpp:749:6:blendRoundedRect_argb4444_premultiplied	16	static
/home/stvsl/Qt/QtMCUs/2.7.0/src/graphics/blendtransformed.cpp:257:6:blend_spans	16536	static
/home/stvsl/Qt/QtMCUs/2.7.0/src/graphics/drawhelper.h:975:39:fetchTransformedBilinear_simple_scale_helper	16496	static
/home/stvsl/Qt/QtMCUs/2.7.0/src/graphics/drawhelper.h:1372:1:fetchTransformedBilinear	56	static
/home/stvsl/Qt/QtMCUs/2.7.0/src/graphics/blendtransformed.cpp:241:1:fetchTransformedBilinearARGB32PM	16	static
/home/stvsl/Qt/QtMCUs/2.7.0/src/graphics/filecache.cpp:46:18:find	48	static
/home/stvsl/Qt/QtMCUs/2.7.0/include/platforminterface/allocator.h:159:13:qul_delete	8	static
/home/stvsl/Qt/QtMCUs/2.7.0/src/graphics/filecache.cpp:131:6:remove	8	static
/home/stvsl/Qt/QtMCUs/2.7.0/src/graphics/filecache.cpp:40:1:__dt_base 	8	static
/home/stvsl/Qt/QtMCUs/2.7.0/src/graphics/filecache.cpp:59:22:__tcf_0	8	static
/home/stvsl/Qt/QtMCUs/2.7.0/src/graphics/filecache.cpp:148:6:removeSharedImage	24	static
/home/stvsl/Qt/QtMCUs/2.7.0/src/graphics/filecache.cpp:63:13:derefHook	8	static
/home/stvsl/Qt/QtMCUs/2.7.0/include/platforminterface/allocator.h:103:11:qul_new	8	static
/home/stvsl/Qt/QtMCUs/2.7.0/src/graphics/filecache.cpp:68:13:getStringPreallocated	80	static
/home/stvsl/Qt/QtMCUs/2.7.0/src/graphics/filecache.cpp:97:13:get	80	static
/home/stvsl/Qt/QtMCUs/2.7.0/src/graphics/blendtransformed.cpp:318:6:blend_transformed	752	static
