/home/stvsl/Qt/QtMCUs/2.7.0/src/text/textengine.cpp:130:6:reset	0	static
/home/stvsl/Qt/QtMCUs/2.7.0/src/text/textengine.cpp:135:5:size	0	static
/home/stvsl/Qt/QtMCUs/2.7.0/src/text/textengine.cpp:154:6:setAttributesFromUcs4	0	static
/home/stvsl/Qt/QtMCUs/2.7.0/src/text/textengine.cpp:218:6:updateLineFontMetrics	4	static
/home/stvsl/Qt/QtMCUs/2.7.0/src/text/textengine.cpp:236:13:emptyLineFontMetrics	32	static
/home/stvsl/Qt/QtMCUs/2.7.0/src/text/glyph.cpp:36:17:boundingBox	8	static
/home/stvsl/Qt/QtMCUs/2.7.0/src/text/glyph.cpp:41:13:fontMetrics	8	static
/home/stvsl/Qt/QtMCUs/2.7.0/src/text/glyph.cpp:46:13:advanceForGlyph	8	static
/home/stvsl/Qt/QtMCUs/2.7.0/src/text/glyph.cpp:51:13:kerning	8	static
/home/stvsl/Qt/QtMCUs/2.7.0/src/text/glyph.cpp:56:9:fontIndex	8	static
/home/stvsl/Qt/QtMCUs/2.7.0/src/text/glyph.cpp:82:1:__ct_base 	0	static
/home/stvsl/Qt/QtMCUs/2.7.0/src/text/glyph.cpp:319:6:displayBoxesForParagraph	0	static
/home/stvsl/Qt/QtMCUs/2.7.0/src/text/glyph.cpp:534:6:isWhiteSpace	0	static
/home/stvsl/Qt/QtMCUs/2.7.0/src/text/glyph.cpp:670:5:layoutHeight	0	static
/home/stvsl/Qt/QtMCUs/2.7.0/src/text/textwraphandler.cpp:182:6:isBoundary	0	static
/home/stvsl/Qt/QtMCUs/2.7.0/src/text/textwraphandler.cpp:192:6:commitLineBreak	8	static
/home/stvsl/Qt/QtMCUs/2.7.0/src/text/paragraph.cpp:30:25:toHorizontalAlignment	0	static
/home/stvsl/Qt/QtMCUs/2.7.0/src/text/paragraph.cpp:40:6:isLastGlyph	0	static
/home/stvsl/Qt/QtMCUs/2.7.0/src/text/paragraph.cpp:77:6:containsHtmlTags	0	static
/home/stvsl/Qt/QtMCUs/2.7.0/src/text/encodedlogicalpos.cpp:70:31:formatType	0	static
/home/stvsl/Qt/QtMCUs/2.7.0/src/text/encodedlogicalpos.cpp:80:6:isFormatIndexSet	0	static
/home/stvsl/Qt/QtMCUs/2.7.0/src/text/encodedlogicalpos.cpp:105:6:setLogicalPos	0	static
/home/stvsl/Qt/QtMCUs/2.7.0/include/platforminterface/private/line.h:116:11:length	8	static
/home/stvsl/Qt/QtMCUs/2.7.0/include/platforminterface/private/line.h:149:10:translate	0	static
/home/stvsl/Qt/QtMCUs/2.7.0/src/platforminterface/error.cpp:28:10:errorCodeToRange	0	static
/home/stvsl/Qt/QtMCUs/2.7.0/src/platforminterface/memoryallocator.cpp:165:6:acquire	0	static
/home/stvsl/Qt/QtMCUs/2.7.0/src/platforminterface/memoryallocator.cpp:185:6:release	0	static
/home/stvsl/Qt/QtMCUs/2.7.0/include/qul/private/global.h:254:75:qFuzzyCompare	8	static
/home/stvsl/Qt/QtMCUs/2.7.0/include/platforminterface/rect.h:730:15:center	24	static
/home/stvsl/Qt/QtMCUs/2.7.0/include/platforminterface/private/bezier.h:49:19:fromQuadratic	16	static
/home/stvsl/Qt/QtMCUs/2.7.0/include/platforminterface/private/bezier.h:56:17:coefficients	0	static
/home/stvsl/Qt/QtMCUs/2.7.0/include/platforminterface/private/bezier.h:77:17:parameterSplitLeft	0	static
/home/stvsl/Qt/QtMCUs/2.7.0/src/platforminterface/pathdatastroker.cpp:48:7:qDegreesToRadians	0	static
/home/stvsl/Qt/QtMCUs/2.7.0/src/platforminterface/pathdatastroker.cpp:348:6:hasNext	0	static
/home/stvsl/.mcuxpressotools/arm-gnu-toolchain-12.3.rel1-x86_64-arm-none-eabi/arm-none-eabi/include/c++/12.3.1/bits/stl_pair.h:741:5:make_pair	48	static
/home/stvsl/Qt/QtMCUs/2.7.0/src/platforminterface/pathdatastroker.cpp:936:6:emitLineTo	8	static
/home/stvsl/Qt/QtMCUs/2.7.0/src/platforminterface/pathdatastroker.cpp:950:6:emitMoveTo	8	static
/home/stvsl/Qt/QtMCUs/2.7.0/include/qul/private/text/textelidehandler.h:59:11:operator=	16	static
/home/stvsl/Qt/QtMCUs/2.7.0/include/qul/private/text/texthtmlparser.h:56:8:operator=	8	static
/home/stvsl/Qt/QtMCUs/2.7.0/include/qul/private/text/paragraph.h:44:8:operator=	24	static
/home/stvsl/Qt/QtMCUs/2.7.0/include/qul/private/text/textengine.h:205:17:skipWhiteSpaces	24	static
/home/stvsl/Qt/QtMCUs/2.7.0/src/text/texthtmlparser.cpp:61:6:matchesSequence	40	static
/home/stvsl/Qt/QtMCUs/2.7.0/src/text/texthtmlparser.cpp:87:12:parseStringAttributeValue	40	static
/home/stvsl/Qt/QtMCUs/2.7.0/src/platforminterface/arc.cpp:42:13:pathArcSegment	88	static
/home/stvsl/Qt/QtMCUs/2.7.0/src/platforminterface/pathdatastroker.cpp:53:7:qt_t_for_arc_angle	24	static
/home/stvsl/Qt/QtMCUs/2.7.0/include/platforminterface/private/line.h:80:19:intersects	200	static
/home/stvsl/Qt/QtMCUs/2.7.0/include/platforminterface/private/line.h:136:11:angle	16	static
/home/stvsl/Qt/QtMCUs/2.7.0/include/platforminterface/private/line.h:123:11:angleTo	16	static
/home/stvsl/Qt/QtMCUs/2.7.0/src/platforminterface/pathdatastroker.cpp:43:7:adapted_angle_on_x	24	static
/home/stvsl/Qt/QtMCUs/2.7.0/include/platforminterface/private/bezier.h:95:12:bezierOnInterval	88	static
/home/stvsl/Qt/QtMCUs/2.7.0/src/platforminterface/pathdatastroker.cpp:964:6:emitCubicTo	32	static
/home/stvsl/Qt/QtMCUs/2.7.0/src/platforminterface/memoryallocator.cpp:106:7:allocate	8	static
/home/stvsl/Qt/QtMCUs/2.7.0/src/platforminterface/memoryallocator.cpp:128:7:reallocate	8	static
/home/stvsl/Qt/QtMCUs/2.7.0/src/platforminterface/memoryallocator.cpp:143:6:free	8	static
/home/stvsl/Qt/QtMCUs/2.7.0/src/platforminterface/pathdatastroker.cpp:84:6:qt_find_ellipse_coords	128	static
/home/stvsl/Qt/QtMCUs/2.7.0/src/platforminterface/pathdatastroker.cpp:367:27:fromTo	80	static
/home/stvsl/Qt/QtMCUs/2.7.0/src/platforminterface/pathdatastroker.cpp:1031:6:beginStroke	8	static
/home/stvsl/Qt/QtMCUs/2.7.0/src/text/textengine.cpp:80:1:__dt_base 	0	static
/home/stvsl/Qt/QtMCUs/2.7.0/src/text/textengine.cpp:140:1:__dt_base 	0	static
/home/stvsl/Qt/QtMCUs/2.7.0/src/text/glyph.cpp:652:6:setParagraph	0	static
/home/stvsl/Qt/QtMCUs/2.7.0/src/text/glyph.cpp:657:6:setAdvance	0	static
/home/stvsl/Qt/QtMCUs/2.7.0/src/text/textelidehandler.cpp:113:6:handleParagraphChange	0	static
/home/stvsl/Qt/QtMCUs/2.7.0/src/text/textelidehandler.cpp:170:13:resolveConfig	40	static
/home/stvsl/Qt/QtMCUs/2.7.0/src/text/paragraph.cpp:35:25:implicitHAlignment	8	static
/home/stvsl/Qt/QtMCUs/2.7.0/src/text/encodedlogicalpos.cpp:34:1:__ct_base 	0	static
/home/stvsl/Qt/QtMCUs/2.7.0/src/text/encodedlogicalpos.cpp:65:5:formatIndex	0	static
/home/stvsl/Qt/QtMCUs/2.7.0/src/text/encodedlogicalpos.cpp:85:6:isImageFormatSet	16	static
/home/stvsl/Qt/QtMCUs/2.7.0/src/graphics/imagedecodepng.cpp:35:8:pngDecode	16	static
/home/stvsl/Qt/QtMCUs/2.7.0/src/platforminterface/drawingdevice.cpp:104:13:format	0	static
/home/stvsl/Qt/QtMCUs/2.7.0/src/platforminterface/drawingdevice.cpp:112:13:size	0	static
/home/stvsl/Qt/QtMCUs/2.7.0/src/platforminterface/drawingdevice.cpp:120:9:width	0	static
/home/stvsl/Qt/QtMCUs/2.7.0/src/platforminterface/drawingdevice.cpp:128:9:height	0	static
/home/stvsl/Qt/QtMCUs/2.7.0/src/platforminterface/drawingdevice.cpp:140:9:bitsPerPixel	0	static
/home/stvsl/Qt/QtMCUs/2.7.0/src/platforminterface/drawingdevice.cpp:168:9:bytesPerLine	0	static
/home/stvsl/Qt/QtMCUs/2.7.0/src/platforminterface/drawingdevice.cpp:176:16:drawingEngine	0	static
/home/stvsl/Qt/QtMCUs/2.7.0/src/platforminterface/drawingdevice.cpp:184:16:fallbackDrawingEngine	0	static
/home/stvsl/Qt/QtMCUs/2.7.0/src/platforminterface/drawingdevice.cpp:232:8:bits	0	static
/home/stvsl/Qt/QtMCUs/2.7.0/src/platforminterface/drawingdevice.cpp:245:6:setBits	0	static
/home/stvsl/Qt/QtMCUs/2.7.0/src/platforminterface/pathdata.cpp:30:1:__ct_base 	0	static
/home/stvsl/Qt/QtMCUs/2.7.0/src/platforminterface/pathdata.cpp:47:1:__ct_base 	0	static
/home/stvsl/Qt/QtMCUs/2.7.0/include/platforminterface/point.h:351:13:operator==	16	static
/home/stvsl/Qt/QtMCUs/2.7.0/include/platforminterface/private/bezier.h:118:14:startTangent	280	static
/home/stvsl/Qt/QtMCUs/2.7.0/include/platforminterface/private/line.h:61:11:normalVector	88	static
/home/stvsl/Qt/QtMCUs/2.7.0/src/platforminterface/pathdatastroker.cpp:500:1:__ct_base 	0	static
/home/stvsl/Qt/QtMCUs/2.7.0/src/platforminterface/pathdatastroker.cpp:515:6:setStrokeProperties	0	static
/home/stvsl/Qt/QtMCUs/2.7.0/src/platforminterface/pathdatastroker.cpp:1009:1:__ct_base 	8	static
/home/stvsl/Qt/QtMCUs/2.7.0/src/platforminterface/pathdatastroker.cpp:1021:17:getPath	0	static
/home/stvsl/Qt/QtMCUs/2.7.0/src/text/paragraph.cpp:59:6:registerImageFormat	24	static
/home/stvsl/Qt/QtMCUs/2.7.0/src/text/paragraph.cpp:68:6:registerTag	8	static
/home/stvsl/Qt/QtMCUs/2.7.0/src/text/texthtmlparser.cpp:110:6:parseInt	16	static
/home/stvsl/Qt/QtMCUs/2.7.0/include/platforminterface/private/line.h:63:11:unitVector	80	static
/home/stvsl/Qt/QtMCUs/2.7.0/include/platforminterface/private/line.h:110:10:setLength	40	static
/home/stvsl/Qt/QtMCUs/2.7.0/src/platforminterface/arc.cpp:168:6:pathArcParameters	160	static
/home/stvsl/Qt/QtMCUs/2.7.0/src/platforminterface/arc.cpp:107:6:pathArcToBeziers	96	static
/home/stvsl/Qt/QtMCUs/2.7.0/src/platforminterface/pathdatastroker.cpp:650:13:offsetTangent	40	static
/home/stvsl/Qt/QtMCUs/2.7.0/src/platforminterface/error.cpp:123:6:error	40	static
/home/stvsl/Qt/QtMCUs/2.7.0/src/text/textengine.cpp:124:7:nativeBuffer	16	static
/home/stvsl/Qt/QtMCUs/2.7.0/src/text/textengine.cpp:142:16:unicodeEngine	16	static
/home/stvsl/Qt/QtMCUs/2.7.0/src/text/textengine.cpp:55:1:__ct_base 	32	static
/home/stvsl/Qt/QtMCUs/2.7.0/src/text/textengine.cpp:109:6:setAttributes	32	static
/home/stvsl/Qt/QtMCUs/2.7.0/src/text/textengine.cpp:116:23:attributes	16	static
/home/stvsl/Qt/QtMCUs/2.7.0/src/text/textengine.cpp:165:6:markBoundaries	8	static
/home/stvsl/Qt/QtMCUs/2.7.0/src/text/glyph.cpp:88:6:setAttributes	24	static
/home/stvsl/Qt/QtMCUs/2.7.0/src/text/glyph.cpp:282:6:setParagraphChangedCallback	24	static
/home/stvsl/Qt/QtMCUs/2.7.0/src/text/glyph.cpp:552:16:paragraph	16	static
/home/stvsl/Qt/QtMCUs/2.7.0/src/text/glyph.cpp:638:21:inlineImage	8	static
/home/stvsl/Qt/QtMCUs/2.7.0/src/text/glyph.cpp:482:13:advanceForGlyph	8	static
/home/stvsl/Qt/QtMCUs/2.7.0/src/text/glyph.cpp:473:13:advanceWidth	16	static
/home/stvsl/Qt/QtMCUs/2.7.0/include/qul/private/text/glyph.h:116:9:advancePos	8	static
/home/stvsl/Qt/QtMCUs/2.7.0/src/text/textengine.cpp:210:6:updateLineWidth	24	static
/home/stvsl/Qt/QtMCUs/2.7.0/src/text/glyph.cpp:539:6:isValid	8	static
/home/stvsl/Qt/QtMCUs/2.7.0/src/text/textengine.cpp:251:6:glyphAffectsLineHeight	16	static
/home/stvsl/Qt/QtMCUs/2.7.0/src/text/textwraphandler.cpp:69:5:getWrapIndex	16	static
/home/stvsl/Qt/QtMCUs/2.7.0/src/text/glyph.cpp:620:13:kerning	16	static
/home/stvsl/Qt/QtMCUs/2.7.0/src/text/glyph.cpp:646:25:imageFormat	24	static
/home/stvsl/Qt/QtMCUs/2.7.0/src/text/textengine.cpp:260:6:updateHeightFromTopAlignedImage	16	static
/home/stvsl/Qt/QtMCUs/2.7.0/src/text/glyph.cpp:558:17:boundingBox	48	static
/home/stvsl/Qt/QtMCUs/2.7.0/src/text/glyph.cpp:591:13:fontMetrics	40	static
/home/stvsl/Qt/QtMCUs/2.7.0/src/text/textelidehandler.cpp:389:6:hasNext	16	static
/home/stvsl/Qt/QtMCUs/2.7.0/src/text/textshaper.cpp:124:6:acquireIterator	24	static
/home/stvsl/Qt/QtMCUs/2.7.0/src/text/textshaper.cpp:142:6:releaselIterator	16	static
/home/stvsl/Qt/QtMCUs/2.7.0/src/text/glyph.cpp:275:1:__dt_base 	8	static
/home/stvsl/Qt/QtMCUs/2.7.0/src/text/textboundaryfinder.cpp:78:1:__ct_base 	16	static
/home/stvsl/Qt/QtMCUs/2.7.0/src/text/paragraphiterator.cpp:39:6:hasNext	16	static
/home/stvsl/Qt/QtMCUs/2.7.0/src/text/paragraphiterator.cpp:55:5:tagIndex	32	static
/home/stvsl/Qt/QtMCUs/2.7.0/src/text/paragraphiterator.cpp:70:5:imageFormatIndex	32	static
/home/stvsl/Qt/QtMCUs/2.7.0/src/text/encodedlogicalpos.cpp:90:6:setFormatIndex	24	static
/home/stvsl/Qt/QtMCUs/2.7.0/src/text/encodedlogicalpos.cpp:98:6:setFormatType	24	static
/home/stvsl/Qt/QtMCUs/2.7.0/src/text/encodedlogicalpos.cpp:38:19:create	24	static
/home/stvsl/Qt/QtMCUs/2.7.0/src/text/paragraphiterator.cpp:85:26:next	32	static
/home/stvsl/Qt/QtMCUs/2.7.0/src/platforminterface/drawingdevice.cpp:73:1:__ct_base 	24	static
/home/stvsl/Qt/QtMCUs/2.7.0/src/platforminterface/drawingdevice.cpp:194:8:scanLine	24	static
/home/stvsl/Qt/QtMCUs/2.7.0/src/platforminterface/drawingdevice.cpp:205:18:pixelDataAt	32	static
/home/stvsl/Qt/QtMCUs/2.7.0/src/platforminterface/pathdatastroker.cpp:125:8:qt_curves_for_arc	408	static
/home/stvsl/Qt/QtMCUs/2.7.0/src/platforminterface/pathdatastroker.cpp:822:6:joinPoints	608	static
/home/stvsl/Qt/QtMCUs/2.7.0/src/platforminterface/pathdatastroker.cpp:241:59:join_style_to_stoker	16	static
/home/stvsl/Qt/QtMCUs/2.7.0/src/platforminterface/pathdatastroker.cpp:256:59:cap_style_to_stroker	16	static
/home/stvsl/Qt/QtMCUs/2.7.0/src/platforminterface/pathdatastroker.cpp:657:6:processSimpleLine	48	static
/home/stvsl/Qt/QtMCUs/2.7.0/src/platforminterface/pathdatastroker.cpp:689:6:processBezier	904	static
/home/stvsl/Qt/QtMCUs/2.7.0/src/platforminterface/pathdatastroker.cpp:722:6:handleCubicTo	56	static
/home/stvsl/Qt/QtMCUs/2.7.0/src/platforminterface/pathdatastroker.cpp:732:6:processArc	280	static
/home/stvsl/Qt/QtMCUs/2.7.0/src/platforminterface/pathdatastroker.cpp:294:41:type	16	static
/home/stvsl/Qt/QtMCUs/2.7.0/include/platforminterface/pathdatastroker.h:103:16:controlPoint	40	static
/home/stvsl/Qt/QtMCUs/2.7.0/include/platforminterface/pathdatastroker.h:111:15:xRadius	16	static
/home/stvsl/Qt/QtMCUs/2.7.0/include/platforminterface/pathdatastroker.h:117:15:yRadius	16	static
/home/stvsl/Qt/QtMCUs/2.7.0/include/platforminterface/pathdatastroker.h:123:15:rotation	16	static
/home/stvsl/Qt/QtMCUs/2.7.0/src/platforminterface/pathdatastroker.cpp:323:6:isLargeArcSegment	16	static
/home/stvsl/Qt/QtMCUs/2.7.0/src/platforminterface/pathdatastroker.cpp:335:6:isClockwiseArcSegment	16	static
/home/stvsl/Qt/QtMCUs/2.7.0/src/platforminterface/pathdatastroker.cpp:318:26:arcData	32	static
/home/stvsl/Qt/QtMCUs/2.7.0/src/platforminterface/pathdatastroker.cpp:355:6:next	16	static
/home/stvsl/Qt/QtMCUs/2.7.0/src/platforminterface/pathdatastroker.cpp:388:27:controlPoints	64	static
/home/stvsl/Qt/QtMCUs/2.7.0/src/platforminterface/pathdatastroker.cpp:596:6:processPathData	184	static
/home/stvsl/Qt/QtMCUs/2.7.0/src/platforminterface/pathdatastroker.cpp:532:6:stroke	152	static
/home/stvsl/Qt/QtMCUs/2.7.0/src/text/glyph.cpp:662:1:__ct_base 	16	static
/home/stvsl/Qt/QtMCUs/2.7.0/src/text/glyph.cpp:681:6:processGlyph	72	static
/home/stvsl/Qt/QtMCUs/2.7.0/src/text/textelidehandler.cpp:119:11:ellisionGlyphInfo	16	static
/home/stvsl/Qt/QtMCUs/2.7.0/src/text/textelidehandler.cpp:410:11:ellisionGlyphInfo	16	static
/home/stvsl/Qt/QtMCUs/2.7.0/include/qul/private/text/textelidehandler.h:59:11:__ct_base 	16	static
/home/stvsl/Qt/QtMCUs/2.7.0/src/text/textline.cpp:36:1:__ct_base 	8	static
/home/stvsl/Qt/QtMCUs/2.7.0/src/text/textline.cpp:81:18:begin	24	static
/home/stvsl/Qt/QtMCUs/2.7.0/src/text/textboundaryfinder.cpp:36:22:toNextParagraph	32	static
/home/stvsl/Qt/QtMCUs/2.7.0/src/text/textboundaryfinder.cpp:94:22:toNextBoundary	32	static
/home/stvsl/Qt/QtMCUs/2.7.0/src/text/paragraphiterator.cpp:28:1:__ct_base 	24	static
/home/stvsl/Qt/QtMCUs/2.7.0/src/text/textengine.cpp:85:6:prepareBuffer	72	static
/home/stvsl/Qt/QtMCUs/2.7.0/src/text/glyph.cpp:176:1:__ct_base 	24	static
/home/stvsl/Qt/QtMCUs/2.7.0/src/text/glyph.cpp:205:1:__ct_base 	16	static
/home/stvsl/Qt/QtMCUs/2.7.0/src/text/textwraphandler.cpp:30:1:__ct_base 	24	static
/home/stvsl/Qt/QtMCUs/2.7.0/src/text/textwraphandler.cpp:52:6:reset	160	static
/home/stvsl/Qt/QtMCUs/2.7.0/src/text/textline.cpp:32:1:__ct_base 	8	static
/home/stvsl/Qt/QtMCUs/2.7.0/src/text/textline.cpp:65:1:__ct_base 	8	static
/home/stvsl/Qt/QtMCUs/2.7.0/src/text/glyph.cpp:222:1:__ct_base 	24	static
/home/stvsl/Qt/QtMCUs/2.7.0/src/text/glyph.cpp:294:6:paragraphChanged	104	static
/home/stvsl/Qt/QtMCUs/2.7.0/src/text/texthtmlparser.cpp:198:6:recalculateParagraphSize	48	static
/home/stvsl/Qt/QtMCUs/2.7.0/src/text/texthtmlparser.cpp:44:13:image	336	static
/home/stvsl/Qt/QtMCUs/2.7.0/src/text/texthtmlparser.cpp:35:21:rasterBuffer	16	static
/home/stvsl/Qt/QtMCUs/2.7.0/src/text/glyph.cpp:61:21:inlineImage	16	static
/home/stvsl/Qt/QtMCUs/2.7.0/src/text/texthtmlparser.cpp:121:6:parseImageTag	344	static
/home/stvsl/Qt/QtMCUs/2.7.0/src/text/texthtmlparser.cpp:215:6:parse	48	static
/home/stvsl/Qt/QtMCUs/2.7.0/src/text/glyph.cpp:325:6:hasNext	1152	static
/home/stvsl/Qt/QtMCUs/2.7.0/src/text/glyph.cpp:241:15:lookupIterator	16	static
/home/stvsl/Qt/QtMCUs/2.7.0/src/text/paragraph.cpp:53:15:begin	24	static
/home/stvsl/Qt/QtMCUs/2.7.0/src/text/glyph.cpp:262:15:lookupIteratorNoShaping	24	static
/home/stvsl/Qt/QtMCUs/2.7.0/src/text/textline.cpp:41:6:hasNext	8	static
/home/stvsl/Qt/QtMCUs/2.7.0/src/text/textline.cpp:46:11:next	24	static
/home/stvsl/Qt/QtMCUs/2.7.0/include/qul/private/text/textengine.h:154:17:isRightToLeft	64	static
/home/stvsl/Qt/QtMCUs/2.7.0/src/text/textengine.cpp:275:13:calculateLineFontMetrics	96	static
/home/stvsl/Qt/QtMCUs/2.7.0/src/text/glyph.cpp:404:6:recalculateLineFontMetrics	344	static
/home/stvsl/Qt/QtMCUs/2.7.0/src/text/glyph.cpp:414:11:next	376	static
/home/stvsl/Qt/QtMCUs/2.7.0/src/text/glyph.cpp:396:11:peekNext	176	static
/home/stvsl/Qt/QtMCUs/2.7.0/src/text/textline.cpp:70:1:__ct_base 	64	static
/home/stvsl/Qt/QtMCUs/2.7.0/src/text/textelidehandler.cpp:137:6:currentLineNeedsEliding	112	static
/home/stvsl/Qt/QtMCUs/2.7.0/src/text/textwraphandler.cpp:59:6:skipTrailingWhiteSpace	96	static
/home/stvsl/Qt/QtMCUs/2.7.0/src/text/textwraphandler.cpp:97:6:wrapText	200	static
/home/stvsl/Qt/QtMCUs/2.7.0/src/text/textengine.cpp:179:6:handleParagraphChange	16	static
/home/stvsl/Qt/QtMCUs/2.7.0/src/text/textelidehandler.cpp:35:6:paragraphChanged	16	static
/home/stvsl/Qt/QtMCUs/2.7.0/src/text/textelidehandler.cpp:227:6:elideRight	360	static
/home/stvsl/Qt/QtMCUs/2.7.0/src/text/textelidehandler.cpp:396:11:lineNextGlyph	16	static
/home/stvsl/Qt/QtMCUs/2.7.0/src/text/textelidehandler.cpp:423:11:next	128	static
/home/stvsl/Qt/QtMCUs/2.7.0/src/text/textengine.cpp:275:13:calculateLineFontMetrics	96	static
/home/stvsl/Qt/QtMCUs/2.7.0/src/text/textelidehandler.cpp:80:1:__ct_base 	296	static
/home/stvsl/Qt/QtMCUs/2.7.0/src/text/textelidehandler.cpp:51:1:__ct_base 	56	static
/home/stvsl/Qt/QtMCUs/2.7.0/src/text/textelidehandler.cpp:380:11:next	16	static
/home/stvsl/Qt/QtMCUs/2.7.0/src/text/textline.cpp:87:13:calculateLineWidth	296	static
/home/stvsl/Qt/QtMCUs/2.7.0/src/text/textline.cpp:105:5:width	16	static
/home/stvsl/Qt/QtMCUs/2.7.0/src/text/textelidehandler.cpp:213:5:elidedLineWidth	16	static
/home/stvsl/Qt/QtMCUs/2.7.0/src/text/textelidehandler.cpp:264:6:elideLeft	304	static
/home/stvsl/Qt/QtMCUs/2.7.0/src/text/textelidehandler.cpp:290:6:elideMiddle	320	static
/home/stvsl/Qt/QtMCUs/2.7.0/src/text/textelidehandler.cpp:347:6:elideLine	280	static
