/home/stvsl/Qt/QtMCUs/2.7.1/include/qul/private/text/fontengine.h:176:18:usePathData	0	static
/home/stvsl/Qt/QtMCUs/2.7.1/include/qul/private/text/fontengine.h:188:18:freeNativeData	0	static
/home/stvsl/Qt/QtMCUs/2.7.1/src/graphics/graphicsdevice.cpp:231:34:getPixel	4	static
/home/stvsl/Qt/QtMCUs/2.7.1/include/platform/private/fixedsizeblockallocator.h:41:11:allocate	24	static
/home/stvsl/Qt/QtMCUs/2.7.1/include/platform/private/fixedsizeblockallocator.h:49:10:free	12	static
/home/stvsl/Qt/QtMCUs/2.7.1/include/qul/private/text/fontengine.h:192:46:pathData	8	static
/home/stvsl/Qt/QtMCUs/2.7.1/include/platform/private/fixedsizeblockallocator.h:47:11:reallocate	32	static
/home/stvsl/Qt/QtMCUs/2.7.1/src/common.h:31:12:explicitOrDefaultPadding	56	static
/home/stvsl/Qt/QtMCUs/2.7.1/src/core/timeritem.cpp:72:6:trigger	32	static
/home/stvsl/Qt/QtMCUs/2.7.1/src/core/text.cpp:574:19:fontEngine	32	static
/home/stvsl/Qt/QtMCUs/2.7.1/src/core/transforms.cpp:231:6:setItem	0	static
/home/stvsl/Qt/QtMCUs/2.7.1/src/core/transforms.cpp:237:11:item	0	static
/home/stvsl/Qt/QtMCUs/2.7.1/src/core/transforms.cpp:242:6:appendTransform	0	static
/home/stvsl/Qt/QtMCUs/2.7.1/src/core/transforms.cpp:249:30:transform	336	static
/home/stvsl/Qt/QtMCUs/2.7.1/src/core/text.cpp:537:28:renderNode	160	static
/home/stvsl/Qt/QtMCUs/2.7.1/src/core/transforms.cpp:260:1:__dt_base 	0	static
/home/stvsl/Qt/QtMCUs/2.7.1/src/core/rendercontext.cpp:103:6:removeNode	32	static
/home/stvsl/Qt/QtMCUs/2.7.1/src/core/rendercontext.cpp:124:6:_ZN3Qul7Private13RenderContext23itemAboutToBeUnparentedEPNS0_5Items8ItemBaseE.part.0	56	static
/home/stvsl/Qt/QtMCUs/2.7.1/src/core/staticscreenrotationhelpers.cpp:61:25:mapRectToPhysicalScreen	8	static
/home/stvsl/Qt/QtMCUs/2.7.1/src/core/staticscreenrotationhelpers.cpp:201:6:isDisplayRotationApplicable	0	static
/home/stvsl/Qt/QtMCUs/2.7.1/src/core/staticscreenrotationhelpers.cpp:90:25:mapRectToVirtualScreen	8	static
/home/stvsl/Qt/QtMCUs/2.7.1/src/core/staticscreenrotationhelpers.cpp:185:25:rotatedSize	16	static
/home/stvsl/Qt/QtMCUs/2.7.1/include/qul/private/texture.h:68:34:withAlpha	0	static
/home/stvsl/Qt/QtMCUs/2.7.1/src/graphics/resourcecache.cpp:98:1:__ct_base 	0	static
/home/stvsl/Qt/QtMCUs/2.7.1/src/graphics/resourcecache.cpp:142:1:__dt_base 	24	static
/home/stvsl/Qt/QtMCUs/2.7.1/src/graphics/resourcecache.cpp:285:6:remove	16	static
/home/stvsl/Qt/QtMCUs/2.7.1/src/graphics/graphicsdevice.cpp:85:14:bits	152	static
/home/stvsl/Qt/QtMCUs/2.7.1/src/graphics/resourcecache.cpp:210:5:index	4	static
/home/stvsl/Qt/QtMCUs/2.7.1/src/graphics/rendertree.cpp:52:30:prepareTransformWithDisplayRotation	16	static
/home/stvsl/Qt/QtMCUs/2.7.1/src/core/text.cpp:484:6:operator()	4	static
/home/stvsl/Qt/QtMCUs/2.7.1/src/core/text.cpp:431:6:operator()	128	static
/home/stvsl/Qt/QtMCUs/2.7.1/src/core/text.cpp:490:6:operator()	24	static
/home/stvsl/Qt/QtMCUs/2.7.1/src/core/repaintstrategy.cpp:63:6:addDirtyRectsForNode	64	static
/home/stvsl/Qt/QtMCUs/2.7.1/src/graphics/rendertree.cpp:261:1:__dt_base 	8	static
/home/stvsl/Qt/QtMCUs/2.7.1/src/graphics/rendertree.cpp:582:6:render	112	static
/home/stvsl/Qt/QtMCUs/2.7.1/src/graphics/rendertree.cpp:663:6:render	128	static
/home/stvsl/Qt/QtMCUs/2.7.1/src/graphics/graphicsdevice.cpp:170:6:blend	184	static
/home/stvsl/Qt/QtMCUs/2.7.1/src/graphics/graphicsdevice.cpp:391:6:blendTransformed	376	static
/home/stvsl/Qt/QtMCUs/2.7.1/src/graphics/rendertree.cpp:277:6:blendImage	280	static
/home/stvsl/Qt/QtMCUs/2.7.1/src/graphics/rendertree.cpp:794:23:renderImageNode	208	static
/home/stvsl/Qt/QtMCUs/2.7.1/src/graphics/rendertree.cpp:904:23:renderAnimatedSpriteNode	56	static
/home/stvsl/Qt/QtMCUs/2.7.1/src/graphics/graphicsdevice.cpp:457:6:blendTransformed	112	static
/home/stvsl/Qt/QtMCUs/2.7.1/src/graphics/graphicsdevice.cpp:540:6:blendPath	80	static
/home/stvsl/Qt/QtMCUs/2.7.1/src/graphics/graphicsdevice.cpp:731:6:blendToGraphicsDevice	160	static
/home/stvsl/Qt/QtMCUs/2.7.1/src/graphics/graphicsdevice.cpp:752:6:blendToGraphicsDeviceWithTransform	168	static
/home/stvsl/Qt/QtMCUs/2.7.1/src/graphics/graphicsdevice.cpp:564:6:doTextLayout_helper	3272	static
/home/stvsl/Qt/QtMCUs/2.7.1/src/graphics/graphicsdevice.cpp:670:6:doTextLayout	1352	static
/home/stvsl/Qt/QtMCUs/2.7.1/src/graphics/rendertree.cpp:735:23:renderRectangleNode	296	static
