/home/stvsl/Qt/QtMCUs/2.7.0/src/graphics/rgb.h:81:39:qPremultiply	0	static
/home/stvsl/Qt/QtMCUs/2.7.0/src/graphics/rgb.h:96:12:qUnpremultiply	4	static
/home/stvsl/Qt/QtMCUs/2.7.0/src/graphics/drawhelper.h:688:26:fetchPixel	0	static
/home/stvsl/Qt/QtMCUs/2.7.0/src/graphics/drawhelper.h:701:26:fetchPixel	0	static
/home/stvsl/Qt/QtMCUs/2.7.0/src/graphics/drawhelper.h:714:26:fetchPixel	0	static
/home/stvsl/Qt/QtMCUs/2.7.0/src/graphics/drawhelper.h:727:26:fetchPixel	0	static
/home/stvsl/Qt/QtMCUs/2.7.0/src/graphics/drawhelper.h:733:26:fetchPixel	0	static
/home/stvsl/Qt/QtMCUs/2.7.0/src/graphics/drawhelper.h:739:26:fetchPixel	0	static
/home/stvsl/Qt/QtMCUs/2.7.0/src/graphics/drawhelper.cpp:52:26:convertPassThrough	0	static
/home/stvsl/Qt/QtMCUs/2.7.0/src/graphics/drawhelper.cpp:54:26:convertARGB32ToARGB32PM	16	static
/home/stvsl/Qt/QtMCUs/2.7.0/src/graphics/drawhelper.cpp:154:26:storeARGB32FromARGB32PM	24	static
/home/stvsl/Qt/QtMCUs/2.7.0/src/graphics/drawhelper.cpp:161:33:fetchARGB4444PMToARGB32PM	12	static
/home/stvsl/Qt/QtMCUs/2.7.0/src/graphics/drawhelper.cpp:170:33:fetchARGB4444ToARGB32PM	24	static
/home/stvsl/Qt/QtMCUs/2.7.0/src/graphics/drawhelper.cpp:179:26:convertARGB4444PMToARGB32PM	4	static
/home/stvsl/Qt/QtMCUs/2.7.0/src/graphics/drawhelper.cpp:185:26:convertARGB4444ToARGB32PM	16	static
/home/stvsl/Qt/QtMCUs/2.7.0/src/graphics/drawhelper.cpp:191:26:storeARGB4444PMFromARGB32PM	16	static
/home/stvsl/Qt/QtMCUs/2.7.0/src/graphics/drawhelper.cpp:199:26:storeARGB4444FromARGB32PM	24	static
/home/stvsl/Qt/QtMCUs/2.7.0/src/graphics/drawhelper.cpp:218:33:fetchPassThrough	0	static
/home/stvsl/Qt/QtMCUs/2.7.0/src/graphics/drawhelper.cpp:228:33:fetchARGB32ToARGB32PM	24	static
/home/stvsl/Qt/QtMCUs/2.7.0/src/graphics/drawhelper.cpp:133:26:convertToRGB32	4	static
/home/stvsl/Qt/QtMCUs/2.7.0/src/graphics/drawhelper.cpp:235:33:fetchRGBToRGB32	12	static
/home/stvsl/Qt/QtMCUs/2.7.0/src/graphics/drawhelper.h:814:1:storeARGBFromARGB32PM	32	static
/home/stvsl/Qt/QtMCUs/2.7.0/src/graphics/drawhelper.h:814:1:storeARGBFromARGB32PM	24	static
/home/stvsl/Qt/QtMCUs/2.7.0/src/graphics/drawhelper.cpp:133:26:convertToRGB32	12	static
/home/stvsl/Qt/QtMCUs/2.7.0/src/graphics/drawhelper.cpp:235:33:fetchRGBToRGB32	20	static
/home/stvsl/Qt/QtMCUs/2.7.0/src/graphics/drawhelper.h:814:1:storeARGBFromARGB32PM	32	static
/home/stvsl/Qt/QtMCUs/2.7.0/src/graphics/drawhelper.h:814:1:storeARGBFromARGB32PM	32	static
/home/stvsl/Qt/QtMCUs/2.7.0/src/graphics/drawhelper.cpp:133:26:convertToRGB32	8	static
/home/stvsl/Qt/QtMCUs/2.7.0/src/graphics/drawhelper.cpp:235:33:fetchRGBToRGB32	16	static
/home/stvsl/Qt/QtMCUs/2.7.0/src/graphics/drawhelper.h:814:1:storeARGBFromARGB32PM	32	static
/home/stvsl/Qt/QtMCUs/2.7.0/src/graphics/drawhelper.h:814:1:storeARGBFromARGB32PM	32	static
/home/stvsl/Qt/QtMCUs/2.7.0/src/graphics/drawhelper.cpp:338:13:memfill_template	0	static
/home/stvsl/Qt/QtMCUs/2.7.0/src/graphics/rasterizer.cpp:96:17:intersectPixelFP	24	static
/home/stvsl/.mcuxpressotools/arm-gnu-toolchain-12.3.rel1-x86_64-arm-none-eabi/arm-none-eabi/include/c++/12.3.1/bits/move.h:196:5:swap	8	static
/home/stvsl/Qt/QtMCUs/2.7.0/src/graphics/compositionfunctions.cpp:38:19:comp_func_SourceOver	20	static
/home/stvsl/Qt/QtMCUs/2.7.0/include/qul/private/global.h:254:75:qFuzzyCompare	8	static
/home/stvsl/Qt/QtMCUs/2.7.0/include/platforminterface/private/bezier.h:138:15:pointAt	24	static
/home/stvsl/Qt/QtMCUs/2.7.0/include/platforminterface/private/bezier.h:163:15:normalVector	24	static
/home/stvsl/Qt/QtMCUs/2.7.0/include/platforminterface/private/bezier.h:173:27:split	712	static
/home/stvsl/Qt/QtMCUs/2.7.0/src/platforminterface/private/bezier.cpp:33:7:bounds	48	static
/home/stvsl/Qt/QtMCUs/2.7.0/include/qul/private/flagpointer.h:427:6:operator!=	0	static
/home/stvsl/Qt/QtMCUs/2.7.0/src/text/monotype/monotypeunicode.cpp:40:23:glyphInfoAttributes	0	static
/home/stvsl/Qt/QtMCUs/2.7.0/src/text/monotype/monotypeunicode.cpp:55:6:setBoundaryFlags	0	static
/home/stvsl/Qt/QtMCUs/2.7.0/src/text/monotype/monotypeunicode.cpp:179:5:entrySize	0	static
/home/stvsl/Qt/QtMCUs/2.7.0/src/3rdparty/monotype/shaperspark/product/source/unicode/msbidi62.c:1757:1:getBidiPropsIndex	0	static
/home/stvsl/Qt/QtMCUs/2.7.0/src/3rdparty/monotype/shaperspark/product/source/unicode/msbidi62.c:2093:1:MsUnicode_getBidiCharType	8	static
/home/stvsl/Qt/QtMCUs/2.7.0/src/3rdparty/monotype/shaperspark/product/source/unicode/msunicde.c:40:1:getGeneralProps	0	static
/home/stvsl/Qt/QtMCUs/2.7.0/src/3rdparty/monotype/shaperspark/product/source/unicode/msunicde.c:97:1:MsUnicode_getLineBreakType	8	static
/home/stvsl/Qt/QtMCUs/2.7.0/src/text/monotype/../../3rdparty/monotype/patches/custom_unicode_integration_apis/qul_monotype_unicode.h:518:1:MsShaper_markLineBreaks	64	static
/home/stvsl/Qt/QtMCUs/2.7.0/src/3rdparty/monotype/shaperspark/product/source/unicode/msunicde.c:104:1:MsUnicode_getWordBreakType	8	static
/home/stvsl/Qt/QtMCUs/2.7.0/src/text/monotype/../../3rdparty/monotype/patches/custom_unicode_integration_apis/qul_monotype_unicode.h:230:1:getNextStrongWordBreakType	16	static
/home/stvsl/Qt/QtMCUs/2.7.0/src/3rdparty/monotype/shaperspark/product/source/unicode/msunicde.c:118:1:MsUnicode_getGraphemeType	8	static
/home/stvsl/Qt/QtMCUs/2.7.0/src/text/monotype/../../3rdparty/monotype/patches/custom_unicode_integration_apis/qul_monotype_unicode.h:46:1:MsShaper_markGraphemeBoundaries	32	static
/home/stvsl/Qt/QtMCUs/2.7.0/src/3rdparty/monotype/shaperspark/product/source/unicode/msunicde.c:186:1:MsUnicode_isWhitespace	8	static
/home/stvsl/Qt/QtMCUs/2.7.0/src/text/monotype/../../3rdparty/monotype/patches/custom_unicode_integration_apis/qul_monotype_unicode.h:247:1:MsShaper_markWordBoundaries	56	static
/home/stvsl/Qt/QtMCUs/2.7.0/src/text/monotype/monotypeunicode.cpp:135:6:markBoundaries	24	static
/home/stvsl/Qt/QtMCUs/2.7.0/src/graphics/imagedecodepng_lodepng.cpp:39:10:acquire	8	static
/home/stvsl/Qt/QtMCUs/2.7.0/src/graphics/imagedecodepng_lodepng.cpp:44:10:release	8	static
/home/stvsl/Qt/QtMCUs/2.7.0/src/3rdparty/lodepng/lodepng.cpp:288:17:ucvector_init	0	static
/home/stvsl/Qt/QtMCUs/2.7.0/src/3rdparty/lodepng/lodepng.cpp:492:28:ensureBits9	4	static
/home/stvsl/Qt/QtMCUs/2.7.0/src/3rdparty/lodepng/lodepng.cpp:507:28:ensureBits17	4	static
/home/stvsl/Qt/QtMCUs/2.7.0/src/3rdparty/lodepng/lodepng.cpp:524:28:ensureBits25	12	static
/home/stvsl/Qt/QtMCUs/2.7.0/src/3rdparty/lodepng/lodepng.cpp:542:28:ensureBits32	12	static
/home/stvsl/Qt/QtMCUs/2.7.0/src/3rdparty/lodepng/lodepng.cpp:581:17:reverseBits	0	static
/home/stvsl/Qt/QtMCUs/2.7.0/src/3rdparty/lodepng/lodepng.cpp:641:13:HuffmanTree_init	0	static
/home/stvsl/Qt/QtMCUs/2.7.0/src/3rdparty/lodepng/lodepng.cpp:1073:17:huffmanDecodeSymbol	8	static
/home/stvsl/Qt/QtMCUs/2.7.0/src/3rdparty/lodepng/lodepng.cpp:2137:17:update_adler32	8	static
/home/stvsl/Qt/QtMCUs/2.7.0/src/3rdparty/lodepng/lodepng.cpp:2158:17:adler32	8	static
/home/stvsl/Qt/QtMCUs/2.7.0/src/graphics/rasterizer.cpp:162:21:qSafeDivide	16	static
/home/stvsl/Qt/QtMCUs/2.7.0/src/platforminterface/private/bezier.cpp:69:20:good_offset	80	static
/home/stvsl/Qt/QtMCUs/2.7.0/src/graphics/blendtransformed.cpp:147:16:interpolate	72	static
/home/stvsl/Qt/QtMCUs/2.7.0/src/graphics/blendtransformed.cpp:147:16:interpolate	72	static
/home/stvsl/Qt/QtMCUs/2.7.0/src/graphics/blendtransformed.cpp:147:16:interpolate	72	static
/home/stvsl/Qt/QtMCUs/2.7.0/src/graphics/drawhelper.cpp:146:26:storePassThrough	8	static
/home/stvsl/Qt/QtMCUs/2.7.0/src/graphics/rasterizer.cpp:149:41:snapTo26Dot6Grid	24	static
/home/stvsl/Qt/QtMCUs/2.7.0/src/platforminterface/private/bezier.cpp:98:13:addCircle	344	static
/home/stvsl/Qt/QtMCUs/2.7.0/src/platforminterface/private/bezier.cpp:157:20:shift	680	static
/home/stvsl/Qt/QtMCUs/2.7.0/src/text/monotype/monotypeunicode.cpp:189:1:__dt_base 	8	static
/home/stvsl/Qt/QtMCUs/2.7.0/src/text/monotype/monotypeunicode.cpp:193:28:__tcf_0	8	static
/home/stvsl/Qt/QtMCUs/2.7.0/src/text/monotype/monotypeunicode.cpp:189:1:__dt_del 	8	static
/home/stvsl/Qt/QtMCUs/2.7.0/src/text/monotype/monotypeunicode.cpp:191:18:instance	8	static
/home/stvsl/Qt/QtMCUs/2.7.0/src/text/monotype/monotypeunicode.cpp:201:1:__static_initialization_and_destruction_0	8	static
/home/stvsl/Qt/QtMCUs/2.7.0/src/graphics/drawhelper.h:1295:19:fetchDefault	24720	static
/home/stvsl/Qt/QtMCUs/2.7.0/src/graphics/drawhelper.cpp:413:6:memfill32	8	static
/home/stvsl/Qt/QtMCUs/2.7.0/src/graphics/drawhelper.cpp:371:13:memfill_template	16	static
/home/stvsl/Qt/QtMCUs/2.7.0/src/graphics/drawhelper.cpp:403:6:memfill16	8	static
/home/stvsl/Qt/QtMCUs/2.7.0/src/core/font.cpp:44:6:valueEquality	24	static
/home/stvsl/Qt/QtMCUs/2.7.0/src/text/monotype/monotypeunicode.cpp:201:1:_GLOBAL__sub_I__Z31MsShaper_markGraphemeBoundariesP18MsTextProcessInfo_ll	8	static
/home/stvsl/Qt/QtMCUs/2.7.0/src/graphics/imagedecodepng_lodepng.cpp:55:7:lodepng_malloc	16	static
/home/stvsl/Qt/QtMCUs/2.7.0/src/graphics/imagedecodepng_lodepng.cpp:67:7:lodepng_realloc	24	static
/home/stvsl/Qt/QtMCUs/2.7.0/src/3rdparty/lodepng/lodepng.cpp:269:17:ucvector_reserve	16	static
/home/stvsl/Qt/QtMCUs/2.7.0/src/3rdparty/lodepng/lodepng.cpp:283:17:ucvector_resize	8	static
/home/stvsl/Qt/QtMCUs/2.7.0/src/graphics/imagedecodepng_lodepng.cpp:88:6:lodepng_free	16	static
/home/stvsl/Qt/QtMCUs/2.7.0/src/3rdparty/lodepng/lodepng.cpp:648:13:HuffmanTree_cleanup	8	static
/home/stvsl/Qt/QtMCUs/2.7.0/src/3rdparty/lodepng/lodepng.cpp:120:13:lodepng_memcpy	0	static
/home/stvsl/Qt/QtMCUs/2.7.0/src/3rdparty/lodepng/lodepng.cpp:1346:17:inflateNoCompression	32	static
/home/stvsl/Qt/QtMCUs/2.7.0/src/3rdparty/lodepng/lodepng.cpp:126:13:lodepng_memset	0	static
/home/stvsl/Qt/QtMCUs/2.7.0/src/3rdparty/lodepng/lodepng.cpp:664:17:HuffmanTree_makeTable	32	static
/home/stvsl/Qt/QtMCUs/2.7.0/src/3rdparty/lodepng/lodepng.cpp:785:17:HuffmanTree_makeFromLengths2	24	static
/home/stvsl/Qt/QtMCUs/2.7.0/src/3rdparty/lodepng/lodepng.cpp:826:17:HuffmanTree_makeFromLengths	24	static
/home/stvsl/Qt/QtMCUs/2.7.0/src/3rdparty/lodepng/lodepng.cpp:1037:17:generateFixedLitLenTree	16	static
/home/stvsl/Qt/QtMCUs/2.7.0/src/3rdparty/lodepng/lodepng.cpp:1055:17:generateFixedDistanceTree	16	static
/home/stvsl/Qt/QtMCUs/2.7.0/src/3rdparty/lodepng/lodepng.cpp:1097:17:getTreeInflateFixed	8	static
/home/stvsl/Qt/QtMCUs/2.7.0/src/3rdparty/lodepng/lodepng.cpp:133:15:lodepng_strlen	0	static
/home/stvsl/Qt/QtMCUs/2.7.0/src/3rdparty/lodepng/lodepng.cpp:147:12:lodepng_addofl	0	static
/home/stvsl/Qt/QtMCUs/2.7.0/src/3rdparty/lodepng/lodepng.cpp:163:12:lodepng_gtofl	16	static
/home/stvsl/Qt/QtMCUs/2.7.0/src/3rdparty/lodepng/lodepng.cpp:1104:17:getTreeInflateDynamic	88	static
/home/stvsl/Qt/QtMCUs/2.7.0/src/3rdparty/lodepng/lodepng.cpp:1238:17:inflateHuffmanBlock	96	static
/home/stvsl/Qt/QtMCUs/2.7.0/src/3rdparty/lodepng/lodepng.cpp:156:12:lodepng_mulofl	0	static
/home/stvsl/Qt/QtMCUs/2.7.0/src/3rdparty/lodepng/lodepng.cpp:469:17:LodePNGBitReader_init	16	static
/home/stvsl/Qt/QtMCUs/2.7.0/src/3rdparty/lodepng/lodepng.cpp:1381:17:lodepng_inflatev	40	static
/home/stvsl/Qt/QtMCUs/2.7.0/src/3rdparty/lodepng/lodepng.cpp:1417:17:inflatev	24	static
/home/stvsl/Qt/QtMCUs/2.7.0/src/3rdparty/lodepng/lodepng.cpp:326:17:lodepng_read32bitInt	0	static
/home/stvsl/Qt/QtMCUs/2.7.0/src/3rdparty/lodepng/lodepng.cpp:2168:17:lodepng_zlib_decompressv	24	static
/home/stvsl/Qt/QtMCUs/2.7.0/src/3rdparty/lodepng/lodepng.cpp:2220:17:zlib_decompress	56	static
/home/stvsl/Qt/QtMCUs/2.7.0/src/graphics/drawhelper.h:1081:26:fetchTransformedBilinear_fetcher	152	static
/home/stvsl/Qt/QtMCUs/2.7.0/src/graphics/rasterizer.cpp:57:10:addSpan	32	static
/home/stvsl/Qt/QtMCUs/2.7.0/src/graphics/rasterizer.cpp:183:6:rasterizeLine	3472	static
/home/stvsl/Qt/QtMCUs/2.7.0/src/graphics/rle.cpp:30:6:decompressRle	80	static
/home/stvsl/Qt/QtMCUs/2.7.0/src/platforminterface/private/bezier.cpp:236:5:shifted	440	static
/home/stvsl/Qt/QtMCUs/2.7.0/include/qul/private/flagpointer.h:395:4:asT1	16	static
/home/stvsl/Qt/QtMCUs/2.7.0/include/qul/private/flagpointer.h:402:5:asT2	16	static
/home/stvsl/Qt/QtMCUs/2.7.0/src/core/font.cpp:154:19:engineFromFontPointer	16	static
/home/stvsl/Qt/QtMCUs/2.7.0/include/qul/private/flagpointer.h:415:5:maybeT2	8	static
/home/stvsl/Qt/QtMCUs/2.7.0/src/core/font.cpp:28:6:valueWasSetHook	8	static
/home/stvsl/Qt/QtMCUs/2.7.0/src/core/font.cpp:36:6:valueWasUnsetHook	8	static
/home/stvsl/Qt/QtMCUs/2.7.0/src/text/monotype/monotypeunicode.cpp:62:17:toQulDirection	16	static
/home/stvsl/Qt/QtMCUs/2.7.0/src/text/monotype/monotypeunicode.cpp:122:17:direction	8	static
/home/stvsl/Qt/QtMCUs/2.7.0/src/text/monotype/monotypeunicode.cpp:165:23:attributes	24	static
/home/stvsl/Qt/QtMCUs/2.7.0/src/text/monotype/monotypeunicode.cpp:172:6:setAttributes	24	static
/home/stvsl/Qt/QtMCUs/2.7.0/src/platforminterface/gradient.cpp:55:6:generateGradientColorTable	112	static
/home/stvsl/Qt/QtMCUs/2.7.0/src/graphics/imagedecodepng_lodepng.cpp:101:8:toPixelFormat	64	static
/home/stvsl/Qt/QtMCUs/2.7.0/src/graphics/imagedecodepng_lodepng.cpp:201:8:pngDecode_backend	176	static
