/home/stvsl/Qt/QtMCUs/2.8.0/src/platforminterface/drawingengine.cpp:241:6:blendRect	28	static
/home/stvsl/Qt/QtMCUs/2.8.0/src/platforminterface/drawingengine.cpp:301:6:blendAlphaMap	64	static
/home/stvsl/Qt/QtMCUs/2.8.0/src/platforminterface/drawingengine.cpp:846:6:synchronizeForCpuAccess	0	static
/home/stvsl/Qt/QtMCUs/2.8.0/src/platforminterface/drawingengine.cpp:903:6:setStrokeProperties	0	static
/home/stvsl/Qt/QtMCUs/2.8.0/src/platforminterface/printf.c:144:20:_out_null	0	static
/home/stvsl/Qt/QtMCUs/2.8.0/src/path/path.cpp:30:13:isSvgCommand	0	static
/home/stvsl/Qt/QtMCUs/2.8.0/src/platforminterface/drawingengine.cpp:249:6:blendRoundedRect	216	static
/home/stvsl/Qt/QtMCUs/2.8.0/src/platforminterface/drawingengine.cpp:445:6:blendRect	56	static
/home/stvsl/Qt/QtMCUs/2.8.0/src/platforminterface/drawingengine.cpp:466:6:blendRoundedRect	224	static
/home/stvsl/Qt/QtMCUs/2.8.0/src/platforminterface/drawingengine.cpp:545:6:blendAlphaMap	80	static
/home/stvsl/Qt/QtMCUs/2.8.0/src/platforminterface/drawingengine.cpp:698:6:blendRect	24	static
/home/stvsl/Qt/QtMCUs/2.8.0/src/platforminterface/drawingengine.cpp:737:6:blendImage	40	static
/home/stvsl/Qt/QtMCUs/2.8.0/src/platforminterface/drawingengine.cpp:757:6:blendAlphaMap	40	static
/home/stvsl/Qt/QtMCUs/2.8.0/src/path/path.cpp:79:20:getSvgControlElemCount	8	static
/home/stvsl/Qt/QtMCUs/2.8.0/src/platforminterface/drawingengine.cpp:264:6:blendImage	96	static
/home/stvsl/Qt/QtMCUs/2.8.0/src/platforminterface/drawingengine.cpp:486:6:blendImage	120	static
/home/stvsl/Qt/QtMCUs/2.8.0/src/platforminterface/drawingengine.cpp:720:6:blendRoundedRect	48	static
/home/stvsl/Qt/QtMCUs/2.8.0/src/platforminterface/drawingengine.cpp:874:22:allocatePath	16	static
/home/stvsl/Qt/QtMCUs/2.8.0/src/platforminterface/drawingengine.cpp:1018:6:blendSimpleGradient	3280	static
/home/stvsl/Qt/QtMCUs/2.8.0/src/platforminterface/drawingengine.cpp:936:6:blendPath	120	static
/home/stvsl/Qt/QtMCUs/2.8.0/src/platforminterface/printf.c:151:20:_out_char	16	static
/home/stvsl/Qt/QtMCUs/2.8.0/src/path/path.cpp:832:1:__dt_base 	8	static
/home/stvsl/Qt/QtMCUs/2.8.0/src/path/path.cpp:832:1:__dt_del 	8	static
/home/stvsl/Qt/QtMCUs/2.8.0/src/platforminterface/transform.cpp:334:12:rotate	32	static
/home/stvsl/Qt/QtMCUs/2.8.0/src/platforminterface/transform.cpp:433:11:fromRotation	32	static
/home/stvsl/Qt/QtMCUs/2.8.0/src/platforminterface/transform.cpp:492:11:inverted	40	static
/home/stvsl/Qt/QtMCUs/2.8.0/src/platforminterface/transform.cpp:606:26:mapArbitrary	72	static
/home/stvsl/Qt/QtMCUs/2.8.0/src/platforminterface/drawingengine.cpp:780:6:blendTransformedImage	72	static
/home/stvsl/Qt/QtMCUs/2.8.0/src/platforminterface/drawingengine.cpp:817:6:blendTransformedAlphaMap	72	static
/home/stvsl/Qt/QtMCUs/2.8.0/src/platforminterface/log.cpp:64:5:log	136	static
/home/stvsl/Qt/QtMCUs/2.8.0/src/qulrcc/imageasset.cpp:39:6:copyTextureToRAM	32	static
/home/stvsl/Qt/QtMCUs/2.8.0/src/path/path.cpp:161:49:pathElementToSegmentType	8	static
/home/stvsl/Qt/QtMCUs/2.8.0/src/path/path.cpp:935:36:pathData	232	static
/home/stvsl/Qt/QtMCUs/2.8.0/src/qulrcc/qulrcc_lookup.cpp:71:13:findImageForString	392	static
