/home/stvsl/Qt/QtMCUs/2.8.0/src/core/animation.cpp:46:7:easeNone_wrap	0	static
/home/stvsl/Qt/QtMCUs/2.8.0/src/core/animation.cpp:308:27:interpolate	4	static
/home/stvsl/Qt/QtMCUs/2.8.0/include/qul/private/layers/layers.h:280:30:childrenOffset	8	static
/home/stvsl/Qt/QtMCUs/2.8.0/include/qul/private/layers/layers.h:351:37:renderNode	0	static
/home/stvsl/Qt/QtMCUs/2.8.0/src/core/application.cpp:545:42:__tcf_0	16	static
/home/stvsl/Qt/QtMCUs/2.8.0/include/qul/private/propertybinding.h:522:17:callWithSelf	0	static
/home/stvsl/Qt/QtMCUs/2.8.0/include/qul/private/attachedtype.h:60:26:__tcf_0	8	static
/home/stvsl/Qt/QtMCUs/2.8.0/src/core/items.cpp:68:19:renderNode	0	static
/home/stvsl/Qt/QtMCUs/2.8.0/src/core/animation.cpp:300:8:interpolate	48	static
/home/stvsl/Qt/QtMCUs/2.8.0/src/core/image.cpp:246:13:deleteImageData	24	static
/home/stvsl/Qt/QtMCUs/2.8.0/src/core/image.cpp:935:6:deleteProperties	32	static
/home/stvsl/Qt/QtMCUs/2.8.0/include/qul/private/rendertree.h:158:8:__dt_base 	16	static
/home/stvsl/Qt/QtMCUs/2.8.0/include/qul/private/rendertree.h:199:7:__dt_base 	16	static
/home/stvsl/Qt/QtMCUs/2.8.0/include/qul/private/rendertree.h:158:8:__dt_del 	16	static
/home/stvsl/Qt/QtMCUs/2.8.0/include/qul/private/rendertree.h:199:7:__dt_del 	16	static
/home/stvsl/Qt/QtMCUs/2.8.0/include/qul/private/layers/layers.h:219:8:__dt_base 	16	static
/home/stvsl/Qt/QtMCUs/2.8.0/src/core/application.cpp:637:29:__tcf_1	16	static
/home/stvsl/Qt/QtMCUs/2.8.0/src/core/application.cpp:639:38:__tcf_3	8	static
/home/stvsl/Qt/QtMCUs/2.8.0/include/qul/private/layers/layers.h:339:8:__dt_base 	8	static
/home/stvsl/Qt/QtMCUs/2.8.0/include/qul/private/layers/layers.h:339:8:__dt_del 	8	static
/home/stvsl/Qt/QtMCUs/2.8.0/include/qul/private/layers/layers.h:219:8:__dt_del 	16	static
/home/stvsl/Qt/QtMCUs/2.8.0/src/core/image.cpp:812:13:freeCombinedRasterBufferAllocation	24	static
/home/stvsl/.mcuxpressotools/arm-gnu-toolchain-12.3.rel1-x86_64-arm-none-eabi/arm-none-eabi/include/c++/12.3.1/bits/vector.tcc:439:7:_M_realloc_insert	48	static
/home/stvsl/Qt/QtMCUs/2.8.0/include/qul/property.h:270:10:registerDependency	16	static
/home/stvsl/Qt/QtMCUs/2.8.0/include/qul/property.h:387:10:removeBindingImpl	4	static
/home/stvsl/Qt/QtMCUs/2.8.0/include/qul/private/animation.h:545:10:doTick	0	static
/home/stvsl/Qt/QtMCUs/2.8.0/include/qul/private/global.h:425:13:_ZN3Qul7Private9testEqualEdd.part.0	32	static
/home/stvsl/Qt/QtMCUs/2.8.0/include/qul/private/global.h:414:13:_ZN3Qul7Private9testEqualEff.part.0	16	static
/home/stvsl/Qt/QtMCUs/2.8.0/include/qul/property.h:694:14:value	40	static
/home/stvsl/Qt/QtMCUs/2.8.0/src/core/perf.h:70:17:_ZN3Qul7Private4Perf6Logger3endEv.part.0	24	static
/home/stvsl/Qt/QtMCUs/2.8.0/src/core/application.cpp:498:6:requestEventProcessing	8	static
/home/stvsl/Qt/QtMCUs/2.8.0/src/core/application.cpp:430:6:update	48	static
/home/stvsl/Qt/QtMCUs/2.8.0/src/core/application.cpp:307:6:updateEngine	4	static
/home/stvsl/Qt/QtMCUs/2.8.0/src/core/perf.h:78:17:_ZN3Qul7Private4Perf6Logger5pauseEv.part.0	16	static
/home/stvsl/Qt/QtMCUs/2.8.0/include/qul/property.h:638:10:setValue	24	static
/home/stvsl/Qt/QtMCUs/2.8.0/src/core/component.cpp:40:6:emitCompleted	40	static
/home/stvsl/Qt/QtMCUs/2.8.0/src/core/colorstringparser.cpp:79:27:parseColorString	32	static
/home/stvsl/Qt/QtMCUs/2.8.0/src/core/image.cpp:220:5:suitableBytesPerLine	8	static
/home/stvsl/Qt/QtMCUs/2.8.0/src/core/image.cpp:364:6:deref	24	static
/home/stvsl/Qt/QtMCUs/2.8.0/src/core/image.cpp:389:6:incref	8	static
/home/stvsl/Qt/QtMCUs/2.8.0/src/core/image.cpp:403:6:setCleanupFunction	16	static
/home/stvsl/Qt/QtMCUs/2.8.0/src/core/image.cpp:413:6:setDerefHook	16	static
/home/stvsl/Qt/QtMCUs/2.8.0/src/core/image.cpp:807:13:fromRasterBuffer	16	static
/home/stvsl/Qt/QtMCUs/2.8.0/src/core/image.cpp:832:13:fromFileBuffer	160	static
/home/stvsl/Qt/QtMCUs/2.8.0/src/core/image.cpp:950:6:valueWasSetHook	32	static
/home/stvsl/Qt/QtMCUs/2.8.0/src/core/image.cpp:982:6:valueWasUnsetHook	24	static
/home/stvsl/Qt/QtMCUs/2.8.0/include/qul/property.h:694:14:value	48	static
/home/stvsl/Qt/QtMCUs/2.8.0/include/platforminterface/point.h:408:14:toPoint	8	static
/home/stvsl/Qt/QtMCUs/2.8.0/include/platforminterface/transform.h:178:22:fromTranslation	40	static
/home/stvsl/Qt/QtMCUs/2.8.0/include/platforminterface/transform.h:242:22:operator*	104	static
/home/stvsl/Qt/QtMCUs/2.8.0/include/platforminterface/transform.h:324:37:map	72	static
/home/stvsl/Downloads/SDK_2_15_100_MIMXRT1170-EVK_ALL_TOOLCHAN/devices/MIMXRT1176/utilities/debug_console/fsl_debug_console.c:733:13:DbgConsole_PrintCallback	28	static
/home/stvsl/Qt/QtMCUs/2.8.0/include/qul/private/items/itembase.h:241:29:size	16	static
/home/stvsl/Qt/QtMCUs/2.8.0/include/qul/private/layers/layers.h:264:37:renderNode	24	static
/home/stvsl/Qt/QtMCUs/2.8.0/include/qul/private/layers/layers.h:326:37:renderNode	16	static
/home/stvsl/Qt/QtMCUs/2.8.0/src/core/application.cpp:975:6:recomputeDirtyRegions	128	static
/home/stvsl/Qt/QtMCUs/2.8.0/src/core/application.cpp:1183:6:repaintDirtyRegionsForItemLayer	240	static
/home/stvsl/Qt/QtMCUs/2.8.0/src/core/application.cpp:1222:6:updateLayersAndSprites	96	static
/home/stvsl/Qt/QtMCUs/2.8.0/src/core/animation.cpp:1276:6:updateValue	40	static
/home/stvsl/Qt/QtMCUs/2.8.0/src/core/animation.cpp:1276:6:updateValue	56	static
/home/stvsl/Qt/QtMCUs/2.8.0/src/core/animation.cpp:1276:6:updateValue	40	static
/home/stvsl/Qt/QtMCUs/2.8.0/src/core/animation.cpp:583:6:start	24	static
/home/stvsl/Qt/QtMCUs/2.8.0/src/core/animation.cpp:612:6:stop	32	static
/home/stvsl/Qt/QtMCUs/2.8.0/src/core/animation.cpp:1331:6:doStart	64	static
/home/stvsl/Qt/QtMCUs/2.8.0/src/core/animation.cpp:1302:6:doTick	32	static
/home/stvsl/Qt/QtMCUs/2.8.0/src/core/animation.cpp:1331:6:doStart	88	static
/home/stvsl/Qt/QtMCUs/2.8.0/src/core/animation.cpp:1302:6:doTick	40	static
/home/stvsl/Qt/QtMCUs/2.8.0/src/core/animation.cpp:1331:6:doStart	24	static
/home/stvsl/Qt/QtMCUs/2.8.0/src/core/animation.cpp:1302:6:doTick	32	static
/home/stvsl/Qt/QtMCUs/2.8.0/src/core/application.cpp:1199:6:repaintDirtyRegionsForLowRefreshIntervalItemLayer	40	static
/home/stvsl/Qt/QtMCUs/2.8.0/src/core/application.cpp:1309:6:repaintDirtyRegionsForHighRefreshIntervalItemLayer	40	static
/home/stvsl/Qt/QtMCUs/2.8.0/include/qul/private/layers/layers.h:300:8:__dt_base 	16	static
/home/stvsl/Qt/QtMCUs/2.8.0/src/core/application.cpp:638:26:__tcf_2	16	static
/home/stvsl/Qt/QtMCUs/2.8.0/include/qul/private/layers/layers.h:300:8:__dt_del 	16	static
/home/stvsl/Qt/QtMCUs/2.8.0/src/core/application.cpp:901:13:allocateEachScreen	128	static
/home/stvsl/Qt/QtMCUs/2.8.0/src/core/application.cpp:923:6:setRootItem	48	static
