/home/stvsl/Qt/QtMCUs/2.7.0/src/graphics/resourcecache.cpp:163:22:find	0	static
/home/stvsl/Qt/QtMCUs/2.7.0/src/graphics/resourcecache.cpp:317:6:push_back	0	static
/home/stvsl/Qt/QtMCUs/2.7.0/include/qul/private/rendertree.h:321:17:isOpaque	0	static
/home/stvsl/Qt/QtMCUs/2.7.0/src/graphics/rendertree.cpp:1166:12:align	0	static
/home/stvsl/Qt/QtMCUs/2.7.0/src/graphics/rendertree.cpp:1235:11:getNodeOffset	0	static
/home/stvsl/Qt/QtMCUs/2.7.0/src/graphics/rendertree.cpp:1235:11:getNodeOffset	0	static
/home/stvsl/Qt/QtMCUs/2.7.0/src/graphics/rendertree.cpp:1235:11:getNodeOffset	0	static
/home/stvsl/Qt/QtMCUs/2.7.0/src/graphics/rendertree.cpp:1235:11:getNodeOffset	0	static
/home/stvsl/Qt/QtMCUs/2.7.0/src/graphics/rendertree.cpp:1235:11:getNodeOffset	0	static
/home/stvsl/Qt/QtMCUs/2.7.0/src/graphics/rendertree.cpp:1235:11:getNodeOffset	0	static
/home/stvsl/Qt/QtMCUs/2.7.0/src/graphics/rendertree.cpp:1235:11:getNodeOffset	0	static
/home/stvsl/Qt/QtMCUs/2.7.0/src/graphics/rendertree.cpp:1235:11:getNodeOffset	0	static
/home/stvsl/Qt/QtMCUs/2.7.0/src/graphics/rendertree.cpp:1235:11:getNodeOffset	0	static
/home/stvsl/Qt/QtMCUs/2.7.0/src/graphics/rendertree.cpp:1235:11:getNodeOffset	0	static
/home/stvsl/Qt/QtMCUs/2.7.0/src/graphics/rendertree.cpp:1235:11:getNodeOffset	0	static
/home/stvsl/Qt/QtMCUs/2.7.0/src/graphics/rendertree.cpp:1235:11:getNodeOffset	0	static
/home/stvsl/Qt/QtMCUs/2.7.0/src/graphics/rendertree.cpp:1235:11:getNodeOffset	0	static
/home/stvsl/Qt/QtMCUs/2.7.0/src/graphics/rendertree.cpp:1235:11:getNodeOffset	0	static
/home/stvsl/Qt/QtMCUs/2.7.0/src/graphics/rendertree.cpp:1235:11:getNodeOffset	0	static
/home/stvsl/.mcuxpressotools/arm-gnu-toolchain-12.3.rel1-x86_64-arm-none-eabi/arm-none-eabi/include/c++/12.3.1/bits/alloc_traits.h:832:5:_Destroy	0	static
/home/stvsl/.mcuxpressotools/arm-gnu-toolchain-12.3.rel1-x86_64-arm-none-eabi/arm-none-eabi/include/c++/12.3.1/bits/stl_uninitialized.h:344:5:__uninitialized_copy_a	0	static
/home/stvsl/.mcuxpressotools/arm-gnu-toolchain-12.3.rel1-x86_64-arm-none-eabi/arm-none-eabi/include/c++/12.3.1/bits/stl_uninitialized.h:344:5:__uninitialized_copy_a	0	static
/home/stvsl/.mcuxpressotools/arm-gnu-toolchain-12.3.rel1-x86_64-arm-none-eabi/arm-none-eabi/include/c++/12.3.1/bits/stl_iterator.h:1353:5:__niter_base	0	static
/home/stvsl/.mcuxpressotools/arm-gnu-toolchain-12.3.rel1-x86_64-arm-none-eabi/arm-none-eabi/include/c++/12.3.1/bits/stl_iterator.h:1353:5:__niter_base	0	static
/home/stvsl/.mcuxpressotools/arm-gnu-toolchain-12.3.rel1-x86_64-arm-none-eabi/arm-none-eabi/include/c++/12.3.1/bits/stl_algobase.h:328:5:__niter_wrap	16	static
/home/stvsl/Qt/QtMCUs/2.7.0/src/graphics/rendertree.cpp:1436:1:__static_initialization_and_destruction_0	0	static
/home/stvsl/Qt/QtMCUs/2.7.0/src/graphics/drawhelper.h:771:26:storePixel	4	static
/home/stvsl/Qt/QtMCUs/2.7.0/src/graphics/textcache.cpp:161:13:areOffsetsAligned	0	static
/home/stvsl/Qt/QtMCUs/2.7.0/src/graphics/textcache.cpp:166:13:blend_bitwise_or	0	static
/home/stvsl/Qt/QtMCUs/2.7.0/src/graphics/textcache.cpp:301:6:cleanup	0	static
/home/stvsl/Qt/QtMCUs/2.7.0/src/graphics/textcache.cpp:310:6:cleanup	8	static
/home/stvsl/Qt/QtMCUs/2.7.0/include/qul/private/textcache.h:45:8:__dt_base 	8	static
/home/stvsl/Qt/QtMCUs/2.7.0/src/graphics/textcache.cpp:378:8:textCacheSizeMax	0	static
/home/stvsl/Qt/QtMCUs/2.7.0/src/graphics/textcache.cpp:458:8:usedTextCacheSize	0	static
/home/stvsl/Qt/QtMCUs/2.7.0/src/graphics/textcache.cpp:141:13:blendPixels	24	static
/home/stvsl/.mcuxpressotools/arm-gnu-toolchain-12.3.rel1-x86_64-arm-none-eabi/arm-none-eabi/include/c++/12.3.1/bits/stl_vector.h:1228:7:back	0	static
/home/stvsl/.mcuxpressotools/arm-gnu-toolchain-12.3.rel1-x86_64-arm-none-eabi/arm-none-eabi/include/c++/12.3.1/bits/stl_vector.h:1228:7:back	0	static
/home/stvsl/.mcuxpressotools/arm-gnu-toolchain-12.3.rel1-x86_64-arm-none-eabi/arm-none-eabi/include/c++/12.3.1/bits/stl_uninitialized.h:344:5:__uninitialized_copy_a	0	static
/home/stvsl/.mcuxpressotools/arm-gnu-toolchain-12.3.rel1-x86_64-arm-none-eabi/arm-none-eabi/include/c++/12.3.1/bits/stl_uninitialized.h:391:5:__uninitialized_move_if_noexcept_a	8	static
/home/stvsl/Qt/QtMCUs/2.7.0/include/qul/private/text/fontengine.h:118:24:rightBearing	0	static
/home/stvsl/Qt/QtMCUs/2.7.0/include/qul/private/global.h:210:29:qAbs	0	static
/home/stvsl/Qt/QtMCUs/2.7.0/src/text/textlayout.cpp:108:13:calculateLineOffset	0	static
/home/stvsl/Qt/QtMCUs/2.7.0/src/text/textlayout.cpp:258:5:attributes	0	static
/home/stvsl/Qt/QtMCUs/2.7.0/src/text/textlayout.cpp:289:5:advance	0	static
/home/stvsl/Qt/QtMCUs/2.7.0/src/text/textlayout.cpp:329:6:hasNext	0	static
/home/stvsl/Qt/QtMCUs/2.7.0/src/graphics/graphicsdevice.cpp:498:7:opacityThreshold	8	static
/home/stvsl/Qt/QtMCUs/2.7.0/src/graphics/graphicsdevice.cpp:505:6:blend	160	static
/home/stvsl/Qt/QtMCUs/2.7.0/src/graphics/graphicsdevice.cpp:540:6:blendPath	80	static
/home/stvsl/Qt/QtMCUs/2.7.0/include/platforminterface/allocator.h:159:13:qul_delete	8	static
/home/stvsl/Qt/QtMCUs/2.7.0/src/graphics/textcache.cpp:318:6:free	16	static
/home/stvsl/Qt/QtMCUs/2.7.0/include/platforminterface/allocator.h:103:11:qul_new	8	static
/home/stvsl/Qt/QtMCUs/2.7.0/src/graphics/rendertree.cpp:52:30:prepareTransformWithDisplayRotation	96	static
/home/stvsl/Qt/QtMCUs/2.7.0/src/graphics/rendertree.cpp:1005:23:renderCustomNode	48	static
/home/stvsl/Qt/QtMCUs/2.7.0/src/graphics/rendertree.cpp:577:14:getZValue	8	static
/home/stvsl/Qt/QtMCUs/2.7.0/src/graphics/layermanager.cpp:42:6:fillBasicProperties	16	static
/home/stvsl/Qt/QtMCUs/2.7.0/include/qul/property.h:685:14:value	24	static
/home/stvsl/Qt/QtMCUs/2.7.0/include/qul/property.h:685:14:value	24	static
/home/stvsl/Qt/QtMCUs/2.7.0/include/qul/property.h:685:14:value	24	static
/home/stvsl/Qt/QtMCUs/2.7.0/include/qul/property.h:685:14:value	24	static
/home/stvsl/.mcuxpressotools/arm-gnu-toolchain-12.3.rel1-x86_64-arm-none-eabi/arm-none-eabi/include/c++/12.3.1/bits/stl_algobase.h:611:5:copy	16	static
/home/stvsl/.mcuxpressotools/arm-gnu-toolchain-12.3.rel1-x86_64-arm-none-eabi/arm-none-eabi/include/c++/12.3.1/bits/stl_algobase.h:527:5:__copy_move_a	24	static
/home/stvsl/.mcuxpressotools/arm-gnu-toolchain-12.3.rel1-x86_64-arm-none-eabi/arm-none-eabi/include/c++/12.3.1/bits/stl_algobase.h:611:5:copy	8	static
/home/stvsl/.mcuxpressotools/arm-gnu-toolchain-12.3.rel1-x86_64-arm-none-eabi/arm-none-eabi/include/c++/12.3.1/bits/vector.tcc:439:7:_M_realloc_insert	40	static
/home/stvsl/.mcuxpressotools/arm-gnu-toolchain-12.3.rel1-x86_64-arm-none-eabi/arm-none-eabi/include/c++/12.3.1/bits/vector.tcc:111:7:emplace_back	8	static
/home/stvsl/Qt/QtMCUs/2.7.0/src/graphics/textcache.cpp:50:10:appendPoint	24	static
/home/stvsl/.mcuxpressotools/arm-gnu-toolchain-12.3.rel1-x86_64-arm-none-eabi/arm-none-eabi/include/c++/12.3.1/bits/stl_vector.h:1891:7:_M_check_len	24	static
/home/stvsl/Qt/QtMCUs/2.7.0/src/text/textlayout.cpp:55:6:paragraphChangedCallback	16	static
/home/stvsl/Qt/QtMCUs/2.7.0/src/text/textlayout.cpp:93:6:setupElideHandler	24	static
/home/stvsl/Qt/QtMCUs/2.7.0/src/text/textlayout.cpp:139:6:hasNext	8	static
/home/stvsl/Qt/QtMCUs/2.7.0/include/qul/private/text/texthtmlparser.h:56:8:operator=	24	static
/home/stvsl/Qt/QtMCUs/2.7.0/include/qul/private/text/paragraph.h:44:8:operator=	24	static
/home/stvsl/Qt/QtMCUs/2.7.0/src/graphics/textcache.cpp:293:1:__ct_base 	16	static
/home/stvsl/.mcuxpressotools/arm-gnu-toolchain-12.3.rel1-x86_64-arm-none-eabi/arm-none-eabi/include/c++/12.3.1/bits/alloc_traits.h:832:5:_Destroy	0	static
/home/stvsl/.mcuxpressotools/arm-gnu-toolchain-12.3.rel1-x86_64-arm-none-eabi/arm-none-eabi/include/c++/12.3.1/bits/stl_vector.h:728:7:__dt_base 	8	static
/home/stvsl/Qt/QtMCUs/2.7.0/src/graphics/resourcecache.cpp:38:8:textureDataSize	0	static
/home/stvsl/Qt/QtMCUs/2.7.0/src/graphics/resourcecache.cpp:210:5:index	0	static
/home/stvsl/Qt/QtMCUs/2.7.0/src/graphics/rendertree.cpp:452:1:__ct_base 	0	static
/home/stvsl/Qt/QtMCUs/2.7.0/src/graphics/rendertree.cpp:1239:18:item	8	static
/home/stvsl/Qt/QtMCUs/2.7.0/src/graphics/rendertree.cpp:1179:23:computeTilingInfo	48	static
/home/stvsl/Qt/QtMCUs/2.7.0/src/graphics/rendertree.cpp:1319:23:getTransform	8	static
/home/stvsl/Qt/QtMCUs/2.7.0/src/graphics/rendertree.cpp:1334:23:getTransform	8	static
/home/stvsl/Qt/QtMCUs/2.7.0/src/graphics/rendertree.cpp:1126:23:renderPaintedItemNode	176	static
/home/stvsl/Qt/QtMCUs/2.7.0/src/graphics/rendertree.cpp:1344:23:getTransform	8	static
/home/stvsl/Qt/QtMCUs/2.7.0/src/graphics/layermanager.cpp:49:34:getItemLayerProperties	40	static
/home/stvsl/Qt/QtMCUs/2.7.0/src/graphics/layermanager.cpp:64:35:getImageLayerProperties	32	static
/home/stvsl/Qt/QtMCUs/2.7.0/src/graphics/layermanager.cpp:77:36:getSpriteLayerProperties	40	static
/home/stvsl/Qt/QtMCUs/2.7.0/src/graphics/layermanager.cpp:90:18:getParentNode	8	static
/home/stvsl/Qt/QtMCUs/2.7.0/src/graphics/layermanager.cpp:102:27:getParentLayer	8	static
/home/stvsl/Qt/QtMCUs/2.7.0/src/graphics/rendertree.cpp:1436:1:_GLOBAL__sub_I__ZN3Qul7Private35prepareTransformWithDisplayRotationEPKNS0_5Items13TransformBaseE	8	static
/home/stvsl/Qt/QtMCUs/2.7.0/src/graphics/rendertree.cpp:1436:1:_GLOBAL__sub_D__ZN3Qul7Private35prepareTransformWithDisplayRotationEPKNS0_5Items13TransformBaseE	8	static
/home/stvsl/Qt/QtMCUs/2.7.0/src/graphics/layermanager.cpp:112:6:update	104	static
/home/stvsl/Qt/QtMCUs/2.7.0/src/graphics/textcache.cpp:368:6:isTextCacheEnabled	0	static
/home/stvsl/.mcuxpressotools/arm-gnu-toolchain-12.3.rel1-x86_64-arm-none-eabi/arm-none-eabi/include/c++/12.3.1/bits/alloc_traits.h:832:5:_Destroy	0	static
/home/stvsl/.mcuxpressotools/arm-gnu-toolchain-12.3.rel1-x86_64-arm-none-eabi/arm-none-eabi/include/c++/12.3.1/bits/stl_vector.h:728:7:__dt_base 	8	static
/home/stvsl/Qt/QtMCUs/2.7.0/src/graphics/texturedecompressor.cpp:33:8:getDecompressedBits	16	static
/home/stvsl/Qt/QtMCUs/2.7.0/include/qul/private/text/fontengine.h:132:24:negativeRightBearing	24	static
/home/stvsl/Qt/QtMCUs/2.7.0/src/text/textlayout.cpp:296:5:negativeRightBearing	80	static
/home/stvsl/Qt/QtMCUs/2.7.0/include/qul/private/text/glyph.h:245:7:operator=	12	static
/home/stvsl/Qt/QtMCUs/2.7.0/include/qul/private/text/glyph.h:245:7:__ct_base 	12	static
/home/stvsl/Qt/QtMCUs/2.7.0/src/graphics/graphicsdevice.cpp:457:6:blendTransformed	136	static
/home/stvsl/Qt/QtMCUs/2.7.0/src/graphics/resourcecache.cpp:182:16:instance	16	static
/home/stvsl/Qt/QtMCUs/2.7.0/src/graphics/resourcecache.cpp:201:8:cacheLimit	16	static
/home/stvsl/Qt/QtMCUs/2.7.0/include/qul/private/array.h:117:15:append	24	static
/home/stvsl/Qt/QtMCUs/2.7.0/src/graphics/rendertree.cpp:105:9:alloc	24	static
/home/stvsl/Qt/QtMCUs/2.7.0/include/qul/private/flagpointer.h:295:17:operator=	24	static
/home/stvsl/Qt/QtMCUs/2.7.0/include/qul/private/array.h:135:14:at	24	static
/home/stvsl/Qt/QtMCUs/2.7.0/src/graphics/rendertree.cpp:160:10:splitNode	32	static
/home/stvsl/Qt/QtMCUs/2.7.0/src/graphics/rendertree.cpp:116:10:insertRecursive	56	static
/home/stvsl/Qt/QtMCUs/2.7.0/src/graphics/rendertree.cpp:213:10:insertOpaqueRenderNode	32	static
/home/stvsl/Qt/QtMCUs/2.7.0/include/platforminterface/allocator.h:67:8:allocate	24	static
/home/stvsl/.mcuxpressotools/arm-gnu-toolchain-12.3.rel1-x86_64-arm-none-eabi/arm-none-eabi/include/c++/12.3.1/bits/stl_vector.h:1611:2:_M_allocate_and_copy	24	static
/home/stvsl/.mcuxpressotools/arm-gnu-toolchain-12.3.rel1-x86_64-arm-none-eabi/arm-none-eabi/include/c++/12.3.1/bits/vector.tcc:204:5:operator=	24	static
/home/stvsl/Qt/QtMCUs/2.7.0/include/platforminterface/drawingengine.h:58:7:operator=	16	static
/home/stvsl/.mcuxpressotools/arm-gnu-toolchain-12.3.rel1-x86_64-arm-none-eabi/arm-none-eabi/include/c++/12.3.1/bits/stl_vector.h:393:7:_M_create_storage	16	static
/home/stvsl/.mcuxpressotools/arm-gnu-toolchain-12.3.rel1-x86_64-arm-none-eabi/arm-none-eabi/include/c++/12.3.1/bits/stl_vector.h:596:7:__ct_base 	16	static
/home/stvsl/Qt/QtMCUs/2.7.0/include/platforminterface/drawingengine.h:58:7:__ct_base 	16	static
/home/stvsl/Qt/QtMCUs/2.7.0/include/platforminterface/drawingengine.h:77:7:__ct_base 	16	static
/home/stvsl/Qt/QtMCUs/2.7.0/include/qul/private/alphamap.h:115:41:dataAtOffset	32	static
/home/stvsl/Qt/QtMCUs/2.7.0/src/graphics/textcache.cpp:150:16:getOffsets	24	static
/home/stvsl/Qt/QtMCUs/2.7.0/src/graphics/drawhelper.h:720:26:fetchPixel	24	static
/home/stvsl/Qt/QtMCUs/2.7.0/src/graphics/drawhelper.h:794:26:storePixel	24	static
/home/stvsl/Qt/QtMCUs/2.7.0/src/graphics/textcache.cpp:141:13:blendPixels	32	static
/home/stvsl/Qt/QtMCUs/2.7.0/src/graphics/textcache.cpp:177:6:blendToAlphaMap	128	static
/home/stvsl/Qt/QtMCUs/2.7.0/include/platforminterface/allocator.h:67:8:allocate	24	static
/home/stvsl/.mcuxpressotools/arm-gnu-toolchain-12.3.rel1-x86_64-arm-none-eabi/arm-none-eabi/include/c++/12.3.1/bits/vector.tcc:439:7:_M_realloc_insert	40	static
/home/stvsl/.mcuxpressotools/arm-gnu-toolchain-12.3.rel1-x86_64-arm-none-eabi/arm-none-eabi/include/c++/12.3.1/bits/vector.tcc:111:7:emplace_back	8	static
/home/stvsl/Qt/QtMCUs/2.7.0/src/graphics/textcache.cpp:57:6:appendToPath	512	static
/home/stvsl/Qt/QtMCUs/2.7.0/include/qul/private/text/glyph.h:176:29:boundingBox	16	static
/home/stvsl/Qt/QtMCUs/2.7.0/include/qul/private/text/glyph.h:181:25:fontMetrics	16	static
/home/stvsl/Qt/QtMCUs/2.7.0/include/qul/private/text/glyph.h:186:25:advanceForGlyph	16	static
/home/stvsl/Qt/QtMCUs/2.7.0/include/qul/private/text/glyph.h:191:25:kerning	16	static
/home/stvsl/Qt/QtMCUs/2.7.0/include/qul/private/text/glyph.h:196:21:fontIndex	16	static
/home/stvsl/Qt/QtMCUs/2.7.0/include/qul/private/text/glyph.h:201:33:inlineImage	16	static
/home/stvsl/Qt/QtMCUs/2.7.0/src/text/textlayout.cpp:124:16:paragraph	16	static
/home/stvsl/Qt/QtMCUs/2.7.0/src/text/textlayout.cpp:130:18:currentParagraphAlignment	8	static
/home/stvsl/Qt/QtMCUs/2.7.0/include/qul/private/optional.h:71:8:operator*	16	static
/home/stvsl/Qt/QtMCUs/2.7.0/src/text/textlayout.cpp:246:18:currentParagraphAlignment	8	static
/home/stvsl/Qt/QtMCUs/2.7.0/src/graphics/resourcecache.cpp:71:6:deleteNode	16	static
/home/stvsl/Qt/QtMCUs/2.7.0/src/graphics/resourcecache.cpp:285:6:remove	16	static
/home/stvsl/Qt/QtMCUs/2.7.0/src/graphics/resourcecache.cpp:174:6:remove	8	static
/home/stvsl/Qt/QtMCUs/2.7.0/src/graphics/resourcecache.cpp:268:6:removeOldest	8	static
/home/stvsl/Qt/QtMCUs/2.7.0/src/graphics/resourcecache.cpp:43:22:createNode	8	static
/home/stvsl/Qt/QtMCUs/2.7.0/src/graphics/resourcecache.cpp:227:22:cache	56	static
/home/stvsl/Qt/QtMCUs/2.7.0/src/graphics/resourcecache.cpp:152:22:get	16	static
/home/stvsl/Qt/QtMCUs/2.7.0/src/graphics/textcache.cpp:278:6:canBeFreed	32	static
/home/stvsl/Qt/QtMCUs/2.7.0/src/graphics/textcache.cpp:343:6:cleanupPendingEntries	24	static
/home/stvsl/Qt/QtMCUs/2.7.0/include/qul/private/text/textwraphandler.h:41:7:__dt_base 	8	static
/home/stvsl/Qt/QtMCUs/2.7.0/include/qul/private/text/textlayout.h:47:7:__dt_base 	8	static
/home/stvsl/Qt/QtMCUs/2.7.0/src/graphics/rendertree.cpp:277:6:blendImage	344	static
/home/stvsl/Qt/QtMCUs/2.7.0/src/graphics/rendertree.cpp:904:23:renderAnimatedSpriteNode	72	static
/home/stvsl/Qt/QtMCUs/2.7.0/include/qul/private/text/paragraph.h:44:8:__dt_base 	16	static
/home/stvsl/Qt/QtMCUs/2.7.0/src/graphics/rendertree.cpp:1307:21:getRasterBuffer	16	static
/home/stvsl/Qt/QtMCUs/2.7.0/src/graphics/rendertree.cpp:794:23:renderImageNode	392	static
/home/stvsl/Qt/QtMCUs/2.7.0/src/graphics/rendertree.cpp:1300:6:isOpaque	8	static
/home/stvsl/Qt/QtMCUs/2.7.0/src/graphics/rendertree.cpp:319:13:computeOpaqueRegions	80	static
/home/stvsl/Qt/QtMCUs/2.7.0/src/text/textlayout.cpp:152:6:preCheckElideConditons	1480	static
/home/stvsl/Qt/QtMCUs/2.7.0/src/text/textlayout.cpp:232:1:__ct_base 	16	static
/home/stvsl/Qt/QtMCUs/2.7.0/src/text/textlayout.cpp:265:6:handleParagraphChanges	1120	static
/home/stvsl/Qt/QtMCUs/2.7.0/src/graphics/graphicsdevice.cpp:731:6:blendToGraphicsDevice	152	static
/home/stvsl/Qt/QtMCUs/2.7.0/src/graphics/graphicsdevice.cpp:752:6:blendToGraphicsDeviceWithTransform	152	static
/home/stvsl/Qt/QtMCUs/2.7.0/src/graphics/rendertree.cpp:1349:1:__ct_base 	64	static
/home/stvsl/Qt/QtMCUs/2.7.0/include/platforminterface/allocator.h:103:11:qul_new	16	static
/home/stvsl/Qt/QtMCUs/2.7.0/src/graphics/rendertree.cpp:1371:1:__ct_base 	72	static
/home/stvsl/Qt/QtMCUs/2.7.0/include/platforminterface/allocator.h:103:11:qul_new	16	static
/home/stvsl/Qt/QtMCUs/2.7.0/src/graphics/rendertree.cpp:735:23:renderRectangleNode	312	static
/home/stvsl/Qt/QtMCUs/2.7.0/include/qul/private/text/glyph.h:98:5:__ct_base 	16	static
/home/stvsl/Qt/QtMCUs/2.7.0/src/text/textlayout.cpp:274:11:glyphInfo	40	static
/home/stvsl/Qt/QtMCUs/2.7.0/src/text/textlayout.cpp:311:13:calculateCurrentLinesWidth	64	static
/home/stvsl/Qt/QtMCUs/2.7.0/src/text/textlayout.cpp:144:6:preChecks	312	static
/home/stvsl/Qt/QtMCUs/2.7.0/src/text/textlayout.cpp:167:11:next	72	static
/home/stvsl/Qt/QtMCUs/2.7.0/src/text/textlayout.cpp:66:1:__ct_base 	336	static
/home/stvsl/Qt/QtMCUs/2.7.0/src/graphics/graphicsdevice.cpp:564:6:doTextLayout_helper	1848	static
/home/stvsl/Qt/QtMCUs/2.7.0/src/graphics/graphicsdevice.cpp:670:6:doTextLayout	1336	static
/home/stvsl/Qt/QtMCUs/2.7.0/src/graphics/graphicsdevice.cpp:772:6:drawText	40	static
/home/stvsl/Qt/QtMCUs/2.7.0/src/graphics/graphicsdevice.cpp:780:6:drawText	48	static
/home/stvsl/Qt/QtMCUs/2.7.0/src/graphics/textcache.cpp:463:6:cacheText	344	static
/home/stvsl/Qt/QtMCUs/2.7.0/src/graphics/rendertree.cpp:1143:6:updateCache	16	static
/home/stvsl/Qt/QtMCUs/2.7.0/src/graphics/rendertree.cpp:1018:23:renderTextNode	480	static
/home/stvsl/Qt/QtMCUs/2.7.0/src/text/textlayout.cpp:198:21:inlineImage	88	static
/home/stvsl/Qt/QtMCUs/2.7.0/src/text/textlayout.cpp:334:6:registerImageForParagraph	64	static
/home/stvsl/Qt/QtMCUs/2.7.0/src/text/textlayout.cpp:352:11:next	48	static
/home/stvsl/Qt/QtMCUs/2.7.0/src/graphics/rendertree.cpp:933:23:renderStaticTextNode	1520	static
/home/stvsl/Qt/QtMCUs/2.7.0/src/graphics/rendertree.cpp:510:10:operator()	64	static
/home/stvsl/Qt/QtMCUs/2.7.0/src/graphics/rendertree.cpp:225:10:visit	48	static
/home/stvsl/Qt/QtMCUs/2.7.0/src/graphics/rendertree.cpp:582:6:render	136	static
/home/stvsl/Qt/QtMCUs/2.7.0/src/graphics/rendertree.cpp:460:6:render	112	static
/home/stvsl/Qt/QtMCUs/2.7.0/src/graphics/rendertree.cpp:663:6:render	144	static
