/home/stvsl/Qt/QtMCUs/2.7.0/src/3rdparty/lodepng/lodepng.cpp:2348:6:lodepng_decompress_settings_init	0	static
/home/stvsl/Qt/QtMCUs/2.7.0/src/3rdparty/lodepng/lodepng.cpp:2708:22:readBitFromReversedStream	0	static
/home/stvsl/Qt/QtMCUs/2.7.0/src/3rdparty/lodepng/lodepng.cpp:2715:17:readBitsFromReversedStream	24	static
/home/stvsl/Qt/QtMCUs/2.7.0/src/3rdparty/lodepng/lodepng.cpp:2725:13:setBitOfReversedStream	4	static
/home/stvsl/Qt/QtMCUs/2.7.0/src/3rdparty/lodepng/lodepng.cpp:2751:15:lodepng_chunk_ancillary	0	static
/home/stvsl/Qt/QtMCUs/2.7.0/src/3rdparty/lodepng/lodepng.cpp:2767:22:lodepng_chunk_data_const	0	static
/home/stvsl/Qt/QtMCUs/2.7.0/src/3rdparty/lodepng/lodepng.cpp:2771:10:lodepng_chunk_check_crc	0	static
/home/stvsl/Qt/QtMCUs/2.7.0/src/3rdparty/lodepng/lodepng.cpp:2920:17:checkColorValidity	0	static
/home/stvsl/Qt/QtMCUs/2.7.0/src/3rdparty/lodepng/lodepng.cpp:2933:17:getNumColorChannels	0	static
/home/stvsl/Qt/QtMCUs/2.7.0/src/3rdparty/lodepng/lodepng.cpp:2945:17:lodepng_get_bpp_lct	8	static
/home/stvsl/Qt/QtMCUs/2.7.0/src/3rdparty/lodepng/lodepng.cpp:2952:6:lodepng_color_mode_init	0	static
/home/stvsl/Qt/QtMCUs/2.7.0/src/3rdparty/lodepng/lodepng.cpp:3002:12:lodepng_color_mode_equal	4	static
/home/stvsl/Qt/QtMCUs/2.7.0/src/3rdparty/lodepng/lodepng.cpp:3043:10:lodepng_get_bpp	8	static
/home/stvsl/Qt/QtMCUs/2.7.0/src/3rdparty/lodepng/lodepng.cpp:3077:15:lodepng_get_raw_size_lct	16	static
/home/stvsl/Qt/QtMCUs/2.7.0/src/3rdparty/lodepng/lodepng.cpp:3083:8:lodepng_get_raw_size	8	static
/home/stvsl/Qt/QtMCUs/2.7.0/src/3rdparty/lodepng/lodepng.cpp:3093:15:lodepng_get_raw_size_idat	0	static
/home/stvsl/Qt/QtMCUs/2.7.0/src/3rdparty/lodepng/lodepng.cpp:3380:13:addColorBits	4	static
/home/stvsl/Qt/QtMCUs/2.7.0/src/3rdparty/lodepng/lodepng.cpp:3419:12:color_tree_get	12	static
/home/stvsl/Qt/QtMCUs/2.7.0/src/3rdparty/lodepng/lodepng.cpp:3455:17:rgba8ToPixel	32	static
/home/stvsl/Qt/QtMCUs/2.7.0/src/3rdparty/lodepng/lodepng.cpp:3509:13:rgba16ToPixel	12	static
/home/stvsl/Qt/QtMCUs/2.7.0/src/3rdparty/lodepng/lodepng.cpp:3542:13:getPixelColorRGBA8	40	static
/home/stvsl/Qt/QtMCUs/2.7.0/src/3rdparty/lodepng/lodepng.cpp:3786:13:getPixelColorRGBA16	28	static
/home/stvsl/Qt/QtMCUs/2.7.0/src/3rdparty/lodepng/lodepng.cpp:4258:22:paethPredictor	4	static
/home/stvsl/Qt/QtMCUs/2.7.0/src/3rdparty/lodepng/lodepng.cpp:4292:13:Adam7_getpassvalues	36	static
/home/stvsl/Qt/QtMCUs/2.7.0/src/3rdparty/lodepng/lodepng.cpp:4422:17:unfilterScanline	152	static
/home/stvsl/Qt/QtMCUs/2.7.0/src/3rdparty/lodepng/lodepng.cpp:4613:17:unfilter	48	static
/home/stvsl/Qt/QtMCUs/2.7.0/src/3rdparty/lodepng/lodepng.cpp:4654:13:Adam7_deinterlace	224	static
/home/stvsl/Qt/QtMCUs/2.7.0/src/3rdparty/lodepng/lodepng.cpp:4694:13:removePaddingBits	40	static
/home/stvsl/Qt/QtMCUs/2.7.0/src/3rdparty/lodepng/lodepng.cpp:4721:17:postProcessScanlines	208	static
/home/stvsl/Qt/QtMCUs/2.7.0/src/3rdparty/lodepng/lodepng.cpp:4784:17:readChunk_tRNS	8	static
/home/stvsl/Qt/QtMCUs/2.7.0/src/3rdparty/lodepng/lodepng.cpp:5524:6:lodepng_decoder_settings_init	8	static
/home/stvsl/Qt/QtMCUs/2.7.0/src/3rdparty/lodepng/lodepng.cpp:2736:10:lodepng_chunk_length	8	static
/home/stvsl/Qt/QtMCUs/2.7.0/src/3rdparty/lodepng/lodepng.cpp:2746:15:lodepng_chunk_type_equals	16	static
/home/stvsl/Qt/QtMCUs/2.7.0/src/3rdparty/lodepng/lodepng.cpp:2814:22:lodepng_chunk_next_const	24	static
/home/stvsl/Qt/QtMCUs/2.7.0/src/3rdparty/lodepng/lodepng.cpp:2962:13:lodepng_color_mode_alloc_palette	16	static
/home/stvsl/Qt/QtMCUs/2.7.0/src/3rdparty/lodepng/lodepng.cpp:4764:17:readChunk_PLTE	16	static
/home/stvsl/Qt/QtMCUs/2.7.0/src/3rdparty/lodepng/lodepng.cpp:3616:13:getPixelColorsRGBA8	40	static
/home/stvsl/Qt/QtMCUs/2.7.0/src/3rdparty/lodepng/lodepng.cpp:3712:13:getPixelColorsRGB8	40	static
/home/stvsl/Qt/QtMCUs/2.7.0/src/3rdparty/lodepng/lodepng.cpp:3019:6:lodepng_palette_clear	8	static
/home/stvsl/Qt/QtMCUs/2.7.0/src/3rdparty/lodepng/lodepng.cpp:2979:6:lodepng_color_mode_cleanup	8	static
/home/stvsl/Qt/QtMCUs/2.7.0/src/3rdparty/lodepng/lodepng.cpp:2983:10:lodepng_color_mode_copy	16	static
/home/stvsl/Qt/QtMCUs/2.7.0/src/3rdparty/lodepng/lodepng.cpp:3346:6:lodepng_info_cleanup	8	static
/home/stvsl/Qt/QtMCUs/2.7.0/src/3rdparty/lodepng/lodepng.cpp:5554:6:lodepng_state_cleanup	8	static
/home/stvsl/Qt/QtMCUs/2.7.0/src/3rdparty/lodepng/lodepng.cpp:3408:13:color_tree_cleanup	16	static
/home/stvsl/Qt/QtMCUs/2.7.0/src/3rdparty/lodepng/lodepng.cpp:3109:12:lodepng_pixel_overflow	40	static
/home/stvsl/Qt/QtMCUs/2.7.0/src/3rdparty/lodepng/lodepng.cpp:3403:13:color_tree_init	8	static
/home/stvsl/Qt/QtMCUs/2.7.0/src/3rdparty/lodepng/lodepng.cpp:3438:17:color_tree_add	32	static
/home/stvsl/Qt/QtMCUs/2.7.0/src/3rdparty/lodepng/lodepng.cpp:3812:10:lodepng_convert	144	static
/home/stvsl/Qt/QtMCUs/2.7.0/src/3rdparty/lodepng/lodepng.cpp:3317:6:lodepng_info_init	8	static
/home/stvsl/Qt/QtMCUs/2.7.0/src/3rdparty/lodepng/lodepng.cpp:5542:6:lodepng_state_init	8	static
/home/stvsl/Qt/QtMCUs/2.7.0/src/3rdparty/lodepng/lodepng.cpp:4324:10:lodepng_inspect	16	static
/home/stvsl/Qt/QtMCUs/2.7.0/src/3rdparty/lodepng/lodepng.cpp:5215:13:decodeGeneric	96	static
/home/stvsl/Qt/QtMCUs/2.7.0/src/3rdparty/lodepng/lodepng.cpp:5427:10:lodepng_decode	48	static
/home/stvsl/Qt/QtMCUs/2.7.0/src/3rdparty/lodepng/lodepng.cpp:5473:10:lodepng_decode_memory	152	static
<built-in>:_sub_I_65535_0	8	static
<built-in>:_sub_D_65535_1	8	static
