/home/stvsl/Qt/QtMCUs/2.7.1/src/graphics/compositionfunctions.cpp:38:19:comp_func_SourceOver	20	static
/home/stvsl/Qt/QtMCUs/2.7.1/src/graphics/blendtransformed.cpp:147:16:interpolate	56	static
/home/stvsl/Qt/QtMCUs/2.7.1/src/graphics/drawhelper.h:1219:19:fetchRotationAndShear	16520	static
/home/stvsl/Qt/QtMCUs/2.7.1/src/graphics/blendtransformed.cpp:147:16:interpolate	56	static
/home/stvsl/Qt/QtMCUs/2.7.1/src/graphics/blendtransformed.cpp:147:16:interpolate	56	static
/home/stvsl/Qt/QtMCUs/2.7.1/src/graphics/drawhelper.h:688:26:fetchPixel	0	static
/home/stvsl/Qt/QtMCUs/2.7.1/src/graphics/drawhelper.h:701:26:fetchPixel	0	static
/home/stvsl/Qt/QtMCUs/2.7.1/src/graphics/drawhelper.h:714:26:fetchPixel	0	static
/home/stvsl/Qt/QtMCUs/2.7.1/src/graphics/drawhelper.h:727:26:fetchPixel	0	static
/home/stvsl/Qt/QtMCUs/2.7.1/src/graphics/drawhelper.h:733:26:fetchPixel	0	static
/home/stvsl/Qt/QtMCUs/2.7.1/src/graphics/drawhelper.h:739:26:fetchPixel	0	static
/home/stvsl/Qt/QtMCUs/2.7.1/src/graphics/drawhelper.cpp:52:26:convertPassThrough	0	static
/home/stvsl/Qt/QtMCUs/2.7.1/src/graphics/drawhelper.cpp:54:26:convertARGB32ToARGB32PM	8	static
/home/stvsl/Qt/QtMCUs/2.7.1/src/graphics/drawhelper.cpp:154:26:storeARGB32FromARGB32PM	20	static
/home/stvsl/Qt/QtMCUs/2.7.1/src/graphics/drawhelper.cpp:161:33:fetchARGB4444PMToARGB32PM	16	static
/home/stvsl/Qt/QtMCUs/2.7.1/src/graphics/drawhelper.cpp:170:33:fetchARGB4444ToARGB32PM	16	static
/home/stvsl/Qt/QtMCUs/2.7.1/src/graphics/drawhelper.cpp:179:26:convertARGB4444PMToARGB32PM	8	static
/home/stvsl/Qt/QtMCUs/2.7.1/src/graphics/drawhelper.cpp:185:26:convertARGB4444ToARGB32PM	8	static
/home/stvsl/Qt/QtMCUs/2.7.1/src/graphics/drawhelper.cpp:191:26:storeARGB4444PMFromARGB32PM	12	static
/home/stvsl/Qt/QtMCUs/2.7.1/src/graphics/drawhelper.cpp:199:26:storeARGB4444FromARGB32PM	24	static
/home/stvsl/Qt/QtMCUs/2.7.1/src/graphics/drawhelper.cpp:218:33:fetchPassThrough	0	static
/home/stvsl/Qt/QtMCUs/2.7.1/src/graphics/drawhelper.cpp:228:33:fetchARGB32ToARGB32PM	16	static
/home/stvsl/Qt/QtMCUs/2.7.1/src/graphics/drawhelper.cpp:133:26:convertToRGB32	0	static
/home/stvsl/Qt/QtMCUs/2.7.1/src/graphics/drawhelper.cpp:235:33:fetchRGBToRGB32	4	static
/home/stvsl/Qt/QtMCUs/2.7.1/src/graphics/drawhelper.h:814:1:storeARGBFromARGB32PM	16	static
/home/stvsl/Qt/QtMCUs/2.7.1/src/graphics/drawhelper.h:814:1:storeARGBFromARGB32PM	4	static
/home/stvsl/Qt/QtMCUs/2.7.1/src/graphics/drawhelper.cpp:133:26:convertToRGB32	12	static
/home/stvsl/Qt/QtMCUs/2.7.1/src/graphics/drawhelper.cpp:235:33:fetchRGBToRGB32	20	static
/home/stvsl/Qt/QtMCUs/2.7.1/src/graphics/drawhelper.h:814:1:storeARGBFromARGB32PM	32	static
/home/stvsl/Qt/QtMCUs/2.7.1/src/graphics/drawhelper.h:814:1:storeARGBFromARGB32PM	28	static
/home/stvsl/Qt/QtMCUs/2.7.1/src/graphics/drawhelper.cpp:133:26:convertToRGB32	8	static
/home/stvsl/Qt/QtMCUs/2.7.1/src/graphics/drawhelper.cpp:235:33:fetchRGBToRGB32	16	static
/home/stvsl/Qt/QtMCUs/2.7.1/src/graphics/drawhelper.h:814:1:storeARGBFromARGB32PM	36	static
/home/stvsl/Qt/QtMCUs/2.7.1/src/graphics/drawhelper.h:814:1:storeARGBFromARGB32PM	32	static
/home/stvsl/Qt/QtMCUs/2.7.1/src/controls/abstractbuttontemplate.cpp:179:6:onAutoRepeatIntervalTriggered	8	static
/home/stvsl/Qt/QtMCUs/2.7.1/src/controls/abstractbuttontemplate.cpp:311:6:buttonChange	0	static
/home/stvsl/Qt/QtMCUs/2.7.1/include/qul/private/slot.h:47:24:call	0	static
/home/stvsl/Qt/QtMCUs/2.7.1/src/graphics/blendtransformed.cpp:34:1:destFetchARGB32P	16	static
/home/stvsl/Qt/QtMCUs/2.7.1/src/graphics/blendtransformed.cpp:56:20:destFetch	32	static
/home/stvsl/Qt/QtMCUs/2.7.1/src/graphics/blendtransformed.cpp:78:19:destStore	32	static
/home/stvsl/Qt/QtMCUs/2.7.1/src/graphics/blendtransformed.cpp:39:20:destFetchRGB16	32	static
/home/stvsl/Qt/QtMCUs/2.7.1/src/graphics/blendtransformed.cpp:48:1:destFetchRGB332	24	static
/home/stvsl/Qt/QtMCUs/2.7.1/src/graphics/blendtransformed.cpp:63:1:destStoreRGB16	24	static
/home/stvsl/Qt/QtMCUs/2.7.1/src/graphics/blendtransformed.cpp:71:1:destStoreRGB332	24	static
/home/stvsl/Qt/QtMCUs/2.7.1/src/graphics/blendtransformed.cpp:234:33:fetchTransformedBilinearInterpolated	4	static
/home/stvsl/Qt/QtMCUs/2.7.1/src/graphics/blendtransformed.cpp:234:33:fetchTransformedBilinearInterpolated	4	static
/home/stvsl/Qt/QtMCUs/2.7.1/src/graphics/blendtransformed.cpp:257:6:blend_spans	16544	static
/home/stvsl/Qt/QtMCUs/2.7.1/src/graphics/drawhelper.h:1261:19:fetchDynamicScale	16520	static
/home/stvsl/Qt/QtMCUs/2.7.1/src/graphics/drawhelper.h:1295:19:fetchDefault	24736	static
/home/stvsl/Qt/QtMCUs/2.7.1/src/graphics/drawhelper.h:1372:1:fetchTransformedBilinear	56	static
/home/stvsl/Qt/QtMCUs/2.7.1/src/graphics/blendtransformed.cpp:241:1:fetchTransformedBilinearARGB32PM	20	static
/home/stvsl/Qt/QtMCUs/2.7.1/src/graphics/drawhelper.cpp:146:26:storePassThrough	0	static
/home/stvsl/Qt/QtMCUs/2.7.1/include/qul/private/propertybinding.h:498:17:callWithSelf	24	static
/home/stvsl/Qt/QtMCUs/2.7.1/include/qul/private/propertybinding.h:498:17:callWithSelf	32	static
/home/stvsl/Qt/QtMCUs/2.7.1/src/graphics/blendhelper.cpp:563:21:emit	32	static
/home/stvsl/Qt/QtMCUs/2.7.1/src/graphics/blendhelper.cpp:563:21:emit	32	static
/home/stvsl/Qt/QtMCUs/2.7.1/src/graphics/drawhelper.cpp:338:13:memfill_template	0	static
/home/stvsl/Qt/QtMCUs/2.7.1/src/graphics/rasterizer.cpp:96:17:intersectPixelFP	24	static
/home/stvsl/Qt/QtMCUs/2.7.1/src/graphics/rle.cpp:30:6:decompressRle	64	static
/home/stvsl/Qt/QtMCUs/2.7.1/src/platforminterface/private/bezier.cpp:157:20:shift	144	static
/home/stvsl/Qt/QtMCUs/2.7.1/src/controls/abstractbuttontemplate.cpp:239:6:autoRepeatControl	32	static
/home/stvsl/Qt/QtMCUs/2.7.1/src/controls/abstractbuttontemplate.cpp:254:6:touchEvent	48	static
/home/stvsl/Qt/QtMCUs/2.7.1/include/qul/private/propertybinding.h:432:17:callMe	32	static
/home/stvsl/Qt/QtMCUs/2.7.1/include/qul/private/propertybinding.h:498:17:callWithSelf	40	static
/home/stvsl/Qt/QtMCUs/2.7.1/src/controls/buttontemplate.cpp:27:1:__ct_base 	8	static
/home/stvsl/Qt/QtMCUs/2.7.1/src/controls/controltemplate.cpp:412:6:updateBackgroundHorizontalGeometry	56	static
/home/stvsl/Qt/QtMCUs/2.7.1/src/controls/controltemplate.cpp:424:6:updateBackgroundVerticalGeometry	56	static
/home/stvsl/Qt/QtMCUs/2.7.1/include/qul/private/propertybinding.h:498:17:callWithSelf	40	static
/home/stvsl/Qt/QtMCUs/2.7.1/src/controls/dialtemplate.cpp:188:1:__ct_base 	16	static
/home/stvsl/Qt/QtMCUs/2.7.1/src/graphics/rasterizer.cpp:57:10:addSpan	32	static
/home/stvsl/Qt/QtMCUs/2.7.1/src/controls/abstractbuttontemplate.cpp:172:6:onAutoRepeatDelayTriggered	56	static
/home/stvsl/Qt/QtMCUs/2.7.1/src/controls/abstractbuttontemplate.cpp:300:6:nextCheckState	24	static
/home/stvsl/Qt/QtMCUs/2.7.1/src/controls/checkboxtemplate.cpp:93:1:__ct_base 	56	static
/home/stvsl/Qt/QtMCUs/2.7.1/include/qul/private/propertybinding.h:432:17:callMe	32	static
/home/stvsl/Qt/QtMCUs/2.7.1/src/controls/checkboxtemplate.cpp:107:6:nextCheckState	32	static
/home/stvsl/Qt/QtMCUs/2.7.1/src/controls/controltemplate.cpp:350:6:implicitWidthChange	72	static
/home/stvsl/Qt/QtMCUs/2.7.1/src/controls/controltemplate.cpp:357:6:implicitHeightChange	72	static
/home/stvsl/Qt/QtMCUs/2.7.1/src/controls/controltemplate.cpp:436:6:updateContentItemHorizontalGeometry	64	static
/home/stvsl/Qt/QtMCUs/2.7.1/src/controls/controltemplate.cpp:449:6:updateContentItemVerticalGeometry	64	static
/home/stvsl/Qt/QtMCUs/2.7.1/include/qul/private/propertybinding.h:498:17:callWithSelf	24	static
/home/stvsl/Qt/QtMCUs/2.7.1/include/qul/private/propertybinding.h:432:17:callMe	56	static
/home/stvsl/Qt/QtMCUs/2.7.1/include/qul/private/propertybinding.h:432:17:callMe	56	static
/home/stvsl/Qt/QtMCUs/2.7.1/src/graphics/blendtransformed.cpp:318:6:blend_transformed	312	static
/home/stvsl/Qt/QtMCUs/2.7.1/src/controls/controltemplate.cpp:327:1:__dt_base 	16	static
/home/stvsl/Qt/QtMCUs/2.7.1/src/controls/controltemplate.cpp:327:1:__dt_del 	8	static
/home/stvsl/Qt/QtMCUs/2.7.1/src/controls/abstractbuttontemplate.cpp:203:1:__dt_base 	16	static
/home/stvsl/Qt/QtMCUs/2.7.1/src/controls/abstractbuttontemplate.cpp:203:1:__dt_del 	8	static
/home/stvsl/Qt/QtMCUs/2.7.1/src/controls/buttontemplate.cpp:29:1:__dt_base 	8	static
/home/stvsl/Qt/QtMCUs/2.7.1/src/controls/buttontemplate.cpp:29:1:__dt_del 	8	static
/home/stvsl/Qt/QtMCUs/2.7.1/src/controls/checkboxtemplate.cpp:105:1:__dt_base 	16	static
/home/stvsl/Qt/QtMCUs/2.7.1/src/controls/checkboxtemplate.cpp:105:1:__dt_del 	16	static
/home/stvsl/Qt/QtMCUs/2.7.1/src/controls/dialtemplate.cpp:210:1:__dt_base 	16	static
/home/stvsl/Qt/QtMCUs/2.7.1/src/controls/dialtemplate.cpp:210:1:__dt_del 	8	static
