/home/stvsl/Downloads/SDK_2_15_100_MIMXRT1170-EVK_ALL_TOOLCHAN/devices/MIMXRT1176/drivers/./fsl_lcdifv2.h:402:24:uint32_t LCDIFV2_GetInterruptStatus(LCDIFV2_Type*, uint8_t)	16	static
/home/stvsl/Downloads/SDK_2_15_100_MIMXRT1170-EVK_ALL_TOOLCHAN/devices/MIMXRT1176/drivers/./fsl_lcdifv2.h:414:20:void LCDIFV2_ClearInterruptStatus(LCDIFV2_Type*, uint8_t, uint32_t)	24	static
/home/stvsl/Downloads/SDK_2_15_100_MIMXRT1170-EVK_ALL_TOOLCHAN/devices/MIMXRT1176/drivers/./fsl_lcdifv2.h:462:20:void LCDIFV2_SetLayerSize(LCDIFV2_Type*, uint8_t, uint16_t, uint16_t)	24	static
/home/stvsl/Downloads/SDK_2_15_100_MIMXRT1170-EVK_ALL_TOOLCHAN/devices/MIMXRT1176/drivers/./fsl_lcdifv2.h:476:20:void LCDIFV2_SetLayerOffset(LCDIFV2_Type*, uint8_t, uint16_t, uint16_t)	24	static
/home/stvsl/Downloads/SDK_2_15_100_MIMXRT1170-EVK_ALL_TOOLCHAN/devices/MIMXRT1176/drivers/./fsl_lcdifv2.h:500:20:void LCDIFV2_SetLayerBufferAddr(LCDIFV2_Type*, uint8_t, uint32_t)	24	static
/home/stvsl/Downloads/SDK_2_15_100_MIMXRT1170-EVK_ALL_TOOLCHAN/devices/MIMXRT1176/drivers/./fsl_lcdifv2.h:512:20:void LCDIFV2_EnableLayer(LCDIFV2_Type*, uint8_t, bool)	16	static
/home/stvsl/Downloads/SDK_2_15_100_MIMXRT1170-EVK_ALL_TOOLCHAN/devices/MIMXRT1176/drivers/./fsl_lcdifv2.h:535:20:void LCDIFV2_TriggerLayerShadowLoad(LCDIFV2_Type*, uint8_t)	16	static
/home/stvsl/Qt/QtMCUs/2.7.0/include/qul/private/memutil.h:53:5:Qul::Private::AlignedAllocation::AlignedAllocation(void*, void*)	24	static
/home/stvsl/Qt/QtMCUs/2.7.0/include/platform/framebufferformat.h:30:5:Qul::Platform::FramebufferFormat::FramebufferFormat()	16	static
/home/stvsl/Qt/QtMCUs/2.7.0/include/platforminterface/size.h:78:8:Qul::PlatformInterface::Size::Size(Qul::PlatformInterface::coord_t, Qul::PlatformInterface::coord_t)	16	static
/home/stvsl/Qt/QtMCUs/2.7.0/include/platforminterface/size.h:98:16:Qul::PlatformInterface::coord_t Qul::PlatformInterface::Size::width() const	16	static
/home/stvsl/Qt/QtMCUs/2.7.0/include/platforminterface/size.h:103:16:Qul::PlatformInterface::coord_t Qul::PlatformInterface::Size::height() const	16	static
/home/stvsl/Qt/QtMCUs/2.7.0/include/platforminterface/point.h:96:16:Qul::PlatformInterface::coord_t Qul::PlatformInterface::Point::x() const	16	static
/home/stvsl/Qt/QtMCUs/2.7.0/include/platforminterface/point.h:101:16:Qul::PlatformInterface::coord_t Qul::PlatformInterface::Point::y() const	16	static
/home/stvsl/Qt/QtMCUs/2.7.0/include/platforminterface/point.h:106:13:void Qul::PlatformInterface::Point::setX(Qul::PlatformInterface::coord_t)	16	static
/home/stvsl/Qt/QtMCUs/2.7.0/include/platforminterface/point.h:111:13:void Qul::PlatformInterface::Point::setY(Qul::PlatformInterface::coord_t)	16	static
/home/stvsl/Qt/QtMCUs/2.7.0/include/platforminterface/point.h:131:15:Qul::PlatformInterface::Point& Qul::PlatformInterface::Point::operator+=(const Qul::PlatformInterface::Point&)	16	static
/home/stvsl/Qt/QtMCUs/2.7.0/include/platforminterface/texture.h:83:26:const unsigned char* Qul::PlatformInterface::Texture::data() const	16	static
/home/stvsl/Qt/QtMCUs/2.7.0/include/platforminterface/texture.h:84:22:Qul::PixelFormat Qul::PlatformInterface::Texture::format() const	16	static
/home/stvsl/Qt/QtMCUs/2.7.0/include/platforminterface/texture.h:86:12:int8_t Qul::PlatformInterface::Texture::bitsPerPixel() const	16	static
/home/stvsl/Qt/QtMCUs/2.7.0/include/platforminterface/texture.h:89:10:Qul::PlatformInterface::Size Qul::PlatformInterface::Texture::size() const	24	static
/home/stvsl/.mcuxpressotools/arm-gnu-toolchain-12.3.rel1-x86_64-arm-none-eabi/arm-none-eabi/include/c++/12.3.1/arm-none-eabi/thumb/v7e-m+dp/hard/bits/gthr-default.h:229:1:int __gthread_key_delete(__gthread_key_t)	16	static
/home/stvsl/Documents/DOTRUST/PortingTest/imxrt1170_freertos_qt/platform/platform/boards/nxp/mimxrt1170-evkb-freertos/platform_layers.h:263:14:virtual uint8_t* Qul::Platform::Private::Lcdifv2ImageLayer::frontBuffer() const	16	static
/home/stvsl/Qt/QtMCUs/2.7.0/include/platforminterface/screen.h:56:29:Qul::PlatformInterface::Size Qul::PlatformInterface::Screen::size() const	24	static
/home/stvsl/Documents/DOTRUST/PortingTest/imxrt1170_freertos_qt/platform/platform/boards/nxp/mimxrt1170-evkb-freertos/platform_layers.cpp:48:24:lcdifv2_pixel_format_t {anonymous}::to_lcdifv2_pixel_format(Qul::PixelFormat)	24	static
/home/stvsl/Documents/DOTRUST/PortingTest/imxrt1170_freertos_qt/platform/platform/boards/nxp/mimxrt1170-evkb-freertos/platform_layers.cpp:68:9:uint8_t {anonymous}::bits_per_pixel(Qul::PlatformInterface::LayerEngine::ColorDepth)	16	static
/home/stvsl/Documents/DOTRUST/PortingTest/imxrt1170_freertos_qt/platform/platform/boards/nxp/mimxrt1170-evkb-freertos/platform_layers.cpp:83:18:Qul::PixelFormat {anonymous}::depth_to_pixel_format(Qul::PlatformInterface::LayerEngine::ColorDepth)	16	static
/home/stvsl/Documents/DOTRUST/PortingTest/imxrt1170_freertos_qt/platform/platform/boards/nxp/mimxrt1170-evkb-freertos/platform_layers.cpp:99:25:vg_lite_buffer_format_t {anonymous}::to_vglite_format(Qul::PixelFormat)	16	static
/home/stvsl/Documents/DOTRUST/PortingTest/imxrt1170_freertos_qt/platform/platform/boards/nxp/mimxrt1170-evkb-freertos/platform_layers.cpp:119:6:void {anonymous}::waitVsync()	8	static
/home/stvsl/Documents/DOTRUST/PortingTest/imxrt1170_freertos_qt/platform/platform/boards/nxp/mimxrt1170-evkb-freertos/platform_layers.cpp:127:6:void Lcdifv2Layer_IRQHandler()	16	static
/home/stvsl/Documents/DOTRUST/PortingTest/imxrt1170_freertos_qt/platform/platform/boards/nxp/mimxrt1170-evkb-freertos/platform_layers.cpp:139:10:uint16_t Qul::Platform::Private::Lcdifv2LayerProperties::stride() const	32	static
/home/stvsl/Documents/DOTRUST/PortingTest/imxrt1170_freertos_qt/platform/platform/boards/nxp/mimxrt1170-evkb-freertos/platform_layers.h:109:7:constexpr Qul::Platform::Private::Lcdifv2CommonProperties::Lcdifv2CommonProperties()	16	static
/home/stvsl/Documents/DOTRUST/PortingTest/imxrt1170_freertos_qt/platform/platform/boards/nxp/mimxrt1170-evkb-freertos/platform_layers.cpp:144:1:Qul::Platform::Private::Lcdifv2Sprite::Lcdifv2Sprite(const Qul::PlatformInterface::LayerEngine::SpriteLayerProperties&)	16	static
/home/stvsl/Documents/DOTRUST/PortingTest/imxrt1170_freertos_qt/platform/platform/boards/nxp/mimxrt1170-evkb-freertos/platform_layers.cpp:148:1:Qul::Platform::Private::Lcdifv2Sprite::~Lcdifv2Sprite()	32	static
/home/stvsl/Documents/DOTRUST/PortingTest/imxrt1170_freertos_qt/platform/platform/boards/nxp/mimxrt1170-evkb-freertos/platform_layers.cpp:154:6:virtual void Qul::Platform::Private::Lcdifv2Sprite::onUpdated(const int8_t&)	16	static
/home/stvsl/Documents/DOTRUST/PortingTest/imxrt1170_freertos_qt/platform/platform/boards/nxp/mimxrt1170-evkb-freertos/platform_layers.cpp:160:7:virtual float Qul::Platform::Private::Lcdifv2Sprite::opacity() const	16	static
/home/stvsl/Documents/DOTRUST/PortingTest/imxrt1170_freertos_qt/platform/platform/boards/nxp/mimxrt1170-evkb-freertos/platform_layers.cpp:165:6:virtual bool Qul::Platform::Private::Lcdifv2Sprite::enabled() const	16	static
/home/stvsl/Documents/DOTRUST/PortingTest/imxrt1170_freertos_qt/platform/platform/boards/nxp/mimxrt1170-evkb-freertos/platform_layers.cpp:170:31:virtual Qul::PlatformInterface::Point Qul::Platform::Private::Lcdifv2Sprite::position() const	24	static
/home/stvsl/Documents/DOTRUST/PortingTest/imxrt1170_freertos_qt/platform/platform/boards/nxp/mimxrt1170-evkb-freertos/platform_layers.cpp:175:6:void Qul::Platform::Private::Lcdifv2Sprite::notify()	32	static
/home/stvsl/Documents/DOTRUST/PortingTest/imxrt1170_freertos_qt/platform/platform/boards/nxp/mimxrt1170-evkb-freertos/platform_layers.cpp:182:6:void Qul::Platform::Private::Lcdifv2Sprite::registerObserver(Qul::Platform::Private::Lcdifv2Layer*)	16	static
/home/stvsl/Documents/DOTRUST/PortingTest/imxrt1170_freertos_qt/platform/platform/boards/nxp/mimxrt1170-evkb-freertos/platform_layers.cpp:189:6:void Qul::Platform::Private::Lcdifv2Sprite::unregisterObserver(Qul::Platform::Private::Lcdifv2Layer*)	16	static
/home/stvsl/Documents/DOTRUST/PortingTest/imxrt1170_freertos_qt/platform/platform/boards/nxp/mimxrt1170-evkb-freertos/platform_layers.h:117:7:constexpr Qul::Platform::Private::Lcdifv2LayerProperties::Lcdifv2LayerProperties()	16	static
/home/stvsl/Documents/DOTRUST/PortingTest/imxrt1170_freertos_qt/platform/platform/boards/nxp/mimxrt1170-evkb-freertos/platform_layers.cpp:197:1:Qul::Platform::Private::Lcdifv2Layer::Lcdifv2Layer(const Qul::PlatformInterface::Screen*, int8_t)	24	static
/home/stvsl/Documents/DOTRUST/PortingTest/imxrt1170_freertos_qt/platform/platform/boards/nxp/mimxrt1170-evkb-freertos/platform_layers.cpp:206:1:Qul::Platform::Private::Lcdifv2Layer::~Lcdifv2Layer()	24	static
/home/stvsl/Documents/DOTRUST/PortingTest/imxrt1170_freertos_qt/platform/platform/boards/nxp/mimxrt1170-evkb-freertos/platform_layers.cpp:206:1:virtual Qul::Platform::Private::Lcdifv2Layer::~Lcdifv2Layer()	16	static
/home/stvsl/Documents/DOTRUST/PortingTest/imxrt1170_freertos_qt/platform/platform/boards/nxp/mimxrt1170-evkb-freertos/platform_layers.cpp:215:8:int8_t Qul::Platform::Private::Lcdifv2Layer::index() const	16	static
/home/stvsl/Documents/DOTRUST/PortingTest/imxrt1170_freertos_qt/platform/platform/boards/nxp/mimxrt1170-evkb-freertos/platform_layers.cpp:220:6:void Qul::Platform::Private::Lcdifv2Layer::setIndex(int8_t)	16	static
/home/stvsl/Documents/DOTRUST/PortingTest/imxrt1170_freertos_qt/platform/platform/boards/nxp/mimxrt1170-evkb-freertos/platform_layers.cpp:225:6:void Qul::Platform::Private::Lcdifv2Layer::onSpriteDetached(const Qul::Platform::Private::Lcdifv2Sprite*)	16	static
/home/stvsl/Documents/DOTRUST/PortingTest/imxrt1170_freertos_qt/platform/platform/boards/nxp/mimxrt1170-evkb-freertos/platform_layers.cpp:230:6:void Qul::Platform::Private::Lcdifv2Layer::append()	24	static
/home/stvsl/Documents/DOTRUST/PortingTest/imxrt1170_freertos_qt/platform/platform/boards/nxp/mimxrt1170-evkb-freertos/platform_layers.cpp:235:6:bool Qul::Platform::Private::Lcdifv2Layer::dirty() const	16	static
/home/stvsl/Documents/DOTRUST/PortingTest/imxrt1170_freertos_qt/platform/platform/boards/nxp/mimxrt1170-evkb-freertos/platform_layers.cpp:240:6:void Qul::Platform::Private::Lcdifv2Layer::setDirty(bool) const	16	static
/home/stvsl/Documents/DOTRUST/PortingTest/imxrt1170_freertos_qt/platform/platform/boards/nxp/mimxrt1170-evkb-freertos/platform_layers.cpp:245:6:void Qul::Platform::Private::Lcdifv2Layer::driverCommonUpdate() const	64	static
/home/stvsl/Documents/DOTRUST/PortingTest/imxrt1170_freertos_qt/platform/platform/boards/nxp/mimxrt1170-evkb-freertos/platform_layers.cpp:286:6:void Qul::Platform::Private::Lcdifv2Layer::driverBufferUpdate() const	40	static
/home/stvsl/Documents/DOTRUST/PortingTest/imxrt1170_freertos_qt/platform/platform/boards/nxp/mimxrt1170-evkb-freertos/platform_layers.cpp:301:16:Qul::Platform::Private::Lcdifv2Sprite* Qul::Platform::Private::Lcdifv2Layer::parent() const	16	static
/home/stvsl/Documents/DOTRUST/PortingTest/imxrt1170_freertos_qt/platform/platform/boards/nxp/mimxrt1170-evkb-freertos/platform_layers.cpp:306:6:void Qul::Platform::Private::Lcdifv2Layer::commit() const	16	static
/home/stvsl/Documents/DOTRUST/PortingTest/imxrt1170_freertos_qt/platform/platform/boards/nxp/mimxrt1170-evkb-freertos/platform_layers.cpp:312:6:void Qul::Platform::Private::Lcdifv2Layer::setSwapFrame(int)	16	static
/home/stvsl/Documents/DOTRUST/PortingTest/imxrt1170_freertos_qt/platform/platform/boards/nxp/mimxrt1170-evkb-freertos/platform_layers.cpp:317:5:int Qul::Platform::Private::Lcdifv2Layer::swapFrame() const	16	static
/home/stvsl/Documents/DOTRUST/PortingTest/imxrt1170_freertos_qt/platform/platform/boards/nxp/mimxrt1170-evkb-freertos/platform_layers.cpp:322:6:static void Qul::Platform::Private::Lcdifv2Layer::flush()	32	static
/home/stvsl/Documents/DOTRUST/PortingTest/imxrt1170_freertos_qt/platform/platform/boards/nxp/mimxrt1170-evkb-freertos/platform_layers.cpp:334:34:static Qul::Platform::FramebufferFormat Qul::Platform::Private::Lcdifv2Layer::framebufferFormat(const Qul::PlatformInterface::LayerEngine::ItemLayer*)	32	static
/home/stvsl/Documents/DOTRUST/PortingTest/imxrt1170_freertos_qt/platform/platform/boards/nxp/mimxrt1170-evkb-freertos/platform_layers.cpp:376:6:static bool Qul::Platform::Private::Lcdifv2Layer::full()	8	static
/home/stvsl/Documents/DOTRUST/PortingTest/imxrt1170_freertos_qt/platform/platform/boards/nxp/mimxrt1170-evkb-freertos/platform_layers.cpp:381:6:static void Qul::Platform::Private::Lcdifv2Layer::updateIndexes(Qul::Platform::Private::Lcdifv2Layer*, bool)	88	static
/home/stvsl/Documents/DOTRUST/PortingTest/imxrt1170_freertos_qt/platform/platform/boards/nxp/mimxrt1170-evkb-freertos/platform_layers.cpp:451:6:static bool Qul::Platform::Private::Lcdifv2Layer::valid(const Qul::PlatformInterface::Screen*, const Qul::PlatformInterface::Size&)	32	static
/home/stvsl/Documents/DOTRUST/PortingTest/imxrt1170_freertos_qt/platform/platform/boards/nxp/mimxrt1170-evkb-freertos/platform_layers.h:202:7:Qul::Platform::Private::Lcdifv2LayerCommon<Qul::PlatformInterface::LayerEngine::ImageLayerProperties>::~Lcdifv2LayerCommon()	16	static
/home/stvsl/Documents/DOTRUST/PortingTest/imxrt1170_freertos_qt/platform/platform/boards/nxp/mimxrt1170-evkb-freertos/platform_layers.h:202:7:virtual Qul::Platform::Private::Lcdifv2LayerCommon<Qul::PlatformInterface::LayerEngine::ImageLayerProperties>::~Lcdifv2LayerCommon()	16	static
/home/stvsl/Documents/DOTRUST/PortingTest/imxrt1170_freertos_qt/platform/platform/boards/nxp/mimxrt1170-evkb-freertos/platform_layers.cpp:457:1:Qul::Platform::Private::Lcdifv2ImageLayer::Lcdifv2ImageLayer(const Qul::PlatformInterface::Screen*, const Qul::PlatformInterface::LayerEngine::ImageLayerProperties&, Qul::PlatformInterface::LayerEngine::SpriteLayer*)	32	static
/home/stvsl/Documents/DOTRUST/PortingTest/imxrt1170_freertos_qt/platform/platform/boards/nxp/mimxrt1170-evkb-freertos/platform_layers.cpp:470:6:virtual void Qul::Platform::Private::Lcdifv2ImageLayer::onSpriteChanged(const Qul::Platform::Private::Lcdifv2Sprite*)	24	static
/home/stvsl/Documents/DOTRUST/PortingTest/imxrt1170_freertos_qt/platform/platform/boards/nxp/mimxrt1170-evkb-freertos/platform_layers.cpp:475:6:virtual void Qul::Platform::Private::Lcdifv2ImageLayer::onSpriteAttached(Qul::Platform::Private::Lcdifv2Sprite*)	24	static
/home/stvsl/Documents/DOTRUST/PortingTest/imxrt1170_freertos_qt/platform/platform/boards/nxp/mimxrt1170-evkb-freertos/platform_layers.cpp:481:6:virtual void Qul::Platform::Private::Lcdifv2ImageLayer::onUpdated(const int8_t&)	16	static
/home/stvsl/Documents/DOTRUST/PortingTest/imxrt1170_freertos_qt/platform/platform/boards/nxp/mimxrt1170-evkb-freertos/platform_layers.cpp:494:6:virtual Qul::PlatformInterface::Size Qul::Platform::Private::Lcdifv2ImageLayer::size() const	24	static
/home/stvsl/Documents/DOTRUST/PortingTest/imxrt1170_freertos_qt/platform/platform/boards/nxp/mimxrt1170-evkb-freertos/platform_layers.cpp:499:9:virtual uint8_t Qul::Platform::Private::Lcdifv2ImageLayer::bpp() const	16	static
/home/stvsl/Documents/DOTRUST/PortingTest/imxrt1170_freertos_qt/platform/platform/boards/nxp/mimxrt1170-evkb-freertos/platform_layers.cpp:504:18:virtual Qul::PixelFormat Qul::Platform::Private::Lcdifv2ImageLayer::format() const	16	static
/home/stvsl/Documents/DOTRUST/PortingTest/imxrt1170_freertos_qt/platform/platform/boards/nxp/mimxrt1170-evkb-freertos/platform_layers.cpp:509:10:virtual uint8_t* Qul::Platform::Private::Lcdifv2ImageLayer::data() const	16	static
/home/stvsl/Documents/DOTRUST/PortingTest/imxrt1170_freertos_qt/platform/platform/boards/nxp/mimxrt1170-evkb-freertos/platform_layers.cpp:514:1:Qul::Platform::Private::Lcdifv2ItemLayer::ItemLayerBuffer::ItemLayerBuffer()	16	static
/home/stvsl/Documents/DOTRUST/PortingTest/imxrt1170_freertos_qt/platform/platform/boards/nxp/mimxrt1170-evkb-freertos/platform_layers.cpp:520:1:Qul::Platform::Private::Lcdifv2ItemLayer::ItemLayerBuffer::~ItemLayerBuffer()	16	static
/home/stvsl/Documents/DOTRUST/PortingTest/imxrt1170_freertos_qt/platform/platform/boards/nxp/mimxrt1170-evkb-freertos/platform_layers.cpp:529:6:void Qul::Platform::Private::Lcdifv2ItemLayer::ItemLayerBuffer::allocate(Qul::Platform::Private::Lcdifv2ItemLayer*)	56	static
/home/stvsl/Documents/DOTRUST/PortingTest/imxrt1170_freertos_qt/platform/platform/boards/nxp/mimxrt1170-evkb-freertos/platform_layers.cpp:546:10:uint8_t* Qul::Platform::Private::Lcdifv2ItemLayer::ItemLayerBuffer::data() const	16	static
/home/stvsl/Documents/DOTRUST/PortingTest/imxrt1170_freertos_qt/platform/platform/boards/nxp/mimxrt1170-evkb-freertos/platform_layers.h:202:7:Qul::Platform::Private::Lcdifv2LayerCommon<Qul::PlatformInterface::LayerEngine::ItemLayerProperties>::~Lcdifv2LayerCommon()	16	static
/home/stvsl/Documents/DOTRUST/PortingTest/imxrt1170_freertos_qt/platform/platform/boards/nxp/mimxrt1170-evkb-freertos/platform_layers.h:202:7:virtual Qul::Platform::Private::Lcdifv2LayerCommon<Qul::PlatformInterface::LayerEngine::ItemLayerProperties>::~Lcdifv2LayerCommon()	16	static
/home/stvsl/Documents/DOTRUST/PortingTest/imxrt1170_freertos_qt/platform/platform/boards/nxp/mimxrt1170-evkb-freertos/platform_layers.cpp:551:1:Qul::Platform::Private::Lcdifv2ItemLayer::Lcdifv2ItemLayer(const Qul::PlatformInterface::Screen*, const Qul::PlatformInterface::LayerEngine::ItemLayerProperties&, Qul::PlatformInterface::LayerEngine::SpriteLayer*)	64	static
/home/stvsl/Documents/DOTRUST/PortingTest/imxrt1170_freertos_qt/platform/platform/boards/nxp/mimxrt1170-evkb-freertos/platform_layers.cpp:570:6:virtual void Qul::Platform::Private::Lcdifv2ItemLayer::onSpriteChanged(const Qul::Platform::Private::Lcdifv2Sprite*)	24	static
/home/stvsl/Documents/DOTRUST/PortingTest/imxrt1170_freertos_qt/platform/platform/boards/nxp/mimxrt1170-evkb-freertos/platform_layers.cpp:575:6:virtual void Qul::Platform::Private::Lcdifv2ItemLayer::onSpriteAttached(Qul::Platform::Private::Lcdifv2Sprite*)	24	static
/home/stvsl/Documents/DOTRUST/PortingTest/imxrt1170_freertos_qt/platform/platform/boards/nxp/mimxrt1170-evkb-freertos/platform_layers.cpp:581:6:virtual void Qul::Platform::Private::Lcdifv2ItemLayer::onUpdated(const int8_t&)	16	static
/home/stvsl/Documents/DOTRUST/PortingTest/imxrt1170_freertos_qt/platform/platform/boards/nxp/mimxrt1170-evkb-freertos/platform_layers.cpp:592:6:virtual Qul::PlatformInterface::Size Qul::Platform::Private::Lcdifv2ItemLayer::size() const	24	static
/home/stvsl/Documents/DOTRUST/PortingTest/imxrt1170_freertos_qt/platform/platform/boards/nxp/mimxrt1170-evkb-freertos/platform_layers.cpp:597:9:virtual uint8_t Qul::Platform::Private::Lcdifv2ItemLayer::bpp() const	16	static
/home/stvsl/Documents/DOTRUST/PortingTest/imxrt1170_freertos_qt/platform/platform/boards/nxp/mimxrt1170-evkb-freertos/platform_layers.cpp:602:18:virtual Qul::PixelFormat Qul::Platform::Private::Lcdifv2ItemLayer::format() const	16	static
/home/stvsl/Documents/DOTRUST/PortingTest/imxrt1170_freertos_qt/platform/platform/boards/nxp/mimxrt1170-evkb-freertos/platform_layers.cpp:607:40:Qul::PlatformInterface::DrawingDevice* Qul::Platform::Private::Lcdifv2ItemLayer::beginFrame(int) const	24	static
/home/stvsl/Documents/DOTRUST/PortingTest/imxrt1170_freertos_qt/platform/platform/boards/nxp/mimxrt1170-evkb-freertos/platform_layers.cpp:623:25:const vg_lite_buffer_t* Qul::Platform::Private::Lcdifv2ItemLayer::vgbuffer() const	16	static
/home/stvsl/Documents/DOTRUST/PortingTest/imxrt1170_freertos_qt/platform/platform/boards/nxp/mimxrt1170-evkb-freertos/platform_layers.cpp:628:6:void Qul::Platform::Private::Lcdifv2ItemLayer::endFrame() const	16	static
/home/stvsl/Documents/DOTRUST/PortingTest/imxrt1170_freertos_qt/platform/platform/boards/nxp/mimxrt1170-evkb-freertos/platform_layers.cpp:635:6:bool Qul::Platform::Private::Lcdifv2ItemLayer::waitForTargetFrame() const	24	static
/home/stvsl/Documents/DOTRUST/PortingTest/imxrt1170_freertos_qt/platform/platform/boards/nxp/mimxrt1170-evkb-freertos/platform_layers.cpp:642:10:virtual uint8_t* Qul::Platform::Private::Lcdifv2ItemLayer::data() const	16	static
/home/stvsl/Documents/DOTRUST/PortingTest/imxrt1170_freertos_qt/platform/platform/boards/nxp/mimxrt1170-evkb-freertos/platform_layers.cpp:647:10:virtual uint8_t* Qul::Platform::Private::Lcdifv2ItemLayer::frontBuffer() const	16	static
/home/stvsl/Documents/DOTRUST/PortingTest/imxrt1170_freertos_qt/platform/platform/boards/nxp/mimxrt1170-evkb-freertos/platform_layers.cpp:652:6:void Qul::Platform::Private::Lcdifv2ItemLayer::swap() const	16	static
/home/stvsl/.mcuxpressotools/arm-gnu-toolchain-12.3.rel1-x86_64-arm-none-eabi/arm-none-eabi/include/c++/12.3.1/bits/stl_algobase.h:230:5:constexpr const _Tp& std::min(const _Tp&, const _Tp&) [with _Tp = short int]	16	static
/home/stvsl/Documents/DOTRUST/PortingTest/imxrt1170_freertos_qt/platform/platform/boards/nxp/mimxrt1170-evkb-freertos/platform_layers.h:91:1:Qul::Platform::Private::Lcdifv2LayerUpdater<T>::Lcdifv2LayerUpdater(const T&) [with T = Qul::PlatformInterface::LayerEngine::SpriteLayerProperties]	24	static
/home/stvsl/Documents/DOTRUST/PortingTest/imxrt1170_freertos_qt/platform/platform/boards/nxp/mimxrt1170-evkb-freertos/platform_layers.h:41:5:Qul::Platform::Private::Array<T, N>::Array() [with T = Qul::Platform::Private::Lcdifv2Layer*; unsigned int N = 8]	16	static
/home/stvsl/Documents/DOTRUST/PortingTest/imxrt1170_freertos_qt/platform/platform/boards/nxp/mimxrt1170-evkb-freertos/platform_layers.h:64:8:T* Qul::Platform::Private::Array<T, N>::begin() [with T = Qul::Platform::Private::Lcdifv2Layer*; unsigned int N = 8]	16	static
/home/stvsl/Documents/DOTRUST/PortingTest/imxrt1170_freertos_qt/platform/platform/boards/nxp/mimxrt1170-evkb-freertos/platform_layers.h:65:8:T* Qul::Platform::Private::Array<T, N>::end() [with T = Qul::Platform::Private::Lcdifv2Layer*; unsigned int N = 8]	16	static
/home/stvsl/Documents/DOTRUST/PortingTest/imxrt1170_freertos_qt/platform/platform/boards/nxp/mimxrt1170-evkb-freertos/platform_layers.h:104:10:const T& Qul::Platform::Private::Lcdifv2LayerUpdater<T>::properties() const [with T = Qul::PlatformInterface::LayerEngine::SpriteLayerProperties]	16	static
/home/stvsl/Documents/DOTRUST/PortingTest/imxrt1170_freertos_qt/platform/platform/boards/nxp/mimxrt1170-evkb-freertos/platform_layers.h:45:10:bool Qul::Platform::Private::Array<T, N>::add(const T&) [with T = Qul::Platform::Private::Lcdifv2Layer*; unsigned int N = 8]	24	static
/home/stvsl/Documents/DOTRUST/PortingTest/imxrt1170_freertos_qt/platform/platform/boards/nxp/mimxrt1170-evkb-freertos/platform_layers.h:56:10:void Qul::Platform::Private::Array<T, N>::remove(const T&) [with T = Qul::Platform::Private::Lcdifv2Layer*; unsigned int N = 8]	32	static
/home/stvsl/Documents/DOTRUST/PortingTest/imxrt1170_freertos_qt/platform/platform/boards/nxp/mimxrt1170-evkb-freertos/platform_layers.h:62:17:std::size_t Qul::Platform::Private::Array<T, N>::count() const [with T = Qul::Platform::Private::Lcdifv2Layer*; unsigned int N = 8]	16	static
/home/stvsl/Documents/DOTRUST/PortingTest/imxrt1170_freertos_qt/platform/platform/boards/nxp/mimxrt1170-evkb-freertos/platform_layers.h:215:1:Qul::Platform::Private::Lcdifv2LayerCommon<T>::Lcdifv2LayerCommon(const T&, const Qul::PlatformInterface::Screen*, int8_t) [with T = Qul::PlatformInterface::LayerEngine::ImageLayerProperties]	24	static
/home/stvsl/Documents/DOTRUST/PortingTest/imxrt1170_freertos_qt/platform/platform/boards/nxp/mimxrt1170-evkb-freertos/platform_layers.h:104:10:const T& Qul::Platform::Private::Lcdifv2LayerUpdater<T>::properties() const [with T = Qul::PlatformInterface::LayerEngine::ImageLayerProperties]	16	static
/home/stvsl/Documents/DOTRUST/PortingTest/imxrt1170_freertos_qt/platform/platform/boards/nxp/mimxrt1170-evkb-freertos/platform_layers.h:215:1:Qul::Platform::Private::Lcdifv2LayerCommon<T>::Lcdifv2LayerCommon(const T&, const Qul::PlatformInterface::Screen*, int8_t) [with T = Qul::PlatformInterface::LayerEngine::ItemLayerProperties]	24	static
/home/stvsl/Documents/DOTRUST/PortingTest/imxrt1170_freertos_qt/platform/platform/boards/nxp/mimxrt1170-evkb-freertos/platform_layers.h:104:10:const T& Qul::Platform::Private::Lcdifv2LayerUpdater<T>::properties() const [with T = Qul::PlatformInterface::LayerEngine::ItemLayerProperties]	16	static
/home/stvsl/Documents/DOTRUST/PortingTest/imxrt1170_freertos_qt/platform/platform/boards/nxp/mimxrt1170-evkb-freertos/platform_layers.h:68:8:T* Qul::Platform::Private::Array<T, N>::last() [with T = Qul::Platform::Private::Lcdifv2Layer*; unsigned int N = 8]	16	static
/home/stvsl/.mcuxpressotools/arm-gnu-toolchain-12.3.rel1-x86_64-arm-none-eabi/arm-none-eabi/include/c++/12.3.1/bits/stl_algo.h:833:5:_FIter std::remove(_FIter, _FIter, const _Tp&) [with _FIter = Qul::Platform::Private::Lcdifv2Layer**; _Tp = Qul::Platform::Private::Lcdifv2Layer*]	24	static
/home/stvsl/.mcuxpressotools/arm-gnu-toolchain-12.3.rel1-x86_64-arm-none-eabi/arm-none-eabi/include/c++/12.3.1/bits/stl_iterator_base_funcs.h:147:5:constexpr typename std::iterator_traits< <template-parameter-1-1> >::difference_type std::distance(_InputIterator, _InputIterator) [with _InputIterator = Qul::Platform::Private::Lcdifv2Layer**]	24	static
/home/stvsl/Documents/DOTRUST/PortingTest/imxrt1170_freertos_qt/platform/platform/boards/nxp/mimxrt1170-evkb-freertos/platform_layers.h:91:1:Qul::Platform::Private::Lcdifv2LayerUpdater<T>::Lcdifv2LayerUpdater(const T&) [with T = Qul::PlatformInterface::LayerEngine::ImageLayerProperties]	24	static
/home/stvsl/Documents/DOTRUST/PortingTest/imxrt1170_freertos_qt/platform/platform/boards/nxp/mimxrt1170-evkb-freertos/platform_layers.h:91:1:Qul::Platform::Private::Lcdifv2LayerUpdater<T>::Lcdifv2LayerUpdater(const T&) [with T = Qul::PlatformInterface::LayerEngine::ItemLayerProperties]	24	static
/home/stvsl/.mcuxpressotools/arm-gnu-toolchain-12.3.rel1-x86_64-arm-none-eabi/arm-none-eabi/include/c++/12.3.1/bits/predefined_ops.h:276:5:__gnu_cxx::__ops::_Iter_equals_val<_Value> __gnu_cxx::__ops::__iter_equals_val(_Value&) [with _Value = Qul::Platform::Private::Lcdifv2Layer* const]	24	static
/home/stvsl/.mcuxpressotools/arm-gnu-toolchain-12.3.rel1-x86_64-arm-none-eabi/arm-none-eabi/include/c++/12.3.1/bits/stl_algobase.h:2131:5:_ForwardIterator std::__remove_if(_ForwardIterator, _ForwardIterator, _Predicate) [with _ForwardIterator = Qul::Platform::Private::Lcdifv2Layer**; _Predicate = __gnu_cxx::__ops::_Iter_equals_val<Qul::Platform::Private::Lcdifv2Layer* const>]	32	static
/home/stvsl/.mcuxpressotools/arm-gnu-toolchain-12.3.rel1-x86_64-arm-none-eabi/arm-none-eabi/include/c++/12.3.1/bits/stl_iterator_base_types.h:238:5:constexpr typename std::iterator_traits< <template-parameter-1-1> >::iterator_category std::__iterator_category(const _Iter&) [with _Iter = Qul::Platform::Private::Lcdifv2Layer**]	16	static
/home/stvsl/.mcuxpressotools/arm-gnu-toolchain-12.3.rel1-x86_64-arm-none-eabi/arm-none-eabi/include/c++/12.3.1/bits/stl_iterator_base_funcs.h:99:5:constexpr typename std::iterator_traits< <template-parameter-1-1> >::difference_type std::__distance(_RandomAccessIterator, _RandomAccessIterator, random_access_iterator_tag) [with _RandomAccessIterator = Qul::Platform::Private::Lcdifv2Layer**]	24	static
/home/stvsl/.mcuxpressotools/arm-gnu-toolchain-12.3.rel1-x86_64-arm-none-eabi/arm-none-eabi/include/c++/12.3.1/bits/predefined_ops.h:262:7:__gnu_cxx::__ops::_Iter_equals_val<_Value>::_Iter_equals_val(_Value&) [with _Value = Qul::Platform::Private::Lcdifv2Layer* const]	16	static
/home/stvsl/.mcuxpressotools/arm-gnu-toolchain-12.3.rel1-x86_64-arm-none-eabi/arm-none-eabi/include/c++/12.3.1/bits/stl_algobase.h:2110:5:_Iterator std::__find_if(_Iterator, _Iterator, _Predicate) [with _Iterator = Qul::Platform::Private::Lcdifv2Layer**; _Predicate = __gnu_cxx::__ops::_Iter_equals_val<Qul::Platform::Private::Lcdifv2Layer* const>]	32	static
/home/stvsl/.mcuxpressotools/arm-gnu-toolchain-12.3.rel1-x86_64-arm-none-eabi/arm-none-eabi/include/c++/12.3.1/bits/predefined_ops.h:269:2:bool __gnu_cxx::__ops::_Iter_equals_val<_Value>::operator()(_Iterator) [with _Iterator = Qul::Platform::Private::Lcdifv2Layer**; _Value = Qul::Platform::Private::Lcdifv2Layer* const]	16	static
/home/stvsl/.mcuxpressotools/arm-gnu-toolchain-12.3.rel1-x86_64-arm-none-eabi/arm-none-eabi/include/c++/12.3.1/bits/move.h:104:5:constexpr typename std::remove_reference<_Tp>::type&& std::move(_Tp&&) [with _Tp = Qul::Platform::Private::Lcdifv2Layer*&]	16	static
/home/stvsl/.mcuxpressotools/arm-gnu-toolchain-12.3.rel1-x86_64-arm-none-eabi/arm-none-eabi/include/c++/12.3.1/bits/stl_algobase.h:2059:5:_RandomAccessIterator std::__find_if(_RandomAccessIterator, _RandomAccessIterator, _Predicate, random_access_iterator_tag) [with _RandomAccessIterator = Qul::Platform::Private::Lcdifv2Layer**; _Predicate = __gnu_cxx::__ops::_Iter_equals_val<Qul::Platform::Private::Lcdifv2Layer* const>]	32	static
/home/stvsl/Documents/DOTRUST/PortingTest/imxrt1170_freertos_qt/platform/platform/boards/nxp/mimxrt1170-evkb-freertos/platform_layers.h:271:7:Qul::Platform::Private::Lcdifv2ItemLayer::~Lcdifv2ItemLayer()	24	static
/home/stvsl/Documents/DOTRUST/PortingTest/imxrt1170_freertos_qt/platform/platform/boards/nxp/mimxrt1170-evkb-freertos/platform_layers.h:271:7:virtual Qul::Platform::Private::Lcdifv2ItemLayer::~Lcdifv2ItemLayer()	16	static
/home/stvsl/Documents/DOTRUST/PortingTest/imxrt1170_freertos_qt/platform/platform/boards/nxp/mimxrt1170-evkb-freertos/platform_layers.h:250:7:Qul::Platform::Private::Lcdifv2ImageLayer::~Lcdifv2ImageLayer()	16	static
/home/stvsl/Documents/DOTRUST/PortingTest/imxrt1170_freertos_qt/platform/platform/boards/nxp/mimxrt1170-evkb-freertos/platform_layers.h:250:7:virtual Qul::Platform::Private::Lcdifv2ImageLayer::~Lcdifv2ImageLayer()	16	static
/home/stvsl/Documents/DOTRUST/PortingTest/imxrt1170_freertos_qt/platform/platform/boards/nxp/mimxrt1170-evkb-freertos/platform_layers.cpp:656:1:void __static_initialization_and_destruction_0(int, int)	16	static
/home/stvsl/Documents/DOTRUST/PortingTest/imxrt1170_freertos_qt/platform/platform/boards/nxp/mimxrt1170-evkb-freertos/platform_layers.h:233:6:bool Qul::Platform::Private::Lcdifv2LayerCommon<T>::enabled() const [with T = Qul::PlatformInterface::LayerEngine::ItemLayerProperties]	16	static
/home/stvsl/Documents/DOTRUST/PortingTest/imxrt1170_freertos_qt/platform/platform/boards/nxp/mimxrt1170-evkb-freertos/platform_layers.h:221:7:float Qul::Platform::Private::Lcdifv2LayerCommon<T>::opacity() const [with T = Qul::PlatformInterface::LayerEngine::ItemLayerProperties]	16	static
/home/stvsl/Documents/DOTRUST/PortingTest/imxrt1170_freertos_qt/platform/platform/boards/nxp/mimxrt1170-evkb-freertos/platform_layers.h:239:31:Qul::PlatformInterface::Point Qul::Platform::Private::Lcdifv2LayerCommon<T>::position() const [with T = Qul::PlatformInterface::LayerEngine::ItemLayerProperties]	24	static
/home/stvsl/Documents/DOTRUST/PortingTest/imxrt1170_freertos_qt/platform/platform/boards/nxp/mimxrt1170-evkb-freertos/platform_layers.h:227:5:int Qul::Platform::Private::Lcdifv2LayerCommon<T>::platformId() const [with T = Qul::PlatformInterface::LayerEngine::ItemLayerProperties]	16	static
/home/stvsl/Documents/DOTRUST/PortingTest/imxrt1170_freertos_qt/platform/platform/boards/nxp/mimxrt1170-evkb-freertos/platform_layers.h:245:9:uint8_t Qul::Platform::Private::Lcdifv2LayerCommon<T>::z() const [with T = Qul::PlatformInterface::LayerEngine::ItemLayerProperties]	16	static
/home/stvsl/Documents/DOTRUST/PortingTest/imxrt1170_freertos_qt/platform/platform/boards/nxp/mimxrt1170-evkb-freertos/platform_layers.h:233:6:bool Qul::Platform::Private::Lcdifv2LayerCommon<T>::enabled() const [with T = Qul::PlatformInterface::LayerEngine::ImageLayerProperties]	16	static
/home/stvsl/Documents/DOTRUST/PortingTest/imxrt1170_freertos_qt/platform/platform/boards/nxp/mimxrt1170-evkb-freertos/platform_layers.h:221:7:float Qul::Platform::Private::Lcdifv2LayerCommon<T>::opacity() const [with T = Qul::PlatformInterface::LayerEngine::ImageLayerProperties]	16	static
/home/stvsl/Documents/DOTRUST/PortingTest/imxrt1170_freertos_qt/platform/platform/boards/nxp/mimxrt1170-evkb-freertos/platform_layers.h:239:31:Qul::PlatformInterface::Point Qul::Platform::Private::Lcdifv2LayerCommon<T>::position() const [with T = Qul::PlatformInterface::LayerEngine::ImageLayerProperties]	24	static
/home/stvsl/Documents/DOTRUST/PortingTest/imxrt1170_freertos_qt/platform/platform/boards/nxp/mimxrt1170-evkb-freertos/platform_layers.h:227:5:int Qul::Platform::Private::Lcdifv2LayerCommon<T>::platformId() const [with T = Qul::PlatformInterface::LayerEngine::ImageLayerProperties]	16	static
/home/stvsl/Documents/DOTRUST/PortingTest/imxrt1170_freertos_qt/platform/platform/boards/nxp/mimxrt1170-evkb-freertos/platform_layers.h:245:9:uint8_t Qul::Platform::Private::Lcdifv2LayerCommon<T>::z() const [with T = Qul::PlatformInterface::LayerEngine::ImageLayerProperties]	16	static
/home/stvsl/Documents/DOTRUST/PortingTest/imxrt1170_freertos_qt/platform/platform/boards/nxp/mimxrt1170-evkb-freertos/platform_layers.cpp:656:1:cpp)	8	static
