/home/stvsl/.mcuxpressotools/arm-gnu-toolchain-12.3.rel1-x86_64-arm-none-eabi/arm-none-eabi/include/c++/12.3.1/limits:1068:7:static constexpr int std::numeric_limits<int>::max()	4	static
/home/stvsl/.mcuxpressotools/arm-gnu-toolchain-12.3.rel1-x86_64-arm-none-eabi/arm-none-eabi/include/c++/12.3.1/new:174:33:void* operator new(std::size_t, void*)	16	static
/home/stvsl/Qt/QtMCUs/2.7.0/include/platforminterface/size.h:78:8:Qul::PlatformInterface::Size::Size(Qul::PlatformInterface::coord_t, Qul::PlatformInterface::coord_t)	16	static
/home/stvsl/Qt/QtMCUs/2.7.0/include/platforminterface/texture.h:89:10:Qul::PlatformInterface::Size Qul::PlatformInterface::Texture::size() const	24	static
/home/stvsl/.mcuxpressotools/arm-gnu-toolchain-12.3.rel1-x86_64-arm-none-eabi/arm-none-eabi/include/c++/12.3.1/arm-none-eabi/thumb/v7e-m+dp/hard/bits/gthr-default.h:229:1:int __gthread_key_delete(__gthread_key_t)	16	static
/home/stvsl/Qt/QtMCUs/2.7.0/include/platform/platform.h:62:5:Qul::Platform::FrameStatistics::FrameStatistics()	16	static
/home/stvsl/Qt/QtMCUs/2.7.0/include/platforminterface/layerengine.h:36:7:constexpr Qul::PlatformInterface::LayerEngine::LayerEngine()	16	static
/home/stvsl/Documents/DOTRUST/PortingTest/imxrt1170_freertos_qt/platform/platform/boards/nxp/mimxrt1170-evkb-freertos/platform_drawing.cpp:40:1:Qul::Platform::Private::Lcdif2LayerEngine::Lcdif2LayerEngine()	24	static
/home/stvsl/Documents/DOTRUST/PortingTest/imxrt1170_freertos_qt/platform/platform/boards/nxp/mimxrt1170-evkb-freertos/platform_drawing.cpp:47:25:virtual Qul::PlatformInterface::LayerEngine::ItemLayer* Qul::Platform::Private::Lcdif2LayerEngine::allocateItemLayer(const Qul::PlatformInterface::Screen*, const Qul::PlatformInterface::LayerEngine::ItemLayerProperties&, Qul::PlatformInterface::LayerEngine::SpriteLayer*)	40	static
/home/stvsl/Documents/DOTRUST/PortingTest/imxrt1170_freertos_qt/platform/platform/boards/nxp/mimxrt1170-evkb-freertos/platform_drawing.cpp:60:26:virtual Qul::PlatformInterface::LayerEngine::ImageLayer* Qul::Platform::Private::Lcdif2LayerEngine::allocateImageLayer(const Qul::PlatformInterface::Screen*, const Qul::PlatformInterface::LayerEngine::ImageLayerProperties&, Qul::PlatformInterface::LayerEngine::SpriteLayer*)	48	static
/home/stvsl/Documents/DOTRUST/PortingTest/imxrt1170_freertos_qt/platform/platform/boards/nxp/mimxrt1170-evkb-freertos/platform_drawing.cpp:74:27:virtual Qul::PlatformInterface::LayerEngine::SpriteLayer* Qul::Platform::Private::Lcdif2LayerEngine::allocateSpriteLayer(const Qul::PlatformInterface::Screen*, const Qul::PlatformInterface::LayerEngine::SpriteLayerProperties&)	40	static
/home/stvsl/Documents/DOTRUST/PortingTest/imxrt1170_freertos_qt/platform/platform/boards/nxp/mimxrt1170-evkb-freertos/platform_drawing.cpp:86:6:virtual void Qul::Platform::Private::Lcdif2LayerEngine::deallocateItemLayer(Qul::PlatformInterface::LayerEngine::ItemLayer*)	16	static
/home/stvsl/Documents/DOTRUST/PortingTest/imxrt1170_freertos_qt/platform/platform/boards/nxp/mimxrt1170-evkb-freertos/platform_drawing.cpp:91:6:virtual void Qul::Platform::Private::Lcdif2LayerEngine::deallocateImageLayer(Qul::PlatformInterface::LayerEngine::ImageLayer*)	16	static
/home/stvsl/Documents/DOTRUST/PortingTest/imxrt1170_freertos_qt/platform/platform/boards/nxp/mimxrt1170-evkb-freertos/platform_drawing.cpp:96:6:virtual void Qul::Platform::Private::Lcdif2LayerEngine::deallocateSpriteLayer(Qul::PlatformInterface::LayerEngine::SpriteLayer*)	16	static
/home/stvsl/Documents/DOTRUST/PortingTest/imxrt1170_freertos_qt/platform/platform/boards/nxp/mimxrt1170-evkb-freertos/platform_drawing.cpp:101:6:virtual void Qul::Platform::Private::Lcdif2LayerEngine::updateItemLayer(Qul::PlatformInterface::LayerEngine::ItemLayer*, const Qul::PlatformInterface::LayerEngine::ItemLayerProperties&)	32	static
/home/stvsl/Documents/DOTRUST/PortingTest/imxrt1170_freertos_qt/platform/platform/boards/nxp/mimxrt1170-evkb-freertos/platform_drawing.cpp:109:6:virtual void Qul::Platform::Private::Lcdif2LayerEngine::updateImageLayer(Qul::PlatformInterface::LayerEngine::ImageLayer*, const Qul::PlatformInterface::LayerEngine::ImageLayerProperties&)	32	static
/home/stvsl/Documents/DOTRUST/PortingTest/imxrt1170_freertos_qt/platform/platform/boards/nxp/mimxrt1170-evkb-freertos/platform_drawing.cpp:117:6:virtual void Qul::Platform::Private::Lcdif2LayerEngine::updateSpriteLayer(Qul::PlatformInterface::LayerEngine::SpriteLayer*, const Qul::PlatformInterface::LayerEngine::SpriteLayerProperties&)	32	static
/home/stvsl/Documents/DOTRUST/PortingTest/imxrt1170_freertos_qt/platform/platform/boards/nxp/mimxrt1170-evkb-freertos/platform_drawing.cpp:125:6:static void Qul::Platform::Private::Lcdif2LayerEngine::commit()	8	static
/home/stvsl/Documents/DOTRUST/PortingTest/imxrt1170_freertos_qt/platform/platform/boards/nxp/mimxrt1170-evkb-freertos/platform_drawing.cpp:130:14:Qul::PlatformInterface::LayerEngine* Qul::Platform::Private::layerEngine()	8	static
/home/stvsl/Documents/DOTRUST/PortingTest/imxrt1170_freertos_qt/platform/platform/boards/nxp/mimxrt1170-evkb-freertos/platform_drawing.cpp:136:16:Qul::PlatformInterface::DrawingDevice* Qul::Platform::Private::beginFrame(const Qul::PlatformInterface::LayerEngine::ItemLayer*, int)	24	static
/home/stvsl/Documents/DOTRUST/PortingTest/imxrt1170_freertos_qt/platform/platform/boards/nxp/mimxrt1170-evkb-freertos/platform_drawing.cpp:145:6:void Qul::Platform::Private::endFrame(const Qul::PlatformInterface::LayerEngine::ItemLayer*)	24	static
/home/stvsl/Documents/DOTRUST/PortingTest/imxrt1170_freertos_qt/platform/platform/boards/nxp/mimxrt1170-evkb-freertos/platform_drawing.cpp:155:27:Qul::Platform::FrameStatistics Qul::Platform::Private::presentFrame()	16	static
/home/stvsl/Qt/QtMCUs/2.7.0/include/platforminterface/allocator.h:103:11:) [with T = Qul::Platform::Private::Lcdifv2ItemLayer; Args = {const Screen*&, const LayerEngine::ItemLayerProperties&, LayerEngine::SpriteLayer*&}]	48	static
/home/stvsl/Qt/QtMCUs/2.7.0/include/platforminterface/allocator.h:103:11:) [with T = Qul::Platform::Private::Lcdifv2ImageLayer; Args = {const Screen*&, const LayerEngine::ImageLayerProperties&, LayerEngine::SpriteLayer*&}]	48	static
/home/stvsl/Qt/QtMCUs/2.7.0/include/platforminterface/allocator.h:103:11:) [with T = Qul::Platform::Private::Lcdifv2Sprite; Args = {const LayerEngine::SpriteLayerProperties&}]	32	static
/home/stvsl/Qt/QtMCUs/2.7.0/include/platforminterface/allocator.h:159:13:void Qul::PlatformInterface::qul_delete(T*) [with T = Qul::Platform::Private::Lcdifv2ItemLayer]	16	static
/home/stvsl/Qt/QtMCUs/2.7.0/include/platforminterface/allocator.h:159:13:void Qul::PlatformInterface::qul_delete(T*) [with T = Qul::Platform::Private::Lcdifv2ImageLayer]	16	static
/home/stvsl/Qt/QtMCUs/2.7.0/include/platforminterface/allocator.h:159:13:void Qul::PlatformInterface::qul_delete(T*) [with T = Qul::Platform::Private::Lcdifv2Sprite]	16	static
/home/stvsl/Documents/DOTRUST/PortingTest/imxrt1170_freertos_qt/platform/platform/boards/nxp/mimxrt1170-evkb-freertos/platform_layers.h:96:6:void Qul::Platform::Private::Lcdifv2LayerUpdater<T>::update(const T&) [with T = Qul::PlatformInterface::LayerEngine::ItemLayerProperties]	32	static
/home/stvsl/Documents/DOTRUST/PortingTest/imxrt1170_freertos_qt/platform/platform/boards/nxp/mimxrt1170-evkb-freertos/platform_layers.h:96:6:void Qul::Platform::Private::Lcdifv2LayerUpdater<T>::update(const T&) [with T = Qul::PlatformInterface::LayerEngine::ImageLayerProperties]	32	static
/home/stvsl/Documents/DOTRUST/PortingTest/imxrt1170_freertos_qt/platform/platform/boards/nxp/mimxrt1170-evkb-freertos/platform_layers.h:96:6:void Qul::Platform::Private::Lcdifv2LayerUpdater<T>::update(const T&) [with T = Qul::PlatformInterface::LayerEngine::SpriteLayerProperties]	32	static
/home/stvsl/.mcuxpressotools/arm-gnu-toolchain-12.3.rel1-x86_64-arm-none-eabi/arm-none-eabi/include/c++/12.3.1/bits/move.h:77:5:constexpr _Tp&& std::forward(typename remove_reference<_Tp>::type&) [with _Tp = const Qul::PlatformInterface::Screen*&]	16	static
/home/stvsl/.mcuxpressotools/arm-gnu-toolchain-12.3.rel1-x86_64-arm-none-eabi/arm-none-eabi/include/c++/12.3.1/bits/move.h:77:5:constexpr _Tp&& std::forward(typename remove_reference<_Tp>::type&) [with _Tp = const Qul::PlatformInterface::LayerEngine::ItemLayerProperties&]	16	static
/home/stvsl/.mcuxpressotools/arm-gnu-toolchain-12.3.rel1-x86_64-arm-none-eabi/arm-none-eabi/include/c++/12.3.1/bits/move.h:77:5:constexpr _Tp&& std::forward(typename remove_reference<_Tp>::type&) [with _Tp = Qul::PlatformInterface::LayerEngine::SpriteLayer*&]	16	static
/home/stvsl/.mcuxpressotools/arm-gnu-toolchain-12.3.rel1-x86_64-arm-none-eabi/arm-none-eabi/include/c++/12.3.1/bits/move.h:77:5:constexpr _Tp&& std::forward(typename remove_reference<_Tp>::type&) [with _Tp = const Qul::PlatformInterface::LayerEngine::ImageLayerProperties&]	16	static
/home/stvsl/.mcuxpressotools/arm-gnu-toolchain-12.3.rel1-x86_64-arm-none-eabi/arm-none-eabi/include/c++/12.3.1/bits/move.h:77:5:constexpr _Tp&& std::forward(typename remove_reference<_Tp>::type&) [with _Tp = const Qul::PlatformInterface::LayerEngine::SpriteLayerProperties&]	16	static
