/home/stvsl/Qt/QtMCUs/2.7.1/include/platform/performancemetrics.h:32:19:virtual float Qul::Platform::PerformanceMetrics::cpuLoad()	0	static
/home/stvsl/Qt/QtMCUs/2.7.1/include/platform/platform.h:144:20:virtual size_t Qul::Platform::PlatformContext::partialBufferPixelCount(const Qul::PlatformInterface::LayerEngine::ItemLayer*) const	0	static
/home/stvsl/Qt/QtMCUs/2.7.1/include/platform/platform.h:150:37:virtual Qul::PlatformInterface::Rect Qul::Platform::PlatformContext::adjustedPartialUpdateRect(const Qul::PlatformInterface::LayerEngine::ItemLayer*, const Qul::PlatformInterface::Rect&) const	0	static
/home/stvsl/Documents/DOTRUST/PortingTest/imxrt1170_freertos_qt/platform/platform/boards/nxp/mimxrt1170-evkb-freertos/platform_context.cpp:120:24:virtual Qul::Platform::FrameBufferingType Qul::Platform::NxpRt1170Platform::frameBufferingType(const Qul::PlatformInterface::LayerEngine::ItemLayer*) const	0	static
/home/stvsl/Documents/DOTRUST/PortingTest/imxrt1170_freertos_qt/platform/platform/boards/nxp/mimxrt1170-evkb-freertos/platform_context.cpp:177:35:virtual Qul::Platform::PerformanceMetrics* Qul::Platform::NxpRt1170Platform::performanceMetrics()	0	static
/home/stvsl/Documents/DOTRUST/PortingTest/imxrt1170_freertos_qt/platform/platform/boards/nxp/mimxrt1170-evkb-freertos/platform_context.cpp:51:14:virtual uint64_t Qul::Platform::Rt1170PerformanceMetrics::maxStackUsage()	0	static
/home/stvsl/Documents/DOTRUST/PortingTest/imxrt1170_freertos_qt/platform/platform/boards/nxp/mimxrt1170-evkb-freertos/platform_context.cpp:50:14:virtual uint64_t Qul::Platform::Rt1170PerformanceMetrics::maxHeapUsage()	0	static
/home/stvsl/Documents/DOTRUST/PortingTest/imxrt1170_freertos_qt/platform/platform/boards/nxp/mimxrt1170-evkb-freertos/platform_context.cpp:175:10:virtual void Qul::Platform::NxpRt1170Platform::consoleWrite(char)	16	static
/home/stvsl/Documents/DOTRUST/PortingTest/imxrt1170_freertos_qt/platform/platform/boards/nxp/mimxrt1170-evkb-freertos/platform_context.cpp:170:41:virtual Qul::PlatformInterface::MemoryAllocator* Qul::Platform::NxpRt1170Platform::memoryAllocator(Qul::PlatformInterface::MemoryAllocator::AllocationType)	0	static
/home/stvsl/Documents/DOTRUST/PortingTest/imxrt1170_freertos_qt/platform/platform/boards/nxp/mimxrt1170-evkb-freertos/platform_context.cpp:142:10:virtual void Qul::Platform::NxpRt1170Platform::flushCachesForAsyncRead(const void*, size_t)	0	static
/home/stvsl/Documents/DOTRUST/PortingTest/imxrt1170_freertos_qt/platform/platform/boards/nxp/mimxrt1170-evkb-freertos/platform_context.cpp:131:10:virtual void Qul::Platform::NxpRt1170Platform::waitUntilAsyncReadFinished(const void*, const void*)	8	static
/home/stvsl/Documents/DOTRUST/PortingTest/imxrt1170_freertos_qt/platform/platform/boards/nxp/mimxrt1170-evkb-freertos/platform_context.cpp:147:37:virtual Qul::PlatformInterface::LayerEngine* Qul::Platform::NxpRt1170Platform::layerEngine()	0	static
/home/stvsl/Documents/DOTRUST/PortingTest/imxrt1170_freertos_qt/platform/platform/boards/nxp/mimxrt1170-evkb-freertos/platform_context.cpp:79:10:virtual void Qul::Platform::NxpRt1170Platform::initializeDisplay(const Qul::PlatformInterface::Screen*)	0	static
/home/stvsl/Documents/DOTRUST/PortingTest/imxrt1170_freertos_qt/platform/platform/boards/nxp/mimxrt1170-evkb-freertos/platform_context.cpp:126:37:virtual Qul::PlatformInterface::Screen* Qul::Platform::NxpRt1170Platform::availableScreens(size_t*) const	0	static
/home/stvsl/Documents/DOTRUST/PortingTest/imxrt1170_freertos_qt/platform/platform/boards/nxp/mimxrt1170-evkb-freertos/platform_context.cpp:160:21:virtual Qul::Platform::FrameStatistics Qul::Platform::NxpRt1170Platform::presentFrame(const Qul::PlatformInterface::Screen*, const Qul::PlatformInterface::Rect&)	8	static
/home/stvsl/Documents/DOTRUST/PortingTest/imxrt1170_freertos_qt/platform/platform/boards/nxp/mimxrt1170-evkb-freertos/platform_context.cpp:158:10:virtual void Qul::Platform::NxpRt1170Platform::endFrame(const Qul::PlatformInterface::LayerEngine::ItemLayer*)	0	static
/home/stvsl/Documents/DOTRUST/PortingTest/imxrt1170_freertos_qt/platform/platform/boards/nxp/mimxrt1170-evkb-freertos/platform_context.cpp:149:39:virtual Qul::PlatformInterface::DrawingDevice* Qul::Platform::NxpRt1170Platform::beginFrame(const Qul::PlatformInterface::LayerEngine::ItemLayer*, const Qul::PlatformInterface::Rect&, int)	0	static
/home/stvsl/Documents/DOTRUST/PortingTest/imxrt1170_freertos_qt/platform/platform/boards/nxp/mimxrt1170-evkb-freertos/platform_context.cpp:118:14:virtual uint64_t Qul::Platform::NxpRt1170Platform::currentTimestamp()	0	static
/home/stvsl/Documents/DOTRUST/PortingTest/imxrt1170_freertos_qt/platform/platform/boards/nxp/mimxrt1170-evkb-freertos/platform_context.cpp:69:10:virtual void Qul::Platform::NxpRt1170Platform::initializePlatform()	8	static
/home/stvsl/Documents/DOTRUST/PortingTest/imxrt1170_freertos_qt/platform/platform/boards/nxp/mimxrt1170-evkb-freertos/platform_context.cpp:56:10:virtual void Qul::Platform::NxpRt1170Platform::initializeHardware()	8	static
/home/stvsl/Documents/DOTRUST/PortingTest/imxrt1170_freertos_qt/platform/platform/boards/nxp/mimxrt1170-evkb-freertos/platform_context.cpp:107:12:virtual double Qul::Platform::NxpRt1170Platform::rand()	0	static
/home/stvsl/Documents/DOTRUST/PortingTest/imxrt1170_freertos_qt/platform/platform/boards/nxp/mimxrt1170-evkb-freertos/platform_context.cpp:109:10:virtual void Qul::Platform::NxpRt1170Platform::scheduleEngineUpdate(uint64_t)	16	static
/home/stvsl/Documents/DOTRUST/PortingTest/imxrt1170_freertos_qt/platform/platform/boards/nxp/mimxrt1170-evkb-freertos/platform_context.cpp:81:14:virtual uint64_t Qul::Platform::NxpRt1170Platform::update()	8	static
/home/stvsl/Documents/DOTRUST/PortingTest/imxrt1170_freertos_qt/platform/platform/boards/nxp/mimxrt1170-evkb-freertos/platform_context.cpp:93:10:virtual void Qul::Platform::NxpRt1170Platform::exec()	32	static
/home/stvsl/Documents/DOTRUST/PortingTest/imxrt1170_freertos_qt/platform/platform/boards/nxp/mimxrt1170-evkb-freertos/platform_context.cpp:184:18:Qul::Platform::PlatformContext* Qul::Platform::getPlatformInstance()	0	static
