/home/stvsl/.mcuxpressotools/arm-gnu-toolchain-12.3.rel1-x86_64-arm-none-eabi/arm-none-eabi/include/c++/12.3.1/bits/random.h:344:7:static constexpr std::linear_congruential_engine<_UIntType, __a, __c, __m>::result_type std::linear_congruential_engine<_UIntType, __a, __c, __m>::max() [with _UIntType = unsigned int; _UIntType __a = 48271; _UIntType __c = 0; _UIntType __m = 2147483647]	4	static
/home/stvsl/Documents/DOTRUST/PortingTest/imxrt1170_freertos_qt/platform/platform/boards/nxp/mimxrt1170-evkb-freertos/platform_rng.cpp:31:8:double Qul::Platform::Private::rand()	16	static
/home/stvsl/.mcuxpressotools/arm-gnu-toolchain-12.3.rel1-x86_64-arm-none-eabi/arm-none-eabi/include/c++/12.3.1/bits/random.h:285:7:std::linear_congruential_engine<_UIntType, __a, __c, __m>::linear_congruential_engine() [with _UIntType = unsigned int; _UIntType __a = 48271; _UIntType __c = 0; _UIntType __m = 2147483647]	16	static
/home/stvsl/.mcuxpressotools/arm-gnu-toolchain-12.3.rel1-x86_64-arm-none-eabi/arm-none-eabi/include/c++/12.3.1/bits/random.h:361:7:std::linear_congruential_engine<_UIntType, __a, __c, __m>::result_type std::linear_congruential_engine<_UIntType, __a, __c, __m>::operator()() [with _UIntType = unsigned int; _UIntType __a = 48271; _UIntType __c = 0; _UIntType __m = 2147483647]	16	static
/home/stvsl/.mcuxpressotools/arm-gnu-toolchain-12.3.rel1-x86_64-arm-none-eabi/arm-none-eabi/include/c++/12.3.1/bits/random.h:296:7:std::linear_congruential_engine<_UIntType, __a, __c, __m>::linear_congruential_engine(result_type) [with _UIntType = unsigned int; _UIntType __a = 48271; _UIntType __c = 0; _UIntType __m = 2147483647]	16	static
/home/stvsl/.mcuxpressotools/arm-gnu-toolchain-12.3.rel1-x86_64-arm-none-eabi/arm-none-eabi/include/c++/12.3.1/bits/random.h:150:7:_Tp std::__detail::__mod(_Tp) [with _Tp = unsigned int; _Tp __m = 2147483647; _Tp __a = 48271; _Tp __c = 0]	24	static
/home/stvsl/.mcuxpressotools/arm-gnu-toolchain-12.3.rel1-x86_64-arm-none-eabi/arm-none-eabi/include/c++/12.3.1/bits/random.tcc:118:5:void std::linear_congruential_engine<_UIntType, __a, __c, __m>::seed(result_type) [with _UIntType = unsigned int; _UIntType __a = 48271; _UIntType __c = 0; _UIntType __m = 2147483647]	16	static
/home/stvsl/.mcuxpressotools/arm-gnu-toolchain-12.3.rel1-x86_64-arm-none-eabi/arm-none-eabi/include/c++/12.3.1/bits/random.tcc:51:7:static _Tp std::__detail::_Mod<_Tp, __m, __a, __c, false, true>::__calc(_Tp) [with _Tp = unsigned int; _Tp __m = 2147483647; _Tp __a = 48271; _Tp __c = 0]	24	static
/home/stvsl/.mcuxpressotools/arm-gnu-toolchain-12.3.rel1-x86_64-arm-none-eabi/arm-none-eabi/include/c++/12.3.1/bits/random.h:150:7:_Tp std::__detail::__mod(_Tp) [with _Tp = unsigned int; _Tp __m = 2147483647; _Tp __a = 1; _Tp __c = 0]	24	static
/home/stvsl/.mcuxpressotools/arm-gnu-toolchain-12.3.rel1-x86_64-arm-none-eabi/arm-none-eabi/include/c++/12.3.1/bits/random.h:139:2:static _Tp std::__detail::_Mod<_Tp, __m, __a, __c, true, __s>::__calc(_Tp) [with _Tp = unsigned int; _Tp __m = 2147483647; _Tp __a = 1; _Tp __c = 0; bool __s = true]	24	static
/home/stvsl/Documents/DOTRUST/PortingTest/imxrt1170_freertos_qt/platform/platform/boards/nxp/mimxrt1170-evkb-freertos/platform_rng.cpp:38:1:void __static_initialization_and_destruction_0(int, int)	16	static
/home/stvsl/Documents/DOTRUST/PortingTest/imxrt1170_freertos_qt/platform/platform/boards/nxp/mimxrt1170-evkb-freertos/platform_rng.cpp:38:1:cpp)	8	static
