/home/stvsl/.mcuxpressotools/arm-gnu-toolchain-12.3.rel1-x86_64-arm-none-eabi/arm-none-eabi/include/c++/12.3.1/bits/std_abs.h:75:3:constexpr float std::abs(float)	16	static
/home/stvsl/.mcuxpressotools/arm-gnu-toolchain-12.3.rel1-x86_64-arm-none-eabi/arm-none-eabi/include/c++/12.3.1/cmath:584:3:constexpr bool std::isinf(float)	16	static
/home/stvsl/.mcuxpressotools/arm-gnu-toolchain-12.3.rel1-x86_64-arm-none-eabi/arm-none-eabi/include/c++/12.3.1/cmath:592:3:constexpr bool std::isinf(double)	16	static
/home/stvsl/.mcuxpressotools/arm-gnu-toolchain-12.3.rel1-x86_64-arm-none-eabi/arm-none-eabi/include/c++/12.3.1/cmath:611:3:constexpr bool std::isnan(float)	16	static
/home/stvsl/.mcuxpressotools/arm-gnu-toolchain-12.3.rel1-x86_64-arm-none-eabi/arm-none-eabi/include/c++/12.3.1/cmath:619:3:constexpr bool std::isnan(double)	16	static
/home/stvsl/Qt/QtMCUs/2.7.0/include/qul/private/global.h:439:13:bool Qul::Private::testEqual(float, double)	40	static
/home/stvsl/.mcuxpressotools/arm-gnu-toolchain-12.3.rel1-x86_64-arm-none-eabi/arm-none-eabi/include/c++/12.3.1/new:174:33:void* operator new(std::size_t, void*)	16	static
/home/stvsl/Qt/QtMCUs/2.7.0/include/platforminterface/point.h:86:8:Qul::PlatformInterface::Point::Point(Qul::PlatformInterface::coord_t, Qul::PlatformInterface::coord_t)	16	static
/home/stvsl/Qt/QtMCUs/2.7.0/include/platforminterface/point.h:96:16:Qul::PlatformInterface::coord_t Qul::PlatformInterface::Point::x() const	16	static
/home/stvsl/Qt/QtMCUs/2.7.0/include/platforminterface/point.h:101:16:Qul::PlatformInterface::coord_t Qul::PlatformInterface::Point::y() const	16	static
/home/stvsl/Qt/QtMCUs/2.7.0/include/platforminterface/point.h:271:8:Qul::PlatformInterface::PointF::PointF()	16	static
/home/stvsl/Qt/QtMCUs/2.7.0/include/platforminterface/point.h:276:8:Qul::PlatformInterface::PointF::PointF(float, float)	24	static
/home/stvsl/Qt/QtMCUs/2.7.0/include/platforminterface/point.h:296:14:float Qul::PlatformInterface::PointF::x() const	16	static
/home/stvsl/Qt/QtMCUs/2.7.0/include/platforminterface/point.h:301:14:float Qul::PlatformInterface::PointF::y() const	16	static
/home/stvsl/Qt/QtMCUs/2.7.0/include/platforminterface/point.h:306:13:void Qul::PlatformInterface::PointF::setX(float)	16	static
/home/stvsl/Qt/QtMCUs/2.7.0/include/platforminterface/point.h:311:13:void Qul::PlatformInterface::PointF::setY(float)	16	static
/home/stvsl/.mcuxpressotools/arm-gnu-toolchain-12.3.rel1-x86_64-arm-none-eabi/arm-none-eabi/include/c++/12.3.1/bits/stl_tree.h:173:5:std::_Rb_tree_header::_Rb_tree_header()	16	static
/home/stvsl/.mcuxpressotools/arm-gnu-toolchain-12.3.rel1-x86_64-arm-none-eabi/arm-none-eabi/include/c++/12.3.1/bits/stl_tree.h:206:5:void std::_Rb_tree_header::_M_reset()	16	static
/home/stvsl/Qt/QtMCUs/2.7.0/include/platforminterface/rect.h:198:16:Qul::PlatformInterface::coord_t Qul::PlatformInterface::Rect::x() const	16	static
/home/stvsl/Qt/QtMCUs/2.7.0/include/platforminterface/rect.h:203:16:Qul::PlatformInterface::coord_t Qul::PlatformInterface::Rect::y() const	16	static
/home/stvsl/Qt/QtMCUs/2.7.0/include/platforminterface/rect.h:287:16:Qul::PlatformInterface::coord_t Qul::PlatformInterface::Rect::width() const	16	static
/home/stvsl/Qt/QtMCUs/2.7.0/include/platforminterface/rect.h:292:16:Qul::PlatformInterface::coord_t Qul::PlatformInterface::Rect::height() const	16	static
/home/stvsl/Qt/QtMCUs/2.7.0/include/platforminterface/rect.h:672:14:float Qul::PlatformInterface::RectF::x() const	16	static
/home/stvsl/Qt/QtMCUs/2.7.0/include/platforminterface/rect.h:677:14:float Qul::PlatformInterface::RectF::y() const	16	static
/home/stvsl/Qt/QtMCUs/2.7.0/include/platforminterface/rect.h:785:14:float Qul::PlatformInterface::RectF::width() const	16	static
/home/stvsl/Qt/QtMCUs/2.7.0/include/platforminterface/rect.h:790:14:float Qul::PlatformInterface::RectF::height() const	16	static
/home/stvsl/Qt/QtMCUs/2.7.0/include/platforminterface/rgba32.h:34:12:Qul::PlatformInterface::Rgba32::Rgba32(uint32_t)	16	static
/home/stvsl/Qt/QtMCUs/2.7.0/include/platforminterface/rgba32.h:38:21:Qul::PlatformInterface::Rgba32::Rgba32(uint32_t, uint32_t, uint32_t, uint32_t)	32	static
/home/stvsl/Qt/QtMCUs/2.7.0/include/platforminterface/rgba32.h:46:21:uint32_t Qul::PlatformInterface::Rgba32::red() const	16	static
/home/stvsl/Qt/QtMCUs/2.7.0/include/platforminterface/rgba32.h:49:21:uint32_t Qul::PlatformInterface::Rgba32::green() const	16	static
/home/stvsl/Qt/QtMCUs/2.7.0/include/platforminterface/rgba32.h:52:21:uint32_t Qul::PlatformInterface::Rgba32::blue() const	16	static
/home/stvsl/Qt/QtMCUs/2.7.0/include/platforminterface/rgba32.h:55:21:uint32_t Qul::PlatformInterface::Rgba32::alpha() const	16	static
/home/stvsl/Qt/QtMCUs/2.7.0/include/platforminterface/rgba32.h:80:17:void Qul::PlatformInterface::Rgba32::setValue(uint32_t, uint32_t, uint32_t, uint32_t)	24	static
/home/stvsl/Qt/QtMCUs/2.7.0/include/platforminterface/texture.h:83:26:const unsigned char* Qul::PlatformInterface::Texture::data() const	16	static
/home/stvsl/Qt/QtMCUs/2.7.0/include/platforminterface/texture.h:84:22:Qul::PixelFormat Qul::PlatformInterface::Texture::format() const	16	static
/home/stvsl/Qt/QtMCUs/2.7.0/include/platforminterface/texture.h:85:9:int Qul::PlatformInterface::Texture::flags() const	16	static
/home/stvsl/Qt/QtMCUs/2.7.0/include/platforminterface/texture.h:87:13:int16_t Qul::PlatformInterface::Texture::bytesPerLine() const	16	static
/home/stvsl/Qt/QtMCUs/2.7.0/include/platforminterface/texture.h:91:13:int16_t Qul::PlatformInterface::Texture::width() const	16	static
/home/stvsl/Qt/QtMCUs/2.7.0/include/platforminterface/texture.h:92:13:int16_t Qul::PlatformInterface::Texture::height() const	16	static
/home/stvsl/Qt/QtMCUs/2.7.0/include/platforminterface/transform.h:38:18:float Qul::PlatformInterface::Transform::m11() const	16	static
/home/stvsl/Qt/QtMCUs/2.7.0/include/platforminterface/transform.h:39:18:float Qul::PlatformInterface::Transform::m12() const	16	static
/home/stvsl/Qt/QtMCUs/2.7.0/include/platforminterface/transform.h:40:18:float Qul::PlatformInterface::Transform::m13() const	16	static
/home/stvsl/Qt/QtMCUs/2.7.0/include/platforminterface/transform.h:41:18:float Qul::PlatformInterface::Transform::m21() const	16	static
/home/stvsl/Qt/QtMCUs/2.7.0/include/platforminterface/transform.h:42:18:float Qul::PlatformInterface::Transform::m22() const	16	static
/home/stvsl/Qt/QtMCUs/2.7.0/include/platforminterface/transform.h:43:18:float Qul::PlatformInterface::Transform::m23() const	16	static
/home/stvsl/Qt/QtMCUs/2.7.0/include/platforminterface/transform.h:44:18:float Qul::PlatformInterface::Transform::m31() const	16	static
/home/stvsl/Qt/QtMCUs/2.7.0/include/platforminterface/transform.h:45:18:float Qul::PlatformInterface::Transform::m32() const	16	static
/home/stvsl/Qt/QtMCUs/2.7.0/include/platforminterface/transform.h:46:18:float Qul::PlatformInterface::Transform::m33() const	16	static
/home/stvsl/Qt/QtMCUs/2.7.0/include/platforminterface/transform.h:47:18:float Qul::PlatformInterface::Transform::dx() const	16	static
/home/stvsl/Qt/QtMCUs/2.7.0/include/platforminterface/transform.h:48:18:float Qul::PlatformInterface::Transform::dy() const	16	static
/home/stvsl/Qt/QtMCUs/2.7.0/include/platforminterface/transform.h:50:17:Qul::PlatformInterface::Transform::Type Qul::PlatformInterface::Transform::type() const	16	static
/home/stvsl/Qt/QtMCUs/2.7.0/include/platforminterface/drawingengine.h:48:11:float Qul::PlatformInterface::GradientStop::position() const	16	static
/home/stvsl/Qt/QtMCUs/2.7.0/include/platforminterface/drawingengine.h:49:12:Qul::PlatformInterface::Rgba32 Qul::PlatformInterface::GradientStop::color() const	16	static
/home/stvsl/Qt/QtMCUs/2.7.0/include/platforminterface/drawingengine.h:90:12:Qul::PlatformInterface::PointF Qul::PlatformInterface::LinearGradient::start() const	32	static
/home/stvsl/Qt/QtMCUs/2.7.0/include/platforminterface/drawingengine.h:91:12:Qul::PlatformInterface::PointF Qul::PlatformInterface::LinearGradient::finalStop() const	32	static
/home/stvsl/Qt/QtMCUs/2.7.0/include/platforminterface/drawingengine.h:97:20:Qul::PlatformInterface::GradientSpread Qul::PlatformInterface::LinearGradient::spread() const	16	static
/home/stvsl/Qt/QtMCUs/2.7.0/include/platforminterface/drawingengine.h:101:26:const Qul::PlatformInterface::GradientStops& Qul::PlatformInterface::LinearGradient::stops() const	16	static
/home/stvsl/Qt/QtMCUs/2.7.0/include/platforminterface/drawingengine.h:125:13:Qul::PlatformInterface::Brush::Pattern Qul::PlatformInterface::Brush::pattern() const	16	static
/home/stvsl/Qt/QtMCUs/2.7.0/include/platforminterface/drawingengine.h:127:12:Qul::PlatformInterface::Rgba32 Qul::PlatformInterface::Brush::color() const	32	static
/home/stvsl/Qt/QtMCUs/2.7.0/include/platforminterface/drawingengine.h:133:27:const Qul::PlatformInterface::LinearGradient& Qul::PlatformInterface::Brush::linearGradient() const	24	static
/home/stvsl/Qt/QtMCUs/2.7.0/include/platforminterface/pathdata.h:68:17:std::size_t Qul::PlatformInterface::PathData::segmentCount() const	16	static
/home/stvsl/Qt/QtMCUs/2.7.0/include/platforminterface/pathdata.h:70:17:Qul::PlatformInterface::PathData::SegmentType Qul::PlatformInterface::PathData::segmentAt(std::size_t) const	24	static
/home/stvsl/Qt/QtMCUs/2.7.0/include/platforminterface/pathdata.h:76:17:std::size_t Qul::PlatformInterface::PathData::controlElementCount() const	16	static
/home/stvsl/Qt/QtMCUs/2.7.0/include/platforminterface/pathdata.h:77:18:const float* Qul::PlatformInterface::PathData::controlElements() const	16	static
/home/stvsl/Qt/QtMCUs/2.7.0/include/platforminterface/pathdata.h:81:16:static int Qul::PlatformInterface::PathData::controlElementCountForSegmentType(SegmentType)	24	static
/home/stvsl/Qt/QtMCUs/2.7.0/include/platforminterface/pathdata.h:115:5:Qul::PlatformInterface::PathDataSegment::PathDataSegment(const Qul::PlatformInterface::PathData*, std::size_t, std::size_t)	40	static
/home/stvsl/Qt/QtMCUs/2.7.0/include/platforminterface/pathdata.h:132:27:Qul::PlatformInterface::PathData::SegmentType Qul::PlatformInterface::PathDataSegment::type() const	16	static
/home/stvsl/Qt/QtMCUs/2.7.0/include/platforminterface/pathdata.h:156:12:Qul::PlatformInterface::PointF Qul::PlatformInterface::PathDataMoveSegment::target() const	40	static
/home/stvsl/Qt/QtMCUs/2.7.0/include/platforminterface/pathdata.h:165:12:Qul::PlatformInterface::PointF Qul::PlatformInterface::PathDataLineSegment::target() const	40	static
/home/stvsl/Qt/QtMCUs/2.7.0/include/platforminterface/pathdata.h:174:12:Qul::PlatformInterface::PointF Qul::PlatformInterface::PathDataQuadraticBezierSegment::controlPoint() const	40	static
/home/stvsl/Qt/QtMCUs/2.7.0/include/platforminterface/pathdata.h:175:12:Qul::PlatformInterface::PointF Qul::PlatformInterface::PathDataQuadraticBezierSegment::target() const	40	static
/home/stvsl/Qt/QtMCUs/2.7.0/include/platforminterface/pathdata.h:184:12:Qul::PlatformInterface::PointF Qul::PlatformInterface::PathDataCubicBezierSegment::firstControlPoint() const	40	static
/home/stvsl/Qt/QtMCUs/2.7.0/include/platforminterface/pathdata.h:185:12:Qul::PlatformInterface::PointF Qul::PlatformInterface::PathDataCubicBezierSegment::secondControlPoint() const	40	static
/home/stvsl/Qt/QtMCUs/2.7.0/include/platforminterface/pathdata.h:186:12:Qul::PlatformInterface::PointF Qul::PlatformInterface::PathDataCubicBezierSegment::target() const	40	static
/home/stvsl/Qt/QtMCUs/2.7.0/include/platforminterface/pathdata.h:192:11:float Qul::PlatformInterface::PathDataArcSegment::xRadius() const	16	static
/home/stvsl/Qt/QtMCUs/2.7.0/include/platforminterface/pathdata.h:193:11:float Qul::PlatformInterface::PathDataArcSegment::yRadius() const	16	static
/home/stvsl/Qt/QtMCUs/2.7.0/include/platforminterface/pathdata.h:194:11:float Qul::PlatformInterface::PathDataArcSegment::rotation() const	16	static
/home/stvsl/Qt/QtMCUs/2.7.0/include/platforminterface/pathdata.h:195:12:Qul::PlatformInterface::PointF Qul::PlatformInterface::PathDataArcSegment::target() const	40	static
/home/stvsl/Qt/QtMCUs/2.7.0/include/platforminterface/pathdata.h:237:14:Qul::PlatformInterface::PathDataIterator::PathDataIterator(const Qul::PlatformInterface::PathData*)	16	static
/home/stvsl/Qt/QtMCUs/2.7.0/include/platforminterface/pathdata.h:243:10:bool Qul::PlatformInterface::PathDataIterator::hasNext() const	24	static
/home/stvsl/Qt/QtMCUs/2.7.0/include/platforminterface/pathdata.h:245:21:Qul::PlatformInterface::PathDataSegment Qul::PlatformInterface::PathDataIterator::next()	24	static
/home/stvsl/Qt/QtMCUs/2.7.0/include/platforminterface/pathdata.h:254:21:Qul::PlatformInterface::PathDataSegment Qul::PlatformInterface::PathDataIterator::peek()	24	static
/home/stvsl/.mcuxpressotools/arm-gnu-toolchain-12.3.rel1-x86_64-arm-none-eabi/arm-none-eabi/include/c++/12.3.1/arm-none-eabi/thumb/v7e-m+dp/hard/bits/gthr-default.h:229:1:int __gthread_key_delete(__gthread_key_t)	16	static
/home/stvsl/Documents/DOTRUST/PortingTest/imxrt1170_freertos_qt/platform/platform/boards/nxp/mimxrt1170-evkb-freertos/vglitevector.h:46:10:virtual void Qul::Platform::Private::Vglite::VglitePath::free()	16	static
/home/stvsl/Documents/DOTRUST/PortingTest/imxrt1170_freertos_qt/platform/platform/boards/nxp/mimxrt1170-evkb-freertos/vglitevector.h:53:40:const Qul::PlatformInterface::PathData* Qul::Platform::Private::Vglite::VglitePath::getPathData() const	16	static
/home/stvsl/Documents/DOTRUST/PortingTest/imxrt1170_freertos_qt/platform/platform/boards/nxp/mimxrt1170-evkb-freertos/vglitevector.h:54:21:vg_lite_path_t* Qul::Platform::Private::Vglite::VglitePath::fillPathData()	16	static
/home/stvsl/Documents/DOTRUST/PortingTest/imxrt1170_freertos_qt/platform/platform/boards/nxp/mimxrt1170-evkb-freertos/vglitevector.h:55:21:vg_lite_path_t* Qul::Platform::Private::Vglite::VglitePath::strokePathData()	16	static
/home/stvsl/Documents/DOTRUST/PortingTest/imxrt1170_freertos_qt/platform/platform/boards/nxp/mimxrt1170-evkb-freertos/vglitevector.h:57:17:void Qul::Platform::Private::Vglite::VglitePath::addFillElement(int32_t)	24	static
/home/stvsl/Documents/DOTRUST/PortingTest/imxrt1170_freertos_qt/platform/platform/boards/nxp/mimxrt1170-evkb-freertos/vglitevector.h:65:17:void Qul::Platform::Private::Vglite::VglitePath::addFillElement(float)	16	static
/home/stvsl/Documents/DOTRUST/PortingTest/imxrt1170_freertos_qt/platform/platform/boards/nxp/mimxrt1170-evkb-freertos/vglitevector.h:67:17:void Qul::Platform::Private::Vglite::VglitePath::addStrokeElement(int32_t)	24	static
/home/stvsl/Documents/DOTRUST/PortingTest/imxrt1170_freertos_qt/platform/platform/boards/nxp/mimxrt1170-evkb-freertos/vglitevector.h:75:17:void Qul::Platform::Private::Vglite::VglitePath::addStrokeElement(float)	16	static
/home/stvsl/Documents/DOTRUST/PortingTest/imxrt1170_freertos_qt/platform/platform/boards/nxp/mimxrt1170-evkb-freertos/vglitevector.h:79:13:int32_t Qul::Platform::Private::Vglite::VglitePath::fillPathSize()	16	static
/home/stvsl/Documents/DOTRUST/PortingTest/imxrt1170_freertos_qt/platform/platform/boards/nxp/mimxrt1170-evkb-freertos/vglitevector.h:80:13:int32_t Qul::Platform::Private::Vglite::VglitePath::strokePathSize()	16	static
/home/stvsl/.mcuxpressotools/arm-gnu-toolchain-12.3.rel1-x86_64-arm-none-eabi/arm-none-eabi/include/c++/12.3.1/bits/stl_vector.h:312:7:std::_Vector_base<_Tp, _Alloc>::_Vector_base() [with _Tp = vg_lite_linear_gradient_ext*; _Alloc = Qul::PlatformInterface::Allocator<vg_lite_linear_gradient_ext*>]	16	static
/home/stvsl/.mcuxpressotools/arm-gnu-toolchain-12.3.rel1-x86_64-arm-none-eabi/arm-none-eabi/include/c++/12.3.1/bits/stl_vector.h:526:7:std::vector<_Tp, _Alloc>::vector() [with _Tp = vg_lite_linear_gradient_ext*; _Alloc = Qul::PlatformInterface::Allocator<vg_lite_linear_gradient_ext*>]	16	static
/home/stvsl/Documents/DOTRUST/PortingTest/imxrt1170_freertos_qt/platform/platform/boards/nxp/mimxrt1170-evkb-freertos/vglitesupport.cpp:50:19:vg_lite_buffer_t* {anonymous}::prepareGpuTexture(uchar*, int32_t, int32_t, vg_lite_buffer_format_t, int32_t)	32	static
/home/stvsl/Documents/DOTRUST/PortingTest/imxrt1170_freertos_qt/platform/platform/boards/nxp/mimxrt1170-evkb-freertos/vglitesupport.cpp:83:19:vg_lite_buffer_t* {anonymous}::prepareGpuTexture(const Qul::PlatformInterface::Texture&)	48	static
/home/stvsl/Documents/DOTRUST/PortingTest/imxrt1170_freertos_qt/platform/platform/boards/nxp/mimxrt1170-evkb-freertos/vglitesupport.cpp:117:6:void {anonymous}::setScissor(const Qul::PlatformInterface::Rect&)	32	static
/home/stvsl/Documents/DOTRUST/PortingTest/imxrt1170_freertos_qt/platform/platform/boards/nxp/mimxrt1170-evkb-freertos/vglitesupport.cpp:128:6:bool Qul::Platform::Private::Vglite::init()	16	static
/home/stvsl/Documents/DOTRUST/PortingTest/imxrt1170_freertos_qt/platform/platform/boards/nxp/mimxrt1170-evkb-freertos/vglitesupport.cpp:157:6:bool Qul::Platform::Private::Vglite::finish()	32	static
/home/stvsl/Documents/DOTRUST/PortingTest/imxrt1170_freertos_qt/platform/platform/boards/nxp/mimxrt1170-evkb-freertos/vglitesupport.cpp:170:6:bool Qul::Platform::Private::Vglite::flush()	8	static
/home/stvsl/Documents/DOTRUST/PortingTest/imxrt1170_freertos_qt/platform/platform/boards/nxp/mimxrt1170-evkb-freertos/vglitesupport.cpp:175:6:void Qul::Platform::Private::Vglite::setBuffer(vg_lite_buffer_t*)	16	static
/home/stvsl/.mcuxpressotools/arm-gnu-toolchain-12.3.rel1-x86_64-arm-none-eabi/arm-none-eabi/include/c++/12.3.1/bits/stl_tree.h:930:7:std::_Rb_tree<_Key, _Val, _KeyOfValue, _Compare, _Alloc>::_Rb_tree() [with _Key = const unsigned char*; _Val = std::pair<const unsigned char* const, Qul::Platform::Private::VgliteRotationCache::Node>; _KeyOfValue = std::_Select1st<std::pair<const unsigned char* const, Qul::Platform::Private::VgliteRotationCache::Node> >; _Compare = std::less<const unsigned char*>; _Alloc = Qul::PlatformInterface::Allocator<std::pair<const unsigned char* const, Qul::Platform::Private::VgliteRotationCache::Node> >]	16	static
/home/stvsl/.mcuxpressotools/arm-gnu-toolchain-12.3.rel1-x86_64-arm-none-eabi/arm-none-eabi/include/c++/12.3.1/bits/stl_map.h:195:7:std::map<_Key, _Tp, _Compare, _Alloc>::map() [with _Key = const unsigned char*; _Tp = Qul::Platform::Private::VgliteRotationCache::Node; _Compare = std::less<const unsigned char*>; _Alloc = Qul::PlatformInterface::Allocator<std::pair<const unsigned char* const, Qul::Platform::Private::VgliteRotationCache::Node> >]	16	static
/home/stvsl/.mcuxpressotools/arm-gnu-toolchain-12.3.rel1-x86_64-arm-none-eabi/arm-none-eabi/include/c++/12.3.1/bits/stl_map.h:312:7:std::map<_Key, _Tp, _Compare, _Alloc>::~map() [with _Key = const unsigned char*; _Tp = Qul::Platform::Private::VgliteRotationCache::Node; _Compare = std::less<const unsigned char*>; _Alloc = Qul::PlatformInterface::Allocator<std::pair<const unsigned char* const, Qul::Platform::Private::VgliteRotationCache::Node> >]	16	static
/home/stvsl/Documents/DOTRUST/PortingTest/imxrt1170_freertos_qt/platform/platform/boards/nxp/mimxrt1170-evkb-freertos/vgliterotationcache.h:30:7:Qul::Platform::Private::VgliteRotationCache::VgliteRotationCache()	16	static
/home/stvsl/Documents/DOTRUST/PortingTest/imxrt1170_freertos_qt/platform/platform/boards/nxp/mimxrt1170-evkb-freertos/vglitesupport.cpp:183:6:void Qul::Platform::Private::Vglite::removeTextureFromRotationCache(const void*)	16	static
/home/stvsl/Documents/DOTRUST/PortingTest/imxrt1170_freertos_qt/platform/platform/boards/nxp/mimxrt1170-evkb-freertos/vglitesupport.cpp:189:6:void Qul::Platform::Private::Vglite::blendTransformed(Qul::PlatformInterface::DrawingDevice*, const Qul::PlatformInterface::Transform&, const Qul::PlatformInterface::RectF&, const Qul::PlatformInterface::Texture&, const Qul::PlatformInterface::RectF&, const Qul::PlatformInterface::Rect&, Qul::PlatformInterface::Rgba32, int)	104	static
/home/stvsl/Documents/DOTRUST/PortingTest/imxrt1170_freertos_qt/platform/platform/boards/nxp/mimxrt1170-evkb-freertos/vglitesupport.cpp:268:6:void Qul::Platform::Private::Vglite::blendTexture(Qul::PlatformInterface::DrawingDevice*, const Qul::PlatformInterface::Point&, const Qul::PlatformInterface::Texture&, const Qul::PlatformInterface::Rect&, Qul::PlatformInterface::Rgba32)	88	static
/home/stvsl/Documents/DOTRUST/PortingTest/imxrt1170_freertos_qt/platform/platform/boards/nxp/mimxrt1170-evkb-freertos/vglitesupport.cpp:303:6:void Qul::Platform::Private::Vglite::rectFill(Qul::PlatformInterface::DrawingDevice*, const Qul::PlatformInterface::Rect&, Qul::PlatformInterface::Rgba32)	72	static
/home/stvsl/Documents/DOTRUST/PortingTest/imxrt1170_freertos_qt/platform/platform/boards/nxp/mimxrt1170-evkb-freertos/vglitevector.h:197:20:decltype(auto) Qul::Platform::Private::Vglite::Vector::PathBuilder<T, N>::moveTo(T, T) [with T = short int; unsigned int N = 0]	24	static
/home/stvsl/Documents/DOTRUST/PortingTest/imxrt1170_freertos_qt/platform/platform/boards/nxp/mimxrt1170-evkb-freertos/vglitevector.h:204:20:decltype(auto) Qul::Platform::Private::Vglite::Vector::PathBuilder<T, N>::lineTo(T, T) [with T = short int; unsigned int N = 3]	24	static
/home/stvsl/Documents/DOTRUST/PortingTest/imxrt1170_freertos_qt/platform/platform/boards/nxp/mimxrt1170-evkb-freertos/vglitevector.h:204:20:decltype(auto) Qul::Platform::Private::Vglite::Vector::PathBuilder<T, N>::lineTo(T, T) [with T = short int; unsigned int N = 6]	24	static
/home/stvsl/Documents/DOTRUST/PortingTest/imxrt1170_freertos_qt/platform/platform/boards/nxp/mimxrt1170-evkb-freertos/vglitevector.h:204:20:decltype(auto) Qul::Platform::Private::Vglite::Vector::PathBuilder<T, N>::lineTo(T, T) [with T = short int; unsigned int N = 9]	24	static
/home/stvsl/Documents/DOTRUST/PortingTest/imxrt1170_freertos_qt/platform/platform/boards/nxp/mimxrt1170-evkb-freertos/vglitevector.h:261:20:decltype(auto) Qul::Platform::Private::Vglite::Vector::PathBuilder<T, N>::finish() [with T = short int; unsigned int N = 12]	16	static
/home/stvsl/Documents/DOTRUST/PortingTest/imxrt1170_freertos_qt/platform/platform/boards/nxp/mimxrt1170-evkb-freertos/vglitesupport.cpp:313:6:void Qul::Platform::Private::Vglite::rectBlend(Qul::PlatformInterface::DrawingDevice*, const Qul::PlatformInterface::Rect&, Qul::PlatformInterface::Rgba32)	240	static
/home/stvsl/Documents/DOTRUST/PortingTest/imxrt1170_freertos_qt/platform/platform/boards/nxp/mimxrt1170-evkb-freertos/vglitevector.h:241:9:decltype(auto) Qul::Platform::Private::Vglite::Vector::PathBuilder<T, N>::arcTo(T, T, T, T, T, bool, bool, T, T) [with T = short int; unsigned int N = 3]	80	static
/home/stvsl/Documents/DOTRUST/PortingTest/imxrt1170_freertos_qt/platform/platform/boards/nxp/mimxrt1170-evkb-freertos/vglitevector.h:204:20:decltype(auto) Qul::Platform::Private::Vglite::Vector::PathBuilder<T, N>::lineTo(T, T) [with T = short int; unsigned int N = 10]	24	static
/home/stvsl/Documents/DOTRUST/PortingTest/imxrt1170_freertos_qt/platform/platform/boards/nxp/mimxrt1170-evkb-freertos/vglitevector.h:241:9:decltype(auto) Qul::Platform::Private::Vglite::Vector::PathBuilder<T, N>::arcTo(T, T, T, T, T, bool, bool, T, T) [with T = short int; unsigned int N = 13]	112	static
/home/stvsl/Documents/DOTRUST/PortingTest/imxrt1170_freertos_qt/platform/platform/boards/nxp/mimxrt1170-evkb-freertos/vglitevector.h:204:20:decltype(auto) Qul::Platform::Private::Vglite::Vector::PathBuilder<T, N>::lineTo(T, T) [with T = short int; unsigned int N = 20]	24	static
/home/stvsl/Documents/DOTRUST/PortingTest/imxrt1170_freertos_qt/platform/platform/boards/nxp/mimxrt1170-evkb-freertos/vglitevector.h:241:9:decltype(auto) Qul::Platform::Private::Vglite::Vector::PathBuilder<T, N>::arcTo(T, T, T, T, T, bool, bool, T, T) [with T = short int; unsigned int N = 23]	128	static
/home/stvsl/Documents/DOTRUST/PortingTest/imxrt1170_freertos_qt/platform/platform/boards/nxp/mimxrt1170-evkb-freertos/vglitevector.h:204:20:decltype(auto) Qul::Platform::Private::Vglite::Vector::PathBuilder<T, N>::lineTo(T, T) [with T = short int; unsigned int N = 30]	24	static
/home/stvsl/Documents/DOTRUST/PortingTest/imxrt1170_freertos_qt/platform/platform/boards/nxp/mimxrt1170-evkb-freertos/vglitevector.h:241:9:decltype(auto) Qul::Platform::Private::Vglite::Vector::PathBuilder<T, N>::arcTo(T, T, T, T, T, bool, bool, T, T) [with T = short int; unsigned int N = 33]	136	static
/home/stvsl/Documents/DOTRUST/PortingTest/imxrt1170_freertos_qt/platform/platform/boards/nxp/mimxrt1170-evkb-freertos/vglitevector.h:204:20:decltype(auto) Qul::Platform::Private::Vglite::Vector::PathBuilder<T, N>::lineTo(T, T) [with T = short int; unsigned int N = 40]	24	static
/home/stvsl/Documents/DOTRUST/PortingTest/imxrt1170_freertos_qt/platform/platform/boards/nxp/mimxrt1170-evkb-freertos/vglitevector.h:261:20:decltype(auto) Qul::Platform::Private::Vglite::Vector::PathBuilder<T, N>::finish() [with T = short int; unsigned int N = 43]	16	static
/home/stvsl/Documents/DOTRUST/PortingTest/imxrt1170_freertos_qt/platform/platform/boards/nxp/mimxrt1170-evkb-freertos/vglitesupport.cpp:334:6:void Qul::Platform::Private::Vglite::blendRoundedRect(Qul::PlatformInterface::DrawingDevice*, const Qul::PlatformInterface::Rect&, const Qul::PlatformInterface::Rect&, Qul::PlatformInterface::Rgba32, int, Qul::PlatformInterface::DrawingEngine::BlendMode)	736	static
/home/stvsl/Documents/DOTRUST/PortingTest/imxrt1170_freertos_qt/platform/platform/boards/nxp/mimxrt1170-evkb-freertos/vglitesupport.cpp:422:41:Qul::PlatformInterface::DrawingEngine::Path* Qul::Platform::Private::Vglite::allocatePath(const Qul::PlatformInterface::PathData&, Qul::PlatformInterface::PathFillRule)	32	static
/home/stvsl/Documents/DOTRUST/PortingTest/imxrt1170_freertos_qt/platform/platform/boards/nxp/mimxrt1170-evkb-freertos/vglitesupport.cpp:430:6:void Qul::Platform::Private::Vglite::processStroke(Qul::PlatformInterface::DrawingEngine::Path*, const Qul::PlatformInterface::StrokeProperties&)	72	static
/home/stvsl/Documents/DOTRUST/PortingTest/imxrt1170_freertos_qt/platform/platform/boards/nxp/mimxrt1170-evkb-freertos/vglitesupport.cpp:442:13:void Qul::Platform::Private::Vglite::addPathSegment(void*, const Qul::PlatformInterface::PointF&, const Qul::PlatformInterface::PointF&, const Qul::PlatformInterface::PointF&)	40	static
/home/stvsl/Documents/DOTRUST/PortingTest/imxrt1170_freertos_qt/platform/platform/boards/nxp/mimxrt1170-evkb-freertos/vglitesupport.cpp:458:13:void Qul::Platform::Private::Vglite::addStrokePathSegment(void*, const Qul::PlatformInterface::PointF&, const Qul::PlatformInterface::PointF&, const Qul::PlatformInterface::PointF&)	40	static
/home/stvsl/Qt/QtMCUs/2.7.0/include/platforminterface/drawingengine.h:216:12:constexpr Qul::PlatformInterface::DrawingEngine::Path::Path()	16	static
/home/stvsl/.mcuxpressotools/arm-gnu-toolchain-12.3.rel1-x86_64-arm-none-eabi/arm-none-eabi/include/c++/12.3.1/bits/stl_vector.h:312:7:std::_Vector_base<_Tp, _Alloc>::_Vector_base() [with _Tp = float; _Alloc = Qul::PlatformInterface::Allocator<float>]	16	static
/home/stvsl/.mcuxpressotools/arm-gnu-toolchain-12.3.rel1-x86_64-arm-none-eabi/arm-none-eabi/include/c++/12.3.1/bits/stl_vector.h:526:7:std::vector<_Tp, _Alloc>::vector() [with _Tp = float; _Alloc = Qul::PlatformInterface::Allocator<float>]	16	static
/home/stvsl/Documents/DOTRUST/PortingTest/imxrt1170_freertos_qt/platform/platform/boards/nxp/mimxrt1170-evkb-freertos/vglitesupport.cpp:474:1:Qul::Platform::Private::Vglite::VglitePath::VglitePath(const Qul::PlatformInterface::PathData*, Qul::PlatformInterface::PathFillRule)	24	static
/home/stvsl/Documents/DOTRUST/PortingTest/imxrt1170_freertos_qt/platform/platform/boards/nxp/mimxrt1170-evkb-freertos/vglitesupport.cpp:491:22:Qul::Platform::Private::Vglite::VglitePath::processFillPath()::<lambda(const Qul::PlatformInterface::PathDataArcSegment*, bool, bool)>	64	static
/home/stvsl/Documents/DOTRUST/PortingTest/imxrt1170_freertos_qt/platform/platform/boards/nxp/mimxrt1170-evkb-freertos/vglitesupport.cpp:482:6:void Qul::Platform::Private::Vglite::VglitePath::processFillPath()	208	static
/home/stvsl/Documents/DOTRUST/PortingTest/imxrt1170_freertos_qt/platform/platform/boards/nxp/mimxrt1170-evkb-freertos/vglitesupport.cpp:601:6:void Qul::Platform::Private::Vglite::VglitePath::processStrokePath()	40	static
/home/stvsl/Documents/DOTRUST/PortingTest/imxrt1170_freertos_qt/platform/platform/boards/nxp/mimxrt1170-evkb-freertos/vglitesupport.cpp:619:6:void Qul::Platform::Private::Vglite::VglitePath::clearFill()	24	static
/home/stvsl/Documents/DOTRUST/PortingTest/imxrt1170_freertos_qt/platform/platform/boards/nxp/mimxrt1170-evkb-freertos/vglitesupport.cpp:627:6:void Qul::Platform::Private::Vglite::VglitePath::clearStroke()	24	static
/home/stvsl/Documents/DOTRUST/PortingTest/imxrt1170_freertos_qt/platform/platform/boards/nxp/mimxrt1170-evkb-freertos/vglitesupport.cpp:635:13:void Qul::Platform::Private::Vglite::drawLinearGradient(vg_lite_path_t*, vg_lite_fill_t, const Qul::PlatformInterface::LinearGradient&, vg_lite_blend_t, int)	152	static
/home/stvsl/Documents/DOTRUST/PortingTest/imxrt1170_freertos_qt/platform/platform/boards/nxp/mimxrt1170-evkb-freertos/vglitesupport.cpp:708:6:void Qul::Platform::Private::Vglite::blendPath(Qul::PlatformInterface::DrawingDevice*, Qul::PlatformInterface::DrawingEngine::Path*, const Qul::PlatformInterface::Transform&, const Qul::PlatformInterface::Rect&, const Qul::PlatformInterface::Brush*, const Qul::PlatformInterface::Brush*, int, Qul::PlatformInterface::DrawingEngine::BlendMode)	80	static
/home/stvsl/Documents/DOTRUST/PortingTest/imxrt1170_freertos_qt/platform/platform/boards/nxp/mimxrt1170-evkb-freertos/vglitesupport.cpp:787:6:void Qul::Platform::Private::Vglite::blend_ARGB32(Qul::PlatformInterface::DrawingDevice*, const Qul::PlatformInterface::Point&, const Qul::PlatformInterface::Texture&, const Qul::PlatformInterface::Rect&, int)	40	static
/home/stvsl/Documents/DOTRUST/PortingTest/imxrt1170_freertos_qt/platform/platform/boards/nxp/mimxrt1170-evkb-freertos/vglitesupport.cpp:803:6:void Qul::Platform::Private::Vglite::blend_ARGB32_Premultiplied(Qul::PlatformInterface::DrawingDevice*, const Qul::PlatformInterface::Point&, const Qul::PlatformInterface::Texture&, const Qul::PlatformInterface::Rect&, int)	32	static
/home/stvsl/Documents/DOTRUST/PortingTest/imxrt1170_freertos_qt/platform/platform/boards/nxp/mimxrt1170-evkb-freertos/vglitesupport.cpp:812:6:void Qul::Platform::Private::Vglite::blend_RGB32(Qul::PlatformInterface::DrawingDevice*, const Qul::PlatformInterface::Point&, const Qul::PlatformInterface::Texture&, const Qul::PlatformInterface::Rect&, int)	32	static
/home/stvsl/Documents/DOTRUST/PortingTest/imxrt1170_freertos_qt/platform/platform/boards/nxp/mimxrt1170-evkb-freertos/vglitesupport.cpp:821:6:void Qul::Platform::Private::Vglite::blend_RGB888(Qul::PlatformInterface::DrawingDevice*, const Qul::PlatformInterface::Point&, const Qul::PlatformInterface::Texture&, const Qul::PlatformInterface::Rect&, int)	24	static
/home/stvsl/Documents/DOTRUST/PortingTest/imxrt1170_freertos_qt/platform/platform/boards/nxp/mimxrt1170-evkb-freertos/vglitesupport.cpp:830:6:void Qul::Platform::Private::Vglite::blend_RGB16(Qul::PlatformInterface::DrawingDevice*, const Qul::PlatformInterface::Point&, const Qul::PlatformInterface::Texture&, const Qul::PlatformInterface::Rect&, int)	24	static
/home/stvsl/Documents/DOTRUST/PortingTest/imxrt1170_freertos_qt/platform/platform/boards/nxp/mimxrt1170-evkb-freertos/vglitesupport.cpp:839:6:void Qul::Platform::Private::Vglite::blend_Alpha8(Qul::PlatformInterface::DrawingDevice*, const Qul::PlatformInterface::Point&, const Qul::PlatformInterface::Texture&, const Qul::PlatformInterface::Rect&, int)	24	static
/home/stvsl/Documents/DOTRUST/PortingTest/imxrt1170_freertos_qt/platform/platform/boards/nxp/mimxrt1170-evkb-freertos/vglitesupport.cpp:848:1:Qul::Platform::Private::Vglite::VglitePathDataStroker::VglitePathDataStroker(Qul::Platform::Private::Vglite::VglitePath*)	24	static
/home/stvsl/Documents/DOTRUST/PortingTest/imxrt1170_freertos_qt/platform/platform/boards/nxp/mimxrt1170-evkb-freertos/vglitesupport.cpp:853:6:virtual void Qul::Platform::Private::Vglite::VglitePathDataStroker::beginStroke()	16	static
/home/stvsl/Documents/DOTRUST/PortingTest/imxrt1170_freertos_qt/platform/platform/boards/nxp/mimxrt1170-evkb-freertos/vglitesupport.cpp:858:6:virtual void Qul::Platform::Private::Vglite::VglitePathDataStroker::endStroke()	16	static
/home/stvsl/Documents/DOTRUST/PortingTest/imxrt1170_freertos_qt/platform/platform/boards/nxp/mimxrt1170-evkb-freertos/vglitesupport.cpp:863:6:virtual void Qul::Platform::Private::Vglite::VglitePathDataStroker::lineTo(float, float)	24	static
/home/stvsl/Documents/DOTRUST/PortingTest/imxrt1170_freertos_qt/platform/platform/boards/nxp/mimxrt1170-evkb-freertos/vglitesupport.cpp:872:6:virtual void Qul::Platform::Private::Vglite::VglitePathDataStroker::moveTo(float, float)	24	static
/home/stvsl/Documents/DOTRUST/PortingTest/imxrt1170_freertos_qt/platform/platform/boards/nxp/mimxrt1170-evkb-freertos/vglitesupport.cpp:881:6:virtual void Qul::Platform::Private::Vglite::VglitePathDataStroker::cubicTo(float, float, float, float, float, float)	40	static
/home/stvsl/Documents/DOTRUST/PortingTest/imxrt1170_freertos_qt/platform/platform/boards/nxp/mimxrt1170-evkb-freertos/vglitesupport.cpp:894:6:virtual void Qul::Platform::Private::Vglite::VglitePathDataStroker::arcTo(float, float, float, float, float, bool, bool)	64	static
/home/stvsl/.mcuxpressotools/arm-gnu-toolchain-12.3.rel1-x86_64-arm-none-eabi/arm-none-eabi/include/c++/12.3.1/bits/stl_algobase.h:230:5:constexpr const _Tp& std::min(const _Tp&, const _Tp&) [with _Tp = float]	16	static
/home/stvsl/.mcuxpressotools/arm-gnu-toolchain-12.3.rel1-x86_64-arm-none-eabi/arm-none-eabi/include/c++/12.3.1/bits/stl_vector.h:728:7:std::vector<_Tp, _Alloc>::~vector() [with _Tp = float; _Alloc = Qul::PlatformInterface::Allocator<float>]	24	static
/home/stvsl/Qt/QtMCUs/2.7.0/include/platforminterface/allocator.h:159:13:void Qul::PlatformInterface::qul_delete(T*) [with T = PathData]	16	static
/home/stvsl/Documents/DOTRUST/PortingTest/imxrt1170_freertos_qt/platform/platform/boards/nxp/mimxrt1170-evkb-freertos/vglitevector.h:40:8:Qul::Platform::Private::Vglite::VglitePath::~VglitePath()	16	static
/home/stvsl/Qt/QtMCUs/2.7.0/include/platforminterface/allocator.h:159:13:void Qul::PlatformInterface::qul_delete(T*) [with T = Qul::Platform::Private::Vglite::VglitePath]	16	static
/home/stvsl/.mcuxpressotools/arm-gnu-toolchain-12.3.rel1-x86_64-arm-none-eabi/arm-none-eabi/include/c++/12.3.1/bits/stl_vector.h:1276:7:void std::vector<_Tp, _Alloc>::push_back(const value_type&) [with _Tp = float; _Alloc = Qul::PlatformInterface::Allocator<float>]	16	static
/home/stvsl/.mcuxpressotools/arm-gnu-toolchain-12.3.rel1-x86_64-arm-none-eabi/arm-none-eabi/include/c++/12.3.1/bits/stl_vector.h:987:7:std::vector<_Tp, _Alloc>::size_type std::vector<_Tp, _Alloc>::size() const [with _Tp = float; _Alloc = Qul::PlatformInterface::Allocator<float>]	16	static
/home/stvsl/.mcuxpressotools/arm-gnu-toolchain-12.3.rel1-x86_64-arm-none-eabi/arm-none-eabi/include/c++/12.3.1/bits/stl_vector.h:137:2:std::_Vector_base<_Tp, _Alloc>::_Vector_impl::_Vector_impl() [with _Tp = vg_lite_linear_gradient_ext*; _Alloc = Qul::PlatformInterface::Allocator<vg_lite_linear_gradient_ext*>]	16	static
/home/stvsl/.mcuxpressotools/arm-gnu-toolchain-12.3.rel1-x86_64-arm-none-eabi/arm-none-eabi/include/c++/12.3.1/bits/stl_vector.h:364:7:std::_Vector_base<_Tp, _Alloc>::~_Vector_base() [with _Tp = vg_lite_linear_gradient_ext*; _Alloc = Qul::PlatformInterface::Allocator<vg_lite_linear_gradient_ext*>]	16	static
/home/stvsl/.mcuxpressotools/arm-gnu-toolchain-12.3.rel1-x86_64-arm-none-eabi/arm-none-eabi/include/c++/12.3.1/bits/stl_vector.h:868:7:std::vector<_Tp, _Alloc>::iterator std::vector<_Tp, _Alloc>::begin() [with _Tp = vg_lite_linear_gradient_ext*; _Alloc = Qul::PlatformInterface::Allocator<vg_lite_linear_gradient_ext*>]	24	static
/home/stvsl/.mcuxpressotools/arm-gnu-toolchain-12.3.rel1-x86_64-arm-none-eabi/arm-none-eabi/include/c++/12.3.1/bits/stl_vector.h:888:7:std::vector<_Tp, _Alloc>::iterator std::vector<_Tp, _Alloc>::end() [with _Tp = vg_lite_linear_gradient_ext*; _Alloc = Qul::PlatformInterface::Allocator<vg_lite_linear_gradient_ext*>]	24	static
/home/stvsl/.mcuxpressotools/arm-gnu-toolchain-12.3.rel1-x86_64-arm-none-eabi/arm-none-eabi/include/c++/12.3.1/bits/stl_iterator.h:1237:5:bool __gnu_cxx::operator!=(const __normal_iterator<_Iterator, _Container>&, const __normal_iterator<_Iterator, _Container>&) [with _Iterator = vg_lite_linear_gradient_ext**; _Container = std::vector<vg_lite_linear_gradient_ext*, Qul::PlatformInterface::Allocator<vg_lite_linear_gradient_ext*> >]	24	static
/home/stvsl/.mcuxpressotools/arm-gnu-toolchain-12.3.rel1-x86_64-arm-none-eabi/arm-none-eabi/include/c++/12.3.1/bits/stl_iterator.h:1105:7:__gnu_cxx::__normal_iterator<_Iterator, _Container>& __gnu_cxx::__normal_iterator<_Iterator, _Container>::operator++() [with _Iterator = vg_lite_linear_gradient_ext**; _Container = std::vector<vg_lite_linear_gradient_ext*, Qul::PlatformInterface::Allocator<vg_lite_linear_gradient_ext*> >]	16	static
/home/stvsl/.mcuxpressotools/arm-gnu-toolchain-12.3.rel1-x86_64-arm-none-eabi/arm-none-eabi/include/c++/12.3.1/bits/stl_iterator.h:1095:7:__gnu_cxx::__normal_iterator<_Iterator, _Container>::reference __gnu_cxx::__normal_iterator<_Iterator, _Container>::operator*() const [with _Iterator = vg_lite_linear_gradient_ext**; _Container = std::vector<vg_lite_linear_gradient_ext*, Qul::PlatformInterface::Allocator<vg_lite_linear_gradient_ext*> >]	16	static
/home/stvsl/.mcuxpressotools/arm-gnu-toolchain-12.3.rel1-x86_64-arm-none-eabi/arm-none-eabi/include/c++/12.3.1/bits/stl_vector.h:1600:7:void std::vector<_Tp, _Alloc>::clear() [with _Tp = vg_lite_linear_gradient_ext*; _Alloc = Qul::PlatformInterface::Allocator<vg_lite_linear_gradient_ext*>]	16	static
/home/stvsl/.mcuxpressotools/arm-gnu-toolchain-12.3.rel1-x86_64-arm-none-eabi/arm-none-eabi/include/c++/12.3.1/bits/stl_tree.h:669:4:std::_Rb_tree<_Key, _Val, _KeyOfValue, _Compare, _Alloc>::_Rb_tree_impl<_Key_compare, <anonymous> >::_Rb_tree_impl() [with _Key_compare = std::less<const unsigned char*>; bool <anonymous> = true; _Key = const unsigned char*; _Val = std::pair<const unsigned char* const, Qul::Platform::Private::VgliteRotationCache::Node>; _KeyOfValue = std::_Select1st<std::pair<const unsigned char* const, Qul::Platform::Private::VgliteRotationCache::Node> >; _Compare = std::less<const unsigned char*>; _Alloc = Qul::PlatformInterface::Allocator<std::pair<const unsigned char* const, Qul::Platform::Private::VgliteRotationCache::Node> >]	16	static
/home/stvsl/.mcuxpressotools/arm-gnu-toolchain-12.3.rel1-x86_64-arm-none-eabi/arm-none-eabi/include/c++/12.3.1/bits/stl_tree.h:985:7:std::_Rb_tree<_Key, _Val, _KeyOfValue, _Compare, _Alloc>::~_Rb_tree() [with _Key = const unsigned char*; _Val = std::pair<const unsigned char* const, Qul::Platform::Private::VgliteRotationCache::Node>; _KeyOfValue = std::_Select1st<std::pair<const unsigned char* const, Qul::Platform::Private::VgliteRotationCache::Node> >; _Compare = std::less<const unsigned char*>; _Alloc = Qul::PlatformInterface::Allocator<std::pair<const unsigned char* const, Qul::Platform::Private::VgliteRotationCache::Node> >]	16	static
/home/stvsl/Documents/DOTRUST/PortingTest/imxrt1170_freertos_qt/platform/platform/boards/nxp/mimxrt1170-evkb-freertos/vglitevector.h:177:5:Qul::Platform::Private::Vglite::Vector::PathBuilder<T, N>::PathBuilder() [with T = short int; unsigned int N = 0]	16	static
/home/stvsl/Documents/DOTRUST/PortingTest/imxrt1170_freertos_qt/platform/platform/boards/nxp/mimxrt1170-evkb-freertos/vglitevector.h:183:5:Qul::Platform::Private::Vglite::Vector::PathBuilder<T, N>::PathBuilder(const Qul::Platform::Private::Vglite::Vector::PathBuilder<T, M>&) [with unsigned int M = 0; T = short int; unsigned int N = 3]	24	static
/home/stvsl/.mcuxpressotools/arm-gnu-toolchain-12.3.rel1-x86_64-arm-none-eabi/arm-none-eabi/include/c++/12.3.1/array:193:7:constexpr std::array<_Tp, _Nm>::size_type std::array<_Tp, _Nm>::size() const [with _Tp = short int; unsigned int _Nm = 0]	16	static
/home/stvsl/Documents/DOTRUST/PortingTest/imxrt1170_freertos_qt/platform/platform/boards/nxp/mimxrt1170-evkb-freertos/vglitevector.h:283:10:) [with Tag = Qul::Platform::Private::Vglite::Vector::Tags::Move<short int>; Data = {short int, short int}; T = short int; unsigned int N = 3]	56	static
/home/stvsl/Documents/DOTRUST/PortingTest/imxrt1170_freertos_qt/platform/platform/boards/nxp/mimxrt1170-evkb-freertos/vglitevector.h:183:5:Qul::Platform::Private::Vglite::Vector::PathBuilder<T, N>::PathBuilder(const Qul::Platform::Private::Vglite::Vector::PathBuilder<T, M>&) [with unsigned int M = 3; T = short int; unsigned int N = 6]	24	static
/home/stvsl/.mcuxpressotools/arm-gnu-toolchain-12.3.rel1-x86_64-arm-none-eabi/arm-none-eabi/include/c++/12.3.1/array:193:7:constexpr std::array<_Tp, _Nm>::size_type std::array<_Tp, _Nm>::size() const [with _Tp = short int; unsigned int _Nm = 3]	16	static
/home/stvsl/Documents/DOTRUST/PortingTest/imxrt1170_freertos_qt/platform/platform/boards/nxp/mimxrt1170-evkb-freertos/vglitevector.h:283:10:) [with Tag = Qul::Platform::Private::Vglite::Vector::Tags::Line<short int>; Data = {short int, short int}; T = short int; unsigned int N = 6]	56	static
/home/stvsl/Documents/DOTRUST/PortingTest/imxrt1170_freertos_qt/platform/platform/boards/nxp/mimxrt1170-evkb-freertos/vglitevector.h:183:5:Qul::Platform::Private::Vglite::Vector::PathBuilder<T, N>::PathBuilder(const Qul::Platform::Private::Vglite::Vector::PathBuilder<T, M>&) [with unsigned int M = 6; T = short int; unsigned int N = 9]	24	static
/home/stvsl/.mcuxpressotools/arm-gnu-toolchain-12.3.rel1-x86_64-arm-none-eabi/arm-none-eabi/include/c++/12.3.1/array:193:7:constexpr std::array<_Tp, _Nm>::size_type std::array<_Tp, _Nm>::size() const [with _Tp = short int; unsigned int _Nm = 6]	16	static
/home/stvsl/Documents/DOTRUST/PortingTest/imxrt1170_freertos_qt/platform/platform/boards/nxp/mimxrt1170-evkb-freertos/vglitevector.h:283:10:) [with Tag = Qul::Platform::Private::Vglite::Vector::Tags::Line<short int>; Data = {short int, short int}; T = short int; unsigned int N = 9]	56	static
/home/stvsl/Documents/DOTRUST/PortingTest/imxrt1170_freertos_qt/platform/platform/boards/nxp/mimxrt1170-evkb-freertos/vglitevector.h:183:5:Qul::Platform::Private::Vglite::Vector::PathBuilder<T, N>::PathBuilder(const Qul::Platform::Private::Vglite::Vector::PathBuilder<T, M>&) [with unsigned int M = 9; T = short int; unsigned int N = 12]	24	static
/home/stvsl/.mcuxpressotools/arm-gnu-toolchain-12.3.rel1-x86_64-arm-none-eabi/arm-none-eabi/include/c++/12.3.1/array:193:7:constexpr std::array<_Tp, _Nm>::size_type std::array<_Tp, _Nm>::size() const [with _Tp = short int; unsigned int _Nm = 9]	16	static
/home/stvsl/Documents/DOTRUST/PortingTest/imxrt1170_freertos_qt/platform/platform/boards/nxp/mimxrt1170-evkb-freertos/vglitevector.h:283:10:) [with Tag = Qul::Platform::Private::Vglite::Vector::Tags::Line<short int>; Data = {short int, short int}; T = short int; unsigned int N = 12]	56	static
/home/stvsl/Documents/DOTRUST/PortingTest/imxrt1170_freertos_qt/platform/platform/boards/nxp/mimxrt1170-evkb-freertos/vglitevector.h:183:5:Qul::Platform::Private::Vglite::Vector::PathBuilder<T, N>::PathBuilder(const Qul::Platform::Private::Vglite::Vector::PathBuilder<T, M>&) [with unsigned int M = 12; T = short int; unsigned int N = 13]	24	static
/home/stvsl/.mcuxpressotools/arm-gnu-toolchain-12.3.rel1-x86_64-arm-none-eabi/arm-none-eabi/include/c++/12.3.1/array:193:7:constexpr std::array<_Tp, _Nm>::size_type std::array<_Tp, _Nm>::size() const [with _Tp = short int; unsigned int _Nm = 12]	16	static
/home/stvsl/Documents/DOTRUST/PortingTest/imxrt1170_freertos_qt/platform/platform/boards/nxp/mimxrt1170-evkb-freertos/vglitevector.h:283:10:) [with Tag = Qul::Platform::Private::Vglite::Vector::Tags::Finish<short int>; Data = {}; T = short int; unsigned int N = 13]	32	static
/home/stvsl/Documents/DOTRUST/PortingTest/imxrt1170_freertos_qt/platform/platform/boards/nxp/mimxrt1170-evkb-freertos/vglitevector.h:268:20:vg_lite_path_t Qul::Platform::Private::Vglite::Vector::PathBuilder<T, N>::path(const Qul::Platform::Private::Vglite::Vector::BoundingBox&) const [with T = short int; unsigned int N = 13]	24	static
/home/stvsl/Documents/DOTRUST/PortingTest/imxrt1170_freertos_qt/platform/platform/boards/nxp/mimxrt1170-evkb-freertos/vglitevector.h:183:5:Qul::Platform::Private::Vglite::Vector::PathBuilder<T, N>::PathBuilder(const Qul::Platform::Private::Vglite::Vector::PathBuilder<T, M>&) [with unsigned int M = 3; T = short int; unsigned int N = 10]	24	static
/home/stvsl/Documents/DOTRUST/PortingTest/imxrt1170_freertos_qt/platform/platform/boards/nxp/mimxrt1170-evkb-freertos/vglitevector.h:224:17:static void Qul::Platform::Private::Vglite::Vector::PathBuilder<T, N>::addSegment(void*, const Qul::PlatformInterface::PointF&, const Qul::PlatformInterface::PointF&, const Qul::PlatformInterface::PointF&) [with T = short int; unsigned int N = 3]	64	static
/home/stvsl/Documents/DOTRUST/PortingTest/imxrt1170_freertos_qt/platform/platform/boards/nxp/mimxrt1170-evkb-freertos/vglitevector.h:183:5:Qul::Platform::Private::Vglite::Vector::PathBuilder<T, N>::PathBuilder(const Qul::Platform::Private::Vglite::Vector::PathBuilder<T, M>&) [with unsigned int M = 10; T = short int; unsigned int N = 13]	24	static
/home/stvsl/.mcuxpressotools/arm-gnu-toolchain-12.3.rel1-x86_64-arm-none-eabi/arm-none-eabi/include/c++/12.3.1/array:193:7:constexpr std::array<_Tp, _Nm>::size_type std::array<_Tp, _Nm>::size() const [with _Tp = short int; unsigned int _Nm = 10]	16	static
/home/stvsl/Documents/DOTRUST/PortingTest/imxrt1170_freertos_qt/platform/platform/boards/nxp/mimxrt1170-evkb-freertos/vglitevector.h:283:10:) [with Tag = Qul::Platform::Private::Vglite::Vector::Tags::Line<short int>; Data = {short int, short int}; T = short int; unsigned int N = 13]	56	static
/home/stvsl/.mcuxpressotools/arm-gnu-toolchain-12.3.rel1-x86_64-arm-none-eabi/arm-none-eabi/include/c++/12.3.1/array:193:7:constexpr std::array<_Tp, _Nm>::size_type std::array<_Tp, _Nm>::size() const [with _Tp = short int; unsigned int _Nm = 13]	16	static
/home/stvsl/Documents/DOTRUST/PortingTest/imxrt1170_freertos_qt/platform/platform/boards/nxp/mimxrt1170-evkb-freertos/vglitevector.h:183:5:Qul::Platform::Private::Vglite::Vector::PathBuilder<T, N>::PathBuilder(const Qul::Platform::Private::Vglite::Vector::PathBuilder<T, M>&) [with unsigned int M = 13; T = short int; unsigned int N = 20]	24	static
/home/stvsl/Documents/DOTRUST/PortingTest/imxrt1170_freertos_qt/platform/platform/boards/nxp/mimxrt1170-evkb-freertos/vglitevector.h:224:17:static void Qul::Platform::Private::Vglite::Vector::PathBuilder<T, N>::addSegment(void*, const Qul::PlatformInterface::PointF&, const Qul::PlatformInterface::PointF&, const Qul::PlatformInterface::PointF&) [with T = short int; unsigned int N = 13]	64	static
/home/stvsl/Documents/DOTRUST/PortingTest/imxrt1170_freertos_qt/platform/platform/boards/nxp/mimxrt1170-evkb-freertos/vglitevector.h:183:5:Qul::Platform::Private::Vglite::Vector::PathBuilder<T, N>::PathBuilder(const Qul::Platform::Private::Vglite::Vector::PathBuilder<T, M>&) [with unsigned int M = 20; T = short int; unsigned int N = 23]	24	static
/home/stvsl/.mcuxpressotools/arm-gnu-toolchain-12.3.rel1-x86_64-arm-none-eabi/arm-none-eabi/include/c++/12.3.1/array:193:7:constexpr std::array<_Tp, _Nm>::size_type std::array<_Tp, _Nm>::size() const [with _Tp = short int; unsigned int _Nm = 20]	16	static
/home/stvsl/Documents/DOTRUST/PortingTest/imxrt1170_freertos_qt/platform/platform/boards/nxp/mimxrt1170-evkb-freertos/vglitevector.h:283:10:) [with Tag = Qul::Platform::Private::Vglite::Vector::Tags::Line<short int>; Data = {short int, short int}; T = short int; unsigned int N = 23]	56	static
/home/stvsl/.mcuxpressotools/arm-gnu-toolchain-12.3.rel1-x86_64-arm-none-eabi/arm-none-eabi/include/c++/12.3.1/array:193:7:constexpr std::array<_Tp, _Nm>::size_type std::array<_Tp, _Nm>::size() const [with _Tp = short int; unsigned int _Nm = 23]	16	static
/home/stvsl/Documents/DOTRUST/PortingTest/imxrt1170_freertos_qt/platform/platform/boards/nxp/mimxrt1170-evkb-freertos/vglitevector.h:183:5:Qul::Platform::Private::Vglite::Vector::PathBuilder<T, N>::PathBuilder(const Qul::Platform::Private::Vglite::Vector::PathBuilder<T, M>&) [with unsigned int M = 23; T = short int; unsigned int N = 30]	24	static
/home/stvsl/Documents/DOTRUST/PortingTest/imxrt1170_freertos_qt/platform/platform/boards/nxp/mimxrt1170-evkb-freertos/vglitevector.h:224:17:static void Qul::Platform::Private::Vglite::Vector::PathBuilder<T, N>::addSegment(void*, const Qul::PlatformInterface::PointF&, const Qul::PlatformInterface::PointF&, const Qul::PlatformInterface::PointF&) [with T = short int; unsigned int N = 23]	64	static
/home/stvsl/Documents/DOTRUST/PortingTest/imxrt1170_freertos_qt/platform/platform/boards/nxp/mimxrt1170-evkb-freertos/vglitevector.h:183:5:Qul::Platform::Private::Vglite::Vector::PathBuilder<T, N>::PathBuilder(const Qul::Platform::Private::Vglite::Vector::PathBuilder<T, M>&) [with unsigned int M = 30; T = short int; unsigned int N = 33]	24	static
/home/stvsl/.mcuxpressotools/arm-gnu-toolchain-12.3.rel1-x86_64-arm-none-eabi/arm-none-eabi/include/c++/12.3.1/array:193:7:constexpr std::array<_Tp, _Nm>::size_type std::array<_Tp, _Nm>::size() const [with _Tp = short int; unsigned int _Nm = 30]	16	static
/home/stvsl/Documents/DOTRUST/PortingTest/imxrt1170_freertos_qt/platform/platform/boards/nxp/mimxrt1170-evkb-freertos/vglitevector.h:283:10:) [with Tag = Qul::Platform::Private::Vglite::Vector::Tags::Line<short int>; Data = {short int, short int}; T = short int; unsigned int N = 33]	56	static
/home/stvsl/.mcuxpressotools/arm-gnu-toolchain-12.3.rel1-x86_64-arm-none-eabi/arm-none-eabi/include/c++/12.3.1/array:193:7:constexpr std::array<_Tp, _Nm>::size_type std::array<_Tp, _Nm>::size() const [with _Tp = short int; unsigned int _Nm = 33]	16	static
/home/stvsl/Documents/DOTRUST/PortingTest/imxrt1170_freertos_qt/platform/platform/boards/nxp/mimxrt1170-evkb-freertos/vglitevector.h:183:5:Qul::Platform::Private::Vglite::Vector::PathBuilder<T, N>::PathBuilder(const Qul::Platform::Private::Vglite::Vector::PathBuilder<T, M>&) [with unsigned int M = 33; T = short int; unsigned int N = 40]	24	static
/home/stvsl/Documents/DOTRUST/PortingTest/imxrt1170_freertos_qt/platform/platform/boards/nxp/mimxrt1170-evkb-freertos/vglitevector.h:224:17:static void Qul::Platform::Private::Vglite::Vector::PathBuilder<T, N>::addSegment(void*, const Qul::PlatformInterface::PointF&, const Qul::PlatformInterface::PointF&, const Qul::PlatformInterface::PointF&) [with T = short int; unsigned int N = 33]	64	static
/home/stvsl/Documents/DOTRUST/PortingTest/imxrt1170_freertos_qt/platform/platform/boards/nxp/mimxrt1170-evkb-freertos/vglitevector.h:183:5:Qul::Platform::Private::Vglite::Vector::PathBuilder<T, N>::PathBuilder(const Qul::Platform::Private::Vglite::Vector::PathBuilder<T, M>&) [with unsigned int M = 40; T = short int; unsigned int N = 43]	24	static
/home/stvsl/.mcuxpressotools/arm-gnu-toolchain-12.3.rel1-x86_64-arm-none-eabi/arm-none-eabi/include/c++/12.3.1/array:193:7:constexpr std::array<_Tp, _Nm>::size_type std::array<_Tp, _Nm>::size() const [with _Tp = short int; unsigned int _Nm = 40]	16	static
/home/stvsl/Documents/DOTRUST/PortingTest/imxrt1170_freertos_qt/platform/platform/boards/nxp/mimxrt1170-evkb-freertos/vglitevector.h:283:10:) [with Tag = Qul::Platform::Private::Vglite::Vector::Tags::Line<short int>; Data = {short int, short int}; T = short int; unsigned int N = 43]	56	static
/home/stvsl/Documents/DOTRUST/PortingTest/imxrt1170_freertos_qt/platform/platform/boards/nxp/mimxrt1170-evkb-freertos/vglitevector.h:183:5:Qul::Platform::Private::Vglite::Vector::PathBuilder<T, N>::PathBuilder(const Qul::Platform::Private::Vglite::Vector::PathBuilder<T, M>&) [with unsigned int M = 43; T = short int; unsigned int N = 44]	24	static
/home/stvsl/.mcuxpressotools/arm-gnu-toolchain-12.3.rel1-x86_64-arm-none-eabi/arm-none-eabi/include/c++/12.3.1/array:193:7:constexpr std::array<_Tp, _Nm>::size_type std::array<_Tp, _Nm>::size() const [with _Tp = short int; unsigned int _Nm = 43]	16	static
/home/stvsl/Documents/DOTRUST/PortingTest/imxrt1170_freertos_qt/platform/platform/boards/nxp/mimxrt1170-evkb-freertos/vglitevector.h:283:10:) [with Tag = Qul::Platform::Private::Vglite::Vector::Tags::Finish<short int>; Data = {}; T = short int; unsigned int N = 44]	32	static
/home/stvsl/Documents/DOTRUST/PortingTest/imxrt1170_freertos_qt/platform/platform/boards/nxp/mimxrt1170-evkb-freertos/vglitevector.h:268:20:vg_lite_path_t Qul::Platform::Private::Vglite::Vector::PathBuilder<T, N>::path(const Qul::Platform::Private::Vglite::Vector::BoundingBox&) const [with T = short int; unsigned int N = 44]	24	static
/home/stvsl/Qt/QtMCUs/2.7.0/include/platforminterface/allocator.h:103:11:) [with T = Qul::Platform::Private::Vglite::VglitePath; Args = {const PathData*, PathFillRule&}]	32	static
/home/stvsl/.mcuxpressotools/arm-gnu-toolchain-12.3.rel1-x86_64-arm-none-eabi/arm-none-eabi/include/c++/12.3.1/bits/stl_vector.h:137:2:std::_Vector_base<_Tp, _Alloc>::_Vector_impl::_Vector_impl() [with _Tp = float; _Alloc = Qul::PlatformInterface::Allocator<float>]	16	static
/home/stvsl/.mcuxpressotools/arm-gnu-toolchain-12.3.rel1-x86_64-arm-none-eabi/arm-none-eabi/include/c++/12.3.1/bits/stl_vector.h:364:7:std::_Vector_base<_Tp, _Alloc>::~_Vector_base() [with _Tp = float; _Alloc = Qul::PlatformInterface::Allocator<float>]	16	static
/home/stvsl/Qt/QtMCUs/2.7.0/include/platforminterface/pathdata.h:135:14:const T* Qul::PlatformInterface::PathDataSegment::as() const [with T = Qul::PlatformInterface::PathDataMoveSegment]	16	static
/home/stvsl/Qt/QtMCUs/2.7.0/include/platforminterface/pathdata.h:135:14:const T* Qul::PlatformInterface::PathDataSegment::as() const [with T = Qul::PlatformInterface::PathDataLineSegment]	16	static
/home/stvsl/Qt/QtMCUs/2.7.0/include/platforminterface/pathdata.h:135:14:const T* Qul::PlatformInterface::PathDataSegment::as() const [with T = Qul::PlatformInterface::PathDataQuadraticBezierSegment]	16	static
/home/stvsl/Qt/QtMCUs/2.7.0/include/platforminterface/pathdata.h:135:14:const T* Qul::PlatformInterface::PathDataSegment::as() const [with T = Qul::PlatformInterface::PathDataCubicBezierSegment]	16	static
/home/stvsl/Qt/QtMCUs/2.7.0/include/platforminterface/pathdata.h:135:14:const T* Qul::PlatformInterface::PathDataSegment::as() const [with T = Qul::PlatformInterface::PathDataSmallCounterClockWiseArcSegment]	16	static
/home/stvsl/Qt/QtMCUs/2.7.0/include/platforminterface/pathdata.h:135:14:const T* Qul::PlatformInterface::PathDataSegment::as() const [with T = Qul::PlatformInterface::PathDataSmallClockWiseArcSegment]	16	static
/home/stvsl/Qt/QtMCUs/2.7.0/include/platforminterface/pathdata.h:135:14:const T* Qul::PlatformInterface::PathDataSegment::as() const [with T = Qul::PlatformInterface::PathDataLargeCounterClockWiseArcSegment]	16	static
/home/stvsl/Qt/QtMCUs/2.7.0/include/platforminterface/pathdata.h:135:14:const T* Qul::PlatformInterface::PathDataSegment::as() const [with T = Qul::PlatformInterface::PathDataLargeClockWiseArcSegment]	16	static
/home/stvsl/.mcuxpressotools/arm-gnu-toolchain-12.3.rel1-x86_64-arm-none-eabi/arm-none-eabi/include/c++/12.3.1/bits/stl_vector.h:1255:7:_Tp* std::vector<_Tp, _Alloc>::data() [with _Tp = float; _Alloc = Qul::PlatformInterface::Allocator<float>]	16	static
/home/stvsl/.mcuxpressotools/arm-gnu-toolchain-12.3.rel1-x86_64-arm-none-eabi/arm-none-eabi/include/c++/12.3.1/bits/stl_vector.h:1600:7:void std::vector<_Tp, _Alloc>::clear() [with _Tp = float; _Alloc = Qul::PlatformInterface::Allocator<float>]	16	static
/home/stvsl/.mcuxpressotools/arm-gnu-toolchain-12.3.rel1-x86_64-arm-none-eabi/arm-none-eabi/include/c++/12.3.1/bits/stl_vector.h:1276:7:void std::vector<_Tp, _Alloc>::push_back(const value_type&) [with _Tp = vg_lite_linear_gradient_ext*; _Alloc = Qul::PlatformInterface::Allocator<vg_lite_linear_gradient_ext*>]	16	static
/home/stvsl/.mcuxpressotools/arm-gnu-toolchain-12.3.rel1-x86_64-arm-none-eabi/arm-none-eabi/include/c++/12.3.1/bits/stl_vector.h:298:7:std::_Vector_base<_Tp, _Alloc>::_Tp_alloc_type& std::_Vector_base<_Tp, _Alloc>::_M_get_Tp_allocator() [with _Tp = float; _Alloc = Qul::PlatformInterface::Allocator<float>]	16	static
/home/stvsl/.mcuxpressotools/arm-gnu-toolchain-12.3.rel1-x86_64-arm-none-eabi/arm-none-eabi/include/c++/12.3.1/bits/alloc_traits.h:832:5:void std::_Destroy(_ForwardIterator, _ForwardIterator, _Allocator&) [with _ForwardIterator = float*; _Allocator = Qul::PlatformInterface::Allocator<float>]	24	static
/home/stvsl/.mcuxpressotools/arm-gnu-toolchain-12.3.rel1-x86_64-arm-none-eabi/arm-none-eabi/include/c++/12.3.1/bits/alloc_traits.h:360:2:) [with _Tp = float; _Args = {const float&}; _Alloc = Qul::PlatformInterface::Allocator<float>]	24	static
/home/stvsl/.mcuxpressotools/arm-gnu-toolchain-12.3.rel1-x86_64-arm-none-eabi/arm-none-eabi/include/c++/12.3.1/bits/stl_vector.h:888:7:std::vector<_Tp, _Alloc>::iterator std::vector<_Tp, _Alloc>::end() [with _Tp = float; _Alloc = Qul::PlatformInterface::Allocator<float>]	24	static
/home/stvsl/.mcuxpressotools/arm-gnu-toolchain-12.3.rel1-x86_64-arm-none-eabi/arm-none-eabi/include/c++/12.3.1/bits/vector.tcc:439:7:) [with _Args = {const float&}; _Tp = float; _Alloc = Qul::PlatformInterface::Allocator<float>]	64	static
/home/stvsl/Qt/QtMCUs/2.7.0/include/platforminterface/allocator.h:92:5:Qul::PlatformInterface::Allocator<T>::Allocator() [with T = vg_lite_linear_gradient_ext*]	16	static
/home/stvsl/.mcuxpressotools/arm-gnu-toolchain-12.3.rel1-x86_64-arm-none-eabi/arm-none-eabi/include/c++/12.3.1/bits/stl_vector.h:99:2:std::_Vector_base<_Tp, _Alloc>::_Vector_impl_data::_Vector_impl_data() [with _Tp = vg_lite_linear_gradient_ext*; _Alloc = Qul::PlatformInterface::Allocator<vg_lite_linear_gradient_ext*>]	16	static
/home/stvsl/.mcuxpressotools/arm-gnu-toolchain-12.3.rel1-x86_64-arm-none-eabi/arm-none-eabi/include/c++/12.3.1/bits/stl_vector.h:383:7:void std::_Vector_base<_Tp, _Alloc>::_M_deallocate(pointer, std::size_t) [with _Tp = vg_lite_linear_gradient_ext*; _Alloc = Qul::PlatformInterface::Allocator<vg_lite_linear_gradient_ext*>]	24	static
/home/stvsl/.mcuxpressotools/arm-gnu-toolchain-12.3.rel1-x86_64-arm-none-eabi/arm-none-eabi/include/c++/12.3.1/bits/stl_iterator.h:1072:7:__gnu_cxx::__normal_iterator<_Iterator, _Container>::__normal_iterator(const _Iterator&) [with _Iterator = vg_lite_linear_gradient_ext**; _Container = std::vector<vg_lite_linear_gradient_ext*, Qul::PlatformInterface::Allocator<vg_lite_linear_gradient_ext*> >]	16	static
/home/stvsl/.mcuxpressotools/arm-gnu-toolchain-12.3.rel1-x86_64-arm-none-eabi/arm-none-eabi/include/c++/12.3.1/bits/stl_iterator.h:1158:7:const _Iterator& __gnu_cxx::__normal_iterator<_Iterator, _Container>::base() const [with _Iterator = vg_lite_linear_gradient_ext**; _Container = std::vector<vg_lite_linear_gradient_ext*, Qul::PlatformInterface::Allocator<vg_lite_linear_gradient_ext*> >]	16	static
/home/stvsl/.mcuxpressotools/arm-gnu-toolchain-12.3.rel1-x86_64-arm-none-eabi/arm-none-eabi/include/c++/12.3.1/bits/stl_vector.h:1928:7:void std::vector<_Tp, _Alloc>::_M_erase_at_end(pointer) [with _Tp = vg_lite_linear_gradient_ext*; _Alloc = Qul::PlatformInterface::Allocator<vg_lite_linear_gradient_ext*>]	32	static
/home/stvsl/Qt/QtMCUs/2.7.0/include/platforminterface/allocator.h:92:5:Qul::PlatformInterface::Allocator<T>::Allocator() [with T = std::_Rb_tree_node<std::pair<const unsigned char* const, Qul::Platform::Private::VgliteRotationCache::Node> >]	16	static
/home/stvsl/.mcuxpressotools/arm-gnu-toolchain-12.3.rel1-x86_64-arm-none-eabi/arm-none-eabi/include/c++/12.3.1/bits/stl_tree.h:146:7:std::_Rb_tree_key_compare<_Key_compare>::_Rb_tree_key_compare() [with _Key_compare = std::less<const unsigned char*>]	16	static
/home/stvsl/.mcuxpressotools/arm-gnu-toolchain-12.3.rel1-x86_64-arm-none-eabi/arm-none-eabi/include/c++/12.3.1/bits/stl_tree.h:1931:5:void std::_Rb_tree<_Key, _Val, _KeyOfValue, _Compare, _Alloc>::_M_erase(_Link_type) [with _Key = const unsigned char*; _Val = std::pair<const unsigned char* const, Qul::Platform::Private::VgliteRotationCache::Node>; _KeyOfValue = std::_Select1st<std::pair<const unsigned char* const, Qul::Platform::Private::VgliteRotationCache::Node> >; _Compare = std::less<const unsigned char*>; _Alloc = Qul::PlatformInterface::Allocator<std::pair<const unsigned char* const, Qul::Platform::Private::VgliteRotationCache::Node> >]	24	static
/home/stvsl/.mcuxpressotools/arm-gnu-toolchain-12.3.rel1-x86_64-arm-none-eabi/arm-none-eabi/include/c++/12.3.1/bits/stl_tree.h:740:7:std::_Rb_tree_node<_Val>* std::_Rb_tree<_Key, _Val, _KeyOfValue, _Compare, _Alloc>::_M_begin() [with _Key = const unsigned char*; _Val = std::pair<const unsigned char* const, Qul::Platform::Private::VgliteRotationCache::Node>; _KeyOfValue = std::_Select1st<std::pair<const unsigned char* const, Qul::Platform::Private::VgliteRotationCache::Node> >; _Compare = std::less<const unsigned char*>; _Alloc = Qul::PlatformInterface::Allocator<std::pair<const unsigned char* const, Qul::Platform::Private::VgliteRotationCache::Node> >]	16	static
/home/stvsl/.mcuxpressotools/arm-gnu-toolchain-12.3.rel1-x86_64-arm-none-eabi/arm-none-eabi/include/c++/12.3.1/bits/range_access.h:63:5:begin()) std::begin(const _Container&) [with _Container = array<short int, 0>]	16	static
/home/stvsl/.mcuxpressotools/arm-gnu-toolchain-12.3.rel1-x86_64-arm-none-eabi/arm-none-eabi/include/c++/12.3.1/bits/range_access.h:85:5:end()) std::end(const _Container&) [with _Container = array<short int, 0>]	16	static
/home/stvsl/.mcuxpressotools/arm-gnu-toolchain-12.3.rel1-x86_64-arm-none-eabi/arm-none-eabi/include/c++/12.3.1/bits/range_access.h:52:5:begin()) std::begin(_Container&) [with _Container = array<short int, 3>]	16	static
/home/stvsl/.mcuxpressotools/arm-gnu-toolchain-12.3.rel1-x86_64-arm-none-eabi/arm-none-eabi/include/c++/12.3.1/bits/stl_algobase.h:611:5:_OI std::copy(_II, _II, _OI) [with _II = const short int*; _OI = short int*]	32	static
/home/stvsl/.mcuxpressotools/arm-gnu-toolchain-12.3.rel1-x86_64-arm-none-eabi/arm-none-eabi/include/c++/12.3.1/array:206:7:constexpr std::array<_Tp, _Nm>::value_type& std::array<_Tp, _Nm>::operator[](size_type) [with _Tp = short int; unsigned int _Nm = 3]	16	static
/home/stvsl/.mcuxpressotools/arm-gnu-toolchain-12.3.rel1-x86_64-arm-none-eabi/arm-none-eabi/include/c++/12.3.1/bits/range_access.h:74:5:end()) std::end(_Container&) [with _Container = array<short int, 3>]	16	static
/home/stvsl/.mcuxpressotools/arm-gnu-toolchain-12.3.rel1-x86_64-arm-none-eabi/arm-none-eabi/include/c++/12.3.1/bits/stl_algobase.h:611:5:_OI std::copy(_II, _II, _OI) [with _II = short int*; _OI = short int*]	32	static
/home/stvsl/.mcuxpressotools/arm-gnu-toolchain-12.3.rel1-x86_64-arm-none-eabi/arm-none-eabi/include/c++/12.3.1/bits/range_access.h:63:5:begin()) std::begin(const _Container&) [with _Container = array<short int, 3>]	16	static
/home/stvsl/.mcuxpressotools/arm-gnu-toolchain-12.3.rel1-x86_64-arm-none-eabi/arm-none-eabi/include/c++/12.3.1/bits/range_access.h:85:5:end()) std::end(const _Container&) [with _Container = array<short int, 3>]	16	static
/home/stvsl/.mcuxpressotools/arm-gnu-toolchain-12.3.rel1-x86_64-arm-none-eabi/arm-none-eabi/include/c++/12.3.1/bits/range_access.h:52:5:begin()) std::begin(_Container&) [with _Container = array<short int, 6>]	16	static
/home/stvsl/.mcuxpressotools/arm-gnu-toolchain-12.3.rel1-x86_64-arm-none-eabi/arm-none-eabi/include/c++/12.3.1/bits/range_access.h:63:5:begin()) std::begin(const _Container&) [with _Container = array<short int, 6>]	16	static
/home/stvsl/.mcuxpressotools/arm-gnu-toolchain-12.3.rel1-x86_64-arm-none-eabi/arm-none-eabi/include/c++/12.3.1/bits/range_access.h:85:5:end()) std::end(const _Container&) [with _Container = array<short int, 6>]	16	static
/home/stvsl/.mcuxpressotools/arm-gnu-toolchain-12.3.rel1-x86_64-arm-none-eabi/arm-none-eabi/include/c++/12.3.1/bits/range_access.h:52:5:begin()) std::begin(_Container&) [with _Container = array<short int, 9>]	16	static
/home/stvsl/.mcuxpressotools/arm-gnu-toolchain-12.3.rel1-x86_64-arm-none-eabi/arm-none-eabi/include/c++/12.3.1/bits/range_access.h:63:5:begin()) std::begin(const _Container&) [with _Container = array<short int, 9>]	16	static
/home/stvsl/.mcuxpressotools/arm-gnu-toolchain-12.3.rel1-x86_64-arm-none-eabi/arm-none-eabi/include/c++/12.3.1/bits/range_access.h:85:5:end()) std::end(const _Container&) [with _Container = array<short int, 9>]	16	static
/home/stvsl/.mcuxpressotools/arm-gnu-toolchain-12.3.rel1-x86_64-arm-none-eabi/arm-none-eabi/include/c++/12.3.1/bits/range_access.h:52:5:begin()) std::begin(_Container&) [with _Container = array<short int, 12>]	16	static
/home/stvsl/.mcuxpressotools/arm-gnu-toolchain-12.3.rel1-x86_64-arm-none-eabi/arm-none-eabi/include/c++/12.3.1/bits/range_access.h:63:5:begin()) std::begin(const _Container&) [with _Container = array<short int, 12>]	16	static
/home/stvsl/.mcuxpressotools/arm-gnu-toolchain-12.3.rel1-x86_64-arm-none-eabi/arm-none-eabi/include/c++/12.3.1/bits/range_access.h:85:5:end()) std::end(const _Container&) [with _Container = array<short int, 12>]	16	static
/home/stvsl/.mcuxpressotools/arm-gnu-toolchain-12.3.rel1-x86_64-arm-none-eabi/arm-none-eabi/include/c++/12.3.1/bits/range_access.h:52:5:begin()) std::begin(_Container&) [with _Container = array<short int, 13>]	16	static
/home/stvsl/.mcuxpressotools/arm-gnu-toolchain-12.3.rel1-x86_64-arm-none-eabi/arm-none-eabi/include/c++/12.3.1/array:206:7:constexpr std::array<_Tp, _Nm>::value_type& std::array<_Tp, _Nm>::operator[](size_type) [with _Tp = short int; unsigned int _Nm = 1]	16	static
/home/stvsl/.mcuxpressotools/arm-gnu-toolchain-12.3.rel1-x86_64-arm-none-eabi/arm-none-eabi/include/c++/12.3.1/bits/range_access.h:52:5:begin()) std::begin(_Container&) [with _Container = array<short int, 1>]	16	static
/home/stvsl/.mcuxpressotools/arm-gnu-toolchain-12.3.rel1-x86_64-arm-none-eabi/arm-none-eabi/include/c++/12.3.1/bits/range_access.h:74:5:end()) std::end(_Container&) [with _Container = array<short int, 1>]	16	static
/home/stvsl/.mcuxpressotools/arm-gnu-toolchain-12.3.rel1-x86_64-arm-none-eabi/arm-none-eabi/include/c++/12.3.1/array:214:7:constexpr const std::array<_Tp, _Nm>::value_type& std::array<_Tp, _Nm>::operator[](size_type) const [with _Tp = float; unsigned int _Nm = 4]	16	static
/home/stvsl/.mcuxpressotools/arm-gnu-toolchain-12.3.rel1-x86_64-arm-none-eabi/arm-none-eabi/include/c++/12.3.1/array:288:7:constexpr const std::array<_Tp, _Nm>::value_type* std::array<_Tp, _Nm>::data() const [with _Tp = short int; unsigned int _Nm = 13]	16	static
/home/stvsl/.mcuxpressotools/arm-gnu-toolchain-12.3.rel1-x86_64-arm-none-eabi/arm-none-eabi/include/c++/12.3.1/bits/range_access.h:52:5:begin()) std::begin(_Container&) [with _Container = array<short int, 10>]	16	static
/home/stvsl/Documents/DOTRUST/PortingTest/imxrt1170_freertos_qt/platform/platform/boards/nxp/mimxrt1170-evkb-freertos/vglitevector.h:283:10:) [with Tag = Qul::Platform::Private::Vglite::Vector::Tags::Cubic<short int>; Data = {short int, short int, short int, short int, short int, short int}; T = short int; unsigned int N = 10]	80	static
/home/stvsl/.mcuxpressotools/arm-gnu-toolchain-12.3.rel1-x86_64-arm-none-eabi/arm-none-eabi/include/c++/12.3.1/bits/range_access.h:63:5:begin()) std::begin(const _Container&) [with _Container = array<short int, 10>]	16	static
/home/stvsl/.mcuxpressotools/arm-gnu-toolchain-12.3.rel1-x86_64-arm-none-eabi/arm-none-eabi/include/c++/12.3.1/bits/range_access.h:85:5:end()) std::end(const _Container&) [with _Container = array<short int, 10>]	16	static
/home/stvsl/.mcuxpressotools/arm-gnu-toolchain-12.3.rel1-x86_64-arm-none-eabi/arm-none-eabi/include/c++/12.3.1/bits/range_access.h:63:5:begin()) std::begin(const _Container&) [with _Container = array<short int, 13>]	16	static
/home/stvsl/.mcuxpressotools/arm-gnu-toolchain-12.3.rel1-x86_64-arm-none-eabi/arm-none-eabi/include/c++/12.3.1/bits/range_access.h:85:5:end()) std::end(const _Container&) [with _Container = array<short int, 13>]	16	static
/home/stvsl/.mcuxpressotools/arm-gnu-toolchain-12.3.rel1-x86_64-arm-none-eabi/arm-none-eabi/include/c++/12.3.1/bits/range_access.h:52:5:begin()) std::begin(_Container&) [with _Container = array<short int, 20>]	16	static
/home/stvsl/Documents/DOTRUST/PortingTest/imxrt1170_freertos_qt/platform/platform/boards/nxp/mimxrt1170-evkb-freertos/vglitevector.h:283:10:) [with Tag = Qul::Platform::Private::Vglite::Vector::Tags::Cubic<short int>; Data = {short int, short int, short int, short int, short int, short int}; T = short int; unsigned int N = 20]	80	static
/home/stvsl/.mcuxpressotools/arm-gnu-toolchain-12.3.rel1-x86_64-arm-none-eabi/arm-none-eabi/include/c++/12.3.1/bits/range_access.h:63:5:begin()) std::begin(const _Container&) [with _Container = array<short int, 20>]	16	static
/home/stvsl/.mcuxpressotools/arm-gnu-toolchain-12.3.rel1-x86_64-arm-none-eabi/arm-none-eabi/include/c++/12.3.1/bits/range_access.h:85:5:end()) std::end(const _Container&) [with _Container = array<short int, 20>]	16	static
/home/stvsl/.mcuxpressotools/arm-gnu-toolchain-12.3.rel1-x86_64-arm-none-eabi/arm-none-eabi/include/c++/12.3.1/bits/range_access.h:52:5:begin()) std::begin(_Container&) [with _Container = array<short int, 23>]	16	static
/home/stvsl/.mcuxpressotools/arm-gnu-toolchain-12.3.rel1-x86_64-arm-none-eabi/arm-none-eabi/include/c++/12.3.1/bits/range_access.h:63:5:begin()) std::begin(const _Container&) [with _Container = array<short int, 23>]	16	static
/home/stvsl/.mcuxpressotools/arm-gnu-toolchain-12.3.rel1-x86_64-arm-none-eabi/arm-none-eabi/include/c++/12.3.1/bits/range_access.h:85:5:end()) std::end(const _Container&) [with _Container = array<short int, 23>]	16	static
/home/stvsl/.mcuxpressotools/arm-gnu-toolchain-12.3.rel1-x86_64-arm-none-eabi/arm-none-eabi/include/c++/12.3.1/bits/range_access.h:52:5:begin()) std::begin(_Container&) [with _Container = array<short int, 30>]	16	static
/home/stvsl/Documents/DOTRUST/PortingTest/imxrt1170_freertos_qt/platform/platform/boards/nxp/mimxrt1170-evkb-freertos/vglitevector.h:283:10:) [with Tag = Qul::Platform::Private::Vglite::Vector::Tags::Cubic<short int>; Data = {short int, short int, short int, short int, short int, short int}; T = short int; unsigned int N = 30]	80	static
/home/stvsl/.mcuxpressotools/arm-gnu-toolchain-12.3.rel1-x86_64-arm-none-eabi/arm-none-eabi/include/c++/12.3.1/bits/range_access.h:63:5:begin()) std::begin(const _Container&) [with _Container = array<short int, 30>]	16	static
/home/stvsl/.mcuxpressotools/arm-gnu-toolchain-12.3.rel1-x86_64-arm-none-eabi/arm-none-eabi/include/c++/12.3.1/bits/range_access.h:85:5:end()) std::end(const _Container&) [with _Container = array<short int, 30>]	16	static
/home/stvsl/.mcuxpressotools/arm-gnu-toolchain-12.3.rel1-x86_64-arm-none-eabi/arm-none-eabi/include/c++/12.3.1/bits/range_access.h:52:5:begin()) std::begin(_Container&) [with _Container = array<short int, 33>]	16	static
/home/stvsl/.mcuxpressotools/arm-gnu-toolchain-12.3.rel1-x86_64-arm-none-eabi/arm-none-eabi/include/c++/12.3.1/bits/range_access.h:63:5:begin()) std::begin(const _Container&) [with _Container = array<short int, 33>]	16	static
/home/stvsl/.mcuxpressotools/arm-gnu-toolchain-12.3.rel1-x86_64-arm-none-eabi/arm-none-eabi/include/c++/12.3.1/bits/range_access.h:85:5:end()) std::end(const _Container&) [with _Container = array<short int, 33>]	16	static
/home/stvsl/.mcuxpressotools/arm-gnu-toolchain-12.3.rel1-x86_64-arm-none-eabi/arm-none-eabi/include/c++/12.3.1/bits/range_access.h:52:5:begin()) std::begin(_Container&) [with _Container = array<short int, 40>]	16	static
/home/stvsl/Documents/DOTRUST/PortingTest/imxrt1170_freertos_qt/platform/platform/boards/nxp/mimxrt1170-evkb-freertos/vglitevector.h:283:10:) [with Tag = Qul::Platform::Private::Vglite::Vector::Tags::Cubic<short int>; Data = {short int, short int, short int, short int, short int, short int}; T = short int; unsigned int N = 40]	80	static
/home/stvsl/.mcuxpressotools/arm-gnu-toolchain-12.3.rel1-x86_64-arm-none-eabi/arm-none-eabi/include/c++/12.3.1/bits/range_access.h:63:5:begin()) std::begin(const _Container&) [with _Container = array<short int, 40>]	16	static
/home/stvsl/.mcuxpressotools/arm-gnu-toolchain-12.3.rel1-x86_64-arm-none-eabi/arm-none-eabi/include/c++/12.3.1/bits/range_access.h:85:5:end()) std::end(const _Container&) [with _Container = array<short int, 40>]	16	static
/home/stvsl/.mcuxpressotools/arm-gnu-toolchain-12.3.rel1-x86_64-arm-none-eabi/arm-none-eabi/include/c++/12.3.1/bits/range_access.h:52:5:begin()) std::begin(_Container&) [with _Container = array<short int, 43>]	16	static
/home/stvsl/.mcuxpressotools/arm-gnu-toolchain-12.3.rel1-x86_64-arm-none-eabi/arm-none-eabi/include/c++/12.3.1/bits/range_access.h:63:5:begin()) std::begin(const _Container&) [with _Container = array<short int, 43>]	16	static
/home/stvsl/.mcuxpressotools/arm-gnu-toolchain-12.3.rel1-x86_64-arm-none-eabi/arm-none-eabi/include/c++/12.3.1/bits/range_access.h:85:5:end()) std::end(const _Container&) [with _Container = array<short int, 43>]	16	static
/home/stvsl/.mcuxpressotools/arm-gnu-toolchain-12.3.rel1-x86_64-arm-none-eabi/arm-none-eabi/include/c++/12.3.1/bits/range_access.h:52:5:begin()) std::begin(_Container&) [with _Container = array<short int, 44>]	16	static
/home/stvsl/.mcuxpressotools/arm-gnu-toolchain-12.3.rel1-x86_64-arm-none-eabi/arm-none-eabi/include/c++/12.3.1/array:193:7:constexpr std::array<_Tp, _Nm>::size_type std::array<_Tp, _Nm>::size() const [with _Tp = short int; unsigned int _Nm = 44]	16	static
/home/stvsl/.mcuxpressotools/arm-gnu-toolchain-12.3.rel1-x86_64-arm-none-eabi/arm-none-eabi/include/c++/12.3.1/array:288:7:constexpr const std::array<_Tp, _Nm>::value_type* std::array<_Tp, _Nm>::data() const [with _Tp = short int; unsigned int _Nm = 44]	16	static
/home/stvsl/.mcuxpressotools/arm-gnu-toolchain-12.3.rel1-x86_64-arm-none-eabi/arm-none-eabi/include/c++/12.3.1/bits/move.h:77:5:constexpr _Tp&& std::forward(typename remove_reference<_Tp>::type&) [with _Tp = const Qul::PlatformInterface::PathData*]	16	static
/home/stvsl/.mcuxpressotools/arm-gnu-toolchain-12.3.rel1-x86_64-arm-none-eabi/arm-none-eabi/include/c++/12.3.1/bits/move.h:77:5:constexpr _Tp&& std::forward(typename remove_reference<_Tp>::type&) [with _Tp = Qul::PlatformInterface::PathFillRule&]	16	static
/home/stvsl/Qt/QtMCUs/2.7.0/include/platforminterface/allocator.h:92:5:Qul::PlatformInterface::Allocator<T>::Allocator() [with T = float]	16	static
/home/stvsl/.mcuxpressotools/arm-gnu-toolchain-12.3.rel1-x86_64-arm-none-eabi/arm-none-eabi/include/c++/12.3.1/bits/stl_vector.h:99:2:std::_Vector_base<_Tp, _Alloc>::_Vector_impl_data::_Vector_impl_data() [with _Tp = float; _Alloc = Qul::PlatformInterface::Allocator<float>]	16	static
/home/stvsl/.mcuxpressotools/arm-gnu-toolchain-12.3.rel1-x86_64-arm-none-eabi/arm-none-eabi/include/c++/12.3.1/bits/stl_vector.h:383:7:void std::_Vector_base<_Tp, _Alloc>::_M_deallocate(pointer, std::size_t) [with _Tp = float; _Alloc = Qul::PlatformInterface::Allocator<float>]	24	static
/home/stvsl/.mcuxpressotools/arm-gnu-toolchain-12.3.rel1-x86_64-arm-none-eabi/arm-none-eabi/include/c++/12.3.1/bits/stl_vector.h:1985:2:_Up* std::vector<_Tp, _Alloc>::_M_data_ptr(_Up*) const [with _Up = float; _Tp = float; _Alloc = Qul::PlatformInterface::Allocator<float>]	16	static
/home/stvsl/.mcuxpressotools/arm-gnu-toolchain-12.3.rel1-x86_64-arm-none-eabi/arm-none-eabi/include/c++/12.3.1/bits/stl_vector.h:1928:7:void std::vector<_Tp, _Alloc>::_M_erase_at_end(pointer) [with _Tp = float; _Alloc = Qul::PlatformInterface::Allocator<float>]	32	static
/home/stvsl/.mcuxpressotools/arm-gnu-toolchain-12.3.rel1-x86_64-arm-none-eabi/arm-none-eabi/include/c++/12.3.1/bits/alloc_traits.h:360:2:) [with _Tp = vg_lite_linear_gradient_ext*; _Args = {vg_lite_linear_gradient_ext* const&}; _Alloc = Qul::PlatformInterface::Allocator<vg_lite_linear_gradient_ext*>]	24	static
/home/stvsl/.mcuxpressotools/arm-gnu-toolchain-12.3.rel1-x86_64-arm-none-eabi/arm-none-eabi/include/c++/12.3.1/bits/vector.tcc:439:7:) [with _Args = {vg_lite_linear_gradient_ext* const&}; _Tp = vg_lite_linear_gradient_ext*; _Alloc = Qul::PlatformInterface::Allocator<vg_lite_linear_gradient_ext*>]	64	static
/home/stvsl/.mcuxpressotools/arm-gnu-toolchain-12.3.rel1-x86_64-arm-none-eabi/arm-none-eabi/include/c++/12.3.1/bits/move.h:49:5:constexpr _Tp* std::__addressof(_Tp&) [with _Tp = float]	16	static
/home/stvsl/.mcuxpressotools/arm-gnu-toolchain-12.3.rel1-x86_64-arm-none-eabi/arm-none-eabi/include/c++/12.3.1/bits/alloc_traits.h:376:2:static void std::allocator_traits< <template-parameter-1-1> >::destroy(_Alloc&, _Tp*) [with _Tp = float; _Alloc = Qul::PlatformInterface::Allocator<float>]	16	static
/home/stvsl/.mcuxpressotools/arm-gnu-toolchain-12.3.rel1-x86_64-arm-none-eabi/arm-none-eabi/include/c++/12.3.1/bits/move.h:77:5:constexpr _Tp&& std::forward(typename remove_reference<_Tp>::type&) [with _Tp = const float&]	16	static
/home/stvsl/.mcuxpressotools/arm-gnu-toolchain-12.3.rel1-x86_64-arm-none-eabi/arm-none-eabi/include/c++/12.3.1/bits/alloc_traits.h:249:2:) [with _Tp = float; _Args = {const float&}; _Alloc = Qul::PlatformInterface::Allocator<float>]	24	static
/home/stvsl/.mcuxpressotools/arm-gnu-toolchain-12.3.rel1-x86_64-arm-none-eabi/arm-none-eabi/include/c++/12.3.1/bits/stl_iterator.h:1072:7:__gnu_cxx::__normal_iterator<_Iterator, _Container>::__normal_iterator(const _Iterator&) [with _Iterator = float*; _Container = std::vector<float, Qul::PlatformInterface::Allocator<float> >]	16	static
/home/stvsl/.mcuxpressotools/arm-gnu-toolchain-12.3.rel1-x86_64-arm-none-eabi/arm-none-eabi/include/c++/12.3.1/bits/stl_vector.h:1891:7:std::vector<_Tp, _Alloc>::size_type std::vector<_Tp, _Alloc>::_M_check_len(size_type, const char*) const [with _Tp = float; _Alloc = Qul::PlatformInterface::Allocator<float>]	40	static
/home/stvsl/.mcuxpressotools/arm-gnu-toolchain-12.3.rel1-x86_64-arm-none-eabi/arm-none-eabi/include/c++/12.3.1/bits/stl_vector.h:868:7:std::vector<_Tp, _Alloc>::iterator std::vector<_Tp, _Alloc>::begin() [with _Tp = float; _Alloc = Qul::PlatformInterface::Allocator<float>]	24	static
/home/stvsl/.mcuxpressotools/arm-gnu-toolchain-12.3.rel1-x86_64-arm-none-eabi/arm-none-eabi/include/c++/12.3.1/bits/stl_iterator.h:1330:5:typename __gnu_cxx::__normal_iterator<_Iterator, _Container>::difference_type __gnu_cxx::operator-(const __normal_iterator<_Iterator, _Container>&, const __normal_iterator<_Iterator, _Container>&) [with _Iterator = float*; _Container = std::vector<float, Qul::PlatformInterface::Allocator<float> >]	24	static
/home/stvsl/.mcuxpressotools/arm-gnu-toolchain-12.3.rel1-x86_64-arm-none-eabi/arm-none-eabi/include/c++/12.3.1/bits/stl_vector.h:375:7:std::_Vector_base<_Tp, _Alloc>::pointer std::_Vector_base<_Tp, _Alloc>::_M_allocate(std::size_t) [with _Tp = float; _Alloc = Qul::PlatformInterface::Allocator<float>]	16	static
/home/stvsl/.mcuxpressotools/arm-gnu-toolchain-12.3.rel1-x86_64-arm-none-eabi/arm-none-eabi/include/c++/12.3.1/bits/stl_iterator.h:1158:7:const _Iterator& __gnu_cxx::__normal_iterator<_Iterator, _Container>::base() const [with _Iterator = float*; _Container = std::vector<float, Qul::PlatformInterface::Allocator<float> >]	16	static
/home/stvsl/.mcuxpressotools/arm-gnu-toolchain-12.3.rel1-x86_64-arm-none-eabi/arm-none-eabi/include/c++/12.3.1/bits/stl_uninitialized.h:391:5:_ForwardIterator std::__uninitialized_move_if_noexcept_a(_InputIterator, _InputIterator, _ForwardIterator, _Allocator&) [with _InputIterator = float*; _ForwardIterator = float*; _Allocator = Qul::PlatformInterface::Allocator<float>]	32	static
[...]
/home/stvsl/.mcuxpressotools/arm-gnu-toolchain-12.3.rel1-x86_64-arm-none-eabi/arm-none-eabi/include/c++/12.3.1/bits/stl_uninitialized.h:344:5:_ForwardIterator std::__uninitialized_copy_a(_InputIterator, _InputIterator, _ForwardIterator, _Allocator&) [with _InputIterator = move_iterator<vg_lite_linear_gradient_ext**>; _ForwardIterator = vg_lite_linear_gradient_ext**; _Allocator = Qul::PlatformInterface::Allocator<vg_lite_linear_gradient_ext*>]	40	static
/home/stvsl/.mcuxpressotools/arm-gnu-toolchain-12.3.rel1-x86_64-arm-none-eabi/arm-none-eabi/include/c++/12.3.1/bits/alloc_traits.h:269:2:destroy(__p)) std::allocator_traits< <template-parameter-1-1> >::_S_destroy(_Alloc2&, _Tp*, int) [with _Alloc2 = Qul::PlatformInterface::Allocator<vg_lite_linear_gradient_ext*>; _Tp = vg_lite_linear_gradient_ext*; _Alloc = Qul::PlatformInterface::Allocator<vg_lite_linear_gradient_ext*>]	24	static
/home/stvsl/Qt/QtMCUs/2.7.0/include/platforminterface/allocator.h:78:10:void Qul::PlatformInterface::Allocator<T>::destroy(pointer) [with T = float]	16	static
/home/stvsl/.mcuxpressotools/arm-gnu-toolchain-12.3.rel1-x86_64-arm-none-eabi/arm-none-eabi/include/c++/12.3.1/bits/stl_vector.h:1911:7:static std::vector<_Tp, _Alloc>::size_type std::vector<_Tp, _Alloc>::_S_max_size(const _Tp_alloc_type&) [with _Tp = float; _Alloc = Qul::PlatformInterface::Allocator<float>]	24	static
/home/stvsl/.mcuxpressotools/arm-gnu-toolchain-12.3.rel1-x86_64-arm-none-eabi/arm-none-eabi/include/c++/12.3.1/bits/stl_vector.h:303:7:const std::_Vector_base<_Tp, _Alloc>::_Tp_alloc_type& std::_Vector_base<_Tp, _Alloc>::_M_get_Tp_allocator() const [with _Tp = float; _Alloc = Qul::PlatformInterface::Allocator<float>]	16	static
/home/stvsl/Qt/QtMCUs/2.7.0/include/platforminterface/allocator.h:67:8:T* Qul::PlatformInterface::Allocator<T>::allocate(std::size_t) [with T = float]	32	static
/home/stvsl/.mcuxpressotools/arm-gnu-toolchain-12.3.rel1-x86_64-arm-none-eabi/arm-none-eabi/include/c++/12.3.1/bits/stl_iterator.h:1515:7:constexpr std::move_iterator<_Iterator>::move_iterator(iterator_type) [with _Iterator = float*]	16	static
/home/stvsl/.mcuxpressotools/arm-gnu-toolchain-12.3.rel1-x86_64-arm-none-eabi/arm-none-eabi/include/c++/12.3.1/bits/stl_iterator.h:1759:5:constexpr bool std::operator!=(const move_iterator<_IteratorL>&, const move_iterator<_IteratorL>&) [with _Iterator = float*]	16	static
/home/stvsl/.mcuxpressotools/arm-gnu-toolchain-12.3.rel1-x86_64-arm-none-eabi/arm-none-eabi/include/c++/12.3.1/bits/stl_iterator.h:1570:7:constexpr std::move_iterator<_Iterator>& std::move_iterator<_Iterator>::operator++() [with _Iterator = float*]	16	static
/home/stvsl/.mcuxpressotools/arm-gnu-toolchain-12.3.rel1-x86_64-arm-none-eabi/arm-none-eabi/include/c++/12.3.1/bits/stl_iterator.h:1557:7:constexpr std::move_iterator<_Iterator>::reference std::move_iterator<_Iterator>::operator*() const [with _Iterator = float*]	16	static
/home/stvsl/.mcuxpressotools/arm-gnu-toolchain-12.3.rel1-x86_64-arm-none-eabi/arm-none-eabi/include/c++/12.3.1/bits/alloc_traits.h:360:2:) [with _Tp = float; _Args = {float}; _Alloc = Qul::PlatformInterface::Allocator<float>]	24	static
/home/stvsl/.mcuxpressotools/arm-gnu-toolchain-12.3.rel1-x86_64-arm-none-eabi/arm-none-eabi/include/c++/12.3.1/bits/stl_tree.h:549:7:std::_Rb_tree<_Key, _Val, _KeyOfValue, _Compare, _Alloc>::_Node_allocator& std::_Rb_tree<_Key, _Val, _KeyOfValue, _Compare, _Alloc>::_M_get_Node_allocator() [with _Key = const unsigned char*; _Val = std::pair<const unsigned char* const, Qul::Platform::Private::VgliteRotationCache::Node>; _KeyOfValue = std::_Select1st<std::pair<const unsigned char* const, Qul::Platform::Private::VgliteRotationCache::Node> >; _Compare = std::less<const unsigned char*>; _Alloc = Qul::PlatformInterface::Allocator<std::pair<const unsigned char* const, Qul::Platform::Private::VgliteRotationCache::Node> >]	16	static
/home/stvsl/.mcuxpressotools/arm-gnu-toolchain-12.3.rel1-x86_64-arm-none-eabi/arm-none-eabi/include/c++/12.3.1/bits/stl_tree.h:234:7:_Val* std::_Rb_tree_node<_Val>::_M_valptr() [with _Val = std::pair<const unsigned char* const, Qul::Platform::Private::VgliteRotationCache::Node>]	16	static
/home/stvsl/.mcuxpressotools/arm-gnu-toolchain-12.3.rel1-x86_64-arm-none-eabi/arm-none-eabi/include/c++/12.3.1/bits/alloc_traits.h:376:2:static void std::allocator_traits< <template-parameter-1-1> >::destroy(_Alloc&, _Tp*) [with _Tp = std::pair<const unsigned char* const, Qul::Platform::Private::VgliteRotationCache::Node>; _Alloc = Qul::PlatformInterface::Allocator<std::_Rb_tree_node<std::pair<const unsigned char* const, Qul::Platform::Private::VgliteRotationCache::Node> > >]	16	static
/home/stvsl/.mcuxpressotools/arm-gnu-toolchain-12.3.rel1-x86_64-arm-none-eabi/arm-none-eabi/include/c++/12.3.1/bits/alloc_traits.h:344:7:static void std::allocator_traits< <template-parameter-1-1> >::deallocate(_Alloc&, pointer, size_type) [with _Alloc = Qul::PlatformInterface::Allocator<std::_Rb_tree_node<std::pair<const unsigned char* const, Qul::Platform::Private::VgliteRotationCache::Node> > >]	24	static
/home/stvsl/.mcuxpressotools/arm-gnu-toolchain-12.3.rel1-x86_64-arm-none-eabi/arm-none-eabi/include/c++/12.3.1/array:80:6:static constexpr _Tp* std::__array_traits<_Tp, 0>::_S_ptr(const _Type&) [with _Tp = short int]	16	static
/home/stvsl/.mcuxpressotools/arm-gnu-toolchain-12.3.rel1-x86_64-arm-none-eabi/arm-none-eabi/include/c++/12.3.1/array:64:7:static constexpr _Tp* std::__array_traits<_Tp, _Nm>::_S_ptr(const _Tp (&)[_Nm]) [with _Tp = short int; unsigned int _Nm = 3]	16	static
/home/stvsl/.mcuxpressotools/arm-gnu-toolchain-12.3.rel1-x86_64-arm-none-eabi/arm-none-eabi/include/c++/12.3.1/bits/stl_algobase.h:486:5:_OI std::__copy_move_a2(_II, _II, _OI) [with bool _IsMove = false; _II = const short int*; _OI = short int*]	24	static
/home/stvsl/.mcuxpressotools/arm-gnu-toolchain-12.3.rel1-x86_64-arm-none-eabi/arm-none-eabi/include/c++/12.3.1/bits/stl_algobase.h:486:5:_OI std::__copy_move_a2(_II, _II, _OI) [with bool _IsMove = false; _II = short int*; _OI = short int*]	24	static
/home/stvsl/.mcuxpressotools/arm-gnu-toolchain-12.3.rel1-x86_64-arm-none-eabi/arm-none-eabi/include/c++/12.3.1/array:64:7:static constexpr _Tp* std::__array_traits<_Tp, _Nm>::_S_ptr(const _Tp (&)[_Nm]) [with _Tp = short int; unsigned int _Nm = 6]	16	static
/home/stvsl/.mcuxpressotools/arm-gnu-toolchain-12.3.rel1-x86_64-arm-none-eabi/arm-none-eabi/include/c++/12.3.1/array:64:7:static constexpr _Tp* std::__array_traits<_Tp, _Nm>::_S_ptr(const _Tp (&)[_Nm]) [with _Tp = short int; unsigned int _Nm = 9]	16	static
/home/stvsl/.mcuxpressotools/arm-gnu-toolchain-12.3.rel1-x86_64-arm-none-eabi/arm-none-eabi/include/c++/12.3.1/array:64:7:static constexpr _Tp* std::__array_traits<_Tp, _Nm>::_S_ptr(const _Tp (&)[_Nm]) [with _Tp = short int; unsigned int _Nm = 12]	16	static
/home/stvsl/.mcuxpressotools/arm-gnu-toolchain-12.3.rel1-x86_64-arm-none-eabi/arm-none-eabi/include/c++/12.3.1/array:64:7:static constexpr _Tp* std::__array_traits<_Tp, _Nm>::_S_ptr(const _Tp (&)[_Nm]) [with _Tp = short int; unsigned int _Nm = 1]	16	static
/home/stvsl/.mcuxpressotools/arm-gnu-toolchain-12.3.rel1-x86_64-arm-none-eabi/arm-none-eabi/include/c++/12.3.1/array:64:7:static constexpr _Tp* std::__array_traits<_Tp, _Nm>::_S_ptr(const _Tp (&)[_Nm]) [with _Tp = short int; unsigned int _Nm = 10]	16	static
/home/stvsl/.mcuxpressotools/arm-gnu-toolchain-12.3.rel1-x86_64-arm-none-eabi/arm-none-eabi/include/c++/12.3.1/array:283:7:constexpr std::array<_Tp, _Nm>::value_type* std::array<_Tp, _Nm>::data() [with _Tp = short int; unsigned int _Nm = 7]	16	static
/home/stvsl/.mcuxpressotools/arm-gnu-toolchain-12.3.rel1-x86_64-arm-none-eabi/arm-none-eabi/include/c++/12.3.1/array:64:7:static constexpr _Tp* std::__array_traits<_Tp, _Nm>::_S_ptr(const _Tp (&)[_Nm]) [with _Tp = short int; unsigned int _Nm = 20]	16	static
/home/stvsl/.mcuxpressotools/arm-gnu-toolchain-12.3.rel1-x86_64-arm-none-eabi/arm-none-eabi/include/c++/12.3.1/array:64:7:static constexpr _Tp* std::__array_traits<_Tp, _Nm>::_S_ptr(const _Tp (&)[_Nm]) [with _Tp = short int; unsigned int _Nm = 23]	16	static
/home/stvsl/.mcuxpressotools/arm-gnu-toolchain-12.3.rel1-x86_64-arm-none-eabi/arm-none-eabi/include/c++/12.3.1/array:64:7:static constexpr _Tp* std::__array_traits<_Tp, _Nm>::_S_ptr(const _Tp (&)[_Nm]) [with _Tp = short int; unsigned int _Nm = 30]	16	static
/home/stvsl/.mcuxpressotools/arm-gnu-toolchain-12.3.rel1-x86_64-arm-none-eabi/arm-none-eabi/include/c++/12.3.1/array:64:7:static constexpr _Tp* std::__array_traits<_Tp, _Nm>::_S_ptr(const _Tp (&)[_Nm]) [with _Tp = short int; unsigned int _Nm = 33]	16	static
/home/stvsl/.mcuxpressotools/arm-gnu-toolchain-12.3.rel1-x86_64-arm-none-eabi/arm-none-eabi/include/c++/12.3.1/array:64:7:static constexpr _Tp* std::__array_traits<_Tp, _Nm>::_S_ptr(const _Tp (&)[_Nm]) [with _Tp = short int; unsigned int _Nm = 40]	16	static
/home/stvsl/.mcuxpressotools/arm-gnu-toolchain-12.3.rel1-x86_64-arm-none-eabi/arm-none-eabi/include/c++/12.3.1/array:64:7:static constexpr _Tp* std::__array_traits<_Tp, _Nm>::_S_ptr(const _Tp (&)[_Nm]) [with _Tp = short int; unsigned int _Nm = 43]	16	static
/home/stvsl/.mcuxpressotools/arm-gnu-toolchain-12.3.rel1-x86_64-arm-none-eabi/arm-none-eabi/include/c++/12.3.1/bits/stl_vector.h:1911:7:static std::vector<_Tp, _Alloc>::size_type std::vector<_Tp, _Alloc>::_S_max_size(const _Tp_alloc_type&) [with _Tp = vg_lite_linear_gradient_ext*; _Alloc = Qul::PlatformInterface::Allocator<vg_lite_linear_gradient_ext*>]	24	static
/home/stvsl/.mcuxpressotools/arm-gnu-toolchain-12.3.rel1-x86_64-arm-none-eabi/arm-none-eabi/include/c++/12.3.1/bits/stl_vector.h:303:7:const std::_Vector_base<_Tp, _Alloc>::_Tp_alloc_type& std::_Vector_base<_Tp, _Alloc>::_M_get_Tp_allocator() const [with _Tp = vg_lite_linear_gradient_ext*; _Alloc = Qul::PlatformInterface::Allocator<vg_lite_linear_gradient_ext*>]	16	static
/home/stvsl/Qt/QtMCUs/2.7.0/include/platforminterface/allocator.h:67:8:T* Qul::PlatformInterface::Allocator<T>::allocate(std::size_t) [with T = vg_lite_linear_gradient_ext*]	32	static
/home/stvsl/.mcuxpressotools/arm-gnu-toolchain-12.3.rel1-x86_64-arm-none-eabi/arm-none-eabi/include/c++/12.3.1/bits/stl_iterator.h:1515:7:constexpr std::move_iterator<_Iterator>::move_iterator(iterator_type) [with _Iterator = vg_lite_linear_gradient_ext**]	16	static
/home/stvsl/.mcuxpressotools/arm-gnu-toolchain-12.3.rel1-x86_64-arm-none-eabi/arm-none-eabi/include/c++/12.3.1/bits/stl_iterator.h:1759:5:constexpr bool std::operator!=(const move_iterator<_IteratorL>&, const move_iterator<_IteratorL>&) [with _Iterator = vg_lite_linear_gradient_ext**]	16	static
/home/stvsl/.mcuxpressotools/arm-gnu-toolchain-12.3.rel1-x86_64-arm-none-eabi/arm-none-eabi/include/c++/12.3.1/bits/stl_iterator.h:1570:7:constexpr std::move_iterator<_Iterator>& std::move_iterator<_Iterator>::operator++() [with _Iterator = vg_lite_linear_gradient_ext**]	16	static
/home/stvsl/.mcuxpressotools/arm-gnu-toolchain-12.3.rel1-x86_64-arm-none-eabi/arm-none-eabi/include/c++/12.3.1/bits/stl_iterator.h:1557:7:constexpr std::move_iterator<_Iterator>::reference std::move_iterator<_Iterator>::operator*() const [with _Iterator = vg_lite_linear_gradient_ext**]	16	static
/home/stvsl/.mcuxpressotools/arm-gnu-toolchain-12.3.rel1-x86_64-arm-none-eabi/arm-none-eabi/include/c++/12.3.1/bits/alloc_traits.h:360:2:) [with _Tp = vg_lite_linear_gradient_ext*; _Args = {vg_lite_linear_gradient_ext*}; _Alloc = Qul::PlatformInterface::Allocator<vg_lite_linear_gradient_ext*>]	24	static
/home/stvsl/Qt/QtMCUs/2.7.0/include/platforminterface/allocator.h:78:10:void Qul::PlatformInterface::Allocator<T>::destroy(pointer) [with T = vg_lite_linear_gradient_ext*]	16	static
/home/stvsl/.mcuxpressotools/arm-gnu-toolchain-12.3.rel1-x86_64-arm-none-eabi/arm-none-eabi/include/c++/12.3.1/bits/alloc_traits.h:389:7:static std::allocator_traits< <template-parameter-1-1> >::size_type std::allocator_traits< <template-parameter-1-1> >::max_size(const _Alloc&) [with _Alloc = Qul::PlatformInterface::Allocator<float>]	16	static
/home/stvsl/.mcuxpressotools/arm-gnu-toolchain-12.3.rel1-x86_64-arm-none-eabi/arm-none-eabi/include/c++/12.3.1/bits/stl_algobase.h:230:5:constexpr const _Tp& std::min(const _Tp&, const _Tp&) [with _Tp = unsigned int]	16	static
/home/stvsl/.mcuxpressotools/arm-gnu-toolchain-12.3.rel1-x86_64-arm-none-eabi/arm-none-eabi/include/c++/12.3.1/bits/move.h:104:5:constexpr typename std::remove_reference<_Tp>::type&& std::move(_Tp&&) [with _Tp = float*&]	16	static
/home/stvsl/.mcuxpressotools/arm-gnu-toolchain-12.3.rel1-x86_64-arm-none-eabi/arm-none-eabi/include/c++/12.3.1/bits/stl_iterator.h:1744:5:constexpr bool std::operator==(const move_iterator<_IteratorL>&, const move_iterator<_IteratorL>&) [with _Iterator = float*]	24	static
/home/stvsl/.mcuxpressotools/arm-gnu-toolchain-12.3.rel1-x86_64-arm-none-eabi/arm-none-eabi/include/c++/12.3.1/bits/move.h:77:5:constexpr _Tp&& std::forward(typename remove_reference<_Tp>::type&) [with _Tp = float]	16	static
/home/stvsl/.mcuxpressotools/arm-gnu-toolchain-12.3.rel1-x86_64-arm-none-eabi/arm-none-eabi/include/c++/12.3.1/bits/alloc_traits.h:249:2:) [with _Tp = float; _Args = {float}; _Alloc = Qul::PlatformInterface::Allocator<float>]	24	static
/home/stvsl/.mcuxpressotools/arm-gnu-toolchain-12.3.rel1-x86_64-arm-none-eabi/arm-none-eabi/include/c++/12.3.1/ext/aligned_buffer.h:72:7:_Tp* __gnu_cxx::__aligned_membuf<_Tp>::_M_ptr() [with _Tp = std::pair<const unsigned char* const, Qul::Platform::Private::VgliteRotationCache::Node>]	16	static
/home/stvsl/.mcuxpressotools/arm-gnu-toolchain-12.3.rel1-x86_64-arm-none-eabi/arm-none-eabi/include/c++/12.3.1/bits/alloc_traits.h:276:2:) [with _Alloc2 = Qul::PlatformInterface::Allocator<std::_Rb_tree_node<std::pair<const unsigned char* const, Qul::Platform::Private::VgliteRotationCache::Node> > >; _Tp = std::pair<const unsigned char* const, Qul::Platform::Private::VgliteRotationCache::Node>; _Alloc = Qul::PlatformInterface::Allocator<std::_Rb_tree_node<std::pair<const unsigned char* const, Qul::Platform::Private::VgliteRotationCache::Node> > >]	20	static
/home/stvsl/Qt/QtMCUs/2.7.0/include/platforminterface/allocator.h:77:10:void Qul::PlatformInterface::Allocator<T>::deallocate(T*, std::size_t) [with T = std::_Rb_tree_node<std::pair<const unsigned char* const, Qul::Platform::Private::VgliteRotationCache::Node> >]	24	static
/home/stvsl/.mcuxpressotools/arm-gnu-toolchain-12.3.rel1-x86_64-arm-none-eabi/arm-none-eabi/include/c++/12.3.1/bits/stl_algobase.h:420:2:static _Tp* std::__copy_move<_IsMove, true, std::random_access_iterator_tag>::__copy_m(const _Tp*, const _Tp*, _Tp*) [with _Tp = short int; bool _IsMove = false]	32	static
/home/stvsl/.mcuxpressotools/arm-gnu-toolchain-12.3.rel1-x86_64-arm-none-eabi/arm-none-eabi/include/c++/12.3.1/array:64:7:static constexpr _Tp* std::__array_traits<_Tp, _Nm>::_S_ptr(const _Tp (&)[_Nm]) [with _Tp = short int; unsigned int _Nm = 7]	16	static
/home/stvsl/.mcuxpressotools/arm-gnu-toolchain-12.3.rel1-x86_64-arm-none-eabi/arm-none-eabi/include/c++/12.3.1/bits/alloc_traits.h:389:7:static std::allocator_traits< <template-parameter-1-1> >::size_type std::allocator_traits< <template-parameter-1-1> >::max_size(const _Alloc&) [with _Alloc = Qul::PlatformInterface::Allocator<vg_lite_linear_gradient_ext*>]	16	static
/home/stvsl/.mcuxpressotools/arm-gnu-toolchain-12.3.rel1-x86_64-arm-none-eabi/arm-none-eabi/include/c++/12.3.1/bits/move.h:104:5:constexpr typename std::remove_reference<_Tp>::type&& std::move(_Tp&&) [with _Tp = vg_lite_linear_gradient_ext**&]	16	static
/home/stvsl/.mcuxpressotools/arm-gnu-toolchain-12.3.rel1-x86_64-arm-none-eabi/arm-none-eabi/include/c++/12.3.1/bits/stl_iterator.h:1744:5:constexpr bool std::operator==(const move_iterator<_IteratorL>&, const move_iterator<_IteratorL>&) [with _Iterator = vg_lite_linear_gradient_ext**]	24	static
/home/stvsl/.mcuxpressotools/arm-gnu-toolchain-12.3.rel1-x86_64-arm-none-eabi/arm-none-eabi/include/c++/12.3.1/bits/move.h:77:5:constexpr _Tp&& std::forward(typename remove_reference<_Tp>::type&) [with _Tp = vg_lite_linear_gradient_ext*]	16	static
/home/stvsl/.mcuxpressotools/arm-gnu-toolchain-12.3.rel1-x86_64-arm-none-eabi/arm-none-eabi/include/c++/12.3.1/bits/alloc_traits.h:249:2:) [with _Tp = vg_lite_linear_gradient_ext*; _Args = {vg_lite_linear_gradient_ext*}; _Alloc = Qul::PlatformInterface::Allocator<vg_lite_linear_gradient_ext*>]	24	static
/home/stvsl/.mcuxpressotools/arm-gnu-toolchain-12.3.rel1-x86_64-arm-none-eabi/arm-none-eabi/include/c++/12.3.1/bits/alloc_traits.h:282:2:max_size()) std::allocator_traits< <template-parameter-1-1> >::_S_max_size(_Alloc2&, int) [with _Alloc2 = const Qul::PlatformInterface::Allocator<float>; _Alloc = Qul::PlatformInterface::Allocator<float>]	16	static
/home/stvsl/.mcuxpressotools/arm-gnu-toolchain-12.3.rel1-x86_64-arm-none-eabi/arm-none-eabi/include/c++/12.3.1/bits/stl_iterator.h:1541:7:constexpr std::move_iterator<_Iterator>::iterator_type std::move_iterator<_Iterator>::base() const [with _Iterator = float*]	16	static
/home/stvsl/.mcuxpressotools/arm-gnu-toolchain-12.3.rel1-x86_64-arm-none-eabi/arm-none-eabi/include/c++/12.3.1/ext/aligned_buffer.h:64:7:void* __gnu_cxx::__aligned_membuf<_Tp>::_M_addr() [with _Tp = std::pair<const unsigned char* const, Qul::Platform::Private::VgliteRotationCache::Node>]	16	static
/home/stvsl/.mcuxpressotools/arm-gnu-toolchain-12.3.rel1-x86_64-arm-none-eabi/arm-none-eabi/include/c++/12.3.1/bits/stl_pair.h:185:12:std::pair<const unsigned char* const, Qul::Platform::Private::VgliteRotationCache::Node>::~pair()	16	static
/home/stvsl/.mcuxpressotools/arm-gnu-toolchain-12.3.rel1-x86_64-arm-none-eabi/arm-none-eabi/include/c++/12.3.1/bits/stl_construct.h:146:5:constexpr void std::_Destroy(_Tp*) [with _Tp = pair<const unsigned char* const, Qul::Platform::Private::VgliteRotationCache::Node>]	16	static
/home/stvsl/.mcuxpressotools/arm-gnu-toolchain-12.3.rel1-x86_64-arm-none-eabi/arm-none-eabi/include/c++/12.3.1/bits/alloc_traits.h:282:2:max_size()) std::allocator_traits< <template-parameter-1-1> >::_S_max_size(_Alloc2&, int) [with _Alloc2 = const Qul::PlatformInterface::Allocator<vg_lite_linear_gradient_ext*>; _Alloc = Qul::PlatformInterface::Allocator<vg_lite_linear_gradient_ext*>]	16	static
/home/stvsl/.mcuxpressotools/arm-gnu-toolchain-12.3.rel1-x86_64-arm-none-eabi/arm-none-eabi/include/c++/12.3.1/bits/stl_iterator.h:1541:7:constexpr std::move_iterator<_Iterator>::iterator_type std::move_iterator<_Iterator>::base() const [with _Iterator = vg_lite_linear_gradient_ext**]	16	static
/home/stvsl/Qt/QtMCUs/2.7.0/include/platforminterface/allocator.h:59:15:Qul::PlatformInterface::Allocator<T>::size_type Qul::PlatformInterface::Allocator<T>::max_size() const [with T = float]	16	static
/home/stvsl/Qt/QtMCUs/2.7.0/include/platforminterface/allocator.h:59:15:Qul::PlatformInterface::Allocator<T>::size_type Qul::PlatformInterface::Allocator<T>::max_size() const [with T = vg_lite_linear_gradient_ext*]	16	static
/home/stvsl/Documents/DOTRUST/PortingTest/imxrt1170_freertos_qt/platform/platform/boards/nxp/mimxrt1170-evkb-freertos/vgliterotationcache.h:30:7:Qul::Platform::Private::VgliteRotationCache::~VgliteRotationCache()	16	static
/home/stvsl/Documents/DOTRUST/PortingTest/imxrt1170_freertos_qt/platform/platform/boards/nxp/mimxrt1170-evkb-freertos/vglitesupport.cpp:912:1:void __static_initialization_and_destruction_0(int, int)	16	static
/home/stvsl/.mcuxpressotools/arm-gnu-toolchain-12.3.rel1-x86_64-arm-none-eabi/arm-none-eabi/include/c++/12.3.1/bits/stl_vector.h:728:7:std::vector<_Tp, _Alloc>::~vector() [with _Tp = vg_lite_linear_gradient_ext*; _Alloc = Qul::PlatformInterface::Allocator<vg_lite_linear_gradient_ext*>]	24	static
/home/stvsl/Documents/DOTRUST/PortingTest/imxrt1170_freertos_qt/platform/platform/boards/nxp/mimxrt1170-evkb-freertos/vglitesupport.cpp:912:1:cpp)	8	static
