/home/stvsl/Downloads/SDK_2_15_100_MIMXRT1170-EVK_ALL_TOOLCHAN/middleware/vglite/VGLiteKernel/vg_lite_kernel.c:60:13:gpu	32	static
/home/stvsl/Downloads/SDK_2_15_100_MIMXRT1170-EVK_ALL_TOOLCHAN/middleware/vglite/VGLiteKernel/vg_lite_kernel.c:125:24:init_3rd	24	static
/home/stvsl/Downloads/SDK_2_15_100_MIMXRT1170-EVK_ALL_TOOLCHAN/middleware/vglite/VGLiteKernel/vg_lite_kernel.c:298:24:init_vglite	96	static
/home/stvsl/Downloads/SDK_2_15_100_MIMXRT1170-EVK_ALL_TOOLCHAN/middleware/vglite/VGLiteKernel/vg_lite_kernel.c:553:24:do_initialize	24	static
/home/stvsl/Downloads/SDK_2_15_100_MIMXRT1170-EVK_ALL_TOOLCHAN/middleware/vglite/VGLiteKernel/vg_lite_kernel.c:620:24:terminate_vglite	32	static
/home/stvsl/Downloads/SDK_2_15_100_MIMXRT1170-EVK_ALL_TOOLCHAN/middleware/vglite/VGLiteKernel/vg_lite_kernel.c:699:24:terminate_3rd	16	static
/home/stvsl/Downloads/SDK_2_15_100_MIMXRT1170-EVK_ALL_TOOLCHAN/middleware/vglite/VGLiteKernel/vg_lite_kernel.c:706:24:do_terminate	16	static
/home/stvsl/Downloads/SDK_2_15_100_MIMXRT1170-EVK_ALL_TOOLCHAN/middleware/vglite/VGLiteKernel/vg_lite_kernel.c:714:24:do_allocate	24	static
/home/stvsl/Downloads/SDK_2_15_100_MIMXRT1170-EVK_ALL_TOOLCHAN/middleware/vglite/VGLiteKernel/vg_lite_kernel.c:727:24:do_free	16	static
/home/stvsl/Downloads/SDK_2_15_100_MIMXRT1170-EVK_ALL_TOOLCHAN/middleware/vglite/VGLiteKernel/vg_lite_kernel.c:817:24:do_submit	40	static
/home/stvsl/Downloads/SDK_2_15_100_MIMXRT1170-EVK_ALL_TOOLCHAN/middleware/vglite/VGLiteKernel/vg_lite_kernel.c:854:24:do_wait	24	static
/home/stvsl/Downloads/SDK_2_15_100_MIMXRT1170-EVK_ALL_TOOLCHAN/middleware/vglite/VGLiteKernel/vg_lite_kernel.c:865:24:do_reset	8	static
/home/stvsl/Downloads/SDK_2_15_100_MIMXRT1170-EVK_ALL_TOOLCHAN/middleware/vglite/VGLiteKernel/vg_lite_kernel.c:874:24:do_debug	4	static
/home/stvsl/Downloads/SDK_2_15_100_MIMXRT1170-EVK_ALL_TOOLCHAN/middleware/vglite/VGLiteKernel/vg_lite_kernel.c:879:24:do_map	16	static
/home/stvsl/Downloads/SDK_2_15_100_MIMXRT1170-EVK_ALL_TOOLCHAN/middleware/vglite/VGLiteKernel/vg_lite_kernel.c:889:24:do_unmap	16	static
/home/stvsl/Downloads/SDK_2_15_100_MIMXRT1170-EVK_ALL_TOOLCHAN/middleware/vglite/VGLiteKernel/vg_lite_kernel.c:896:24:do_peek	16	static
/home/stvsl/Downloads/SDK_2_15_100_MIMXRT1170-EVK_ALL_TOOLCHAN/middleware/vglite/VGLiteKernel/vg_lite_kernel.c:903:24:do_query_mem	24	static
/home/stvsl/Downloads/SDK_2_15_100_MIMXRT1170-EVK_ALL_TOOLCHAN/middleware/vglite/VGLiteKernel/vg_lite_kernel.c:912:24:do_query_context_switch	16	static
/home/stvsl/Downloads/SDK_2_15_100_MIMXRT1170-EVK_ALL_TOOLCHAN/middleware/vglite/VGLiteKernel/vg_lite_kernel.c:919:13:soft_reset	16	static
/home/stvsl/Downloads/SDK_2_15_100_MIMXRT1170-EVK_ALL_TOOLCHAN/middleware/vglite/VGLiteKernel/vg_lite_kernel.c:937:24:do_mutex_lock	8	static
/home/stvsl/Downloads/SDK_2_15_100_MIMXRT1170-EVK_ALL_TOOLCHAN/middleware/vglite/VGLiteKernel/vg_lite_kernel.c:942:24:do_mutex_unlock	8	static
/home/stvsl/Downloads/SDK_2_15_100_MIMXRT1170-EVK_ALL_TOOLCHAN/middleware/vglite/VGLiteKernel/vg_lite_kernel.c:948:17:vg_lite_kernel	16	static
