/home/stvsl/Documents/DOTRUST/PortingTest/imxrt1170_freertos_qt/src/cpp_config.cpp:23:7:void* operator new(size_t)	8	static
/home/stvsl/Documents/DOTRUST/PortingTest/imxrt1170_freertos_qt/src/cpp_config.cpp:28:7:void* operator new [](size_t)	0	static
/home/stvsl/Documents/DOTRUST/PortingTest/imxrt1170_freertos_qt/src/cpp_config.cpp:30:6:void operator delete(void*)	0	static
/home/stvsl/Documents/DOTRUST/PortingTest/imxrt1170_freertos_qt/src/cpp_config.cpp:32:6:void operator delete [](void*)	0	static
/home/stvsl/Documents/DOTRUST/PortingTest/imxrt1170_freertos_qt/src/cpp_config.cpp:34:16:int __aeabi_atexit(void*, void (*)(void*), void*)	0	static
/home/stvsl/Documents/DOTRUST/PortingTest/imxrt1170_freertos_qt/src/cpp_config.cpp:40:18:void* malloc(size_t)	0	static
/home/stvsl/Documents/DOTRUST/PortingTest/imxrt1170_freertos_qt/src/cpp_config.cpp:42:17:void free(void*)	0	static
/home/stvsl/Documents/DOTRUST/PortingTest/imxrt1170_freertos_qt/src/cpp_config.cpp:57:6:void __gnu_cxx::__verbose_terminate_handler()	0	static
