/home/stvsl/Downloads/SDK_2_15_100_MIMXRT1170-EVK_ALL_TOOLCHAN/devices/MIMXRT1176/drivers/fsl_clock.c:590:13:ANATOP_PllConfigure	40	static
/home/stvsl/Downloads/SDK_2_15_100_MIMXRT1170-EVK_ALL_TOOLCHAN/devices/MIMXRT1176/drivers/fsl_clock.c:118:6:CLOCK_InitArmPll	16	static
/home/stvsl/Downloads/SDK_2_15_100_MIMXRT1170-EVK_ALL_TOOLCHAN/devices/MIMXRT1176/drivers/fsl_clock.c:178:6:CLOCK_DeinitArmPll	0	static
/home/stvsl/Downloads/SDK_2_15_100_MIMXRT1170-EVK_ALL_TOOLCHAN/devices/MIMXRT1176/drivers/fsl_clock.c:187:6:CLOCK_CalcPllSpreadSpectrum	4	static
/home/stvsl/Downloads/SDK_2_15_100_MIMXRT1170-EVK_ALL_TOOLCHAN/devices/MIMXRT1176/drivers/fsl_clock.c:196:6:CLOCK_InitSysPll2	16	static
/home/stvsl/Downloads/SDK_2_15_100_MIMXRT1170-EVK_ALL_TOOLCHAN/devices/MIMXRT1176/drivers/fsl_clock.c:278:6:CLOCK_DeinitSysPll2	0	static
/home/stvsl/Downloads/SDK_2_15_100_MIMXRT1170-EVK_ALL_TOOLCHAN/devices/MIMXRT1176/drivers/fsl_clock.c:300:6:CLOCK_IsSysPll2PfdEnabled	0	static
/home/stvsl/Downloads/SDK_2_15_100_MIMXRT1170-EVK_ALL_TOOLCHAN/devices/MIMXRT1176/drivers/fsl_clock.c:308:6:CLOCK_InitPfd	32	static
/home/stvsl/Downloads/SDK_2_15_100_MIMXRT1170-EVK_ALL_TOOLCHAN/devices/MIMXRT1176/drivers/fsl_clock.c:363:6:CLOCK_DeinitPfd	0	static
/home/stvsl/Downloads/SDK_2_15_100_MIMXRT1170-EVK_ALL_TOOLCHAN/devices/MIMXRT1176/drivers/fsl_clock.c:392:10:CLOCK_GetPfdFreq	0	static
/home/stvsl/Downloads/SDK_2_15_100_MIMXRT1170-EVK_ALL_TOOLCHAN/devices/MIMXRT1176/drivers/fsl_clock.c:444:6:CLOCK_InitSysPll3	8	static
/home/stvsl/Downloads/SDK_2_15_100_MIMXRT1170-EVK_ALL_TOOLCHAN/devices/MIMXRT1176/drivers/fsl_clock.c:495:6:CLOCK_DeinitSysPll3	0	static
/home/stvsl/Downloads/SDK_2_15_100_MIMXRT1170-EVK_ALL_TOOLCHAN/devices/MIMXRT1176/drivers/fsl_clock.c:515:6:CLOCK_IsSysPll3PfdEnabled	0	static
/home/stvsl/Downloads/SDK_2_15_100_MIMXRT1170-EVK_ALL_TOOLCHAN/devices/MIMXRT1176/drivers/fsl_clock.c:521:6:CLOCK_SetPllBypass	0	static
/home/stvsl/Downloads/SDK_2_15_100_MIMXRT1170-EVK_ALL_TOOLCHAN/devices/MIMXRT1176/drivers/fsl_clock.c:658:6:CLOCK_InitAudioPll	24	static
/home/stvsl/Downloads/SDK_2_15_100_MIMXRT1170-EVK_ALL_TOOLCHAN/devices/MIMXRT1176/drivers/fsl_clock.c:639:10:CLOCK_InitAudioPllWithFreq	32	static
/home/stvsl/Downloads/SDK_2_15_100_MIMXRT1170-EVK_ALL_TOOLCHAN/devices/MIMXRT1176/drivers/fsl_clock.c:709:6:CLOCK_DeinitAudioPll	8	static
/home/stvsl/Downloads/SDK_2_15_100_MIMXRT1170-EVK_ALL_TOOLCHAN/devices/MIMXRT1176/drivers/fsl_clock.c:719:6:CLOCK_GPC_SetAudioPllOutputFreq	0	static
/home/stvsl/Downloads/SDK_2_15_100_MIMXRT1170-EVK_ALL_TOOLCHAN/devices/MIMXRT1176/drivers/fsl_clock.c:759:10:CLOCK_CalcArmPllFreq	0	static
/home/stvsl/Downloads/SDK_2_15_100_MIMXRT1170-EVK_ALL_TOOLCHAN/devices/MIMXRT1176/drivers/fsl_clock.c:807:10:CLOCK_InitArmPllWithFreq	16	static
/home/stvsl/Downloads/SDK_2_15_100_MIMXRT1170-EVK_ALL_TOOLCHAN/devices/MIMXRT1176/drivers/fsl_clock.c:818:10:CLOCK_CalcAvPllFreq	4	static
/home/stvsl/Downloads/SDK_2_15_100_MIMXRT1170-EVK_ALL_TOOLCHAN/devices/MIMXRT1176/drivers/fsl_clock.c:907:6:CLOCK_InitVideoPll	24	static
/home/stvsl/Downloads/SDK_2_15_100_MIMXRT1170-EVK_ALL_TOOLCHAN/devices/MIMXRT1176/drivers/fsl_clock.c:888:10:CLOCK_InitVideoPllWithFreq	32	static
/home/stvsl/Downloads/SDK_2_15_100_MIMXRT1170-EVK_ALL_TOOLCHAN/devices/MIMXRT1176/drivers/fsl_clock.c:958:6:CLOCK_DeinitVideoPll	8	static
/home/stvsl/Downloads/SDK_2_15_100_MIMXRT1170-EVK_ALL_TOOLCHAN/devices/MIMXRT1176/drivers/fsl_clock.c:968:6:CLOCK_GPC_SetVideoPllOutputFreq	0	static
/home/stvsl/Downloads/SDK_2_15_100_MIMXRT1170-EVK_ALL_TOOLCHAN/devices/MIMXRT1176/drivers/fsl_clock.c:1044:6:CLOCK_InitSysPll1	24	static
/home/stvsl/Downloads/SDK_2_15_100_MIMXRT1170-EVK_ALL_TOOLCHAN/devices/MIMXRT1176/drivers/fsl_clock.c:1083:6:CLOCK_DeinitSysPll1	8	static
/home/stvsl/Downloads/SDK_2_15_100_MIMXRT1170-EVK_ALL_TOOLCHAN/devices/MIMXRT1176/drivers/fsl_clock.c:1095:6:CLOCK_GPC_SetSysPll1OutputFreq	0	static
/home/stvsl/Downloads/SDK_2_15_100_MIMXRT1170-EVK_ALL_TOOLCHAN/devices/MIMXRT1176/drivers/fsl_clock.c:1112:6:CLOCK_OSC_EnableOsc24M	0	static
/home/stvsl/Downloads/SDK_2_15_100_MIMXRT1170-EVK_ALL_TOOLCHAN/devices/MIMXRT1176/drivers/fsl_clock.c:1130:6:CLOCK_OSC_SetOsc24MWorkMode	0	static
/home/stvsl/Downloads/SDK_2_15_100_MIMXRT1170-EVK_ALL_TOOLCHAN/devices/MIMXRT1176/drivers/fsl_clock.c:1152:6:CLOCK_OSC_SetOsc16MConfig	4	static
/home/stvsl/Downloads/SDK_2_15_100_MIMXRT1170-EVK_ALL_TOOLCHAN/devices/MIMXRT1176/drivers/fsl_clock.c:1171:6:CLOCK_OSC_SetOscRc400MRefClkDiv	8	static
/home/stvsl/Downloads/SDK_2_15_100_MIMXRT1170-EVK_ALL_TOOLCHAN/devices/MIMXRT1176/drivers/fsl_clock.c:1186:6:CLOCK_OSC_SetOscRc400MFastClkCount	8	static
/home/stvsl/Downloads/SDK_2_15_100_MIMXRT1170-EVK_ALL_TOOLCHAN/devices/MIMXRT1176/drivers/fsl_clock.c:1205:6:CLOCK_OSC_SetOscRc400MHysteresisValue	16	static
/home/stvsl/Downloads/SDK_2_15_100_MIMXRT1170-EVK_ALL_TOOLCHAN/devices/MIMXRT1176/drivers/fsl_clock.c:1223:6:CLOCK_OSC_BypassOscRc400MTuneLogic	0	static
/home/stvsl/Downloads/SDK_2_15_100_MIMXRT1170-EVK_ALL_TOOLCHAN/devices/MIMXRT1176/drivers/fsl_clock.c:1242:6:CLOCK_OSC_EnableOscRc400MTuneLogic	0	static
/home/stvsl/Downloads/SDK_2_15_100_MIMXRT1170-EVK_ALL_TOOLCHAN/devices/MIMXRT1176/drivers/fsl_clock.c:1261:6:CLOCK_OSC_FreezeOscRc400MTuneValue	0	static
/home/stvsl/Downloads/SDK_2_15_100_MIMXRT1170-EVK_ALL_TOOLCHAN/devices/MIMXRT1176/drivers/fsl_clock.c:1278:6:CLOCK_OSC_SetOscRc400MTuneValue	8	static
/home/stvsl/Downloads/SDK_2_15_100_MIMXRT1170-EVK_ALL_TOOLCHAN/devices/MIMXRT1176/drivers/fsl_clock.c:1296:6:CLOCK_OSC_Set1MHzOutputBehavior	8	static
/home/stvsl/Downloads/SDK_2_15_100_MIMXRT1170-EVK_ALL_TOOLCHAN/devices/MIMXRT1176/drivers/fsl_clock.c:1323:6:CLOCK_OSC_SetLocked1MHzCount	8	static
/home/stvsl/Downloads/SDK_2_15_100_MIMXRT1170-EVK_ALL_TOOLCHAN/devices/MIMXRT1176/drivers/fsl_clock.c:1350:6:CLOCK_OSC_CheckLocked1MHzErrorFlag	8	static
/home/stvsl/Downloads/SDK_2_15_100_MIMXRT1170-EVK_ALL_TOOLCHAN/devices/MIMXRT1176/drivers/fsl_clock.c:1362:6:CLOCK_OSC_ClearLocked1MHzErrorFlag	0	static
/home/stvsl/Downloads/SDK_2_15_100_MIMXRT1170-EVK_ALL_TOOLCHAN/devices/MIMXRT1176/drivers/fsl_clock.c:1372:10:CLOCK_OSC_GetCurrentOscRc400MFastClockCount	8	static
/home/stvsl/Downloads/SDK_2_15_100_MIMXRT1170-EVK_ALL_TOOLCHAN/devices/MIMXRT1176/drivers/fsl_clock.c:1386:9:CLOCK_OSC_GetCurrentOscRc400MTuneValue	8	static
/home/stvsl/Downloads/SDK_2_15_100_MIMXRT1170-EVK_ALL_TOOLCHAN/devices/MIMXRT1176/drivers/fsl_clock.c:1420:10:CLOCK_GetPllFreq	16	static
/home/stvsl/Downloads/SDK_2_15_100_MIMXRT1170-EVK_ALL_TOOLCHAN/devices/MIMXRT1176/drivers/fsl_clock.c:1493:10:CLOCK_GetFreq	16	static
/home/stvsl/Downloads/SDK_2_15_100_MIMXRT1170-EVK_ALL_TOOLCHAN/devices/MIMXRT1176/drivers/fsl_clock.c:1604:6:CLOCK_SetGroupConfig	0	static
/home/stvsl/Downloads/SDK_2_15_100_MIMXRT1170-EVK_ALL_TOOLCHAN/devices/MIMXRT1176/drivers/fsl_clock.c:1613:6:CLOCK_OSC_TrimOscRc400M	8	static
/home/stvsl/Downloads/SDK_2_15_100_MIMXRT1170-EVK_ALL_TOOLCHAN/devices/MIMXRT1176/drivers/fsl_clock.c:1625:6:CLOCK_OSC_EnableOscRc400M	0	static
/home/stvsl/Downloads/SDK_2_15_100_MIMXRT1170-EVK_ALL_TOOLCHAN/devices/MIMXRT1176/drivers/fsl_clock.c:1631:10:CLOCK_GetFreqFromObs	8	static
/home/stvsl/Downloads/SDK_2_15_100_MIMXRT1170-EVK_ALL_TOOLCHAN/devices/MIMXRT1176/drivers/fsl_clock.c:1660:6:CLOCK_EnableUsbhs0Clock	0	static
/home/stvsl/Downloads/SDK_2_15_100_MIMXRT1170-EVK_ALL_TOOLCHAN/devices/MIMXRT1176/drivers/fsl_clock.c:1673:6:CLOCK_EnableUsbhs0PhyPllClock	8	static
/home/stvsl/Downloads/SDK_2_15_100_MIMXRT1170-EVK_ALL_TOOLCHAN/devices/MIMXRT1176/drivers/fsl_clock.c:1770:6:CLOCK_DisableUsbhs0PhyPllClock	0	static
/home/stvsl/Downloads/SDK_2_15_100_MIMXRT1170-EVK_ALL_TOOLCHAN/devices/MIMXRT1176/drivers/fsl_clock.c:1775:6:CLOCK_EnableUsbhs1Clock	0	static
/home/stvsl/Downloads/SDK_2_15_100_MIMXRT1170-EVK_ALL_TOOLCHAN/devices/MIMXRT1176/drivers/fsl_clock.c:1779:6:CLOCK_EnableUsbhs1PhyPllClock	8	static
/home/stvsl/Downloads/SDK_2_15_100_MIMXRT1170-EVK_ALL_TOOLCHAN/devices/MIMXRT1176/drivers/fsl_clock.c:1864:6:CLOCK_DisableUsbhs1PhyPllClock	0	static
/home/stvsl/Downloads/SDK_2_15_100_MIMXRT1170-EVK_ALL_TOOLCHAN/devices/MIMXRT1176/drivers/fsl_clock.c:1870:6:CLOCK_OSCPLL_ControlBySetPointMode	0	static
/home/stvsl/Downloads/SDK_2_15_100_MIMXRT1170-EVK_ALL_TOOLCHAN/devices/MIMXRT1176/drivers/fsl_clock.c:1881:6:CLOCK_OSCPLL_ControlByCpuLowPowerMode	12	static
/home/stvsl/Downloads/SDK_2_15_100_MIMXRT1170-EVK_ALL_TOOLCHAN/devices/MIMXRT1176/drivers/fsl_clock.c:1898:6:CLOCK_ROOT_ControlBySetPointMode	4	static
/home/stvsl/Downloads/SDK_2_15_100_MIMXRT1170-EVK_ALL_TOOLCHAN/devices/MIMXRT1176/drivers/fsl_clock.c:1913:6:CLOCK_LPCG_ControlBySetPointMode	0	static
/home/stvsl/Downloads/SDK_2_15_100_MIMXRT1170-EVK_ALL_TOOLCHAN/devices/MIMXRT1176/drivers/fsl_clock.c:1924:6:CLOCK_LPCG_ControlByCpuLowPowerMode	12	static
