/home/stvsl/Downloads/SDK_2_15_100_MIMXRT1170-EVK_ALL_TOOLCHAN/devices/MIMXRT1176/drivers/fsl_lpi2c_freertos.c:16:13:LPI2C_RTOS_Callback	16	static
/home/stvsl/Downloads/SDK_2_15_100_MIMXRT1170-EVK_ALL_TOOLCHAN/devices/MIMXRT1176/drivers/fsl_lpi2c_freertos.c:36:10:LPI2C_RTOS_Init	24	static
/home/stvsl/Downloads/SDK_2_15_100_MIMXRT1170-EVK_ALL_TOOLCHAN/devices/MIMXRT1176/drivers/fsl_lpi2c_freertos.c:81:10:LPI2C_RTOS_Deinit	8	static
/home/stvsl/Downloads/SDK_2_15_100_MIMXRT1170-EVK_ALL_TOOLCHAN/devices/MIMXRT1176/drivers/fsl_lpi2c_freertos.c:100:10:LPI2C_RTOS_Transfer	16	static
